******************************************************************************
             TMS320C2000 Linker PC v22.6.0                     
******************************************************************************
>> Linked Thu Dec 22 17:35:48 2022

OUTPUT FILE NAME:   <ICG_ECG_PPG_SINGLE_CORE.out>
ENTRY POINT SYMBOL: "code_start"  address: 00000000


MEMORY CONFIGURATION

         name            origin    length      used     unused   attr    fill
----------------------  --------  ---------  --------  --------  ----  --------
PAGE 0:
  BEGIN                 00000000   00000002  00000002  00000000  RWIX
  RAMM0                 00000123   000002dd  00000028  000002b5  RWIX
  RAMLS0                00008000   00000800  00000000  00000800  RWIX
  RAMLS1                00008800   00000800  00000000  00000800  RWIX
  RAMLS2                00009000   00000800  00000000  00000800  RWIX
  RAMLS3                00009800   00000800  00000000  00000800  RWIX
  RAMLS4                0000a000   00000800  00000000  00000800  RWIX
  RAMD0                 0000b000   00000800  00000000  00000800  RWIX
  RESET                 003fffc0   00000002  00000000  00000002  RWIX

PAGE 1:
  BOOT_RSVD             00000002   00000121  00000000  00000121  RWIX
  RAMM1                 00000400   000003f8  000003f8  00000000  RWIX
  RAMLS5                0000a800   00000800  000006aa  00000156  RWIX
  RAMD1                 0000b800   00000800  00000000  00000800  RWIX
  RAMGS0                0000c000   00001000  00000000  00001000  RWIX
  RAMGS1                0000d000   00001000  00000000  00001000  RWIX
  RAMGS2                0000e000   00001000  00001000  00000000  RWIX
  RAMGS3                0000f000   00001000  00001000  00000000  RWIX
  RAMGS4                00010000   00001000  00001000  00000000  RWIX
  RAMGS5                00011000   00001000  0000085e  000007a2  RWIX
  RAMGS6                00012000   00001000  00000000  00001000  RWIX
  RAMGS7                00013000   00001000  00000000  00001000  RWIX
  RAMGS8                00014000   00001000  00000000  00001000  RWIX
  RAMGS9                00015000   00001000  00000000  00001000  RWIX
  RAMGS10               00016000   00001000  00000000  00001000  RWIX
  RAMGS11               00017000   00001000  00000000  00001000  RWIX
  RAMGS12               00018000   00001000  00000000  00001000  RWIX
  RAMGS13               00019000   00001000  00000000  00001000  RWIX
  RAMGS14               0001a000   00001000  00000000  00001000  RWIX
  RAMGS15               0001b000   00000ff8  00000000  00000ff8  RWIX
  CPU2TOCPU1RAM         0003f800   00000400  00000000  00000400  RWIX
  CPU1TOCPU2RAM         0003fc00   00000400  00000000  00000400  RWIX
  CANA_MSG_RAM          00049000   00000800  00000000  00000800  RWIX
  CANB_MSG_RAM          0004b000   00000800  00000000  00000800  RWIX


SECTION ALLOCATION MAP

 output                                  attributes/
section   page    origin      length       input sections
--------  ----  ----------  ----------   ----------------
codestart 
*          0    00000000    00000002     
                  00000000    00000002     F2837xD_CodeStartBranch.obj (codestart)

.cinit     0    00000128    00000024     
                  00000128    00000012     (.cinit..data.load) [load image, compression = lzss]
                  0000013a    00000006     (__TI_handler_table)
                  00000140    00000004     (.cinit..bss.load) [load image, compression = zero_init]
                  00000144    00000008     (__TI_cinit_table)

.reset     0    003fffc0    00000000     DSECT

.stack     1    00000400    000003f8     UNINITIALIZED
                  00000400    000003f8     --HOLE--

.bss       1    0000aea4    00000006     UNINITIALIZED
                  0000aea4    00000004     max30101Init.obj (.bss:temp$2)
                  0000aea8    00000002     icg_ecg_ppg_SINGLE_CORE.obj (.bss)

.init_array 
*          0    00000123    00000000     UNINITIALIZED

.const     1    0000a800    000006a4     
                  0000a800    00000120     icg_ecg_ppg_SINGLE_CORE.obj (.const:.string)
                  0000a920    000000c2     driverlib_eabi.lib : sysctl.obj (.const:.string)
                  0000a9e2    000000bc                        : gpio.obj (.const:.string)
                  0000aa9e    000000bb                        : sci.obj (.const:.string)
                  0000ab59    00000001     --HOLE-- [fill = 0]
                  0000ab5a    00000084     rts2800_fpu32_eabi.lib : k_rem_pio2.c.obj (.const:ipio2)
                  0000abde    00000020                            : k_rem_pio2.c.obj (.const:PIo2)
                  0000abfe    00000002     --HOLE-- [fill = 0]
                  0000ac00    00000064                            : e_rem_pio2.c.obj (.const)
                  0000ac64    0000005d     driverlib_eabi.lib : adc.obj (.const:.string)
                  0000acc1    00000001     --HOLE-- [fill = 0]
                  0000acc2    0000005d                        : i2c.obj (.const:.string)
                  0000ad1f    00000001     --HOLE-- [fill = 0]
                  0000ad20    00000043     i2cInit.obj (.const:.string)
                  0000ad63    00000001     --HOLE-- [fill = 0]
                  0000ad64    00000043     max30101Init.obj (.const:.string)
                  0000ada7    00000001     --HOLE-- [fill = 0]
                  0000ada8    00000013     device.obj (.const:.string)
                  0000adbb    00000004     rts2800_fpu32_eabi.lib : k_rem_pio2.c.obj (.const:init_jk)
                  0000adbf    00000001     --HOLE-- [fill = 0]
                  0000adc0    0000003c                            : k_cos.c.obj (.const)
                  0000adfc    00000004     max30101Init.obj (.const)
                  0000ae00    00000038     rts2800_fpu32_eabi.lib : k_sin.c.obj (.const)
                  0000ae38    00000008                            : s_round.c.obj (.const)
                  0000ae40    0000002c                            : k_rem_pio2.c.obj (.const)
                  0000ae6c    0000000c                            : s_floor.c.obj (.const)
                  0000ae78    00000008     wave_gen.obj (.const)
                  0000ae80    0000001c     rts2800_fpu32_eabi.lib : s_scalbn.c.obj (.const)
                  0000ae9c    00000004                            : s_cos.c.obj (.const)
                  0000aea0    00000004                            : s_sin.c.obj (.const)

.data      1    0000e000    000007fc     UNINITIALIZED
                  0000e000    000001f4     icg_ecg_ppg_SINGLE_CORE.obj (.data:adcAResults)
                  0000e1f4    000001f4     icg_ecg_ppg_SINGLE_CORE.obj (.data:adcBResults)
                  0000e3e8    000001f4     icg_ecg_ppg_SINGLE_CORE.obj (.data:signal1cos)
                  0000e5dc    000001f4     icg_ecg_ppg_SINGLE_CORE.obj (.data:signal1sin)
                  0000e7d0    0000001a     icg_ecg_ppg_SINGLE_CORE.obj (.data)
                  0000e7ea    00000006     device.obj (.data)
                  0000e7f0    00000006     rts2800_fpu32_eabi.lib : exit.c.obj (.data)
                  0000e7f6    00000002                            : _lock.c.obj (.data:_lock)
                  0000e7f8    00000002                            : _lock.c.obj (.data:_unlock)
                  0000e7fa    00000001     max30101Init.obj (.data)
                  0000e7fb    00000001     rts2800_fpu32_eabi.lib : errno.c.obj (.data)

.TI.ramfunc 
*          0    00000123    00000004     
                  00000123    00000004     driverlib_eabi.lib : sysctl.obj (.TI.ramfunc)

GETBUFFER 
*          0    0003f800    00000000     DSECT

GETWRITEIDX 
*          0    0003f800    00000000     DSECT

PUTREADIDX 
*          0    0003f800    00000000     DSECT

.text.1    1    0000e7fc    00000804     
                  0000e7fc    0000067d     rts2800_fpu32_eabi.lib : k_rem_pio2.c.obj (.text)
                  0000ee79    00000125                            : k_sin.c.obj (.text)
                  0000ef9e    00000054     driverlib_eabi.lib : sysctl.obj (.text:SysCtl_selectOscSource)
                  0000eff2    0000000e                        : gpio.obj (.text:GPIO_isPinValid)

.text.2    1    0000f000    00001000     
                  0000f000    000008ba     icg_ecg_ppg_SINGLE_CORE.obj (.text)
                  0000f8ba    00000431     rts2800_fpu32_eabi.lib : e_rem_pio2.c.obj (.text)
                  0000fceb    00000207     driverlib_eabi.lib : sysctl.obj (.text:SysCtl_setClock)
                  0000fef2    00000106     i2cInit.obj (.text)
                  0000fff8    00000008     F2837xD_CodeStartBranch.obj (.text)

.text.3    1    00010000    00001000     
                  00010000    000003fa     device.obj (.text)
                  000103fa    00000204     max30101Init.obj (.text)
                  000105fe    00000113     rts2800_fpu32_eabi.lib : k_cos.c.obj (.text)
                  00010711    00000111     data_packer.obj (.text)
                  00010822    000000e8     rts2800_fpu32_eabi.lib : s_floor.c.obj (.text)
                  0001090a    000000ce                            : s_cos.c.obj (.text)
                  000109d8    000000cb                            : s_sin.c.obj (.text)
                  00010aa3    000000bd     wave_gen.obj (.text)
                  00010b60    000000a9     rts2800_fpu32_eabi.lib : s_scalbn.c.obj (.text)
                  00010c09    0000009c                            : fd_add28.asm.obj (.text)
                  00010ca5    00000094                            : s_round.c.obj (.text)
                  00010d39    00000091     icg_ecg_ppg_SINGLE_CORE.obj (.text:retain)
                  00010dca    00000088     rts2800_fpu32_eabi.lib : fs_div28.asm.obj (.text)
                  00010e52    00000083                            : fd_mpy28.asm.obj (.text)
                  00010ed5    00000073     driverlib_eabi.lib : adc.obj (.text:ADC_setINLTrim)
                  00010f48    0000006b                        : sysctl.obj (.text:SysCtl_selectXTAL)
                  00010fb3    00000046                        : sci.obj (.text:SCI_clearInterruptStatus)
                  00010ff9    00000007                        : sysctl.obj (.text:SysCtl_resetMCD)

.text.4    1    00011000    0000085e     
                  00011000    00000068     driverlib_eabi.lib : sysctl.obj (.text:SysCtl_getDeviceParametric)
                  00011068    00000064                        : adc.obj (.text:ADC_setOffsetTrim)
                  000110cc    00000064                        : i2c.obj (.text:I2C_initMaster)
                  00011130    00000052                        : gpio.obj (.text:GPIO_setPadConfig)
                  00011182    00000051                        : sysctl.obj (.text:SysCtl_getClock)
                  000111d3    00000041                        : sci.obj (.text:SCI_writeCharArray)
                  00011214    0000003e                        : sci.obj (.text:SCI_setConfig)
                  00011252    0000003d                        : interrupt.obj (.text:Interrupt_initModule)
                  0001128f    00000038                        : gpio.obj (.text:GPIO_setMasterCore)
                  000112c7    00000038                        : gpio.obj (.text:GPIO_setQualificationMode)
                  000112ff    00000037                        : gpio.obj (.text:GPIO_setPinConfig)
                  00011336    00000034                        : interrupt.obj (.text:Interrupt_enable)
                  0001136a    00000031                        : gpio.obj (.text:GPIO_setDirectionMode)
                  0001139b    0000002f                        : adc.obj (.text:ADC_setMode)
                  000113ca    0000002e     rts2800_fpu32_eabi.lib : copy_decompress_lzss.c.obj (.text:decompress:lzss)
                  000113f8    0000002b                            : autoinit.c.obj (.text:__TI_auto_init_nobinit_nopinit)
                  00011423    0000002a                            : fd_cmp28.asm.obj (.text)
                  0001144d    00000029                            : exit.c.obj (.text)
                  00011476    00000024     driverlib_eabi.lib : sysctl.obj (.text:CPUTimer_selectClockSource)
                  0001149a    00000024     rts2800_fpu32_eabi.lib : s_copysign.c.obj (.text)
                  000114be    00000023                            : fd_tofsfpu32.asm.obj (.text)
                  000114e1    00000022     driverlib_eabi.lib : sci.obj (.text:SCI_isFIFOEnabled)
                  00011503    00000022     rts2800_fpu32_eabi.lib : i_div28.asm.obj (.text)
                  00011525    00000021                            : fd_toi28.asm.obj (.text)
                  00011546    00000020     driverlib_eabi.lib : sysctl.obj (.text:CPUTimer_getTimerOverflowStatus)
                  00011566    0000001f                        : adc.obj (.text:ADC_isBaseValid)
                  00011585    0000001f                        : sci.obj (.text:SCI_isBaseValid)
                  000115a4    0000001f     rts2800_fpu32_eabi.lib : fd_tol28.asm.obj (.text)
                  000115c3    0000001e     driverlib_eabi.lib : interrupt.obj (.text:Interrupt_initVectorTable)
                  000115e1    0000001d     rts2800_fpu32_eabi.lib : i_tofd28.asm.obj (.text)
                  000115fe    0000001d                            : memcpy.c.obj (.text)
                  0001161b    0000001c                            : fs_tofdfpu32.asm.obj (.text)
                  00011637    0000001c                            : l_tofd28.asm.obj (.text)
                  00011653    0000001b     driverlib_eabi.lib : sysctl.obj (.text:CPUTimer_startTimer)
                  0001166e    0000001b                        : sci.obj (.text:SCI_isSpaceAvailableNonFIFO)
                  00011689    0000001b     dmac1.obj (.text)
                  000116a4    0000001a     driverlib_eabi.lib : sysctl.obj (.text:CPUTimer_isBaseValid)
                  000116be    0000001a                        : sysctl.obj (.text:SysCtl_getLowSpeedClock)
                  000116d8    00000019                        : sci.obj (.text:SCI_disableModule)
                  000116f1    00000019                        : sci.obj (.text:SCI_performSoftwareReset)
                  0001170a    00000019                        : sysctl.obj (.text:SysCtl_pollCpuTimer)
                  00011723    00000018     rts2800_fpu32_eabi.lib : ll_aox28.asm.obj (.text)
                  0001173b    00000017                            : boot28.asm.obj (.text)
                  00011752    00000015     driverlib_eabi.lib : i2c.obj (.text:I2C_isBaseValid)
                  00011767    00000015                        : sci.obj (.text:SCI_getTxFIFOStatus)
                  0001177c    00000014                        : sysctl.obj (.text:CPUTimer_stopTimer)
                  00011790    00000014                        : sci.obj (.text:SCI_enableModule)
                  000117a4    00000012                        : sysctl.obj (.text:CPUTimer_clearOverflowFlag)
                  000117b6    00000012                        : sysctl.obj (.text:CPUTimer_disableInterrupt)
                  000117c8    00000012                        : sysctl.obj (.text:CPUTimer_setPeriod)
                  000117da    0000000e                        : interrupt.obj (.text:Interrupt_defaultHandler)
                  000117e8    0000000e     rts2800_fpu32_eabi.lib : fd_sub28.asm.obj (.text)
                  000117f6    0000000d     driverlib_eabi.lib : interrupt.obj (.text:Interrupt_disableMaster)
                  00011803    0000000d                        : interrupt.obj (.text:Interrupt_enableMaster)
                  00011810    0000000d     rts2800_fpu32_eabi.lib : copy_zero_init.c.obj (.text:decompress:ZI:__TI_zero_init_nomemset)
                  0001181d    0000000c                            : args_main.c.obj (.text)
                  00011829    0000000b     driverlib_eabi.lib : sysctl.obj (.text:SysCtl_isMCDClockFailureDetected)
                  00011834    00000009                        : sysctl.obj (.text:SysCtl_serviceWatchdog)
                  0001183d    00000009     rts2800_fpu32_eabi.lib : _lock.c.obj (.text)
                  00011846    00000009                            : fd_neg28.asm.obj (.text)
                  0001184f    00000008                            : copy_decompress_none.c.obj (.text:decompress:none)
                  00011857    00000002     driverlib_eabi.lib : interrupt.obj (.text:Interrupt_illegalOperationHandler)
                  00011859    00000002                        : interrupt.obj (.text:Interrupt_nmiHandler)
                  0001185b    00000002     rts2800_fpu32_eabi.lib : pre_init.c.obj (.text)
                  0001185d    00000001                            : startup.c.obj (.text)

MODULE SUMMARY

       Module                        code    ro data   rw data
       ------                        ----    -------   -------
    .\
       icg_ecg_ppg_SINGLE_CORE.obj   2379    288       2028   
       max30101Init.obj              516     71        5      
       i2cInit.obj                   262     67        0      
       data_packer.obj               273     0         0      
       wave_gen.obj                  189     8         0      
       dmac1.obj                     27      0         0      
    +--+-----------------------------+-------+---------+---------+
       Total:                        3646    434       2033   
                                                              
    .\device\
       device.obj                    1018    19        6      
       F2837xD_CodeStartBranch.obj   10      0         0      
    +--+-----------------------------+-------+---------+---------+
       Total:                        1028    19        6      
                                                              
    C:\ti\c2000\C2000Ware_4_01_00_00\driverlib\f2837xd\driverlib\ccs\Debug\driverlib_eabi.lib
       sysctl.obj                    1172    194       0      
       sci.obj                       380     187       0      
       gpio.obj                      312     188       0      
       adc.obj                       293     93        0      
       i2c.obj                       121     93        0      
       interrupt.obj                 187     0         0      
    +--+-----------------------------+-------+---------+---------+
       Total:                        2465    755       0      
                                                              
    C:\ti\ccs1210\ccs\tools\compiler\ti-cgt-c2000_22.6.0.LTS\lib\rts2800_fpu32_eabi.lib
       k_rem_pio2.c.obj              1661    212       0      
       e_rem_pio2.c.obj              1073    100       0      
       k_sin.c.obj                   293     56        0      
       k_cos.c.obj                   275     60        0      
       s_floor.c.obj                 232     12        0      
       s_cos.c.obj                   206     4         0      
       s_sin.c.obj                   203     4         0      
       s_scalbn.c.obj                169     28        0      
       fd_add28.asm.obj              156     0         0      
       s_round.c.obj                 148     8         0      
       fs_div28.asm.obj              136     0         0      
       fd_mpy28.asm.obj              131     0         0      
       exit.c.obj                    41      0         6      
       copy_decompress_lzss.c.obj    46      0         0      
       autoinit.c.obj                43      0         0      
       fd_cmp28.asm.obj              42      0         0      
       s_copysign.c.obj              36      0         0      
       fd_tofsfpu32.asm.obj          35      0         0      
       i_div28.asm.obj               34      0         0      
       fd_toi28.asm.obj              33      0         0      
       fd_tol28.asm.obj              31      0         0      
       i_tofd28.asm.obj              29      0         0      
       memcpy.c.obj                  29      0         0      
       fs_tofdfpu32.asm.obj          28      0         0      
       l_tofd28.asm.obj              28      0         0      
       ll_aox28.asm.obj              24      0         0      
       boot28.asm.obj                23      0         0      
       fd_sub28.asm.obj              14      0         0      
       _lock.c.obj                   9       0         4      
       copy_zero_init.c.obj          13      0         0      
       args_main.c.obj               12      0         0      
       fd_neg28.asm.obj              9       0         0      
       copy_decompress_none.c.obj    8       0         0      
       pre_init.c.obj                2       0         0      
       errno.c.obj                   0       0         1      
       startup.c.obj                 1       0         0      
    +--+-----------------------------+-------+---------+---------+
       Total:                        5253    484       11     
                                                              
       Stack:                        0       0         1016   
       Linker Generated:             0       36        0      
    +--+-----------------------------+-------+---------+---------+
       Grand Total:                  12392   1728      3066   


LINKER GENERATED COPY TABLES

__TI_cinit_table @ 00000144 records: 2, size/record: 4, table size: 8
	.data: load addr=00000128, load size=00000012 bytes, run addr=0000e000, run size=000007fc bytes, compression=lzss
	.bss: load addr=00000140, load size=00000004 bytes, run addr=0000aea4, run size=00000006 bytes, compression=zero_init


LINKER GENERATED HANDLER TABLE

__TI_handler_table @ 0000013a records: 3, size/record: 2, table size: 6
	index: 0, handler: __TI_zero_init
	index: 1, handler: __TI_decompress_lzss
	index: 2, handler: __TI_decompress_none


GLOBAL DATA SYMBOLS: SORTED BY DATA PAGE

address     data page           name
--------    ----------------    ----
00000400      10 (00000400)     __stack

0000aea8     2ba (0000ae80)     adcAResult
0000aea9     2ba (0000ae80)     adcBResult

0000e000     380 (0000e000)     adcAResults

0000e1f4     387 (0000e1c0)     adcBResults

0000e3e8     38f (0000e3c0)     signal1cos

0000e5dc     397 (0000e5c0)     signal1sin

0000e7d0     39f (0000e7c0)     vGain
0000e7d1     39f (0000e7c0)     iGain
0000e7d2     39f (0000e7c0)     halfFilled
0000e7d3     39f (0000e7c0)     fullFilled
0000e7d4     39f (0000e7c0)     dacOut
0000e7d5     39f (0000e7c0)     loopCounter
0000e7d6     39f (0000e7c0)     packetNumber
0000e7d7     39f (0000e7c0)     mode
0000e7d8     39f (0000e7c0)     excitIndex
0000e7da     39f (0000e7c0)     adcCResult
0000e7dc     39f (0000e7c0)     accumC
0000e7de     39f (0000e7c0)     counter
0000e7e0     39f (0000e7c0)     timer
0000e7ea     39f (0000e7c0)     Example_Result
0000e7ec     39f (0000e7c0)     Example_PassCount
0000e7ee     39f (0000e7c0)     Example_Fail
0000e7f0     39f (0000e7c0)     __TI_enable_exit_profile_output
0000e7f2     39f (0000e7c0)     __TI_cleanup_ptr
0000e7f4     39f (0000e7c0)     __TI_dtors_ptr
0000e7f6     39f (0000e7c0)     _lock
0000e7f8     39f (0000e7c0)     _unlock
0000e7fb     39f (0000e7c0)     errno


GLOBAL SYMBOLS: SORTED ALPHABETICALLY BY Name 

page  address   name                                     
----  -------   ----                                     
1     00010ed5  ADC_setINLTrim                           
1     0001139b  ADC_setMode                              
1     00011068  ADC_setOffsetTrim                        
1     0001144d  C$$EXIT                                  
1     0001026e  Device_bootCPU2                          
1     0001023d  Device_configureTMXAnalogTrim            
1     000100eb  Device_enableAllPeripherals              
1     00010227  Device_enableUnbondedGPIOPullups         
1     0001020a  Device_enableUnbondedGPIOPullupsFor100Pin
1     000101f7  Device_enableUnbondedGPIOPullupsFor176Pin
1     000100ab  Device_init                              
1     000101d6  Device_initGPIO                          
1     0000e7ee  Example_Fail                             
1     0000e7ec  Example_PassCount                        
1     0000e7ea  Example_Result                           
1     000103f9  Example_done                             
1     000103f4  Example_setResultFail                    
1     000103ef  Example_setResultPass                    
1     0001136a  GPIO_setDirectionMode                    
1     0001128f  GPIO_setMasterCore                       
1     00011130  GPIO_setPadConfig                        
1     000112ff  GPIO_setPinConfig                        
1     000112c7  GPIO_setQualificationMode                
1     000110cc  I2C_initMaster                           
1     00011336  Interrupt_enable                         
1     00011252  Interrupt_initModule                     
1     000115c3  Interrupt_initVectorTable                
1     00010fb3  SCI_clearInterruptStatus                 
1     00011214  SCI_setConfig                            
1     000111d3  SCI_writeCharArray                       
0     00000123  SysCtl_delay                             
1     00011182  SysCtl_getClock                          
1     00011000  SysCtl_getDeviceParametric               
1     000116be  SysCtl_getLowSpeedClock                  
1     0000ef9e  SysCtl_selectOscSource                   
1     00010f48  SysCtl_selectXTAL                        
1     0000fceb  SysCtl_setClock                          
0     00000144  __TI_CINIT_Base                          
0     0000014c  __TI_CINIT_Limit                         
0     0000014c  __TI_CINIT_Warm                          
0     0000013a  __TI_Handler_Table_Base                  
0     00000140  __TI_Handler_Table_Limit                 
1     000007f8  __TI_STACK_END                           
abs   000003f8  __TI_STACK_SIZE                          
1     000113f8  __TI_auto_init_nobinit_nopinit           
1     0000e7f2  __TI_cleanup_ptr                         
1     000113ca  __TI_decompress_lzss                     
1     0001184f  __TI_decompress_none                     
1     0000e7f4  __TI_dtors_ptr                           
1     0000e7f0  __TI_enable_exit_profile_output          
abs   ffffffff  __TI_pprof_out_hndl                      
abs   ffffffff  __TI_prof_data_size                      
abs   ffffffff  __TI_prof_data_start                     
1     00011810  __TI_zero_init_nomemset                  
1     00010c09  __c28xabi_addd                           
1     00011723  __c28xabi_andll                          
1     00011423  __c28xabi_cmpd                           
1     00010dca  __c28xabi_divf                           
1     00011503  __c28xabi_divi                           
1     000114be  __c28xabi_dtof                           
1     00011525  __c28xabi_dtoi                           
1     000115a4  __c28xabi_dtol                           
1     0001161b  __c28xabi_ftod                           
1     000115e1  __c28xabi_itod                           
1     00011637  __c28xabi_ltod                           
1     00011514  __c28xabi_modi                           
1     00010e52  __c28xabi_mpyd                           
1     00011846  __c28xabi_negd                           
1     0001172b  __c28xabi_orll                           
1     000117e8  __c28xabi_subd                           
1     00011733  __c28xabi_xorll                          
n/a   UNDEFED   __c_args__                               
1     000103e8  __error__                                
1     000105fe  __kernel_cos                             
1     0000e7fc  __kernel_rem_pio2                        
1     0000ee79  __kernel_sin                             
1     0000f8ba  __rem_pio2                               
1     00000400  __stack                                  
1     0001181d  _args_main                               
1     0001173b  _c_int00                                 
1     00011689  _dmac                                    
1     0000e7f6  _lock                                    
1     00011845  _nop                                     
1     00011841  _register_lock                           
1     0001183d  _register_unlock                         
1     0001185d  _system_post_cinit                       
1     0001185b  _system_pre_init                         
1     0000e7f8  _unlock                                  
1     0001144d  abort                                    
1     0000e7dc  accumC                                   
1     00010d39  adcA1ISR                                 
1     0000aea8  adcAResult                               
1     0000e000  adcAResults                              
1     0000aea9  adcBResult                               
1     0000e1f4  adcBResults                              
1     0000e7da  adcCResult                               
1     0001047d  bitMask                                  
0     00000000  code_start                               
1     0000f802  configureADC                             
1     0001149a  copysign                                 
1     0001149a  copysignl                                
1     0001090a  cos                                      
1     0001090a  cosl                                     
1     0000e7de  counter                                  
1     0000e7d4  dacOut                                   
1     0000e7fb  errno                                    
1     0000e7d8  excitIndex                               
1     0001144f  exit                                     
1     00010822  floor                                    
1     00010822  floorl                                   
1     0000e7d3  fullFilled                               
1     0000e7d2  halfFilled                               
1     0000e7d1  iGain                                    
1     0000f844  initADCSOC                               
1     0000f81a  initEPWM_ADC                             
1     0000f878  initEPWM_chopper                         
1     0000ffbe  initI2C                                  
1     00010470  initMAX30101                             
1     00010b60  ldexp                                    
1     00010b60  ldexpl                                   
1     0000e7d5  loopCounter                              
1     0000f4b8  main                                     
1     000115fe  memcpy                                   
1     0000e7d7  mode                                     
1     0001054c  newDataReady                             
1     00010551  numOfNewSamples                          
1     00010711  pack                                     
1     0000e7d6  packetNumber                             
1     00010595  readRegister                             
1     00010563  readRegister8                            
1     000104bc  read_leds                                
1     00010ca5  round                                    
1     00010ca5  roundl                                   
1     00010b60  scalbn                                   
1     00010b60  scalbnl                                  
1     0001048d  setup                                    
1     00010aa3  sigGen                                   
1     0000e3e8  signal1cos                               
1     0000e5dc  signal1sin                               
1     000109d8  sin                                      
1     000109d8  sinl                                     
1     00010508  temp                                     
1     0000e7e0  timer                                    
1     0000e7d0  vGain                                    
1     000105dc  writeRegister8                           


GLOBAL SYMBOLS: SORTED BY Symbol Address 

page  address   name                                     
----  -------   ----                                     
0     00000000  code_start                               
0     00000123  SysCtl_delay                             
0     0000013a  __TI_Handler_Table_Base                  
0     00000140  __TI_Handler_Table_Limit                 
0     00000144  __TI_CINIT_Base                          
0     0000014c  __TI_CINIT_Limit                         
0     0000014c  __TI_CINIT_Warm                          
1     00000400  __stack                                  
1     000007f8  __TI_STACK_END                           
1     0000aea8  adcAResult                               
1     0000aea9  adcBResult                               
1     0000e000  adcAResults                              
1     0000e1f4  adcBResults                              
1     0000e3e8  signal1cos                               
1     0000e5dc  signal1sin                               
1     0000e7d0  vGain                                    
1     0000e7d1  iGain                                    
1     0000e7d2  halfFilled                               
1     0000e7d3  fullFilled                               
1     0000e7d4  dacOut                                   
1     0000e7d5  loopCounter                              
1     0000e7d6  packetNumber                             
1     0000e7d7  mode                                     
1     0000e7d8  excitIndex                               
1     0000e7da  adcCResult                               
1     0000e7dc  accumC                                   
1     0000e7de  counter                                  
1     0000e7e0  timer                                    
1     0000e7ea  Example_Result                           
1     0000e7ec  Example_PassCount                        
1     0000e7ee  Example_Fail                             
1     0000e7f0  __TI_enable_exit_profile_output          
1     0000e7f2  __TI_cleanup_ptr                         
1     0000e7f4  __TI_dtors_ptr                           
1     0000e7f6  _lock                                    
1     0000e7f8  _unlock                                  
1     0000e7fb  errno                                    
1     0000e7fc  __kernel_rem_pio2                        
1     0000ee79  __kernel_sin                             
1     0000ef9e  SysCtl_selectOscSource                   
1     0000f4b8  main                                     
1     0000f802  configureADC                             
1     0000f81a  initEPWM_ADC                             
1     0000f844  initADCSOC                               
1     0000f878  initEPWM_chopper                         
1     0000f8ba  __rem_pio2                               
1     0000fceb  SysCtl_setClock                          
1     0000ffbe  initI2C                                  
1     000100ab  Device_init                              
1     000100eb  Device_enableAllPeripherals              
1     000101d6  Device_initGPIO                          
1     000101f7  Device_enableUnbondedGPIOPullupsFor176Pin
1     0001020a  Device_enableUnbondedGPIOPullupsFor100Pin
1     00010227  Device_enableUnbondedGPIOPullups         
1     0001023d  Device_configureTMXAnalogTrim            
1     0001026e  Device_bootCPU2                          
1     000103e8  __error__                                
1     000103ef  Example_setResultPass                    
1     000103f4  Example_setResultFail                    
1     000103f9  Example_done                             
1     00010470  initMAX30101                             
1     0001047d  bitMask                                  
1     0001048d  setup                                    
1     000104bc  read_leds                                
1     00010508  temp                                     
1     0001054c  newDataReady                             
1     00010551  numOfNewSamples                          
1     00010563  readRegister8                            
1     00010595  readRegister                             
1     000105dc  writeRegister8                           
1     000105fe  __kernel_cos                             
1     00010711  pack                                     
1     00010822  floor                                    
1     00010822  floorl                                   
1     0001090a  cos                                      
1     0001090a  cosl                                     
1     000109d8  sin                                      
1     000109d8  sinl                                     
1     00010aa3  sigGen                                   
1     00010b60  ldexp                                    
1     00010b60  ldexpl                                   
1     00010b60  scalbn                                   
1     00010b60  scalbnl                                  
1     00010c09  __c28xabi_addd                           
1     00010ca5  round                                    
1     00010ca5  roundl                                   
1     00010d39  adcA1ISR                                 
1     00010dca  __c28xabi_divf                           
1     00010e52  __c28xabi_mpyd                           
1     00010ed5  ADC_setINLTrim                           
1     00010f48  SysCtl_selectXTAL                        
1     00010fb3  SCI_clearInterruptStatus                 
1     00011000  SysCtl_getDeviceParametric               
1     00011068  ADC_setOffsetTrim                        
1     000110cc  I2C_initMaster                           
1     00011130  GPIO_setPadConfig                        
1     00011182  SysCtl_getClock                          
1     000111d3  SCI_writeCharArray                       
1     00011214  SCI_setConfig                            
1     00011252  Interrupt_initModule                     
1     0001128f  GPIO_setMasterCore                       
1     000112c7  GPIO_setQualificationMode                
1     000112ff  GPIO_setPinConfig                        
1     00011336  Interrupt_enable                         
1     0001136a  GPIO_setDirectionMode                    
1     0001139b  ADC_setMode                              
1     000113ca  __TI_decompress_lzss                     
1     000113f8  __TI_auto_init_nobinit_nopinit           
1     00011423  __c28xabi_cmpd                           
1     0001144d  C$$EXIT                                  
1     0001144d  abort                                    
1     0001144f  exit                                     
1     0001149a  copysign                                 
1     0001149a  copysignl                                
1     000114be  __c28xabi_dtof                           
1     00011503  __c28xabi_divi                           
1     00011514  __c28xabi_modi                           
1     00011525  __c28xabi_dtoi                           
1     000115a4  __c28xabi_dtol                           
1     000115c3  Interrupt_initVectorTable                
1     000115e1  __c28xabi_itod                           
1     000115fe  memcpy                                   
1     0001161b  __c28xabi_ftod                           
1     00011637  __c28xabi_ltod                           
1     00011689  _dmac                                    
1     000116be  SysCtl_getLowSpeedClock                  
1     00011723  __c28xabi_andll                          
1     0001172b  __c28xabi_orll                           
1     00011733  __c28xabi_xorll                          
1     0001173b  _c_int00                                 
1     000117e8  __c28xabi_subd                           
1     00011810  __TI_zero_init_nomemset                  
1     0001181d  _args_main                               
1     0001183d  _register_unlock                         
1     00011841  _register_lock                           
1     00011845  _nop                                     
1     00011846  __c28xabi_negd                           
1     0001184f  __TI_decompress_none                     
1     0001185b  _system_pre_init                         
1     0001185d  _system_post_cinit                       
abs   000003f8  __TI_STACK_SIZE                          
abs   ffffffff  __TI_pprof_out_hndl                      
abs   ffffffff  __TI_prof_data_size                      
abs   ffffffff  __TI_prof_data_start                     
n/a   UNDEFED   __c_args__                               

[145 symbols]
