<?xml version="1.0" encoding="ISO-8859-1" ?>
<link_info>
   <banner>TMS320C2000 Linker PC v22.6.0.LTS</banner>
   <copyright>Copyright (c) 1996-2018 Texas Instruments Incorporated</copyright>
   <link_time>0x65d7345b</link_time>
   <link_errors>0x0</link_errors>
   <output_file>Blue_ECG_ICG_V15.out</output_file>
   <entry_point>
      <name>code_start</name>
      <address>0x80000</address>
   </entry_point>
   <input_file_list>
      <input_file id="fl-2">
         <path>.\</path>
         <kind>object</kind>
         <file>data_packer.obj</file>
         <name>data_packer.obj</name>
      </input_file>
      <input_file id="fl-3">
         <path>.\</path>
         <kind>object</kind>
         <file>dmac1.obj</file>
         <name>dmac1.obj</name>
      </input_file>
      <input_file id="fl-4">
         <path>.\</path>
         <kind>object</kind>
         <file>exc_signal_dma.obj</file>
         <name>exc_signal_dma.obj</name>
      </input_file>
      <input_file id="fl-5">
         <path>.\</path>
         <kind>object</kind>
         <file>funcs.obj</file>
         <name>funcs.obj</name>
      </input_file>
      <input_file id="fl-6">
         <path>.\</path>
         <kind>object</kind>
         <file>i2cInit.obj</file>
         <name>i2cInit.obj</name>
      </input_file>
      <input_file id="fl-7">
         <path>.\</path>
         <kind>object</kind>
         <file>icg_ecg.obj</file>
         <name>icg_ecg.obj</name>
      </input_file>
      <input_file id="fl-8">
         <path>.\</path>
         <kind>object</kind>
         <file>max30101Init.obj</file>
         <name>max30101Init.obj</name>
      </input_file>
      <input_file id="fl-9">
         <path>.\</path>
         <kind>object</kind>
         <file>spi_esp32.obj</file>
         <name>spi_esp32.obj</name>
      </input_file>
      <input_file id="fl-a">
         <path>.\</path>
         <kind>object</kind>
         <file>wave_gen.obj</file>
         <name>wave_gen.obj</name>
      </input_file>
      <input_file id="fl-b">
         <path>.\device\</path>
         <kind>object</kind>
         <file>F2837xD_CodeStartBranch.obj</file>
         <name>F2837xD_CodeStartBranch.obj</name>
      </input_file>
      <input_file id="fl-c">
         <path>.\device\</path>
         <kind>object</kind>
         <file>device.obj</file>
         <name>device.obj</name>
      </input_file>
      <input_file id="fl-d">
         <path>.\other_includes\</path>
         <kind>object</kind>
         <file>F2837xD_CpuTimers.obj</file>
         <name>F2837xD_CpuTimers.obj</name>
      </input_file>
      <input_file id="fl-e">
         <path>.\other_includes\</path>
         <kind>object</kind>
         <file>F2837xD_DefaultISR.obj</file>
         <name>F2837xD_DefaultISR.obj</name>
      </input_file>
      <input_file id="fl-f">
         <path>.\other_includes\</path>
         <kind>object</kind>
         <file>F2837xD_Dma.obj</file>
         <name>F2837xD_Dma.obj</name>
      </input_file>
      <input_file id="fl-10">
         <path>.\other_includes\</path>
         <kind>object</kind>
         <file>F2837xD_GlobalVariableDefs.obj</file>
         <name>F2837xD_GlobalVariableDefs.obj</name>
      </input_file>
      <input_file id="fl-11">
         <path>.\other_includes\</path>
         <kind>object</kind>
         <file>F2837xD_Gpio.obj</file>
         <name>F2837xD_Gpio.obj</name>
      </input_file>
      <input_file id="fl-12">
         <path>.\other_includes\</path>
         <kind>object</kind>
         <file>F2837xD_PieCtrl.obj</file>
         <name>F2837xD_PieCtrl.obj</name>
      </input_file>
      <input_file id="fl-13">
         <path>.\other_includes\</path>
         <kind>object</kind>
         <file>F2837xD_PieVect.obj</file>
         <name>F2837xD_PieVect.obj</name>
      </input_file>
      <input_file id="fl-14">
         <path>.\other_includes\</path>
         <kind>object</kind>
         <file>F2837xD_SysCtrl.obj</file>
         <name>F2837xD_SysCtrl.obj</name>
      </input_file>
      <input_file id="fl-15">
         <path>.\other_includes\</path>
         <kind>object</kind>
         <file>F2837xD_usDelay.obj</file>
         <name>F2837xD_usDelay.obj</name>
      </input_file>
      <input_file id="fl-1c">
         <kind>object</kind>
         <file>&lt;internal&gt;</file>
         <name>&lt;internal&gt;</name>
      </input_file>
      <input_file id="fl-23">
         <path>C:\ti\c2000\C2000Ware_4_01_00_00\driverlib\f2837xd\driverlib\ccs\Debug\</path>
         <kind>archive</kind>
         <file>driverlib_eabi.lib</file>
         <name>adc.obj</name>
      </input_file>
      <input_file id="fl-24">
         <path>C:\ti\c2000\C2000Ware_4_01_00_00\driverlib\f2837xd\driverlib\ccs\Debug\</path>
         <kind>archive</kind>
         <file>driverlib_eabi.lib</file>
         <name>flash.obj</name>
      </input_file>
      <input_file id="fl-25">
         <path>C:\ti\c2000\C2000Ware_4_01_00_00\driverlib\f2837xd\driverlib\ccs\Debug\</path>
         <kind>archive</kind>
         <file>driverlib_eabi.lib</file>
         <name>gpio.obj</name>
      </input_file>
      <input_file id="fl-26">
         <path>C:\ti\c2000\C2000Ware_4_01_00_00\driverlib\f2837xd\driverlib\ccs\Debug\</path>
         <kind>archive</kind>
         <file>driverlib_eabi.lib</file>
         <name>i2c.obj</name>
      </input_file>
      <input_file id="fl-27">
         <path>C:\ti\c2000\C2000Ware_4_01_00_00\driverlib\f2837xd\driverlib\ccs\Debug\</path>
         <kind>archive</kind>
         <file>driverlib_eabi.lib</file>
         <name>interrupt.obj</name>
      </input_file>
      <input_file id="fl-28">
         <path>C:\ti\c2000\C2000Ware_4_01_00_00\driverlib\f2837xd\driverlib\ccs\Debug\</path>
         <kind>archive</kind>
         <file>driverlib_eabi.lib</file>
         <name>sci.obj</name>
      </input_file>
      <input_file id="fl-29">
         <path>C:\ti\c2000\C2000Ware_4_01_00_00\driverlib\f2837xd\driverlib\ccs\Debug\</path>
         <kind>archive</kind>
         <file>driverlib_eabi.lib</file>
         <name>spi.obj</name>
      </input_file>
      <input_file id="fl-2a">
         <path>C:\ti\c2000\C2000Ware_4_01_00_00\driverlib\f2837xd\driverlib\ccs\Debug\</path>
         <kind>archive</kind>
         <file>driverlib_eabi.lib</file>
         <name>sysctl.obj</name>
      </input_file>
      <input_file id="fl-36">
         <path>C:\ti\ccs1210\ccs\tools\compiler\ti-cgt-c2000_22.6.0.LTS\lib\</path>
         <kind>archive</kind>
         <file>rts2800_fpu32_eabi.lib</file>
         <name>s_cos.c.obj</name>
      </input_file>
      <input_file id="fl-37">
         <path>C:\ti\ccs1210\ccs\tools\compiler\ti-cgt-c2000_22.6.0.LTS\lib\</path>
         <kind>archive</kind>
         <file>rts2800_fpu32_eabi.lib</file>
         <name>s_round.c.obj</name>
      </input_file>
      <input_file id="fl-38">
         <path>C:\ti\ccs1210\ccs\tools\compiler\ti-cgt-c2000_22.6.0.LTS\lib\</path>
         <kind>archive</kind>
         <file>rts2800_fpu32_eabi.lib</file>
         <name>s_sin.c.obj</name>
      </input_file>
      <input_file id="fl-39">
         <path>C:\ti\ccs1210\ccs\tools\compiler\ti-cgt-c2000_22.6.0.LTS\lib\</path>
         <kind>archive</kind>
         <file>rts2800_fpu32_eabi.lib</file>
         <name>boot28.asm.obj</name>
      </input_file>
      <input_file id="fl-3a">
         <path>C:\ti\ccs1210\ccs\tools\compiler\ti-cgt-c2000_22.6.0.LTS\lib\</path>
         <kind>archive</kind>
         <file>rts2800_fpu32_eabi.lib</file>
         <name>fd_add28.asm.obj</name>
      </input_file>
      <input_file id="fl-3b">
         <path>C:\ti\ccs1210\ccs\tools\compiler\ti-cgt-c2000_22.6.0.LTS\lib\</path>
         <kind>archive</kind>
         <file>rts2800_fpu32_eabi.lib</file>
         <name>fd_cmp28.asm.obj</name>
      </input_file>
      <input_file id="fl-3c">
         <path>C:\ti\ccs1210\ccs\tools\compiler\ti-cgt-c2000_22.6.0.LTS\lib\</path>
         <kind>archive</kind>
         <file>rts2800_fpu32_eabi.lib</file>
         <name>fd_mpy28.asm.obj</name>
      </input_file>
      <input_file id="fl-3d">
         <path>C:\ti\ccs1210\ccs\tools\compiler\ti-cgt-c2000_22.6.0.LTS\lib\</path>
         <kind>archive</kind>
         <file>rts2800_fpu32_eabi.lib</file>
         <name>fd_neg28.asm.obj</name>
      </input_file>
      <input_file id="fl-3e">
         <path>C:\ti\ccs1210\ccs\tools\compiler\ti-cgt-c2000_22.6.0.LTS\lib\</path>
         <kind>archive</kind>
         <file>rts2800_fpu32_eabi.lib</file>
         <name>fd_sub28.asm.obj</name>
      </input_file>
      <input_file id="fl-3f">
         <path>C:\ti\ccs1210\ccs\tools\compiler\ti-cgt-c2000_22.6.0.LTS\lib\</path>
         <kind>archive</kind>
         <file>rts2800_fpu32_eabi.lib</file>
         <name>fd_toi28.asm.obj</name>
      </input_file>
      <input_file id="fl-40">
         <path>C:\ti\ccs1210\ccs\tools\compiler\ti-cgt-c2000_22.6.0.LTS\lib\</path>
         <kind>archive</kind>
         <file>rts2800_fpu32_eabi.lib</file>
         <name>fs_div28.asm.obj</name>
      </input_file>
      <input_file id="fl-41">
         <path>C:\ti\ccs1210\ccs\tools\compiler\ti-cgt-c2000_22.6.0.LTS\lib\</path>
         <kind>archive</kind>
         <file>rts2800_fpu32_eabi.lib</file>
         <name>ll_cmp28.asm.obj</name>
      </input_file>
      <input_file id="fl-42">
         <path>C:\ti\ccs1210\ccs\tools\compiler\ti-cgt-c2000_22.6.0.LTS\lib\</path>
         <kind>archive</kind>
         <file>rts2800_fpu32_eabi.lib</file>
         <name>i_tofd28.asm.obj</name>
      </input_file>
      <input_file id="fl-43">
         <path>C:\ti\ccs1210\ccs\tools\compiler\ti-cgt-c2000_22.6.0.LTS\lib\</path>
         <kind>archive</kind>
         <file>rts2800_fpu32_eabi.lib</file>
         <name>fs_tofdfpu32.asm.obj</name>
      </input_file>
      <input_file id="fl-44">
         <path>C:\ti\ccs1210\ccs\tools\compiler\ti-cgt-c2000_22.6.0.LTS\lib\</path>
         <kind>archive</kind>
         <file>rts2800_fpu32_eabi.lib</file>
         <name>fd_tofsfpu32.asm.obj</name>
      </input_file>
      <input_file id="fl-45">
         <path>C:\ti\ccs1210\ccs\tools\compiler\ti-cgt-c2000_22.6.0.LTS\lib\</path>
         <kind>archive</kind>
         <file>rts2800_fpu32_eabi.lib</file>
         <name>memcpy.c.obj</name>
      </input_file>
      <input_file id="fl-46">
         <path>C:\ti\ccs1210\ccs\tools\compiler\ti-cgt-c2000_22.6.0.LTS\lib\</path>
         <kind>archive</kind>
         <file>rts2800_fpu32_eabi.lib</file>
         <name>pre_init.c.obj</name>
      </input_file>
      <input_file id="fl-47">
         <path>C:\ti\ccs1210\ccs\tools\compiler\ti-cgt-c2000_22.6.0.LTS\lib\</path>
         <kind>archive</kind>
         <file>rts2800_fpu32_eabi.lib</file>
         <name>autoinit.c.obj</name>
      </input_file>
      <input_file id="fl-48">
         <path>C:\ti\ccs1210\ccs\tools\compiler\ti-cgt-c2000_22.6.0.LTS\lib\</path>
         <kind>archive</kind>
         <file>rts2800_fpu32_eabi.lib</file>
         <name>copy_zero_init.c.obj</name>
      </input_file>
      <input_file id="fl-49">
         <path>C:\ti\ccs1210\ccs\tools\compiler\ti-cgt-c2000_22.6.0.LTS\lib\</path>
         <kind>archive</kind>
         <file>rts2800_fpu32_eabi.lib</file>
         <name>copy_decompress_none.c.obj</name>
      </input_file>
      <input_file id="fl-4a">
         <path>C:\ti\ccs1210\ccs\tools\compiler\ti-cgt-c2000_22.6.0.LTS\lib\</path>
         <kind>archive</kind>
         <file>rts2800_fpu32_eabi.lib</file>
         <name>copy_decompress_lzss.c.obj</name>
      </input_file>
      <input_file id="fl-4b">
         <path>C:\ti\ccs1210\ccs\tools\compiler\ti-cgt-c2000_22.6.0.LTS\lib\</path>
         <kind>archive</kind>
         <file>rts2800_fpu32_eabi.lib</file>
         <name>e_rem_pio2.c.obj</name>
      </input_file>
      <input_file id="fl-4c">
         <path>C:\ti\ccs1210\ccs\tools\compiler\ti-cgt-c2000_22.6.0.LTS\lib\</path>
         <kind>archive</kind>
         <file>rts2800_fpu32_eabi.lib</file>
         <name>k_rem_pio2.c.obj</name>
      </input_file>
      <input_file id="fl-4d">
         <path>C:\ti\ccs1210\ccs\tools\compiler\ti-cgt-c2000_22.6.0.LTS\lib\</path>
         <kind>archive</kind>
         <file>rts2800_fpu32_eabi.lib</file>
         <name>exit.c.obj</name>
      </input_file>
      <input_file id="fl-4e">
         <path>C:\ti\ccs1210\ccs\tools\compiler\ti-cgt-c2000_22.6.0.LTS\lib\</path>
         <kind>archive</kind>
         <file>rts2800_fpu32_eabi.lib</file>
         <name>_lock.c.obj</name>
      </input_file>
      <input_file id="fl-4f">
         <path>C:\ti\ccs1210\ccs\tools\compiler\ti-cgt-c2000_22.6.0.LTS\lib\</path>
         <kind>archive</kind>
         <file>rts2800_fpu32_eabi.lib</file>
         <name>args_main.c.obj</name>
      </input_file>
      <input_file id="fl-50">
         <path>C:\ti\ccs1210\ccs\tools\compiler\ti-cgt-c2000_22.6.0.LTS\lib\</path>
         <kind>archive</kind>
         <file>rts2800_fpu32_eabi.lib</file>
         <name>memset.c.obj</name>
      </input_file>
      <input_file id="fl-51">
         <path>C:\ti\ccs1210\ccs\tools\compiler\ti-cgt-c2000_22.6.0.LTS\lib\</path>
         <kind>archive</kind>
         <file>rts2800_fpu32_eabi.lib</file>
         <name>k_cos.c.obj</name>
      </input_file>
      <input_file id="fl-52">
         <path>C:\ti\ccs1210\ccs\tools\compiler\ti-cgt-c2000_22.6.0.LTS\lib\</path>
         <kind>archive</kind>
         <file>rts2800_fpu32_eabi.lib</file>
         <name>k_sin.c.obj</name>
      </input_file>
      <input_file id="fl-53">
         <path>C:\ti\ccs1210\ccs\tools\compiler\ti-cgt-c2000_22.6.0.LTS\lib\</path>
         <kind>archive</kind>
         <file>rts2800_fpu32_eabi.lib</file>
         <name>s_floor.c.obj</name>
      </input_file>
      <input_file id="fl-54">
         <path>C:\ti\ccs1210\ccs\tools\compiler\ti-cgt-c2000_22.6.0.LTS\lib\</path>
         <kind>archive</kind>
         <file>rts2800_fpu32_eabi.lib</file>
         <name>s_scalbn.c.obj</name>
      </input_file>
      <input_file id="fl-55">
         <path>C:\ti\ccs1210\ccs\tools\compiler\ti-cgt-c2000_22.6.0.LTS\lib\</path>
         <kind>archive</kind>
         <file>rts2800_fpu32_eabi.lib</file>
         <name>s_copysign.c.obj</name>
      </input_file>
      <input_file id="fl-56">
         <path>C:\ti\ccs1210\ccs\tools\compiler\ti-cgt-c2000_22.6.0.LTS\lib\</path>
         <kind>archive</kind>
         <file>rts2800_fpu32_eabi.lib</file>
         <name>fd_tol28.asm.obj</name>
      </input_file>
      <input_file id="fl-57">
         <path>C:\ti\ccs1210\ccs\tools\compiler\ti-cgt-c2000_22.6.0.LTS\lib\</path>
         <kind>archive</kind>
         <file>rts2800_fpu32_eabi.lib</file>
         <name>ll_aox28.asm.obj</name>
      </input_file>
      <input_file id="fl-58">
         <path>C:\ti\ccs1210\ccs\tools\compiler\ti-cgt-c2000_22.6.0.LTS\lib\</path>
         <kind>archive</kind>
         <file>rts2800_fpu32_eabi.lib</file>
         <name>i_div28.asm.obj</name>
      </input_file>
      <input_file id="fl-59">
         <path>C:\ti\ccs1210\ccs\tools\compiler\ti-cgt-c2000_22.6.0.LTS\lib\</path>
         <kind>archive</kind>
         <file>rts2800_fpu32_eabi.lib</file>
         <name>l_tofd28.asm.obj</name>
      </input_file>
      <input_file id="fl-5a">
         <path>C:\ti\ccs1210\ccs\tools\compiler\ti-cgt-c2000_22.6.0.LTS\lib\</path>
         <kind>archive</kind>
         <file>rts2800_fpu32_eabi.lib</file>
         <name>cpy_tbl.c.obj</name>
      </input_file>
      <input_file id="fl-5b">
         <path>C:\ti\ccs1210\ccs\tools\compiler\ti-cgt-c2000_22.6.0.LTS\lib\</path>
         <kind>archive</kind>
         <file>rts2800_fpu32_eabi.lib</file>
         <name>startup.c.obj</name>
      </input_file>
      <input_file id="fl-5c">
         <path>C:\ti\ccs1210\ccs\tools\compiler\ti-cgt-c2000_22.6.0.LTS\lib\</path>
         <kind>archive</kind>
         <file>rts2800_fpu32_eabi.lib</file>
         <name>errno.c.obj</name>
      </input_file>
   </input_file_list>
   <object_component_list>
      <object_component id="oc-5da">
         <name>.cinit..data.load</name>
         <load_address>0x88000</load_address>
         <run_address>0x88000</run_address>
         <size>0x34</size>
      </object_component>
      <object_component id="oc-5dc">
         <name>.cinit.ramgs15.load</name>
         <load_address>0x88034</load_address>
         <run_address>0x88034</run_address>
         <size>0x6</size>
      </object_component>
      <object_component id="oc-5d7">
         <name>__TI_handler_table</name>
         <load_address>0x8803a</load_address>
         <run_address>0x8803a</run_address>
         <size>0x6</size>
      </object_component>
      <object_component id="oc-5d9">
         <name>.cinit..bss.load</name>
         <load_address>0x88040</load_address>
         <run_address>0x88040</run_address>
         <size>0x4</size>
      </object_component>
      <object_component id="oc-5db">
         <name>.cinit.ramgs14.load</name>
         <load_address>0x88044</load_address>
         <run_address>0x88044</run_address>
         <size>0x4</size>
      </object_component>
      <object_component id="oc-5d8">
         <name>__TI_cinit_table</name>
         <load_address>0x88048</load_address>
         <run_address>0x88048</run_address>
         <size>0x10</size>
      </object_component>
      <object_component id="oc-b2">
         <name>.text</name>
         <load_address>0x98000</load_address>
         <run_address>0x98000</run_address>
         <size>0x7e3</size>
         <input_file_ref idref="fl-7"/>
      </object_component>
      <object_component id="oc-41d">
         <name>.text</name>
         <load_address>0x987e3</load_address>
         <run_address>0x987e3</run_address>
         <size>0x67d</size>
         <input_file_ref idref="fl-4c"/>
      </object_component>
      <object_component id="oc-bd">
         <name>.text:retain</name>
         <load_address>0x98e60</load_address>
         <run_address>0x98e60</run_address>
         <size>0x585</size>
         <input_file_ref idref="fl-e"/>
      </object_component>
      <object_component id="oc-32e">
         <name>.text</name>
         <load_address>0x993e5</load_address>
         <run_address>0x993e5</run_address>
         <size>0x431</size>
         <input_file_ref idref="fl-4b"/>
      </object_component>
      <object_component id="oc-252">
         <name>.text</name>
         <load_address>0x99816</load_address>
         <run_address>0x99816</run_address>
         <size>0x404</size>
         <input_file_ref idref="fl-f"/>
      </object_component>
      <object_component id="oc-f0">
         <name>.text</name>
         <load_address>0x99c1a</load_address>
         <run_address>0x99c1a</run_address>
         <size>0x3f9</size>
         <input_file_ref idref="fl-c"/>
      </object_component>
      <object_component id="oc-1a4">
         <name>.text:SysCtl_setClock</name>
         <load_address>0x9a013</load_address>
         <run_address>0x9a013</run_address>
         <size>0x207</size>
         <input_file_ref idref="fl-2a"/>
      </object_component>
      <object_component id="oc-15e">
         <name>.text</name>
         <load_address>0x9a21a</load_address>
         <run_address>0x9a21a</run_address>
         <size>0x1dd</size>
         <input_file_ref idref="fl-2"/>
      </object_component>
      <object_component id="oc-153">
         <name>.text</name>
         <load_address>0x9a3f7</load_address>
         <run_address>0x9a3f7</run_address>
         <size>0x12d</size>
         <input_file_ref idref="fl-9"/>
      </object_component>
      <object_component id="oc-323">
         <name>.text</name>
         <load_address>0x9a524</load_address>
         <run_address>0x9a524</run_address>
         <size>0x125</size>
         <input_file_ref idref="fl-52"/>
      </object_component>
      <object_component id="oc-14d">
         <name>.text</name>
         <load_address>0x9a649</load_address>
         <run_address>0x9a649</run_address>
         <size>0x113</size>
         <input_file_ref idref="fl-4"/>
      </object_component>
      <object_component id="oc-334">
         <name>.text</name>
         <load_address>0x9a75c</load_address>
         <run_address>0x9a75c</run_address>
         <size>0x113</size>
         <input_file_ref idref="fl-51"/>
      </object_component>
      <object_component id="oc-13b">
         <name>.text</name>
         <load_address>0x9a86f</load_address>
         <run_address>0x9a86f</run_address>
         <size>0xfb</size>
         <input_file_ref idref="fl-5"/>
      </object_component>
      <object_component id="oc-346">
         <name>.text</name>
         <load_address>0x9a96a</load_address>
         <run_address>0x9a96a</run_address>
         <size>0xe8</size>
         <input_file_ref idref="fl-53"/>
      </object_component>
      <object_component id="oc-1df">
         <name>.text</name>
         <load_address>0x9aa52</load_address>
         <run_address>0x9aa52</run_address>
         <size>0xce</size>
         <input_file_ref idref="fl-36"/>
      </object_component>
      <object_component id="oc-1ce">
         <name>.text</name>
         <load_address>0x9ab20</load_address>
         <run_address>0x9ab20</run_address>
         <size>0xcb</size>
         <input_file_ref idref="fl-38"/>
      </object_component>
      <object_component id="oc-f9">
         <name>.text</name>
         <load_address>0x9abeb</load_address>
         <run_address>0x9abeb</run_address>
         <size>0xbd</size>
         <input_file_ref idref="fl-a"/>
      </object_component>
      <object_component id="oc-4c1">
         <name>.text</name>
         <load_address>0x9aca8</load_address>
         <run_address>0x9aca8</run_address>
         <size>0xa9</size>
         <input_file_ref idref="fl-54"/>
      </object_component>
      <object_component id="oc-341">
         <name>.text</name>
         <load_address>0x9ad51</load_address>
         <run_address>0x9ad51</run_address>
         <size>0x9c</size>
         <input_file_ref idref="fl-3a"/>
      </object_component>
      <object_component id="oc-1d4">
         <name>.text</name>
         <load_address>0x9aded</load_address>
         <run_address>0x9aded</run_address>
         <size>0x94</size>
         <input_file_ref idref="fl-37"/>
      </object_component>
      <object_component id="oc-277">
         <name>.text</name>
         <load_address>0x9ae81</load_address>
         <run_address>0x9ae81</run_address>
         <size>0x88</size>
         <input_file_ref idref="fl-40"/>
      </object_component>
      <object_component id="oc-1c4">
         <name>.text</name>
         <load_address>0x9af09</load_address>
         <run_address>0x9af09</run_address>
         <size>0x83</size>
         <input_file_ref idref="fl-3c"/>
      </object_component>
      <object_component id="oc-28a">
         <name>.text:ADC_setINLTrim</name>
         <load_address>0x9af8c</load_address>
         <run_address>0x9af8c</run_address>
         <size>0x73</size>
         <input_file_ref idref="fl-23"/>
      </object_component>
      <object_component id="oc-3fd">
         <name>.text:SysCtl_selectXTAL</name>
         <load_address>0x9afff</load_address>
         <run_address>0x9afff</run_address>
         <size>0x6b</size>
         <input_file_ref idref="fl-2a"/>
      </object_component>
      <object_component id="oc-19e">
         <name>.text:SysCtl_getDeviceParametric</name>
         <load_address>0x9b06a</load_address>
         <run_address>0x9b06a</run_address>
         <size>0x68</size>
         <input_file_ref idref="fl-2a"/>
      </object_component>
      <object_component id="oc-290">
         <name>.text:ADC_setOffsetTrim</name>
         <load_address>0x9b0d2</load_address>
         <run_address>0x9b0d2</run_address>
         <size>0x64</size>
         <input_file_ref idref="fl-23"/>
      </object_component>
      <object_component id="oc-26e">
         <name>.text:SPI_setConfig</name>
         <load_address>0x9b136</load_address>
         <run_address>0x9b136</run_address>
         <size>0x5c</size>
         <input_file_ref idref="fl-29"/>
      </object_component>
      <object_component id="oc-30b">
         <name>.text:SysCtl_selectOscSource</name>
         <load_address>0x9b192</load_address>
         <run_address>0x9b192</run_address>
         <size>0x54</size>
         <input_file_ref idref="fl-2a"/>
      </object_component>
      <object_component id="oc-111">
         <name>.text:GPIO_setPadConfig</name>
         <load_address>0x9b1e6</load_address>
         <run_address>0x9b1e6</run_address>
         <size>0x52</size>
         <input_file_ref idref="fl-25"/>
      </object_component>
      <object_component id="oc-1aa">
         <name>.text:SysCtl_getClock</name>
         <load_address>0x9b238</load_address>
         <run_address>0x9b238</run_address>
         <size>0x51</size>
         <input_file_ref idref="fl-2a"/>
      </object_component>
      <object_component id="oc-12f">
         <name>.text:SCI_clearInterruptStatus</name>
         <load_address>0x9b289</load_address>
         <run_address>0x9b289</run_address>
         <size>0x46</size>
         <input_file_ref idref="fl-28"/>
      </object_component>
      <object_component id="oc-b1">
         <name>.text:retain</name>
         <load_address>0x9b2cf</load_address>
         <run_address>0x9b2cf</run_address>
         <size>0x44</size>
         <input_file_ref idref="fl-7"/>
      </object_component>
      <object_component id="oc-135">
         <name>.text:SCI_writeCharArray</name>
         <load_address>0x9b313</load_address>
         <run_address>0x9b313</run_address>
         <size>0x41</size>
         <input_file_ref idref="fl-28"/>
      </object_component>
      <object_component id="oc-129">
         <name>.text:SCI_setConfig</name>
         <load_address>0x9b354</load_address>
         <run_address>0x9b354</run_address>
         <size>0x3e</size>
         <input_file_ref idref="fl-28"/>
      </object_component>
      <object_component id="oc-11d">
         <name>.text:Interrupt_initModule</name>
         <load_address>0x9b392</load_address>
         <run_address>0x9b392</run_address>
         <size>0x3d</size>
         <input_file_ref idref="fl-27"/>
      </object_component>
      <object_component id="oc-ff">
         <name>.text:GPIO_setMasterCore</name>
         <load_address>0x9b3cf</load_address>
         <run_address>0x9b3cf</run_address>
         <size>0x38</size>
         <input_file_ref idref="fl-25"/>
      </object_component>
      <object_component id="oc-117">
         <name>.text:GPIO_setQualificationMode</name>
         <load_address>0x9b407</load_address>
         <run_address>0x9b407</run_address>
         <size>0x38</size>
         <input_file_ref idref="fl-25"/>
      </object_component>
      <object_component id="oc-105">
         <name>.text:GPIO_setPinConfig</name>
         <load_address>0x9b43f</load_address>
         <run_address>0x9b43f</run_address>
         <size>0x37</size>
         <input_file_ref idref="fl-25"/>
      </object_component>
      <object_component id="oc-141">
         <name>.text:Interrupt_enable</name>
         <load_address>0x9b476</load_address>
         <run_address>0x9b476</run_address>
         <size>0x34</size>
         <input_file_ref idref="fl-27"/>
      </object_component>
      <object_component id="oc-10b">
         <name>.text:GPIO_setDirectionMode</name>
         <load_address>0x9b4aa</load_address>
         <run_address>0x9b4aa</run_address>
         <size>0x31</size>
         <input_file_ref idref="fl-25"/>
      </object_component>
      <object_component id="oc-16a">
         <name>.text:ADC_setMode</name>
         <load_address>0x9b4db</load_address>
         <run_address>0x9b4db</run_address>
         <size>0x2f</size>
         <input_file_ref idref="fl-23"/>
      </object_component>
      <object_component id="oc-99">
         <name>.text:decompress:lzss</name>
         <load_address>0x9b50a</load_address>
         <run_address>0x9b50a</run_address>
         <size>0x2e</size>
         <input_file_ref idref="fl-4a"/>
      </object_component>
      <object_component id="oc-3b1">
         <name>.text:__TI_auto_init_nobinit_nopinit</name>
         <load_address>0x9b538</load_address>
         <run_address>0x9b538</run_address>
         <size>0x2b</size>
         <input_file_ref idref="fl-47"/>
      </object_component>
      <object_component id="oc-34d">
         <name>.text</name>
         <load_address>0x9b563</load_address>
         <run_address>0x9b563</run_address>
         <size>0x2a</size>
         <input_file_ref idref="fl-3b"/>
      </object_component>
      <object_component id="oc-2b6">
         <name>.text</name>
         <load_address>0x9b58d</load_address>
         <run_address>0x9b58d</run_address>
         <size>0x29</size>
         <input_file_ref idref="fl-4d"/>
      </object_component>
      <object_component id="oc-2ca">
         <name>.text:Flash_setBankPowerUpDelay</name>
         <load_address>0x9b5b6</load_address>
         <run_address>0x9b5b6</run_address>
         <size>0x28</size>
         <input_file_ref idref="fl-24"/>
      </object_component>
      <object_component id="oc-48a">
         <name>.text:CPUTimer_selectClockSource</name>
         <load_address>0x9b5de</load_address>
         <run_address>0x9b5de</run_address>
         <size>0x24</size>
         <input_file_ref idref="fl-2a"/>
      </object_component>
      <object_component id="oc-505">
         <name>.text</name>
         <load_address>0x9b602</load_address>
         <run_address>0x9b602</run_address>
         <size>0x24</size>
         <input_file_ref idref="fl-55"/>
      </object_component>
      <object_component id="oc-22b">
         <name>.text:SCI_isFIFOEnabled</name>
         <load_address>0x9b626</load_address>
         <run_address>0x9b626</run_address>
         <size>0x22</size>
         <input_file_ref idref="fl-28"/>
      </object_component>
      <object_component id="oc-4b6">
         <name>.text</name>
         <load_address>0x9b648</load_address>
         <run_address>0x9b648</run_address>
         <size>0x22</size>
         <input_file_ref idref="fl-58"/>
      </object_component>
      <object_component id="oc-1da">
         <name>.text</name>
         <load_address>0x9b66a</load_address>
         <run_address>0x9b66a</run_address>
         <size>0x21</size>
         <input_file_ref idref="fl-3f"/>
      </object_component>
      <object_component id="oc-4f3">
         <name>.text:CPUTimer_getTimerOverflowStatus</name>
         <load_address>0x9b68b</load_address>
         <run_address>0x9b68b</run_address>
         <size>0x20</size>
         <input_file_ref idref="fl-2a"/>
      </object_component>
      <object_component id="oc-283">
         <name>.text:ADC_isBaseValid</name>
         <load_address>0x9b6ab</load_address>
         <run_address>0x9b6ab</run_address>
         <size>0x1f</size>
         <input_file_ref idref="fl-23"/>
      </object_component>
      <object_component id="oc-20f">
         <name>.text:SCI_isBaseValid</name>
         <load_address>0x9b6ca</load_address>
         <run_address>0x9b6ca</run_address>
         <size>0x1f</size>
         <input_file_ref idref="fl-28"/>
      </object_component>
      <object_component id="oc-410">
         <name>.text</name>
         <load_address>0x9b6e9</load_address>
         <run_address>0x9b6e9</run_address>
         <size>0x1f</size>
         <input_file_ref idref="fl-56"/>
      </object_component>
      <object_component id="oc-123">
         <name>.text:Interrupt_initVectorTable</name>
         <load_address>0x9b708</load_address>
         <run_address>0x9b708</run_address>
         <size>0x1e</size>
         <input_file_ref idref="fl-27"/>
      </object_component>
      <object_component id="oc-1be">
         <name>.text</name>
         <load_address>0x9b726</load_address>
         <run_address>0x9b726</run_address>
         <size>0x1d</size>
         <input_file_ref idref="fl-42"/>
      </object_component>
      <object_component id="oc-c9">
         <name>.text</name>
         <load_address>0x9b743</load_address>
         <run_address>0x9b743</run_address>
         <size>0x1d</size>
         <input_file_ref idref="fl-45"/>
      </object_component>
      <object_component id="oc-1c9">
         <name>.text</name>
         <load_address>0x9b760</load_address>
         <run_address>0x9b760</run_address>
         <size>0x1c</size>
         <input_file_ref idref="fl-43"/>
      </object_component>
      <object_component id="oc-415">
         <name>.text</name>
         <load_address>0x9b77c</load_address>
         <run_address>0x9b77c</run_address>
         <size>0x1c</size>
         <input_file_ref idref="fl-59"/>
      </object_component>
      <object_component id="oc-496">
         <name>.text:CPUTimer_startTimer</name>
         <load_address>0x9b798</load_address>
         <run_address>0x9b798</run_address>
         <size>0x1b</size>
         <input_file_ref idref="fl-2a"/>
      </object_component>
      <object_component id="oc-237">
         <name>.text:SCI_isSpaceAvailableNonFIFO</name>
         <load_address>0x9b7b3</load_address>
         <run_address>0x9b7b3</run_address>
         <size>0x1b</size>
         <input_file_ref idref="fl-28"/>
      </object_component>
      <object_component id="oc-159">
         <name>.text</name>
         <load_address>0x9b7ce</load_address>
         <run_address>0x9b7ce</run_address>
         <size>0x1b</size>
         <input_file_ref idref="fl-3"/>
      </object_component>
      <object_component id="oc-4e7">
         <name>.text:CPUTimer_isBaseValid</name>
         <load_address>0x9b7e9</load_address>
         <run_address>0x9b7e9</run_address>
         <size>0x1a</size>
         <input_file_ref idref="fl-2a"/>
      </object_component>
      <object_component id="oc-396">
         <name>.text:SPI_isBaseValid</name>
         <load_address>0x9b803</load_address>
         <run_address>0x9b803</run_address>
         <size>0x1a</size>
         <input_file_ref idref="fl-29"/>
      </object_component>
      <object_component id="oc-1b1">
         <name>.text:SysCtl_getLowSpeedClock</name>
         <load_address>0x9b81d</load_address>
         <run_address>0x9b81d</run_address>
         <size>0x1a</size>
         <input_file_ref idref="fl-2a"/>
      </object_component>
      <object_component id="oc-216">
         <name>.text:SCI_disableModule</name>
         <load_address>0x9b837</load_address>
         <run_address>0x9b837</run_address>
         <size>0x19</size>
         <input_file_ref idref="fl-28"/>
      </object_component>
      <object_component id="oc-224">
         <name>.text:SCI_performSoftwareReset</name>
         <load_address>0x9b850</load_address>
         <run_address>0x9b850</run_address>
         <size>0x19</size>
         <input_file_ref idref="fl-28"/>
      </object_component>
      <object_component id="oc-49c">
         <name>.text:SysCtl_pollCpuTimer</name>
         <load_address>0x9b869</load_address>
         <run_address>0x9b869</run_address>
         <size>0x19</size>
         <input_file_ref idref="fl-2a"/>
      </object_component>
      <object_component id="oc-40b">
         <name>.text</name>
         <load_address>0x9b882</load_address>
         <run_address>0x9b882</run_address>
         <size>0x18</size>
         <input_file_ref idref="fl-57"/>
      </object_component>
      <object_component id="oc-18a">
         <name>.text</name>
         <load_address>0x9b89a</load_address>
         <run_address>0x9b89a</run_address>
         <size>0x17</size>
         <input_file_ref idref="fl-39"/>
      </object_component>
      <object_component id="oc-231">
         <name>.text:SCI_getTxFIFOStatus</name>
         <load_address>0x9b8b1</load_address>
         <run_address>0x9b8b1</run_address>
         <size>0x15</size>
         <input_file_ref idref="fl-28"/>
      </object_component>
      <object_component id="oc-47e">
         <name>.text:CPUTimer_stopTimer</name>
         <load_address>0x9b8c6</load_address>
         <run_address>0x9b8c6</run_address>
         <size>0x14</size>
         <input_file_ref idref="fl-2a"/>
      </object_component>
      <object_component id="oc-21c">
         <name>.text:SCI_enableModule</name>
         <load_address>0x9b8da</load_address>
         <run_address>0x9b8da</run_address>
         <size>0x14</size>
         <input_file_ref idref="fl-28"/>
      </object_component>
      <object_component id="oc-490">
         <name>.text:CPUTimer_clearOverflowFlag</name>
         <load_address>0x9b8ee</load_address>
         <run_address>0x9b8ee</run_address>
         <size>0x12</size>
         <input_file_ref idref="fl-2a"/>
      </object_component>
      <object_component id="oc-478">
         <name>.text:CPUTimer_disableInterrupt</name>
         <load_address>0x9b900</load_address>
         <run_address>0x9b900</run_address>
         <size>0x12</size>
         <input_file_ref idref="fl-2a"/>
      </object_component>
      <object_component id="oc-484">
         <name>.text:CPUTimer_setPeriod</name>
         <load_address>0x9b912</load_address>
         <run_address>0x9b912</run_address>
         <size>0x12</size>
         <input_file_ref idref="fl-2a"/>
      </object_component>
      <object_component id="oc-2bd">
         <name>.text:Flash_isCtrlBaseValid</name>
         <load_address>0x9b924</load_address>
         <run_address>0x9b924</run_address>
         <size>0x10</size>
         <input_file_ref idref="fl-24"/>
      </object_component>
      <object_component id="oc-2c4">
         <name>.text:Flash_isECCBaseValid</name>
         <load_address>0x9b934</load_address>
         <run_address>0x9b934</run_address>
         <size>0x10</size>
         <input_file_ref idref="fl-24"/>
      </object_component>
      <object_component id="oc-1e7">
         <name>.text:GPIO_isPinValid</name>
         <load_address>0x9b944</load_address>
         <run_address>0x9b944</run_address>
         <size>0xe</size>
         <input_file_ref idref="fl-25"/>
      </object_component>
      <object_component id="oc-1fc">
         <name>.text:Interrupt_defaultHandler</name>
         <load_address>0x9b952</load_address>
         <run_address>0x9b952</run_address>
         <size>0xe</size>
         <input_file_ref idref="fl-27"/>
      </object_component>
      <object_component id="oc-329">
         <name>.text</name>
         <load_address>0x9b960</load_address>
         <run_address>0x9b960</run_address>
         <size>0xe</size>
         <input_file_ref idref="fl-3e"/>
      </object_component>
      <object_component id="oc-1f4">
         <name>.text:Interrupt_disableMaster</name>
         <load_address>0x9b96e</load_address>
         <run_address>0x9b96e</run_address>
         <size>0xd</size>
         <input_file_ref idref="fl-27"/>
      </object_component>
      <object_component id="oc-242">
         <name>.text:Interrupt_enableMaster</name>
         <load_address>0x9b97b</load_address>
         <run_address>0x9b97b</run_address>
         <size>0xd</size>
         <input_file_ref idref="fl-27"/>
      </object_component>
      <object_component id="oc-2b0">
         <name>.text</name>
         <load_address>0x9b988</load_address>
         <run_address>0x9b988</run_address>
         <size>0xc</size>
         <input_file_ref idref="fl-4f"/>
      </object_component>
      <object_component id="oc-305">
         <name>.text:SysCtl_isMCDClockFailureDetected</name>
         <load_address>0x9b994</load_address>
         <run_address>0x9b994</run_address>
         <size>0xb</size>
         <input_file_ref idref="fl-2a"/>
      </object_component>
      <object_component id="oc-311">
         <name>.text:SysCtl_serviceWatchdog</name>
         <load_address>0x9b99f</load_address>
         <run_address>0x9b99f</run_address>
         <size>0x9</size>
         <input_file_ref idref="fl-2a"/>
      </object_component>
      <object_component id="oc-46c">
         <name>.text</name>
         <load_address>0x9b9a8</load_address>
         <run_address>0x9b9a8</run_address>
         <size>0x9</size>
         <input_file_ref idref="fl-4e"/>
      </object_component>
      <object_component id="oc-33a">
         <name>.text</name>
         <load_address>0x9b9b1</load_address>
         <run_address>0x9b9b1</run_address>
         <size>0x9</size>
         <input_file_ref idref="fl-3d"/>
      </object_component>
      <object_component id="oc-dd">
         <name>.text</name>
         <load_address>0x9b9ba</load_address>
         <run_address>0x9b9ba</run_address>
         <size>0x8</size>
         <input_file_ref idref="fl-b"/>
      </object_component>
      <object_component id="oc-9f">
         <name>.text:decompress:none</name>
         <load_address>0x9b9c2</load_address>
         <run_address>0x9b9c2</run_address>
         <size>0x8</size>
         <input_file_ref idref="fl-49"/>
      </object_component>
      <object_component id="oc-4a2">
         <name>.text:SysCtl_resetMCD</name>
         <load_address>0x9b9ca</load_address>
         <run_address>0x9b9ca</run_address>
         <size>0x7</size>
         <input_file_ref idref="fl-2a"/>
      </object_component>
      <object_component id="oc-183">
         <name>.text</name>
         <load_address>0x9b9d1</load_address>
         <run_address>0x9b9d1</run_address>
         <size>0x7</size>
         <input_file_ref idref="fl-50"/>
      </object_component>
      <object_component id="oc-d7">
         <name>.text:decompress:ZI</name>
         <load_address>0x9b9d8</load_address>
         <run_address>0x9b9d8</run_address>
         <size>0x6</size>
         <input_file_ref idref="fl-48"/>
      </object_component>
      <object_component id="oc-208">
         <name>.text:Interrupt_illegalOperationHandler</name>
         <load_address>0x9b9de</load_address>
         <run_address>0x9b9de</run_address>
         <size>0x2</size>
         <input_file_ref idref="fl-27"/>
      </object_component>
      <object_component id="oc-202">
         <name>.text:Interrupt_nmiHandler</name>
         <load_address>0x9b9e0</load_address>
         <run_address>0x9b9e0</run_address>
         <size>0x2</size>
         <input_file_ref idref="fl-27"/>
      </object_component>
      <object_component id="oc-2a9">
         <name>.text</name>
         <load_address>0x9b9e2</load_address>
         <run_address>0x9b9e2</run_address>
         <size>0x2</size>
         <input_file_ref idref="fl-46"/>
      </object_component>
      <object_component id="oc-452">
         <name>.text</name>
         <load_address>0x9b9e4</load_address>
         <run_address>0x9b9e4</run_address>
         <size>0x1</size>
         <input_file_ref idref="fl-5b"/>
      </object_component>
      <object_component id="oc-a6">
         <name>codestart</name>
         <load_address>0x80000</load_address>
         <run_address>0x80000</run_address>
         <size>0x2</size>
         <input_file_ref idref="fl-b"/>
      </object_component>
      <object_component id="oc-c6">
         <name>.stack</name>
         <uninitialized>true</uninitialized>
         <run_address>0x400</run_address>
         <size>0x0</size>
         <input_file_ref idref="fl-39"/>
      </object_component>
      <object_component id="oc-5dd">
         <name>.stack</name>
         <uninitialized>true</uninitialized>
         <run_address>0x400</run_address>
         <size>0x0</size>
      </object_component>
      <object_component id="oc-262">
         <name>.bss</name>
         <uninitialized>true</uninitialized>
         <run_address>0xe000</run_address>
         <size>0x8</size>
         <input_file_ref idref="fl-4"/>
      </object_component>
      <object_component id="oc-27c">
         <name>.data</name>
         <load_address>0x1162e</load_address>
         <run_address>0x1162e</run_address>
         <size>0x1</size>
         <input_file_ref idref="fl-2"/>
      </object_component>
      <object_component id="oc-265">
         <name>.data</name>
         <load_address>0x11626</load_address>
         <run_address>0x11626</run_address>
         <size>0x4</size>
         <input_file_ref idref="fl-4"/>
      </object_component>
      <object_component id="oc-25c">
         <name>.data:DAC_PTR</name>
         <load_address>0x115fa</load_address>
         <run_address>0x115fa</run_address>
         <size>0x8</size>
         <input_file_ref idref="fl-4"/>
      </object_component>
      <object_component id="oc-23f">
         <name>.data</name>
         <load_address>0x1162f</load_address>
         <run_address>0x1162f</run_address>
         <size>0x1</size>
         <input_file_ref idref="fl-5"/>
      </object_component>
      <object_component id="oc-e3">
         <name>.data</name>
         <load_address>0x115dc</load_address>
         <run_address>0x115dc</run_address>
         <size>0x1e</size>
         <input_file_ref idref="fl-7"/>
      </object_component>
      <object_component id="oc-147">
         <name>.data:mux_inputs_1</name>
         <load_address>0x11608</load_address>
         <run_address>0x11608</run_address>
         <size>0x6</size>
         <input_file_ref idref="fl-7"/>
      </object_component>
      <object_component id="oc-14a">
         <name>.data:mux_outputs_1</name>
         <load_address>0x11614</load_address>
         <run_address>0x11614</run_address>
         <size>0x6</size>
         <input_file_ref idref="fl-7"/>
      </object_component>
      <object_component id="oc-164">
         <name>.data:mux_inputs_2</name>
         <load_address>0x1160e</load_address>
         <run_address>0x1160e</run_address>
         <size>0x6</size>
         <input_file_ref idref="fl-7"/>
      </object_component>
      <object_component id="oc-167">
         <name>.data:mux_outputs_2</name>
         <load_address>0x1161a</load_address>
         <run_address>0x1161a</run_address>
         <size>0x6</size>
         <input_file_ref idref="fl-7"/>
      </object_component>
      <object_component id="oc-e6">
         <name>.data:adcAResults</name>
         <load_address>0x11000</load_address>
         <run_address>0x11000</run_address>
         <size>0x1f4</size>
         <input_file_ref idref="fl-7"/>
      </object_component>
      <object_component id="oc-e9">
         <name>.data:adcBResults</name>
         <load_address>0x111f4</load_address>
         <run_address>0x111f4</run_address>
         <size>0x1f4</size>
         <input_file_ref idref="fl-7"/>
      </object_component>
      <object_component id="oc-ec">
         <name>.data:adcCResults</name>
         <load_address>0x113e8</load_address>
         <run_address>0x113e8</run_address>
         <size>0x1f4</size>
         <input_file_ref idref="fl-7"/>
      </object_component>
      <object_component id="oc-1b7">
         <name>.data</name>
         <load_address>0x11602</load_address>
         <run_address>0x11602</run_address>
         <size>0x6</size>
         <input_file_ref idref="fl-c"/>
      </object_component>
      <object_component id="oc-3e3">
         <name>.data</name>
         <load_address>0x11620</load_address>
         <run_address>0x11620</run_address>
         <size>0x6</size>
         <input_file_ref idref="fl-4d"/>
      </object_component>
      <object_component id="oc-3e6">
         <name>.data:_lock</name>
         <load_address>0x1162a</load_address>
         <run_address>0x1162a</run_address>
         <size>0x2</size>
         <input_file_ref idref="fl-4e"/>
      </object_component>
      <object_component id="oc-4e0">
         <name>.data:_unlock</name>
         <load_address>0x1162c</load_address>
         <run_address>0x1162c</run_address>
         <size>0x2</size>
         <input_file_ref idref="fl-4e"/>
      </object_component>
      <object_component id="oc-50b">
         <name>.data</name>
         <load_address>0x11630</load_address>
         <run_address>0x11630</run_address>
         <size>0x1</size>
         <input_file_ref idref="fl-5c"/>
      </object_component>
      <object_component id="oc-c3">
         <name>.const</name>
         <load_address>0xbc000</load_address>
         <run_address>0xbc000</run_address>
         <size>0x1c0</size>
         <input_file_ref idref="fl-13"/>
      </object_component>
      <object_component id="oc-ef">
         <name>.const:.string</name>
         <load_address>0xbc1c0</load_address>
         <run_address>0xbc1c0</run_address>
         <size>0x120</size>
         <input_file_ref idref="fl-7"/>
      </object_component>
      <object_component id="oc-304">
         <name>.const:.string</name>
         <load_address>0xbc2e0</load_address>
         <run_address>0xbc2e0</run_address>
         <size>0xc2</size>
         <input_file_ref idref="fl-2a"/>
      </object_component>
      <object_component id="oc-2c3">
         <name>.const:.string</name>
         <load_address>0xbc3a2</load_address>
         <run_address>0xbc3a2</run_address>
         <size>0xbf</size>
         <input_file_ref idref="fl-24"/>
      </object_component>
      <object_component id="oc-1ed">
         <name>.const:.string</name>
         <load_address>0xbc462</load_address>
         <run_address>0xbc462</run_address>
         <size>0xbc</size>
         <input_file_ref idref="fl-25"/>
      </object_component>
      <object_component id="oc-215">
         <name>.const:.string</name>
         <load_address>0xbc51e</load_address>
         <run_address>0xbc51e</run_address>
         <size>0xbb</size>
         <input_file_ref idref="fl-28"/>
      </object_component>
      <object_component id="oc-39c">
         <name>.const:.string</name>
         <load_address>0xbc5da</load_address>
         <run_address>0xbc5da</run_address>
         <size>0xbb</size>
         <input_file_ref idref="fl-29"/>
      </object_component>
      <object_component id="oc-26d">
         <name>.const:.string</name>
         <load_address>0xbc696</load_address>
         <run_address>0xbc696</run_address>
         <size>0x87</size>
         <input_file_ref idref="fl-9"/>
      </object_component>
      <object_component id="oc-4bb">
         <name>.const:ipio2</name>
         <load_address>0xbc71e</load_address>
         <run_address>0xbc71e</run_address>
         <size>0x84</size>
         <input_file_ref idref="fl-4c"/>
      </object_component>
      <object_component id="oc-502">
         <name>.const</name>
         <load_address>0xbc7a2</load_address>
         <run_address>0xbc7a2</run_address>
         <size>0x1c</size>
         <input_file_ref idref="fl-54"/>
      </object_component>
      <object_component id="oc-41a">
         <name>.const</name>
         <load_address>0xbc7c0</load_address>
         <run_address>0xbc7c0</run_address>
         <size>0x64</size>
         <input_file_ref idref="fl-4b"/>
      </object_component>
      <object_component id="oc-289">
         <name>.const:.string</name>
         <load_address>0xbc824</load_address>
         <run_address>0xbc824</run_address>
         <size>0x5d</size>
         <input_file_ref idref="fl-23"/>
      </object_component>
      <object_component id="oc-23e">
         <name>.const:.string</name>
         <load_address>0xbc882</load_address>
         <run_address>0xbc882</run_address>
         <size>0x44</size>
         <input_file_ref idref="fl-5"/>
      </object_component>
      <object_component id="oc-405">
         <name>.const</name>
         <load_address>0xbc8c6</load_address>
         <run_address>0xbc8c6</run_address>
         <size>0x38</size>
         <input_file_ref idref="fl-52"/>
      </object_component>
      <object_component id="oc-425">
         <name>.const</name>
         <load_address>0xbc900</load_address>
         <run_address>0xbc900</run_address>
         <size>0x3c</size>
         <input_file_ref idref="fl-51"/>
      </object_component>
      <object_component id="oc-25b">
         <name>.const</name>
         <load_address>0xbc93c</load_address>
         <run_address>0xbc93c</run_address>
         <size>0x4</size>
         <input_file_ref idref="fl-4"/>
      </object_component>
      <object_component id="oc-4be">
         <name>.const</name>
         <load_address>0xbc940</load_address>
         <run_address>0xbc940</run_address>
         <size>0x2c</size>
         <input_file_ref idref="fl-4c"/>
      </object_component>
      <object_component id="oc-4c7">
         <name>.const:PIo2</name>
         <load_address>0xbc96c</load_address>
         <run_address>0xbc96c</run_address>
         <size>0x20</size>
         <input_file_ref idref="fl-4c"/>
      </object_component>
      <object_component id="oc-1b0">
         <name>.const:.string</name>
         <load_address>0xbc98c</load_address>
         <run_address>0xbc98c</run_address>
         <size>0x13</size>
         <input_file_ref idref="fl-c"/>
      </object_component>
      <object_component id="oc-42f">
         <name>.const</name>
         <load_address>0xbc9a0</load_address>
         <run_address>0xbc9a0</run_address>
         <size>0xc</size>
         <input_file_ref idref="fl-53"/>
      </object_component>
      <object_component id="oc-34c">
         <name>.const</name>
         <load_address>0xbc9ac</load_address>
         <run_address>0xbc9ac</run_address>
         <size>0x8</size>
         <input_file_ref idref="fl-37"/>
      </object_component>
      <object_component id="oc-1c3">
         <name>.const</name>
         <load_address>0xbc9b4</load_address>
         <run_address>0xbc9b4</run_address>
         <size>0x8</size>
         <input_file_ref idref="fl-a"/>
      </object_component>
      <object_component id="oc-4b3">
         <name>.const:init_jk</name>
         <load_address>0xbc9bc</load_address>
         <run_address>0xbc9bc</run_address>
         <size>0x4</size>
         <input_file_ref idref="fl-4c"/>
      </object_component>
      <object_component id="oc-355">
         <name>.const</name>
         <load_address>0xbc9c0</load_address>
         <run_address>0xbc9c0</run_address>
         <size>0x4</size>
         <input_file_ref idref="fl-36"/>
      </object_component>
      <object_component id="oc-322">
         <name>.const</name>
         <load_address>0xbc9c4</load_address>
         <run_address>0xbc9c4</run_address>
         <size>0x4</size>
         <input_file_ref idref="fl-38"/>
      </object_component>
      <object_component id="oc-258">
         <name>ramgs14</name>
         <uninitialized>true</uninitialized>
         <run_address>0x1a000</run_address>
         <size>0x3e8</size>
         <input_file_ref idref="fl-4"/>
      </object_component>
      <object_component id="oc-f6">
         <name>ramgs15</name>
         <load_address>0x1b000</load_address>
         <run_address>0x1b000</run_address>
         <size>0x400</size>
         <input_file_ref idref="fl-7"/>
      </object_component>
      <object_component id="oc-198">
         <name>.TI.ramfunc:Flash_initModule</name>
         <load_address>0x86000</load_address>
         <run_address>0x8000</run_address>
         <size>0x43</size>
         <input_file_ref idref="fl-24"/>
      </object_component>
      <object_component id="oc-2d0">
         <name>.TI.ramfunc:Flash_setBankPowerMode</name>
         <load_address>0x86043</load_address>
         <run_address>0x8043</run_address>
         <size>0x2d</size>
         <input_file_ref idref="fl-24"/>
      </object_component>
      <object_component id="oc-2e8">
         <name>.TI.ramfunc:Flash_setWaitstates</name>
         <load_address>0x86070</load_address>
         <run_address>0x8070</run_address>
         <size>0x26</size>
         <input_file_ref idref="fl-24"/>
      </object_component>
      <object_component id="oc-2d6">
         <name>.TI.ramfunc:Flash_setPumpPowerMode</name>
         <load_address>0x86096</load_address>
         <run_address>0x8096</run_address>
         <size>0x1e</size>
         <input_file_ref idref="fl-24"/>
      </object_component>
      <object_component id="oc-2dc">
         <name>.TI.ramfunc:Flash_disableCache</name>
         <load_address>0x860b4</load_address>
         <run_address>0x80b4</run_address>
         <size>0x1a</size>
         <input_file_ref idref="fl-24"/>
      </object_component>
      <object_component id="oc-2e2">
         <name>.TI.ramfunc:Flash_disablePrefetch</name>
         <load_address>0x860ce</load_address>
         <run_address>0x80ce</run_address>
         <size>0x1a</size>
         <input_file_ref idref="fl-24"/>
      </object_component>
      <object_component id="oc-2ee">
         <name>.TI.ramfunc:Flash_enableCache</name>
         <load_address>0x860e8</load_address>
         <run_address>0x80e8</run_address>
         <size>0x19</size>
         <input_file_ref idref="fl-24"/>
      </object_component>
      <object_component id="oc-2f4">
         <name>.TI.ramfunc:Flash_enablePrefetch</name>
         <load_address>0x86101</load_address>
         <run_address>0x8101</run_address>
         <size>0x19</size>
         <input_file_ref idref="fl-24"/>
      </object_component>
      <object_component id="oc-2fa">
         <name>.TI.ramfunc:Flash_enableECC</name>
         <load_address>0x8611a</load_address>
         <run_address>0x811a</run_address>
         <size>0x17</size>
         <input_file_ref idref="fl-24"/>
      </object_component>
      <object_component id="oc-24d">
         <name>.TI.ramfunc</name>
         <load_address>0x86131</load_address>
         <run_address>0x8131</run_address>
         <size>0x4</size>
         <input_file_ref idref="fl-15"/>
      </object_component>
      <object_component id="oc-170">
         <name>.TI.ramfunc</name>
         <load_address>0x86135</load_address>
         <run_address>0x8135</run_address>
         <size>0x4</size>
         <input_file_ref idref="fl-2a"/>
      </object_component>
      <object_component id="oc-25f">
         <name>CpuSysRegsFile</name>
         <uninitialized>true</uninitialized>
         <run_address>0x5d300</run_address>
         <size>0x82</size>
         <input_file_ref idref="fl-10"/>
      </object_component>
      <object_component id="oc-37f">
         <name>DacaRegsFile</name>
         <uninitialized>true</uninitialized>
         <run_address>0x5c00</run_address>
         <size>0x7</size>
         <input_file_ref idref="fl-10"/>
      </object_component>
      <object_component id="oc-382">
         <name>DacbRegsFile</name>
         <uninitialized>true</uninitialized>
         <run_address>0x5c10</run_address>
         <size>0x7</size>
         <input_file_ref idref="fl-10"/>
      </object_component>
      <object_component id="oc-385">
         <name>DaccRegsFile</name>
         <uninitialized>true</uninitialized>
         <run_address>0x5c20</run_address>
         <size>0x7</size>
         <input_file_ref idref="fl-10"/>
      </object_component>
      <object_component id="oc-268">
         <name>DmaClaSrcSelRegsFile</name>
         <uninitialized>true</uninitialized>
         <run_address>0x7980</run_address>
         <size>0x1a</size>
         <input_file_ref idref="fl-10"/>
      </object_component>
      <object_component id="oc-375">
         <name>DmaRegsFile</name>
         <uninitialized>true</uninitialized>
         <run_address>0x1000</run_address>
         <size>0xe0</size>
         <input_file_ref idref="fl-10"/>
      </object_component>
      <object_component id="oc-378">
         <name>PieCtrlRegsFile</name>
         <uninitialized>true</uninitialized>
         <run_address>0xce0</run_address>
         <size>0x1a</size>
         <input_file_ref idref="fl-10"/>
      </object_component>
      <object_component id="oc-27e">
         <name>.debug_types</name>
         <load_address>0x0</load_address>
         <run_address>0x0</run_address>
         <size>0x55c</size>
         <input_file_ref idref="fl-2"/>
      </object_component>
      <object_component id="oc-26c">
         <name>.debug_types</name>
         <load_address>0x55c</load_address>
         <run_address>0x55c</run_address>
         <size>0x3ab9</size>
         <input_file_ref idref="fl-4"/>
      </object_component>
      <object_component id="oc-241">
         <name>.debug_types</name>
         <load_address>0x4015</load_address>
         <run_address>0x4015</run_address>
         <size>0x85</size>
         <input_file_ref idref="fl-5"/>
      </object_component>
      <object_component id="oc-172">
         <name>.debug_types</name>
         <load_address>0x409a</load_address>
         <run_address>0x409a</run_address>
         <size>0x20af</size>
         <input_file_ref idref="fl-7"/>
      </object_component>
      <object_component id="oc-275">
         <name>.debug_types</name>
         <load_address>0x6149</load_address>
         <run_address>0x6149</run_address>
         <size>0x291</size>
         <input_file_ref idref="fl-9"/>
      </object_component>
      <object_component id="oc-1e6">
         <name>.debug_types</name>
         <load_address>0x0</load_address>
         <run_address>0x0</run_address>
         <size>0x0</size>
         <input_file_ref idref="fl-a"/>
      </object_component>
      <object_component id="oc-1bb">
         <name>.debug_types</name>
         <load_address>0x63da</load_address>
         <run_address>0x63da</run_address>
         <size>0x5c2</size>
         <input_file_ref idref="fl-c"/>
      </object_component>
      <object_component id="oc-175">
         <name>.debug_types</name>
         <load_address>0x0</load_address>
         <run_address>0x0</run_address>
         <size>0x0</size>
         <input_file_ref idref="fl-e"/>
      </object_component>
      <object_component id="oc-37c">
         <name>.debug_types</name>
         <load_address>0x699c</load_address>
         <run_address>0x699c</run_address>
         <size>0x420a</size>
         <input_file_ref idref="fl-f"/>
      </object_component>
      <object_component id="oc-38c">
         <name>.debug_types</name>
         <load_address>0xaba6</load_address>
         <run_address>0xaba6</run_address>
         <size>0x580b3</size>
         <input_file_ref idref="fl-10"/>
      </object_component>
      <object_component id="oc-178">
         <name>.debug_types</name>
         <load_address>0x62c59</load_address>
         <run_address>0x62c59</run_address>
         <size>0x5a</size>
         <input_file_ref idref="fl-13"/>
      </object_component>
      <object_component id="oc-297">
         <name>.debug_types</name>
         <load_address>0x62cb3</load_address>
         <run_address>0x62cb3</run_address>
         <size>0xc0</size>
         <input_file_ref idref="fl-23"/>
      </object_component>
      <object_component id="oc-301">
         <name>.debug_types</name>
         <load_address>0x62d73</load_address>
         <run_address>0x62d73</run_address>
         <size>0x1d7</size>
         <input_file_ref idref="fl-24"/>
      </object_component>
      <object_component id="oc-1ef">
         <name>.debug_types</name>
         <load_address>0x62f4a</load_address>
         <run_address>0x62f4a</run_address>
         <size>0x334</size>
         <input_file_ref idref="fl-25"/>
      </object_component>
      <object_component id="oc-1fb">
         <name>.debug_types</name>
         <load_address>0x0</load_address>
         <run_address>0x0</run_address>
         <size>0x0</size>
         <input_file_ref idref="fl-27"/>
      </object_component>
      <object_component id="oc-223">
         <name>.debug_types</name>
         <load_address>0x6327e</load_address>
         <run_address>0x6327e</run_address>
         <size>0x1fb</size>
         <input_file_ref idref="fl-28"/>
      </object_component>
      <object_component id="oc-39e">
         <name>.debug_types</name>
         <load_address>0x63479</load_address>
         <run_address>0x63479</run_address>
         <size>0x510</size>
         <input_file_ref idref="fl-29"/>
      </object_component>
      <object_component id="oc-303">
         <name>.debug_types</name>
         <load_address>0x63989</load_address>
         <run_address>0x63989</run_address>
         <size>0x254</size>
         <input_file_ref idref="fl-2a"/>
      </object_component>
      <object_component id="oc-357">
         <name>.debug_types</name>
         <load_address>0x63bdd</load_address>
         <run_address>0x63bdd</run_address>
         <size>0xbf</size>
         <input_file_ref idref="fl-36"/>
      </object_component>
      <object_component id="oc-353">
         <name>.debug_types</name>
         <load_address>0x0</load_address>
         <run_address>0x0</run_address>
         <size>0x0</size>
         <input_file_ref idref="fl-37"/>
      </object_component>
      <object_component id="oc-340">
         <name>.debug_types</name>
         <load_address>0x0</load_address>
         <run_address>0x0</run_address>
         <size>0x0</size>
         <input_file_ref idref="fl-38"/>
      </object_component>
      <object_component id="oc-17d">
         <name>.debug_types</name>
         <load_address>0x63c9c</load_address>
         <run_address>0x63c9c</run_address>
         <size>0x117</size>
         <input_file_ref idref="fl-45"/>
      </object_component>
      <object_component id="oc-3b0">
         <name>.debug_types</name>
         <load_address>0x0</load_address>
         <run_address>0x0</run_address>
         <size>0x0</size>
         <input_file_ref idref="fl-46"/>
      </object_component>
      <object_component id="oc-459">
         <name>.debug_types</name>
         <load_address>0x63db3</load_address>
         <run_address>0x63db3</run_address>
         <size>0x441</size>
         <input_file_ref idref="fl-47"/>
      </object_component>
      <object_component id="oc-182">
         <name>.debug_types</name>
         <load_address>0x641f4</load_address>
         <run_address>0x641f4</run_address>
         <size>0x169</size>
         <input_file_ref idref="fl-48"/>
      </object_component>
      <object_component id="oc-d0">
         <name>.debug_types</name>
         <load_address>0x0</load_address>
         <run_address>0x0</run_address>
         <size>0x0</size>
         <input_file_ref idref="fl-49"/>
      </object_component>
      <object_component id="oc-c8">
         <name>.debug_types</name>
         <load_address>0x6435d</load_address>
         <run_address>0x6435d</run_address>
         <size>0x191</size>
         <input_file_ref idref="fl-4a"/>
      </object_component>
      <object_component id="oc-424">
         <name>.debug_types</name>
         <load_address>0x644ee</load_address>
         <run_address>0x644ee</run_address>
         <size>0xcb</size>
         <input_file_ref idref="fl-4b"/>
      </object_component>
      <object_component id="oc-4cb">
         <name>.debug_types</name>
         <load_address>0x645b9</load_address>
         <run_address>0x645b9</run_address>
         <size>0x187</size>
         <input_file_ref idref="fl-4c"/>
      </object_component>
      <object_component id="oc-3ea">
         <name>.debug_types</name>
         <load_address>0x64740</load_address>
         <run_address>0x64740</run_address>
         <size>0x90</size>
         <input_file_ref idref="fl-4d"/>
      </object_component>
      <object_component id="oc-474">
         <name>.debug_types</name>
         <load_address>0x647d0</load_address>
         <run_address>0x647d0</run_address>
         <size>0x2f</size>
         <input_file_ref idref="fl-4e"/>
      </object_component>
      <object_component id="oc-3e2">
         <name>.debug_types</name>
         <load_address>0x647ff</load_address>
         <run_address>0x647ff</run_address>
         <size>0xe1</size>
         <input_file_ref idref="fl-4f"/>
      </object_component>
      <object_component id="oc-2a8">
         <name>.debug_types</name>
         <load_address>0x0</load_address>
         <run_address>0x0</run_address>
         <size>0x0</size>
         <input_file_ref idref="fl-50"/>
      </object_component>
      <object_component id="oc-429">
         <name>.debug_types</name>
         <load_address>0x0</load_address>
         <run_address>0x0</run_address>
         <size>0x0</size>
         <input_file_ref idref="fl-51"/>
      </object_component>
      <object_component id="oc-409">
         <name>.debug_types</name>
         <load_address>0x0</load_address>
         <run_address>0x0</run_address>
         <size>0x0</size>
         <input_file_ref idref="fl-52"/>
      </object_component>
      <object_component id="oc-433">
         <name>.debug_types</name>
         <load_address>0x0</load_address>
         <run_address>0x0</run_address>
         <size>0x0</size>
         <input_file_ref idref="fl-53"/>
      </object_component>
      <object_component id="oc-50f">
         <name>.debug_types</name>
         <load_address>0x0</load_address>
         <run_address>0x0</run_address>
         <size>0x0</size>
         <input_file_ref idref="fl-54"/>
      </object_component>
      <object_component id="oc-522">
         <name>.debug_types</name>
         <load_address>0x0</load_address>
         <run_address>0x0</run_address>
         <size>0x0</size>
         <input_file_ref idref="fl-55"/>
      </object_component>
      <object_component id="oc-4da">
         <name>.debug_types</name>
         <load_address>0x0</load_address>
         <run_address>0x0</run_address>
         <size>0x0</size>
         <input_file_ref idref="fl-5b"/>
      </object_component>
      <object_component id="oc-525">
         <name>.debug_types</name>
         <load_address>0x0</load_address>
         <run_address>0x0</run_address>
         <size>0x0</size>
         <input_file_ref idref="fl-5c"/>
      </object_component>
      <object_component id="oc-15f">
         <name>.debug_info</name>
         <load_address>0x0</load_address>
         <run_address>0x0</run_address>
         <size>0x474</size>
         <input_file_ref idref="fl-2"/>
      </object_component>
      <object_component id="oc-15b">
         <name>.debug_info</name>
         <load_address>0x474</load_address>
         <run_address>0x474</run_address>
         <size>0xe4</size>
         <input_file_ref idref="fl-3"/>
      </object_component>
      <object_component id="oc-266">
         <name>.debug_info</name>
         <load_address>0x558</load_address>
         <run_address>0x558</run_address>
         <size>0x118</size>
         <input_file_ref idref="fl-4"/>
      </object_component>
      <object_component id="oc-263">
         <name>.debug_info</name>
         <load_address>0x670</load_address>
         <run_address>0x670</run_address>
         <size>0x166</size>
         <input_file_ref idref="fl-4"/>
      </object_component>
      <object_component id="oc-25d">
         <name>.debug_info</name>
         <load_address>0x7d6</load_address>
         <run_address>0x7d6</run_address>
         <size>0xe8</size>
         <input_file_ref idref="fl-4"/>
      </object_component>
      <object_component id="oc-259">
         <name>.debug_info</name>
         <load_address>0x8be</load_address>
         <run_address>0x8be</run_address>
         <size>0x116</size>
         <input_file_ref idref="fl-4"/>
      </object_component>
      <object_component id="oc-14f">
         <name>.debug_info</name>
         <load_address>0x9d4</load_address>
         <run_address>0x9d4</run_address>
         <size>0x47c</size>
         <input_file_ref idref="fl-4"/>
      </object_component>
      <object_component id="oc-13c">
         <name>.debug_info</name>
         <load_address>0xe50</load_address>
         <run_address>0xe50</run_address>
         <size>0x668</size>
         <input_file_ref idref="fl-5"/>
      </object_component>
      <object_component id="oc-e4">
         <name>.debug_info</name>
         <load_address>0x14b8</load_address>
         <run_address>0x14b8</run_address>
         <size>0x2dd</size>
         <input_file_ref idref="fl-7"/>
      </object_component>
      <object_component id="oc-148">
         <name>.debug_info</name>
         <load_address>0x1795</load_address>
         <run_address>0x1795</run_address>
         <size>0xeb</size>
         <input_file_ref idref="fl-7"/>
      </object_component>
      <object_component id="oc-14b">
         <name>.debug_info</name>
         <load_address>0x1880</load_address>
         <run_address>0x1880</run_address>
         <size>0xed</size>
         <input_file_ref idref="fl-7"/>
      </object_component>
      <object_component id="oc-165">
         <name>.debug_info</name>
         <load_address>0x196d</load_address>
         <run_address>0x196d</run_address>
         <size>0xeb</size>
         <input_file_ref idref="fl-7"/>
      </object_component>
      <object_component id="oc-168">
         <name>.debug_info</name>
         <load_address>0x1a58</load_address>
         <run_address>0x1a58</run_address>
         <size>0xed</size>
         <input_file_ref idref="fl-7"/>
      </object_component>
      <object_component id="oc-f7">
         <name>.debug_info</name>
         <load_address>0x1b45</load_address>
         <run_address>0x1b45</run_address>
         <size>0x12b</size>
         <input_file_ref idref="fl-7"/>
      </object_component>
      <object_component id="oc-e7">
         <name>.debug_info</name>
         <load_address>0x1c70</load_address>
         <run_address>0x1c70</run_address>
         <size>0xe9</size>
         <input_file_ref idref="fl-7"/>
      </object_component>
      <object_component id="oc-ea">
         <name>.debug_info</name>
         <load_address>0x1d59</load_address>
         <run_address>0x1d59</run_address>
         <size>0xe9</size>
         <input_file_ref idref="fl-7"/>
      </object_component>
      <object_component id="oc-ed">
         <name>.debug_info</name>
         <load_address>0x1e42</load_address>
         <run_address>0x1e42</run_address>
         <size>0xe9</size>
         <input_file_ref idref="fl-7"/>
      </object_component>
      <object_component id="oc-b4">
         <name>.debug_info</name>
         <load_address>0x1f2b</load_address>
         <run_address>0x1f2b</run_address>
         <size>0x2c2f</size>
         <input_file_ref idref="fl-7"/>
      </object_component>
      <object_component id="oc-b8">
         <name>.debug_info</name>
         <load_address>0x4b5a</load_address>
         <run_address>0x4b5a</run_address>
         <size>0x101</size>
         <input_file_ref idref="fl-7"/>
      </object_component>
      <object_component id="oc-156">
         <name>.debug_info</name>
         <load_address>0x4c5b</load_address>
         <run_address>0x4c5b</run_address>
         <size>0xa26</size>
         <input_file_ref idref="fl-9"/>
      </object_component>
      <object_component id="oc-fa">
         <name>.debug_info</name>
         <load_address>0x5681</load_address>
         <run_address>0x5681</run_address>
         <size>0x2ab</size>
         <input_file_ref idref="fl-a"/>
      </object_component>
      <object_component id="oc-a7">
         <name>.debug_info</name>
         <load_address>0x592c</load_address>
         <run_address>0x592c</run_address>
         <size>0x10c</size>
         <input_file_ref idref="fl-b"/>
      </object_component>
      <object_component id="oc-df">
         <name>.debug_info</name>
         <load_address>0x5a38</load_address>
         <run_address>0x5a38</run_address>
         <size>0x10d</size>
         <input_file_ref idref="fl-b"/>
      </object_component>
      <object_component id="oc-1b8">
         <name>.debug_info</name>
         <load_address>0x5b45</load_address>
         <run_address>0x5b45</run_address>
         <size>0x157</size>
         <input_file_ref idref="fl-c"/>
      </object_component>
      <object_component id="oc-f4">
         <name>.debug_info</name>
         <load_address>0x5c9c</load_address>
         <run_address>0x5c9c</run_address>
         <size>0x1c2d</size>
         <input_file_ref idref="fl-c"/>
      </object_component>
      <object_component id="oc-c0">
         <name>.debug_info</name>
         <load_address>0x78c9</load_address>
         <run_address>0x78c9</run_address>
         <size>0x2c6d</size>
         <input_file_ref idref="fl-e"/>
      </object_component>
      <object_component id="oc-253">
         <name>.debug_info</name>
         <load_address>0xa536</load_address>
         <run_address>0xa536</run_address>
         <size>0x2442</size>
         <input_file_ref idref="fl-f"/>
      </object_component>
      <object_component id="oc-380">
         <name>.debug_info</name>
         <load_address>0xc978</load_address>
         <run_address>0xc978</run_address>
         <size>0x105</size>
         <input_file_ref idref="fl-10"/>
      </object_component>
      <object_component id="oc-383">
         <name>.debug_info</name>
         <load_address>0xca7d</load_address>
         <run_address>0xca7d</run_address>
         <size>0x105</size>
         <input_file_ref idref="fl-10"/>
      </object_component>
      <object_component id="oc-386">
         <name>.debug_info</name>
         <load_address>0xcb82</load_address>
         <run_address>0xcb82</run_address>
         <size>0x105</size>
         <input_file_ref idref="fl-10"/>
      </object_component>
      <object_component id="oc-269">
         <name>.debug_info</name>
         <load_address>0xcc87</load_address>
         <run_address>0xcc87</run_address>
         <size>0x115</size>
         <input_file_ref idref="fl-10"/>
      </object_component>
      <object_component id="oc-379">
         <name>.debug_info</name>
         <load_address>0xcd9c</load_address>
         <run_address>0xcd9c</run_address>
         <size>0x10b</size>
         <input_file_ref idref="fl-10"/>
      </object_component>
      <object_component id="oc-260">
         <name>.debug_info</name>
         <load_address>0xcea7</load_address>
         <run_address>0xcea7</run_address>
         <size>0x109</size>
         <input_file_ref idref="fl-10"/>
      </object_component>
      <object_component id="oc-376">
         <name>.debug_info</name>
         <load_address>0xcfb0</load_address>
         <run_address>0xcfb0</run_address>
         <size>0x103</size>
         <input_file_ref idref="fl-10"/>
      </object_component>
      <object_component id="oc-c4">
         <name>.debug_info</name>
         <load_address>0xd0b3</load_address>
         <run_address>0xd0b3</run_address>
         <size>0x10a</size>
         <input_file_ref idref="fl-13"/>
      </object_component>
      <object_component id="oc-24e">
         <name>.debug_info</name>
         <load_address>0xd1bd</load_address>
         <run_address>0xd1bd</run_address>
         <size>0x117</size>
         <input_file_ref idref="fl-15"/>
      </object_component>
      <object_component id="oc-287">
         <name>.debug_info</name>
         <load_address>0xd2d4</load_address>
         <run_address>0xd2d4</run_address>
         <size>0x207</size>
         <input_file_ref idref="fl-23"/>
      </object_component>
      <object_component id="oc-16b">
         <name>.debug_info</name>
         <load_address>0xd4db</load_address>
         <run_address>0xd4db</run_address>
         <size>0x2bc</size>
         <input_file_ref idref="fl-23"/>
      </object_component>
      <object_component id="oc-28b">
         <name>.debug_info</name>
         <load_address>0xd797</load_address>
         <run_address>0xd797</run_address>
         <size>0x24a</size>
         <input_file_ref idref="fl-23"/>
      </object_component>
      <object_component id="oc-292">
         <name>.debug_info</name>
         <load_address>0xd9e1</load_address>
         <run_address>0xd9e1</run_address>
         <size>0x288</size>
         <input_file_ref idref="fl-23"/>
      </object_component>
      <object_component id="oc-2be">
[...]
      </symbol>
      <symbol id="sm-3c6">
         <name>DMACH2WrapConfig</name>
         <value>0x998ea</value>
         <object_component_ref idref="oc-252"/>
      </symbol>
      <symbol id="sm-3c7">
         <name>DMACH3WrapConfig</name>
         <value>0x99984</value>
         <object_component_ref idref="oc-252"/>
      </symbol>
      <symbol id="sm-3c8">
         <name>DMACH4WrapConfig</name>
         <value>0x99a1d</value>
         <object_component_ref idref="oc-252"/>
      </symbol>
      <symbol id="sm-3c9">
         <name>DMACH5WrapConfig</name>
         <value>0x99ab7</value>
         <object_component_ref idref="oc-252"/>
      </symbol>
      <symbol id="sm-3ca">
         <name>DMACH5BurstConfig</name>
         <value>0x99a97</value>
         <object_component_ref idref="oc-252"/>
      </symbol>
      <symbol id="sm-3cb">
         <name>DMACH6WrapConfig</name>
         <value>0x99b50</value>
         <object_component_ref idref="oc-252"/>
      </symbol>
      <symbol id="sm-3cc">
         <name>DMACH6AddrConfig32bit</name>
         <value>0x99c0a</value>
         <object_component_ref idref="oc-252"/>
      </symbol>
      <symbol id="sm-3cd">
         <name>DMACH2BurstConfig</name>
         <value>0x998ca</value>
         <object_component_ref idref="oc-252"/>
      </symbol>
      <symbol id="sm-3ce">
         <name>DMAInitialize</name>
         <value>0x99816</value>
         <object_component_ref idref="oc-252"/>
      </symbol>
      <symbol id="sm-3cf">
         <name>DMACH1AddrConfig</name>
         <value>0x99821</value>
         <object_component_ref idref="oc-252"/>
      </symbol>
      <symbol id="sm-3d0">
         <name>DMACH2AddrConfig</name>
         <value>0x998ba</value>
         <object_component_ref idref="oc-252"/>
      </symbol>
      <symbol id="sm-3d1">
         <name>DMACH3AddrConfig</name>
         <value>0x99954</value>
         <object_component_ref idref="oc-252"/>
      </symbol>
      <symbol id="sm-3d2">
         <name>DMACH4AddrConfig</name>
         <value>0x999ed</value>
         <object_component_ref idref="oc-252"/>
      </symbol>
      <symbol id="sm-3d3">
         <name>DMACH5AddrConfig</name>
         <value>0x99a87</value>
         <object_component_ref idref="oc-252"/>
      </symbol>
      <symbol id="sm-3d4">
         <name>DMACH6AddrConfig</name>
         <value>0x99b20</value>
         <object_component_ref idref="oc-252"/>
      </symbol>
      <symbol id="sm-3d5">
         <name>DMACH4AddrConfig32bit</name>
         <value>0x99bea</value>
         <object_component_ref idref="oc-252"/>
      </symbol>
      <symbol id="sm-3d6">
         <name>DMACH5AddrConfig32bit</name>
         <value>0x99bfa</value>
         <object_component_ref idref="oc-252"/>
      </symbol>
      <symbol id="sm-3d7">
         <name>DMACH4BurstConfig</name>
         <value>0x999fd</value>
         <object_component_ref idref="oc-252"/>
      </symbol>
      <symbol id="sm-3d8">
         <name>DMACH1BurstConfig</name>
         <value>0x99831</value>
         <object_component_ref idref="oc-252"/>
      </symbol>
      <symbol id="sm-3d9">
         <name>StartDMACH1</name>
         <value>0x998b2</value>
         <object_component_ref idref="oc-252"/>
      </symbol>
      <symbol id="sm-3da">
         <name>StartDMACH3</name>
         <value>0x999e5</value>
         <object_component_ref idref="oc-252"/>
      </symbol>
      <symbol id="sm-3db">
         <name>StartDMACH2</name>
         <value>0x9994c</value>
         <object_component_ref idref="oc-252"/>
      </symbol>
      <symbol id="sm-3dc">
         <name>StartDMACH5</name>
         <value>0x99b18</value>
         <object_component_ref idref="oc-252"/>
      </symbol>
      <symbol id="sm-3dd">
         <name>StartDMACH4</name>
         <value>0x99a7f</value>
         <object_component_ref idref="oc-252"/>
      </symbol>
      <symbol id="sm-3de">
         <name>StartDMACH6</name>
         <value>0x99bb2</value>
         <object_component_ref idref="oc-252"/>
      </symbol>
      <symbol id="sm-3df">
         <name>DMACH1ModeConfig</name>
         <value>0x99864</value>
         <object_component_ref idref="oc-252"/>
      </symbol>
      <symbol id="sm-3e0">
         <name>DMACH2ModeConfig</name>
         <value>0x998fd</value>
         <object_component_ref idref="oc-252"/>
      </symbol>
      <symbol id="sm-3e1">
         <name>DMACH3ModeConfig</name>
         <value>0x99997</value>
         <object_component_ref idref="oc-252"/>
      </symbol>
      <symbol id="sm-3e2">
         <name>DMACH4ModeConfig</name>
         <value>0x99a30</value>
         <object_component_ref idref="oc-252"/>
      </symbol>
      <symbol id="sm-3e3">
         <name>DMACH2AddrConfig32bit</name>
         <value>0x99bca</value>
         <object_component_ref idref="oc-252"/>
      </symbol>
      <symbol id="sm-3e4">
         <name>DMACH6BurstConfig</name>
         <value>0x99b30</value>
         <object_component_ref idref="oc-252"/>
      </symbol>
      <symbol id="sm-3e5">
         <name>DMACH5ModeConfig</name>
         <value>0x99aca</value>
         <object_component_ref idref="oc-252"/>
      </symbol>
      <symbol id="sm-3e6">
         <name>DMACH6ModeConfig</name>
         <value>0x99b63</value>
         <object_component_ref idref="oc-252"/>
      </symbol>
      <symbol id="sm-3e7">
         <name>DMACH3BurstConfig</name>
         <value>0x99964</value>
         <object_component_ref idref="oc-252"/>
      </symbol>
      <symbol id="sm-3e8">
         <name>DMACH3AddrConfig32bit</name>
         <value>0x99bda</value>
         <object_component_ref idref="oc-252"/>
      </symbol>
      <symbol id="sm-411">
         <name>DacbRegs</name>
         <value>0x5c10</value>
         <object_component_ref idref="oc-382"/>
      </symbol>
      <symbol id="sm-412">
         <name>DaccRegs</name>
         <value>0x5c20</value>
         <object_component_ref idref="oc-385"/>
      </symbol>
      <symbol id="sm-413">
         <name>DmaClaSrcSelRegs</name>
         <value>0x7980</value>
         <object_component_ref idref="oc-268"/>
      </symbol>
      <symbol id="sm-414">
         <name>DmaRegs</name>
         <value>0x1000</value>
         <object_component_ref idref="oc-375"/>
      </symbol>
      <symbol id="sm-415">
         <name>CpuSysRegs</name>
         <value>0x5d300</value>
         <object_component_ref idref="oc-25f"/>
      </symbol>
      <symbol id="sm-416">
         <name>PieCtrlRegs</name>
         <value>0xce0</value>
         <object_component_ref idref="oc-378"/>
      </symbol>
      <symbol id="sm-417">
         <name>DacaRegs</name>
         <value>0x5c00</value>
         <object_component_ref idref="oc-37f"/>
      </symbol>
      <symbol id="sm-424">
         <name>PieVectTableInit</name>
         <value>0xbc000</value>
         <object_component_ref idref="oc-c3"/>
      </symbol>
      <symbol id="sm-42d">
         <name>F28x_usDelay</name>
         <value>0x8131</value>
         <object_component_ref idref="oc-24d"/>
      </symbol>
      <symbol id="sm-46e">
         <name>ADC_setOffsetTrim</name>
         <value>0x9b0d2</value>
         <object_component_ref idref="oc-290"/>
      </symbol>
      <symbol id="sm-46f">
         <name>ADC_setMode</name>
         <value>0x9b4db</value>
         <object_component_ref idref="oc-16a"/>
      </symbol>
      <symbol id="sm-470">
         <name>ADC_setINLTrim</name>
         <value>0x9af8c</value>
         <object_component_ref idref="oc-28a"/>
      </symbol>
      <symbol id="sm-4ea">
         <name>Flash_initModule</name>
         <value>0x8000</value>
         <object_component_ref idref="oc-198"/>
      </symbol>
      <symbol id="sm-52c">
         <name>GPIO_setQualificationMode</name>
         <value>0x9b407</value>
         <object_component_ref idref="oc-117"/>
      </symbol>
      <symbol id="sm-52d">
         <name>GPIO_setPadConfig</name>
         <value>0x9b1e6</value>
         <object_component_ref idref="oc-111"/>
      </symbol>
      <symbol id="sm-52e">
         <name>GPIO_setDirectionMode</name>
         <value>0x9b4aa</value>
         <object_component_ref idref="oc-10b"/>
      </symbol>
      <symbol id="sm-52f">
         <name>GPIO_setPinConfig</name>
         <value>0x9b43f</value>
         <object_component_ref idref="oc-105"/>
      </symbol>
      <symbol id="sm-530">
         <name>GPIO_setMasterCore</name>
         <value>0x9b3cf</value>
         <object_component_ref idref="oc-ff"/>
      </symbol>
      <symbol id="sm-583">
         <name>Interrupt_initModule</name>
         <value>0x9b392</value>
         <object_component_ref idref="oc-11d"/>
      </symbol>
      <symbol id="sm-584">
         <name>Interrupt_enable</name>
         <value>0x9b476</value>
         <object_component_ref idref="oc-141"/>
      </symbol>
      <symbol id="sm-585">
         <name>Interrupt_initVectorTable</name>
         <value>0x9b708</value>
         <object_component_ref idref="oc-123"/>
      </symbol>
      <symbol id="sm-5f6">
         <name>SCI_clearInterruptStatus</name>
         <value>0x9b289</value>
         <object_component_ref idref="oc-12f"/>
      </symbol>
      <symbol id="sm-5f7">
         <name>SCI_writeCharArray</name>
         <value>0x9b313</value>
         <object_component_ref idref="oc-135"/>
      </symbol>
      <symbol id="sm-5f8">
         <name>SCI_setConfig</name>
         <value>0x9b354</value>
         <object_component_ref idref="oc-129"/>
      </symbol>
      <symbol id="sm-618">
         <name>SPI_setConfig</name>
         <value>0x9b136</value>
         <object_component_ref idref="oc-26e"/>
      </symbol>
      <symbol id="sm-6f4">
         <name>SysCtl_delay</name>
         <value>0x8135</value>
         <object_component_ref idref="oc-170"/>
      </symbol>
      <symbol id="sm-6f5">
         <name>SysCtl_getDeviceParametric</name>
         <value>0x9b06a</value>
         <object_component_ref idref="oc-19e"/>
      </symbol>
      <symbol id="sm-6f6">
         <name>SysCtl_selectXTAL</name>
         <value>0x9afff</value>
         <object_component_ref idref="oc-3fd"/>
      </symbol>
      <symbol id="sm-6f7">
         <name>SysCtl_selectOscSource</name>
         <value>0x9b192</value>
         <object_component_ref idref="oc-30b"/>
      </symbol>
      <symbol id="sm-6f8">
         <name>SysCtl_getLowSpeedClock</name>
         <value>0x9b81d</value>
         <object_component_ref idref="oc-1b1"/>
      </symbol>
      <symbol id="sm-6f9">
         <name>SysCtl_setClock</name>
         <value>0x9a013</value>
         <object_component_ref idref="oc-1a4"/>
      </symbol>
      <symbol id="sm-6fa">
         <name>SysCtl_getClock</name>
         <value>0x9b238</value>
         <object_component_ref idref="oc-1aa"/>
      </symbol>
      <symbol id="sm-714">
         <name>cosl</name>
         <value>0x9aa52</value>
         <object_component_ref idref="oc-1df"/>
      </symbol>
      <symbol id="sm-715">
         <name>cos</name>
         <value>0x9aa52</value>
         <object_component_ref idref="oc-1df"/>
      </symbol>
      <symbol id="sm-72b">
         <name>roundl</name>
         <value>0x9aded</value>
         <object_component_ref idref="oc-1d4"/>
      </symbol>
      <symbol id="sm-72c">
         <name>round</name>
         <value>0x9aded</value>
         <object_component_ref idref="oc-1d4"/>
      </symbol>
      <symbol id="sm-746">
         <name>sin</name>
         <value>0x9ab20</value>
         <object_component_ref idref="oc-1ce"/>
      </symbol>
      <symbol id="sm-747">
         <name>sinl</name>
         <value>0x9ab20</value>
         <object_component_ref idref="oc-1ce"/>
      </symbol>
      <symbol id="sm-751">
         <name>_c_int00</name>
         <value>0x9b89a</value>
         <object_component_ref idref="oc-18a"/>
      </symbol>
      <symbol id="sm-752">
         <name>__stack</name>
         <value>0x400</value>
         <object_component_ref idref="oc-c6"/>
      </symbol>
      <symbol id="sm-769">
         <name>__c28xabi_addd</name>
         <value>0x9ad51</value>
         <object_component_ref idref="oc-341"/>
      </symbol>
      <symbol id="sm-775">
         <name>__c28xabi_cmpd</name>
         <value>0x9b563</value>
         <object_component_ref idref="oc-34d"/>
      </symbol>
      <symbol id="sm-783">
         <name>__c28xabi_mpyd</name>
         <value>0x9af09</value>
         <object_component_ref idref="oc-1c4"/>
      </symbol>
      <symbol id="sm-78c">
         <name>__c28xabi_negd</name>
         <value>0x9b9b1</value>
         <object_component_ref idref="oc-33a"/>
      </symbol>
      <symbol id="sm-794">
         <name>__c28xabi_subd</name>
         <value>0x9b960</value>
         <object_component_ref idref="oc-329"/>
      </symbol>
      <symbol id="sm-79f">
         <name>__c28xabi_dtoi</name>
         <value>0x9b66a</value>
         <object_component_ref idref="oc-1da"/>
      </symbol>
      <symbol id="sm-7ac">
         <name>__c28xabi_divf</name>
         <value>0x9ae81</value>
         <object_component_ref idref="oc-277"/>
      </symbol>
      <symbol id="sm-7b9">
         <name>__c28xabi_itod</name>
         <value>0x9b726</value>
         <object_component_ref idref="oc-1be"/>
      </symbol>
      <symbol id="sm-7c5">
         <name>__c28xabi_ftod</name>
         <value>0x9b760</value>
         <object_component_ref idref="oc-1c9"/>
      </symbol>
      <symbol id="sm-7d8">
         <name>memcpy</name>
         <value>0x9b743</value>
         <object_component_ref idref="oc-c9"/>
      </symbol>
      <symbol id="sm-7e5">
         <name>_system_pre_init</name>
         <value>0x9b9e2</value>
         <object_component_ref idref="oc-2a9"/>
      </symbol>
      <symbol id="sm-7f4">
         <name>__TI_auto_init_nobinit_nopinit</name>
         <value>0x9b538</value>
         <object_component_ref idref="oc-3b1"/>
      </symbol>
      <symbol id="sm-801">
         <name>__TI_zero_init</name>
         <value>0x9b9d8</value>
         <object_component_ref idref="oc-d7"/>
      </symbol>
      <symbol id="sm-80e">
         <name>__TI_decompress_none</name>
         <value>0x9b9c2</value>
         <object_component_ref idref="oc-9f"/>
      </symbol>
      <symbol id="sm-822">
         <name>__TI_decompress_lzss</name>
         <value>0x9b50a</value>
         <object_component_ref idref="oc-99"/>
      </symbol>
      <symbol id="sm-85d">
         <name>__rem_pio2</name>
         <value>0x993e5</value>
         <object_component_ref idref="oc-32e"/>
      </symbol>
      <symbol id="sm-8cf">
         <name>__kernel_rem_pio2</name>
         <value>0x987e3</value>
         <object_component_ref idref="oc-41d"/>
      </symbol>
      <symbol id="sm-8e5">
         <name>C$$EXIT</name>
         <value>0x9b58d</value>
         <object_component_ref idref="oc-2b6"/>
      </symbol>
      <symbol id="sm-8e6">
         <name>abort</name>
         <value>0x9b58d</value>
         <object_component_ref idref="oc-2b6"/>
      </symbol>
      <symbol id="sm-8e7">
         <name>exit</name>
         <value>0x9b58f</value>
         <object_component_ref idref="oc-2b6"/>
      </symbol>
      <symbol id="sm-8e8">
         <name>__TI_dtors_ptr</name>
         <value>0x11624</value>
         <object_component_ref idref="oc-3e3"/>
      </symbol>
      <symbol id="sm-8e9">
         <name>__TI_cleanup_ptr</name>
         <value>0x11622</value>
         <object_component_ref idref="oc-3e3"/>
      </symbol>
      <symbol id="sm-8ea">
         <name>__TI_enable_exit_profile_output</name>
         <value>0x11620</value>
         <object_component_ref idref="oc-3e3"/>
      </symbol>
      <symbol id="sm-901">
         <name>_nop</name>
         <value>0x9b9b0</value>
         <object_component_ref idref="oc-46c"/>
      </symbol>
      <symbol id="sm-902">
         <name>_lock</name>
         <value>0x1162a</value>
         <object_component_ref idref="oc-3e6"/>
      </symbol>
      <symbol id="sm-903">
         <name>_unlock</name>
         <value>0x1162c</value>
         <object_component_ref idref="oc-4e0"/>
      </symbol>
      <symbol id="sm-904">
         <name>_register_lock</name>
         <value>0x9b9ac</value>
         <object_component_ref idref="oc-46c"/>
      </symbol>
      <symbol id="sm-905">
         <name>_register_unlock</name>
         <value>0x9b9a8</value>
         <object_component_ref idref="oc-46c"/>
      </symbol>
      <symbol id="sm-914">
         <name>_args_main</name>
         <value>0x9b988</value>
         <object_component_ref idref="oc-2b0"/>
      </symbol>
      <symbol id="sm-923">
         <name>memset</name>
         <value>0x9b9d1</value>
         <object_component_ref idref="oc-183"/>
      </symbol>
      <symbol id="sm-945">
         <name>__kernel_cos</name>
         <value>0x9a75c</value>
         <object_component_ref idref="oc-334"/>
      </symbol>
      <symbol id="sm-968">
         <name>__kernel_sin</name>
         <value>0x9a524</value>
         <object_component_ref idref="oc-323"/>
      </symbol>
      <symbol id="sm-98b">
         <name>floorl</name>
         <value>0x9a96a</value>
         <object_component_ref idref="oc-346"/>
      </symbol>
      <symbol id="sm-98c">
         <name>floor</name>
         <value>0x9a96a</value>
         <object_component_ref idref="oc-346"/>
      </symbol>
      <symbol id="sm-9ae">
         <name>scalbn</name>
         <value>0x9aca8</value>
         <object_component_ref idref="oc-4c1"/>
      </symbol>
      <symbol id="sm-9af">
         <name>scalbnl</name>
         <value>0x9aca8</value>
         <object_component_ref idref="oc-4c1"/>
      </symbol>
      <symbol id="sm-9b0">
         <name>ldexpl</name>
         <value>0x9aca8</value>
         <object_component_ref idref="oc-4c1"/>
      </symbol>
      <symbol id="sm-9b1">
         <name>ldexp</name>
         <value>0x9aca8</value>
         <object_component_ref idref="oc-4c1"/>
      </symbol>
      <symbol id="sm-9bf">
         <name>copysign</name>
         <value>0x9b602</value>
         <object_component_ref idref="oc-505"/>
      </symbol>
      <symbol id="sm-9c0">
         <name>copysignl</name>
         <value>0x9b602</value>
         <object_component_ref idref="oc-505"/>
      </symbol>
      <symbol id="sm-9cb">
         <name>__c28xabi_dtol</name>
         <value>0x9b6e9</value>
         <object_component_ref idref="oc-410"/>
      </symbol>
      <symbol id="sm-9d3">
         <name>__c28xabi_orll</name>
         <value>0x9b88a</value>
         <object_component_ref idref="oc-40b"/>
      </symbol>
      <symbol id="sm-9d4">
         <name>__c28xabi_xorll</name>
         <value>0x9b892</value>
         <object_component_ref idref="oc-40b"/>
      </symbol>
      <symbol id="sm-9d5">
         <name>__c28xabi_andll</name>
         <value>0x9b882</value>
         <object_component_ref idref="oc-40b"/>
      </symbol>
      <symbol id="sm-9df">
         <name>__c28xabi_modi</name>
         <value>0x9b659</value>
         <object_component_ref idref="oc-4b6"/>
      </symbol>
      <symbol id="sm-9e0">
         <name>__c28xabi_divi</name>
         <value>0x9b648</value>
         <object_component_ref idref="oc-4b6"/>
      </symbol>
      <symbol id="sm-9ec">
         <name>__c28xabi_ltod</name>
         <value>0x9b77c</value>
         <object_component_ref idref="oc-415"/>
      </symbol>
      <symbol id="sm-9fa">
         <name>_system_post_cinit</name>
         <value>0x9b9e4</value>
         <object_component_ref idref="oc-452"/>
      </symbol>
      <symbol id="sm-a05">
         <name>errno</name>
         <value>0x11630</value>
         <object_component_ref idref="oc-50b"/>
      </symbol>
      <symbol id="sm-a07">
         <name>__c_args__</name>
         <value>0x0</value>
      </symbol>
   </symbol_table>
   <title>Link successful</title>
</link_info>
