******************************************************************************
             TMS320C2000 Linker PC v22.6.0                     
******************************************************************************
>> Linked Thu Mar  7 13:01:22 2024

OUTPUT FILE NAME:   <Blue_ECG_ICG_PPG_V2_cpu01.out>
ENTRY POINT SYMBOL: "code_start"  address: 00080000


MEMORY CONFIGURATION

         name            origin    length      used     unused   attr    fill
----------------------  --------  ---------  --------  --------  ----  --------
PAGE 0:
  RAMM0                 00000123   000002dd  00000000  000002dd  RWIX
  RAMLS0                00008000   00000800  00000139  000006c7  RWIX
  RAMD0                 0000b000   00000800  00000000  00000800  RWIX
  BEGIN                 00080000   00000002  00000002  00000000  RWIX
  FLASHA                00080002   00001ffe  00000000  00001ffe  RWIX
  FLASHB                00082000   00002000  00000000  00002000  RWIX
  FLASHC                00084000   00002000  00000000  00002000  RWIX
  FLASHD                00086000   00002000  00000139  00001ec7  RWIX
  FLASHE                00088000   00008000  0000006c  00007f94  RWIX
  FLASHF                00090000   00008000  00000000  00008000  RWIX
  FLASHG                00098000   00008000  000039ff  00004601  RWIX
  FLASHH                000a0000   00008000  00000000  00008000  RWIX
  FLASHI                000a8000   00008000  00000000  00008000  RWIX
  FLASHJ                000b0000   00008000  00000000  00008000  RWIX
  FLASHK                000b8000   00002000  00000000  00002000  RWIX
  FLASHL                000ba000   00002000  00000000  00002000  RWIX
  FLASHM                000bc000   00002000  00000928  000016d8  RWIX
  FLASHN                000be000   00001ff0  00000000  00001ff0  RWIX
  RESET                 003fffc0   00000002  00000000  00000002  RWIX

PAGE 1:
  BOOT_RSVD             00000002   00000121  00000000  00000121  RWIX
  RAMM1                 00000400   000003f8  000003f8  00000000  RWIX
  ADCARESULT            00000b00   00000018  00000000  00000018  RWIX
  ADCBRESULT            00000b20   00000018  00000000  00000018  RWIX
  ADCCRESULT            00000b40   00000018  00000000  00000018  RWIX
  ADCDRESULT            00000b60   00000018  00000000  00000018  RWIX
  CPUTIMER0             00000c00   00000008  00000000  00000008  RWIX
  CPUTIMER1             00000c08   00000008  00000000  00000008  RWIX
  CPUTIMER2             00000c10   00000008  00000000  00000008  RWIX
  PIECTRL               00000ce0   0000001a  0000001a  00000000  RWIX
  PIEVECTTABLE          00000d00   00000200  00000000  00000200  RWIX
  DMA                   00001000   00000200  000000e0  00000120  RWIX
  CLA1                  00001400   00000080  00000000  00000080  RWIX
  CLB1LOGICCFG          00003000   00000052  00000000  00000052  RWIX
  CLB1LOGICCTRL         00003100   00000040  00000000  00000040  RWIX
  CLB1DATAEXCH          00003200   00000200  00000000  00000200  RWIX
  CLB2LOGICCFG          00003400   00000052  00000000  00000052  RWIX
  CLB2LOGICCTRL         00003500   00000040  00000000  00000040  RWIX
  CLB2DATAEXCH          00003600   00000200  00000000  00000200  RWIX
  CLB3LOGICCFG          00003800   00000052  00000000  00000052  RWIX
  CLB3LOGICCTRL         00003900   00000040  00000000  00000040  RWIX
  CLB3DATAEXCH          00003a00   00000200  00000000  00000200  RWIX
  CLB4LOGICCFG          00003c00   00000052  00000000  00000052  RWIX
  CLB4LOGICCTRL         00003d00   00000040  00000000  00000040  RWIX
  CLB4DATAEXCH          00003e00   00000200  00000000  00000200  RWIX
  EPWM1                 00004000   00000100  00000000  00000100  RWIX
  EPWM2                 00004100   00000100  00000000  00000100  RWIX
  EPWM3                 00004200   00000100  00000000  00000100  RWIX
  EPWM4                 00004300   00000100  00000000  00000100  RWIX
  EPWM5                 00004400   00000100  00000000  00000100  RWIX
  EPWM6                 00004500   00000100  00000000  00000100  RWIX
  EPWM7                 00004600   00000100  00000000  00000100  RWIX
  EPWM8                 00004700   00000100  00000000  00000100  RWIX
  EPWM9                 00004800   00000100  00000000  00000100  RWIX
  EPWM10                00004900   00000100  00000000  00000100  RWIX
  EPWM11                00004a00   00000100  00000000  00000100  RWIX
  EPWM12                00004b00   00000100  00000000  00000100  RWIX
  ECAP1                 00005000   00000020  00000000  00000020  RWIX
  ECAP2                 00005020   00000020  00000000  00000020  RWIX
  ECAP3                 00005040   00000020  00000000  00000020  RWIX
  ECAP4                 00005060   00000020  00000000  00000020  RWIX
  ECAP5                 00005080   00000020  00000000  00000020  RWIX
  ECAP6                 000050a0   00000020  00000000  00000020  RWIX
  EQEP1                 00005100   00000022  00000000  00000022  RWIX
  EQEP2                 00005140   00000022  00000000  00000022  RWIX
  EQEP3                 00005180   00000022  00000000  00000022  RWIX
  DACA                  00005c00   00000008  00000007  00000001  RWIX
  DACB                  00005c10   00000008  00000007  00000001  RWIX
  DACC                  00005c20   00000008  00000007  00000001  RWIX
  CMPSS1                00005c80   00000020  00000000  00000020  RWIX
  CMPSS2                00005ca0   00000020  00000000  00000020  RWIX
  CMPSS3                00005cc0   00000020  00000000  00000020  RWIX
  CMPSS4                00005ce0   00000020  00000000  00000020  RWIX
  CMPSS5                00005d00   00000020  00000000  00000020  RWIX
  CMPSS6                00005d20   00000020  00000000  00000020  RWIX
  CMPSS7                00005d40   00000020  00000000  00000020  RWIX
  CMPSS8                00005d60   00000020  00000000  00000020  RWIX
  SDFM1                 00005e00   00000080  00000000  00000080  RWIX
  SDFM2                 00005e80   00000080  00000000  00000080  RWIX
  MCBSPA                00006000   00000024  00000000  00000024  RWIX
  MCBSPB                00006040   00000024  00000000  00000024  RWIX
  SPIA                  00006100   00000010  00000000  00000010  RWIX
  SPIB                  00006110   00000010  00000000  00000010  RWIX
  SPIC                  00006120   00000010  00000000  00000010  RWIX
  UPP                   00006200   00000048  00000000  00000048  RWIX
  WD                    00007000   0000002b  00000000  0000002b  RWIX
  NMIINTRUPT            00007060   00000007  00000000  00000007  RWIX
  XINT                  00007070   0000000b  00000000  0000000b  RWIX
  SCIA                  00007200   00000010  00000000  00000010  RWIX
  SCIB                  00007210   00000010  00000000  00000010  RWIX
  SCIC                  00007220   00000010  00000000  00000010  RWIX
  SCID                  00007230   00000010  00000000  00000010  RWIX
  I2CA                  00007300   00000022  00000000  00000022  RWIX
  I2CB                  00007340   00000022  00000000  00000022  RWIX
  ADCA                  00007400   00000080  00000000  00000080  RWIX
  ADCB                  00007480   00000080  00000000  00000080  RWIX
  ADCC                  00007500   00000080  00000000  00000080  RWIX
  ADCD                  00007580   00000080  00000000  00000080  RWIX
  INPUTXBAR             00007900   00000020  00000000  00000020  RWIX
  XBAR                  00007920   00000020  00000000  00000020  RWIX
  SYNCSOC               00007940   00000006  00000000  00000006  RWIX
  DMACLASRCSEL          00007980   0000001a  0000001a  00000000  RWIX
  EPWMXBAR              00007a00   00000040  00000000  00000040  RWIX
  CLBXBAR               00007a40   00000040  00000000  00000040  RWIX
  OUTPUTXBAR            00007a80   00000040  00000000  00000040  RWIX
  GPIOCTRL              00007c00   00000180  00000000  00000180  RWIX
  GPIODATA              00007f00   00000030  00000000  00000030  RWIX
  RAMLS1                00008800   00000800  00000000  00000800  RWIX
  RAMLS2                00009000   00000800  00000000  00000800  RWIX
  RAMLS3                00009800   00000800  00000000  00000800  RWIX
  RAMLS4                0000a000   00000800  00000000  00000800  RWIX
  RAMLS5                0000a800   00000800  00000000  00000800  RWIX
  RAMD1                 0000b800   00000800  00000000  00000800  RWIX
  RAMGS0                0000c000   00001000  00000001  00000fff  RWIX
  RAMGS1                0000d000   00001000  00000003  00000ffd  RWIX
  RAMGS2                0000e000   00001000  00000008  00000ff8  RWIX
  RAMGS3                0000f000   00001000  00000000  00001000  RWIX
  RAMGS4                00010000   00001000  00000000  00001000  RWIX
  RAMGS5                00011000   00001000  00000630  000009d0  RWIX
  RAMGS6                00012000   00001000  00000000  00001000  RWIX
  RAMGS7                00013000   00001000  00000000  00001000  RWIX
  RAMGS8                00014000   00001000  00000000  00001000  RWIX
  RAMGS9                00015000   00001000  00000000  00001000  RWIX
  RAMGS10               00016000   00001000  00000000  00001000  RWIX
  RAMGS11               00017000   00001000  00000000  00001000  RWIX
  RAMGS12               00018000   00001000  00000000  00001000  RWIX
  RAMGS13               00019000   00001000  00000000  00001000  RWIX
  RAMGS14               0001a000   00001000  000003e8  00000c18  RWIX
  RAMGS15               0001b000   00000ff8  00000400  00000bf8  RWIX
  CPU2TOCPU1RAM         0003f800   00000400  00000000  00000400  RWIX
  CPU1TOCPU2RAM         0003fc00   00000400  00000000  00000400  RWIX
  EMIF1                 00047000   00000070  00000000  00000070  RWIX
  EMIF2                 00047800   00000070  00000000  00000070  RWIX
  CANA                  00048000   00000200  00000000  00000200  RWIX
  CANB                  0004a000   00000200  00000000  00000200  RWIX
  IPC                   00050000   00000024  00000000  00000024  RWIX
  FLASHPUMPSEMAPHORE    00050024   00000002  00000000  00000002  RWIX
  DEVCFG                0005d000   0000012e  00000000  0000012e  RWIX
  ANALOGSUBSYS          0005d180   00000048  00000000  00000048  RWIX
  CLKCFG                0005d200   00000032  00000000  00000032  RWIX
  CPUSYS                0005d300   00000082  00000082  00000000  RWIX
  ROMPREFETCH           0005e608   00000002  00000000  00000002  RWIX
  DCSMZ1                0005f000   00000024  00000000  00000024  RWIX
  DCSMZ2                0005f040   00000024  00000000  00000024  RWIX
  DCSMCOMMON            0005f070   00000008  00000000  00000008  RWIX
  MEMCFG                0005f400   00000080  00000000  00000080  RWIX
  EMIF1CONFIG           0005f480   00000020  00000000  00000020  RWIX
  EMIF2CONFIG           0005f4a0   00000020  00000000  00000020  RWIX
  ACCESSPROTECTION      0005f4c0   00000040  00000000  00000040  RWIX
  MEMORYERROR           0005f500   00000040  00000000  00000040  RWIX
  ROMWAITSTATE          0005f540   00000002  00000000  00000002  RWIX
  FLASH0CTRL            0005f800   00000182  00000000  00000182  RWIX
  FLASH0ECC             0005fb00   00000028  00000000  00000028  RWIX


SECTION ALLOCATION MAP

 output                                  attributes/
section   page    origin      length       input sections
--------  ----  ----------  ----------   ----------------
codestart 
*          0    00080000    00000002     
                  00080000    00000002     F2837xD_CodeStartBranch.obj (codestart)

.cinit     0    00088000    0000006c     
                  00088000    00000035     (.cinit..data.load) [load image, compression = lzss]
                  00088035    00000006     (.cinit.ramgs15.load) [load image, compression = lzss]
                  0008803b    00000001     --HOLE-- [fill = 0]
                  0008803c    00000006     (__TI_handler_table)
                  00088042    00000005     (.cinit.SHARERAMGS1.load) [load image, compression = lzss]
                  00088047    00000001     --HOLE-- [fill = 0]
                  00088048    00000004     (.cinit..bss.load) [load image, compression = zero_init]
                  0008804c    00000004     (.cinit.SHARERAMGS0.load) [load image, compression = zero_init]
                  00088050    00000004     (.cinit.ramgs14.load) [load image, compression = zero_init]
                  00088054    00000018     (__TI_cinit_table)

.stack     1    00000400    000003f8     UNINITIALIZED
                  00000400    000003f8     --HOLE--

.reset     0    003fffc0    00000000     DSECT

.init_array 
*          0    000ba000    00000000     UNINITIALIZED

.bss       1    0000e000    00000008     UNINITIALIZED
                  0000e000    00000008     exc_signal_dma.obj (.bss)

.TI.ramfunc 
*          0    00086000    00000139     RUN ADDR = 00008000
                  00086000    00000043     driverlib_eabi.lib : flash.obj (.TI.ramfunc:Flash_initModule)
                  00086043    0000002d                        : flash.obj (.TI.ramfunc:Flash_setBankPowerMode)
                  00086070    00000026                        : flash.obj (.TI.ramfunc:Flash_setWaitstates)
                  00086096    0000001e                        : flash.obj (.TI.ramfunc:Flash_setPumpPowerMode)
                  000860b4    0000001a                        : flash.obj (.TI.ramfunc:Flash_disableCache)
                  000860ce    0000001a                        : flash.obj (.TI.ramfunc:Flash_disablePrefetch)
                  000860e8    00000019                        : flash.obj (.TI.ramfunc:Flash_enableCache)
                  00086101    00000019                        : flash.obj (.TI.ramfunc:Flash_enablePrefetch)
                  0008611a    00000017                        : flash.obj (.TI.ramfunc:Flash_enableECC)
                  00086131    00000004     F2837xD_usDelay.obj (.TI.ramfunc)
                  00086135    00000004     driverlib_eabi.lib : sysctl.obj (.TI.ramfunc)

.data      1    00011000    00000630     UNINITIALIZED
                  00011000    000001f4     main.obj (.data:adcAResults)
                  000111f4    000001f4     main.obj (.data:adcBResults)
                  000113e8    000001f4     main.obj (.data:adcCResults)
                  000115dc    0000001e     main.obj (.data)
                  000115fa    00000008     exc_signal_dma.obj (.data:DAC_PTR)
                  00011602    00000006     device.obj (.data)
                  00011608    00000006     main.obj (.data:mux_inputs_1)
                  0001160e    00000006     main.obj (.data:mux_inputs_2)
                  00011614    00000006     main.obj (.data:mux_outputs_1)
                  0001161a    00000006     main.obj (.data:mux_outputs_2)
                  00011620    00000006     rts2800_fpu32_eabi.lib : exit.c.obj (.data)
                  00011626    00000004     exc_signal_dma.obj (.data)
                  0001162a    00000002     rts2800_fpu32_eabi.lib : _lock.c.obj (.data:_lock)
                  0001162c    00000002                            : _lock.c.obj (.data:_unlock)
                  0001162e    00000001     funcs.obj (.data)
                  0001162f    00000001     rts2800_fpu32_eabi.lib : errno.c.obj (.data)

.const     0    000bc000    00000928     
                  000bc000    000001c0     F2837xD_PieVect.obj (.const)
                  000bc1c0    00000120     main.obj (.const:.string)
                  000bc2e0    000000c2     driverlib_eabi.lib : sysctl.obj (.const:.string)
                  000bc3a2    000000bf                        : flash.obj (.const:.string)
                  000bc461    00000001     --HOLE-- [fill = 0]
                  000bc462    000000bc                        : gpio.obj (.const:.string)
                  000bc51e    000000bb                        : sci.obj (.const:.string)
                  000bc5d9    00000001     --HOLE-- [fill = 0]
                  000bc5da    00000084     rts2800_fpu32_eabi.lib : k_rem_pio2.c.obj (.const:ipio2)
                  000bc65e    00000020                            : k_rem_pio2.c.obj (.const:PIo2)
                  000bc67e    00000002     --HOLE-- [fill = 0]
                  000bc680    00000064                            : e_rem_pio2.c.obj (.const)
                  000bc6e4    00000060     driverlib_eabi.lib : memcfg.obj (.const:.string)
                  000bc744    0000005d                        : adc.obj (.const:.string)
                  000bc7a1    00000001     --HOLE-- [fill = 0]
                  000bc7a2    00000044     funcs.obj (.const:.string)
                  000bc7e6    00000043     sci_b_esp32.obj (.const:.string)
                  000bc829    00000001     --HOLE-- [fill = 0]
                  000bc82a    00000013     device.obj (.const:.string)
                  000bc83d    00000003     --HOLE-- [fill = 0]
                  000bc840    0000003c     rts2800_fpu32_eabi.lib : k_cos.c.obj (.const)
                  000bc87c    00000004     exc_signal_dma.obj (.const)
                  000bc880    00000038     rts2800_fpu32_eabi.lib : k_sin.c.obj (.const)
                  000bc8b8    00000008                            : s_round.c.obj (.const)
                  000bc8c0    0000002c                            : k_rem_pio2.c.obj (.const)
                  000bc8ec    0000000c                            : s_floor.c.obj (.const)
                  000bc8f8    00000008     wave_gen.obj (.const)
                  000bc900    0000001c     rts2800_fpu32_eabi.lib : s_scalbn.c.obj (.const)
                  000bc91c    00000004                            : k_rem_pio2.c.obj (.const:init_jk)
                  000bc920    00000004                            : s_cos.c.obj (.const)
                  000bc924    00000004                            : s_sin.c.obj (.const)

SHARERAMGS0 
*          1    0000c000    00000001     UNINITIALIZED
                  0000c000    00000001     main.obj (SHARERAMGS0)

SHARERAMGS1 
*          1    0000d000    00000003     UNINITIALIZED
                  0000d000    00000003     main.obj (SHARERAMGS1)

ramgs14    1    0001a000    000003e8     UNINITIALIZED
                  0001a000    000003e8     exc_signal_dma.obj (ramgs14)

ramgs15    1    0001b000    00000400     UNINITIALIZED
                  0001b000    00000400     main.obj (ramgs15)

GETBUFFER 
*          0    0003f800    00000000     DSECT

GETWRITEIDX 
*          0    0003f800    00000000     DSECT

PUTREADIDX 
*          0    0003f800    00000000     DSECT

DmaRegsFile 
*          1    00001000    000000e0     UNINITIALIZED
                  00001000    000000e0     F2837xD_GlobalVariableDefs.obj (DmaRegsFile)

DacaRegsFile 
*          1    00005c00    00000007     UNINITIALIZED
                  00005c00    00000007     F2837xD_GlobalVariableDefs.obj (DacaRegsFile)

DacbRegsFile 
*          1    00005c10    00000007     UNINITIALIZED
                  00005c10    00000007     F2837xD_GlobalVariableDefs.obj (DacbRegsFile)

DaccRegsFile 
*          1    00005c20    00000007     UNINITIALIZED
                  00005c20    00000007     F2837xD_GlobalVariableDefs.obj (DaccRegsFile)

CpuSysRegsFile 
*          1    0005d300    00000082     UNINITIALIZED
                  0005d300    00000082     F2837xD_GlobalVariableDefs.obj (CpuSysRegsFile)

DmaClaSrcSelRegsFile 
*          1    00007980    0000001a     UNINITIALIZED
                  00007980    0000001a     F2837xD_GlobalVariableDefs.obj (DmaClaSrcSelRegsFile)

PieCtrlRegsFile 
*          1    00000ce0    0000001a     UNINITIALIZED
                  00000ce0    0000001a     F2837xD_GlobalVariableDefs.obj (PieCtrlRegsFile)

.text      0    00098000    000039ff     
                  00098000    00000752     main.obj (.text)
                  00098752    0000067d     rts2800_fpu32_eabi.lib : k_rem_pio2.c.obj (.text)
                  00098dcf    00000585     F2837xD_DefaultISR.obj (.text:retain)
                  00099354    00000431     rts2800_fpu32_eabi.lib : e_rem_pio2.c.obj (.text)
                  00099785    00000404     F2837xD_Dma.obj (.text)
                  00099b89    000003f9     device.obj (.text)
                  00099f82    00000218     funcs.obj (.text)
                  0009a19a    00000207     driverlib_eabi.lib : sysctl.obj (.text:SysCtl_setClock)
                  0009a3a1    000001dd     data_packer.obj (.text)
                  0009a57e    00000125     rts2800_fpu32_eabi.lib : k_sin.c.obj (.text)
                  0009a6a3    00000113     exc_signal_dma.obj (.text)
                  0009a7b6    00000113     rts2800_fpu32_eabi.lib : k_cos.c.obj (.text)
                  0009a8c9    0000010a     sci_b_esp32.obj (.text)
                  0009a9d3    000000e8     rts2800_fpu32_eabi.lib : s_floor.c.obj (.text)
                  0009aabb    000000ce                            : s_cos.c.obj (.text)
                  0009ab89    000000cb                            : s_sin.c.obj (.text)
                  0009ac54    000000bd     wave_gen.obj (.text)
                  0009ad11    000000a9     rts2800_fpu32_eabi.lib : s_scalbn.c.obj (.text)
                  0009adba    0000009c                            : fd_add28.asm.obj (.text)
                  0009ae56    00000094                            : s_round.c.obj (.text)
                  0009aeea    00000088                            : fs_div28.asm.obj (.text)
                  0009af72    00000083                            : fd_mpy28.asm.obj (.text)
                  0009aff5    00000073     driverlib_eabi.lib : adc.obj (.text:ADC_setINLTrim)
                  0009b068    0000006b                        : sysctl.obj (.text:SysCtl_selectXTAL)
                  0009b0d3    00000068                        : sysctl.obj (.text:SysCtl_getDeviceParametric)
                  0009b13b    00000064                        : adc.obj (.text:ADC_setOffsetTrim)
                  0009b19f    00000054                        : sysctl.obj (.text:SysCtl_selectOscSource)
                  0009b1f3    00000052                        : gpio.obj (.text:GPIO_setPadConfig)
                  0009b245    00000051                        : sysctl.obj (.text:SysCtl_getClock)
                  0009b296    00000046                        : sci.obj (.text:SCI_clearInterruptStatus)
                  0009b2dc    00000044     main.obj (.text:retain)
                  0009b320    00000041     driverlib_eabi.lib : sci.obj (.text:SCI_writeCharArray)
                  0009b361    0000003e                        : sci.obj (.text:SCI_setConfig)
                  0009b39f    0000003d                        : interrupt.obj (.text:Interrupt_initModule)
                  0009b3dc    00000038                        : gpio.obj (.text:GPIO_setMasterCore)
                  0009b414    00000038                        : gpio.obj (.text:GPIO_setQualificationMode)
                  0009b44c    00000037                        : gpio.obj (.text:GPIO_setPinConfig)
                  0009b483    00000034                        : interrupt.obj (.text:Interrupt_enable)
                  0009b4b7    00000031                        : gpio.obj (.text:GPIO_setDirectionMode)
                  0009b4e8    0000002f                        : adc.obj (.text:ADC_setMode)
                  0009b517    0000002e     rts2800_fpu32_eabi.lib : copy_decompress_lzss.c.obj (.text:decompress:lzss)
                  0009b545    0000002b                            : autoinit.c.obj (.text:__TI_auto_init_nobinit_nopinit)
                  0009b570    0000002a                            : fd_cmp28.asm.obj (.text)
                  0009b59a    00000029                            : exit.c.obj (.text)
                  0009b5c3    00000028     driverlib_eabi.lib : flash.obj (.text:Flash_setBankPowerUpDelay)
                  0009b5eb    00000027                        : memcfg.obj (.text:MemCfg_setGSRAMMasterSel)
                  0009b612    00000024                        : sysctl.obj (.text:CPUTimer_selectClockSource)
                  0009b636    00000024     rts2800_fpu32_eabi.lib : s_copysign.c.obj (.text)
                  0009b65a    00000022     driverlib_eabi.lib : sci.obj (.text:SCI_isFIFOEnabled)
                  0009b67c    00000022     rts2800_fpu32_eabi.lib : i_div28.asm.obj (.text)
                  0009b69e    00000021                            : fd_toi28.asm.obj (.text)
                  0009b6bf    00000020     driverlib_eabi.lib : sysctl.obj (.text:CPUTimer_getTimerOverflowStatus)
                  0009b6df    0000001f                        : adc.obj (.text:ADC_isBaseValid)
                  0009b6fe    0000001f                        : sci.obj (.text:SCI_isBaseValid)
                  0009b71d    0000001f     rts2800_fpu32_eabi.lib : fd_tol28.asm.obj (.text)
                  0009b73c    0000001e     driverlib_eabi.lib : interrupt.obj (.text:Interrupt_initVectorTable)
                  0009b75a    0000001d     rts2800_fpu32_eabi.lib : i_tofd28.asm.obj (.text)
                  0009b777    0000001d                            : memcpy.c.obj (.text)
                  0009b794    0000001c                            : fs_tofdfpu32.asm.obj (.text)
                  0009b7b0    0000001c                            : l_tofd28.asm.obj (.text)
                  0009b7cc    0000001b     driverlib_eabi.lib : sysctl.obj (.text:CPUTimer_startTimer)
                  0009b7e7    0000001b                        : sci.obj (.text:SCI_isSpaceAvailableNonFIFO)
                  0009b802    0000001b     dmac1.obj (.text)
                  0009b81d    0000001a     driverlib_eabi.lib : sysctl.obj (.text:CPUTimer_isBaseValid)
                  0009b837    0000001a                        : sysctl.obj (.text:SysCtl_getLowSpeedClock)
                  0009b851    00000019                        : sci.obj (.text:SCI_disableModule)
                  0009b86a    00000019                        : sci.obj (.text:SCI_performSoftwareReset)
                  0009b883    00000019                        : sysctl.obj (.text:SysCtl_pollCpuTimer)
                  0009b89c    00000018     rts2800_fpu32_eabi.lib : ll_aox28.asm.obj (.text)
                  0009b8b4    00000017                            : boot28.asm.obj (.text)
                  0009b8cb    00000015     driverlib_eabi.lib : sci.obj (.text:SCI_getTxFIFOStatus)
                  0009b8e0    00000014                        : sysctl.obj (.text:CPUTimer_stopTimer)
                  0009b8f4    00000014                        : sci.obj (.text:SCI_enableModule)
                  0009b908    00000012                        : sysctl.obj (.text:CPUTimer_clearOverflowFlag)
                  0009b91a    00000012                        : sysctl.obj (.text:CPUTimer_disableInterrupt)
                  0009b92c    00000012                        : sysctl.obj (.text:CPUTimer_setPeriod)
                  0009b93e    00000010                        : flash.obj (.text:Flash_isCtrlBaseValid)
                  0009b94e    00000010                        : flash.obj (.text:Flash_isECCBaseValid)
                  0009b95e    0000000e                        : gpio.obj (.text:GPIO_isPinValid)
                  0009b96c    0000000e                        : interrupt.obj (.text:Interrupt_defaultHandler)
                  0009b97a    0000000e     rts2800_fpu32_eabi.lib : fd_sub28.asm.obj (.text)
                  0009b988    0000000d     driverlib_eabi.lib : interrupt.obj (.text:Interrupt_disableMaster)
                  0009b995    0000000d                        : interrupt.obj (.text:Interrupt_enableMaster)
                  0009b9a2    0000000c     rts2800_fpu32_eabi.lib : args_main.c.obj (.text)
                  0009b9ae    0000000b     driverlib_eabi.lib : sysctl.obj (.text:SysCtl_isMCDClockFailureDetected)
                  0009b9b9    00000009                        : sysctl.obj (.text:SysCtl_serviceWatchdog)
                  0009b9c2    00000009     rts2800_fpu32_eabi.lib : _lock.c.obj (.text)
                  0009b9cb    00000009                            : fd_neg28.asm.obj (.text)
                  0009b9d4    00000008     F2837xD_CodeStartBranch.obj (.text)
                  0009b9dc    00000008     rts2800_fpu32_eabi.lib : copy_decompress_none.c.obj (.text:decompress:none)
                  0009b9e4    00000007     driverlib_eabi.lib : sysctl.obj (.text:SysCtl_resetMCD)
                  0009b9eb    00000007     rts2800_fpu32_eabi.lib : memset.c.obj (.text)
                  0009b9f2    00000006                            : copy_zero_init.c.obj (.text:decompress:ZI)
                  0009b9f8    00000002     driverlib_eabi.lib : interrupt.obj (.text:Interrupt_illegalOperationHandler)
                  0009b9fa    00000002                        : interrupt.obj (.text:Interrupt_nmiHandler)
                  0009b9fc    00000002     rts2800_fpu32_eabi.lib : pre_init.c.obj (.text)
                  0009b9fe    00000001                            : startup.c.obj (.text)

MODULE SUMMARY

       Module                           code    ro data   rw data
       ------                           ----    -------   -------
    .\
       main.obj                         1942    288       2582   
       exc_signal_dma.obj               275     4         1020   
       funcs.obj                        536     68        1      
       data_packer.obj                  477     0         0      
       sci_b_esp32.obj                  266     67        0      
       wave_gen.obj                     189     8         0      
       dmac1.obj                        27      0         0      
    +--+--------------------------------+-------+---------+---------+
       Total:                           3712    435       3603   
                                                                 
    .\device\
       device.obj                       1017    19        6      
       F2837xD_CodeStartBranch.obj      10      0         0      
    +--+--------------------------------+-------+---------+---------+
       Total:                           1027    19        6      
                                                                 
    .\other_includes\
       F2837xD_DefaultISR.obj           1413    0         0      
       F2837xD_Dma.obj                  1028    0         0      
       F2837xD_PieVect.obj              0       448       0      
       F2837xD_GlobalVariableDefs.obj   0       0         427    
       F2837xD_usDelay.obj              8       0         0      
    +--+--------------------------------+-------+---------+---------+
       Total:                           2449    448       427    
                                                                 
    C:\ti\c2000\C2000Ware_4_01_00_00\driverlib\f2837xd\driverlib\ccs\Debug\driverlib_eabi.lib
       sysctl.obj                       1176    194       0      
       flash.obj                        682     191       0      
       sci.obj                          380     187       0      
       gpio.obj                         312     188       0      
       adc.obj                          293     93        0      
       interrupt.obj                    187     0         0      
       memcfg.obj                       39      96        0      
    +--+--------------------------------+-------+---------+---------+
       Total:                           3069    949       0      
                                                                 
    C:\ti\ccs1210\ccs\tools\compiler\ti-cgt-c2000_22.6.0.LTS\lib\rts2800_fpu32_eabi.lib
       k_rem_pio2.c.obj                 1661    212       0      
       e_rem_pio2.c.obj                 1073    100       0      
       k_sin.c.obj                      293     56        0      
       k_cos.c.obj                      275     60        0      
       s_floor.c.obj                    232     12        0      
       s_cos.c.obj                      206     4         0      
       s_sin.c.obj                      203     4         0      
       s_scalbn.c.obj                   169     28        0      
       fd_add28.asm.obj                 156     0         0      
       s_round.c.obj                    148     8         0      
       fs_div28.asm.obj                 136     0         0      
       fd_mpy28.asm.obj                 131     0         0      
       exit.c.obj                       41      0         6      
       copy_decompress_lzss.c.obj       46      0         0      
       autoinit.c.obj                   43      0         0      
       fd_cmp28.asm.obj                 42      0         0      
       s_copysign.c.obj                 36      0         0      
       i_div28.asm.obj                  34      0         0      
       fd_toi28.asm.obj                 33      0         0      
       fd_tol28.asm.obj                 31      0         0      
       i_tofd28.asm.obj                 29      0         0      
       memcpy.c.obj                     29      0         0      
       fs_tofdfpu32.asm.obj             28      0         0      
       l_tofd28.asm.obj                 28      0         0      
       ll_aox28.asm.obj                 24      0         0      
       boot28.asm.obj                   23      0         0      
       fd_sub28.asm.obj                 14      0         0      
       _lock.c.obj                      9       0         4      
       args_main.c.obj                  12      0         0      
       fd_neg28.asm.obj                 9       0         0      
       copy_decompress_none.c.obj       8       0         0      
       memset.c.obj                     7       0         0      
       copy_zero_init.c.obj             6       0         0      
       pre_init.c.obj                   2       0         0      
       errno.c.obj                      0       0         1      
       startup.c.obj                    1       0         0      
    +--+--------------------------------+-------+---------+---------+
       Total:                           5218    484       11     
                                                                 
       Stack:                           0       0         1016   
       Linker Generated:                0       106       0      
    +--+--------------------------------+-------+---------+---------+
       Grand Total:                     15475   2441      5063   


LINKER GENERATED COPY TABLES

__TI_cinit_table @ 00088054 records: 6, size/record: 4, table size: 24
	.data: load addr=00088000, load size=00000035 bytes, run addr=00011000, run size=00000630 bytes, compression=lzss
	ramgs15: load addr=00088035, load size=00000006 bytes, run addr=0001b000, run size=00000400 bytes, compression=lzss
	SHARERAMGS1: load addr=00088042, load size=00000005 bytes, run addr=0000d000, run size=00000003 bytes, compression=lzss
	.bss: load addr=00088048, load size=00000004 bytes, run addr=0000e000, run size=00000008 bytes, compression=zero_init
	SHARERAMGS0: load addr=0008804c, load size=00000004 bytes, run addr=0000c000, run size=00000001 bytes, compression=zero_init
	ramgs14: load addr=00088050, load size=00000004 bytes, run addr=0001a000, run size=000003e8 bytes, compression=zero_init


LINKER GENERATED HANDLER TABLE

__TI_handler_table @ 0008803c records: 3, size/record: 2, table size: 6
	index: 0, handler: __TI_zero_init
	index: 1, handler: __TI_decompress_lzss
	index: 2, handler: __TI_decompress_none


GLOBAL DATA SYMBOLS: SORTED BY DATA PAGE

address     data page           name
--------    ----------------    ----
00000400      10 (00000400)     __stack

00000ce0      33 (00000cc0)     PieCtrlRegs

00001000      40 (00001000)     DmaRegs

00005c00     170 (00005c00)     DacaRegs
00005c10     170 (00005c00)     DacbRegs
00005c20     170 (00005c00)     DaccRegs

00007980     1e6 (00007980)     DmaClaSrcSelRegs

0000c000     300 (0000c000)     mux_busy_flag

0000d000     340 (0000d000)     ppg_read

00011000     440 (00011000)     adcAResults

000111f4     447 (000111c0)     adcBResults

000113e8     44f (000113c0)     adcCResults

000115dc     457 (000115c0)     num_pairs_1
000115dd     457 (000115c0)     num_pairs_2
000115de     457 (000115c0)     mux_period
000115df     457 (000115c0)     buffer_status
000115e0     457 (000115c0)     dacOut
000115e1     457 (000115c0)     received_command
000115e2     457 (000115c0)     counter
000115e3     457 (000115c0)     mux_counter
000115e4     457 (000115c0)     packet_number
000115e5     457 (000115c0)     mode
000115e6     457 (000115c0)     mux_mode
000115e8     457 (000115c0)     sr_current_val
000115ea     457 (000115c0)     adcDResult
000115ec     457 (000115c0)     accumD

00011602     458 (00011600)     Example_Result
00011604     458 (00011600)     Example_PassCount
00011606     458 (00011600)     Example_Fail
00011608     458 (00011600)     mux_inputs_1
0001160e     458 (00011600)     mux_inputs_2
00011614     458 (00011600)     mux_outputs_1
0001161a     458 (00011600)     mux_outputs_2
00011620     458 (00011600)     __TI_enable_exit_profile_output
00011622     458 (00011600)     __TI_cleanup_ptr
00011624     458 (00011600)     __TI_dtors_ptr
0001162a     458 (00011600)     _lock
0001162c     458 (00011600)     _unlock
0001162f     458 (00011600)     errno

0001b000     6c0 (0001b000)     data
0001b018     6c0 (0001b000)     signal1sin

0001b20c     6c8 (0001b200)     signal1cos

0005d300    174c (0005d300)     CpuSysRegs

000bc000    2f00 (000bc000)     PieVectTableInit


GLOBAL SYMBOLS: SORTED ALPHABETICALLY BY Name 

page  address   name                                     
----  -------   ----                                     
0     00098e8d  ADCA1_ISR                                
0     0009910d  ADCA2_ISR                                
0     00099117  ADCA3_ISR                                
0     00099121  ADCA4_ISR                                
0     00099103  ADCA_EVT_ISR                             
0     00098e97  ADCB1_ISR                                
0     00099135  ADCB2_ISR                                
0     0009913f  ADCB3_ISR                                
0     00099149  ADCB4_ISR                                
0     0009912b  ADCB_EVT_ISR                             
0     00098ea1  ADCC1_ISR                                
0     0009929d  ADCC2_ISR                                
0     000992a7  ADCC3_ISR                                
0     000992b1  ADCC4_ISR                                
0     00099293  ADCC_EVT_ISR                             
0     00098ebf  ADCD1_ISR                                
0     000992c5  ADCD2_ISR                                
0     000992cf  ADCD3_ISR                                
0     000992d9  ADCD4_ISR                                
0     000992bb  ADCD_EVT_ISR                             
0     0009aff5  ADC_setINLTrim                           
0     0009b4e8  ADC_setMode                              
0     0009b13b  ADC_setOffsetTrim                        
0     00099315  AUX_PLL_SLIP_ISR                         
0     0009b59a  C$$EXIT                                  
0     000990db  CANA0_ISR                                
0     000990e5  CANA1_ISR                                
0     000990ef  CANB0_ISR                                
0     000990f9  CANB1_ISR                                
0     00099153  CLA1_1_ISR                               
0     0009915d  CLA1_2_ISR                               
0     00099167  CLA1_3_ISR                               
0     00099171  CLA1_4_ISR                               
0     0009917b  CLA1_5_ISR                               
0     00099185  CLA1_6_ISR                               
0     0009918f  CLA1_7_ISR                               
0     00099199  CLA1_8_ISR                               
0     0009931f  CLA_OVERFLOW_ISR                         
0     00099329  CLA_UNDERFLOW_ISR                        
1     0005d300  CpuSysRegs                               
0     00098de3  DATALOG_ISR                              
0     00099790  DMACH1AddrConfig                         
0     00099b29  DMACH1AddrConfig32bit                    
0     000997a0  DMACH1BurstConfig                        
0     000997d3  DMACH1ModeConfig                         
0     000997b0  DMACH1TransferConfig                     
0     000997c0  DMACH1WrapConfig                         
0     00099829  DMACH2AddrConfig                         
0     00099b39  DMACH2AddrConfig32bit                    
0     00099839  DMACH2BurstConfig                        
0     0009986c  DMACH2ModeConfig                         
0     00099849  DMACH2TransferConfig                     
0     00099859  DMACH2WrapConfig                         
0     000998c3  DMACH3AddrConfig                         
0     00099b49  DMACH3AddrConfig32bit                    
0     000998d3  DMACH3BurstConfig                        
0     00099906  DMACH3ModeConfig                         
0     000998e3  DMACH3TransferConfig                     
0     000998f3  DMACH3WrapConfig                         
0     0009995c  DMACH4AddrConfig                         
0     00099b59  DMACH4AddrConfig32bit                    
0     0009996c  DMACH4BurstConfig                        
0     0009999f  DMACH4ModeConfig                         
0     0009997c  DMACH4TransferConfig                     
0     0009998c  DMACH4WrapConfig                         
0     000999f6  DMACH5AddrConfig                         
0     00099b69  DMACH5AddrConfig32bit                    
0     00099a06  DMACH5BurstConfig                        
0     00099a39  DMACH5ModeConfig                         
0     00099a16  DMACH5TransferConfig                     
0     00099a26  DMACH5WrapConfig                         
0     00099a8f  DMACH6AddrConfig                         
0     00099b79  DMACH6AddrConfig32bit                    
0     00099a9f  DMACH6BurstConfig                        
0     00099ad2  DMACH6ModeConfig                         
0     00099aaf  DMACH6TransferConfig                     
0     00099abf  DMACH6WrapConfig                         
0     00099785  DMAInitialize                            
0     00099027  DMA_CH1_ISR                              
0     00099031  DMA_CH2_ISR                              
0     0009903b  DMA_CH3_ISR                              
0     00099045  DMA_CH4_ISR                              
0     0009904f  DMA_CH5_ISR                              
0     00099059  DMA_CH6_ISR                              
1     00005c00  DacaRegs                                 
1     00005c10  DacbRegs                                 
1     00005c20  DaccRegs                                 
0     00099df6  Device_bootCPU2                          
0     00099dc5  Device_configureTMXAnalogTrim            
0     00099c73  Device_enableAllPeripherals              
0     00099daf  Device_enableUnbondedGPIOPullups         
0     00099d92  Device_enableUnbondedGPIOPullupsFor100Pin
0     00099d7f  Device_enableUnbondedGPIOPullupsFor176Pin
0     00099c20  Device_init                              
0     00099d5e  Device_initGPIO                          
1     00007980  DmaClaSrcSelRegs                         
1     00001000  DmaRegs                                  
0     00098f7d  ECAP1_ISR                                
0     00098f87  ECAP2_ISR                                
0     00098f91  ECAP3_ISR                                
0     00098f9b  ECAP4_ISR                                
0     00098fa5  ECAP5_ISR                                
0     00098faf  ECAP6_ISR                                
0     000992e3  EMIF_ERROR_ISR                           
0     0009933d  EMPTY_ISR                                
0     00098df7  EMU_ISR                                  
0     00099239  EPWM10_ISR                               
0     00099211  EPWM10_TZ_ISR                            
0     00099243  EPWM11_ISR                               
0     0009921b  EPWM11_TZ_ISR                            
0     0009924d  EPWM12_ISR                               
0     00099225  EPWM12_TZ_ISR                            
0     00098f2d  EPWM1_ISR                                
0     00098edd  EPWM1_TZ_ISR                             
0     00098f37  EPWM2_ISR                                
0     00098ee7  EPWM2_TZ_ISR                             
0     00098f41  EPWM3_ISR                                
0     00098ef1  EPWM3_TZ_ISR                             
0     00098f4b  EPWM4_ISR                                
0     00098efb  EPWM4_TZ_ISR                             
0     00098f55  EPWM5_ISR                                
0     00098f05  EPWM5_TZ_ISR                             
0     00098f5f  EPWM6_ISR                                
0     00098f0f  EPWM6_TZ_ISR                             
0     00098f69  EPWM7_ISR                                
0     00098f19  EPWM7_TZ_ISR                             
0     00098f73  EPWM8_ISR                                
0     00098f23  EPWM8_TZ_ISR                             
0     0009922f  EPWM9_ISR                                
0     00099207  EPWM9_TZ_ISR                             
0     00098fb9  EQEP1_ISR                                
0     00098fc3  EQEP2_ISR                                
0     00098fcd  EQEP3_ISR                                
1     00011606  Example_Fail                             
1     00011604  Example_PassCount                        
1     00011602  Example_Result                           
0     00099f81  Example_done                             
0     00099f7c  Example_setResultFail                    
0     00099f77  Example_setResultPass                    
0     00008131  F28x_usDelay                             
0     000992f7  FLASH_CORRECTABLE_ERROR_ISR              
0     000991cb  FPU_OVERFLOW_ISR                         
0     000991d5  FPU_UNDERFLOW_ISR                        
0     00008000  Flash_initModule                         
0     0009b4b7  GPIO_setDirectionMode                    
0     0009b3dc  GPIO_setMasterCore                       
0     0009b1f3  GPIO_setPadConfig                        
0     0009b44c  GPIO_setPinConfig                        
0     0009b414  GPIO_setQualificationMode                
0     0009906d  I2CA_FIFO_ISR                            
0     00099063  I2CA_ISR                                 
0     00099081  I2CB_FIFO_ISR                            
0     00099077  I2CB_ISR                                 
0     00098e0b  ILLEGAL_ISR                              
0     000991df  IPC0_ISR                                 
0     000991e9  IPC1_ISR                                 
0     000991f3  IPC2_ISR                                 
0     000991fd  IPC3_ISR                                 
0     0009b483  Interrupt_enable                         
0     0009b39f  Interrupt_initModule                     
0     0009b73c  Interrupt_initVectorTable                
0     00098fff  MCBSPA_RX_ISR                            
0     00099009  MCBSPA_TX_ISR                            
0     00099013  MCBSPB_RX_ISR                            
0     0009901d  MCBSPB_TX_ISR                            
0     0009b5eb  MemCfg_setGSRAMMasterSel                 
0     00098e01  NMI_ISR                                  
0     0009934a  NOTUSED_ISR                              
0     00099333  PIE_RESERVED_ISR                         
1     00000ce0  PieCtrlRegs                              
0     000bc000  PieVectTableInit                         
0     00099301  RAM_ACCESS_VIOLATION_ISR                 
0     000992ed  RAM_CORRECTABLE_ERROR_ISR                
0     00098ded  RTOS_ISR                                 
0     00086139  RamfuncsLoadEnd                          
abs   00000139  RamfuncsLoadSize                         
0     00086000  RamfuncsLoadStart                        
0     00008139  RamfuncsRunEnd                           
abs   00000139  RamfuncsRunSize                          
0     00008000  RamfuncsRunStart                         
0     000990b3  SCIA_RX_ISR                              
0     000990bd  SCIA_TX_ISR                              
0     000990c7  SCIB_RX_ISR                              
0     000990d1  SCIB_TX_ISR                              
0     0009908b  SCIC_RX_ISR                              
0     00099095  SCIC_TX_ISR                              
0     0009909f  SCID_RX_ISR                              
0     000990a9  SCID_TX_ISR                              
0     0009b296  SCI_clearInterruptStatus                 
0     0009b361  SCI_setConfig                            
0     0009b320  SCI_writeCharArray                       
0     00099257  SD1_ISR                                  
0     00099261  SD2_ISR                                  
0     00098fd7  SPIA_RX_ISR                              
0     00098fe1  SPIA_TX_ISR                              
0     00098feb  SPIB_RX_ISR                              
0     00098ff5  SPIB_TX_ISR                              
0     0009926b  SPIC_RX_ISR                              
0     00099275  SPIC_TX_ISR                              
0     0009930b  SYS_PLL_SLIP_ISR                         
0     00099821  StartDMACH1                              
0     000998bb  StartDMACH2                              
0     00099954  StartDMACH3                              
0     000999ee  StartDMACH4                              
0     00099a87  StartDMACH5                              
0     00099b21  StartDMACH6                              
0     00008135  SysCtl_delay                             
0     0009b245  SysCtl_getClock                          
0     0009b0d3  SysCtl_getDeviceParametric               
0     0009b837  SysCtl_getLowSpeedClock                  
0     0009b19f  SysCtl_selectOscSource                   
0     0009b068  SysCtl_selectXTAL                        
0     0009a19a  SysCtl_setClock                          
0     00098ec9  TIMER0_ISR                               
0     00098dcf  TIMER1_ISR                               
0     00098dd9  TIMER2_ISR                               
0     0009927f  UPPA_ISR                                 
0     00099289  USBA_ISR                                 
0     00098e6f  USER10_ISR                               
0     00098e79  USER11_ISR                               
0     00098e83  USER12_ISR                               
0     00098e15  USER1_ISR                                
0     00098e1f  USER2_ISR                                
0     00098e29  USER3_ISR                                
0     00098e33  USER4_ISR                                
0     00098e3d  USER5_ISR                                
0     00098e47  USER6_ISR                                
0     00098e51  USER7_ISR                                
0     00098e5b  USER8_ISR                                
0     00098e65  USER9_ISR                                
0     000991c1  VCU_ISR                                  
0     00098ed3  WAKE_ISR                                 
0     00098eab  XINT1_ISR                                
0     00098eb5  XINT2_ISR                                
0     000991a3  XINT3_ISR                                
0     000991ad  XINT4_ISR                                
0     000991b7  XINT5_ISR                                
0     00088054  __TI_CINIT_Base                          
0     0008806c  __TI_CINIT_Limit                         
0     0008806c  __TI_CINIT_Warm                          
0     0008803c  __TI_Handler_Table_Base                  
0     00088042  __TI_Handler_Table_Limit                 
1     000007f8  __TI_STACK_END                           
abs   000003f8  __TI_STACK_SIZE                          
0     0009b545  __TI_auto_init_nobinit_nopinit           
1     00011622  __TI_cleanup_ptr                         
0     0009b517  __TI_decompress_lzss                     
0     0009b9dc  __TI_decompress_none                     
1     00011624  __TI_dtors_ptr                           
1     00011620  __TI_enable_exit_profile_output          
abs   ffffffff  __TI_pprof_out_hndl                      
abs   ffffffff  __TI_prof_data_size                      
abs   ffffffff  __TI_prof_data_start                     
0     0009b9f2  __TI_zero_init                           
0     0009adba  __c28xabi_addd                           
0     0009b89c  __c28xabi_andll                          
0     0009b570  __c28xabi_cmpd                           
0     0009aeea  __c28xabi_divf                           
0     0009b67c  __c28xabi_divi                           
0     0009b69e  __c28xabi_dtoi                           
0     0009b71d  __c28xabi_dtol                           
0     0009b794  __c28xabi_ftod                           
0     0009b75a  __c28xabi_itod                           
0     0009b7b0  __c28xabi_ltod                           
0     0009b68d  __c28xabi_modi                           
0     0009af72  __c28xabi_mpyd                           
0     0009b9cb  __c28xabi_negd                           
0     0009b8a4  __c28xabi_orll                           
0     0009b97a  __c28xabi_subd                           
0     0009b8ac  __c28xabi_xorll                          
n/a   UNDEFED   __c_args__                               
0     00099f70  __error__                                
0     0009a7b6  __kernel_cos                             
0     00098752  __kernel_rem_pio2                        
0     0009a57e  __kernel_sin                             
0     00099354  __rem_pio2                               
1     00000400  __stack                                  
0     0009b9a2  _args_main                               
0     0009b8b4  _c_int00                                 
0     0009b802  _dmac                                    
1     0001162a  _lock                                    
0     0009b9ca  _nop                                     
0     0009b9c6  _register_lock                           
0     0009b9c2  _register_unlock                         
0     0009b9fe  _system_post_cinit                       
0     0009b9fc  _system_pre_init                         
1     0001162c  _unlock                                  
0     0009b59a  abort                                    
1     000115ec  accumD                                   
0     0009b2dc  adcA1ISR                                 
1     00011000  adcAResults                              
1     000111f4  adcBResults                              
1     000113e8  adcCResults                              
1     000115ea  adcDResult                               
1     000115df  buffer_status                            
0     00080000  code_start                               
0     000986bc  configureADC                             
0     0009a085  configure_gpios                          
0     0009b636  copysign                                 
0     0009b636  copysignl                                
0     0009aabb  cos                                      
0     0009aabb  cosl                                     
1     000115e2  counter                                  
1     000115e0  dacOut                                   
1     0001b000  data                                     
0     00099fb7  delay                                    
1     0001162f  errno                                    
0     0009b59c  exit                                     
0     0009a9d3  floor                                    
0     0009a9d3  floorl                                   
0     00098705  initADCSOC                               
0     000986dd  initEPWM_ADC                             
0     00099fc3  initShiftRegister                        
0     00098743  init_CPU2                                
0     0009a974  init_sci_b                               
0     0009ad11  ldexp                                    
0     0009ad11  ldexpl                                   
0     000983cc  main                                     
0     0009b777  memcpy                                   
0     0009b9eb  memset                                   
1     000115e5  mode                                     
1     0000c000  mux_busy_flag                            
1     000115e3  mux_counter                              
1     00011608  mux_inputs_1                             
1     0001160e  mux_inputs_2                             
1     000115e6  mux_mode                                 
1     00011614  mux_outputs_1                            
1     0001161a  mux_outputs_2                            
1     000115de  mux_period                               
1     000115dc  num_pairs_1                              
1     000115dd  num_pairs_2                              
0     0009a3a1  pack                                     
1     000115e4  packet_number                            
1     0000d000  ppg_read                                 
1     000115e1  received_command                         
0     0009ae56  round                                    
0     0009ae56  roundl                                   
0     0009a017  router_config                            
0     0009ad11  scalbn                                   
0     0009ad11  scalbnl                                  
0     0009a7b0  set_excitation_frequency                 
0     0009ac54  sigGen                                   
1     0001b20c  signal1cos                               
1     0001b018  signal1sin                               
0     0009ab89  sin                                      
0     0009ab89  sinl                                     
1     000115e8  sr_current_val                           
0     0009a6a3  start_exc_dma                            
0     0009a006  updateShiftRegister                      


GLOBAL SYMBOLS: SORTED BY Symbol Address 

page  address   name                                     
----  -------   ----                                     
0     00008000  Flash_initModule                         
0     00008000  RamfuncsRunStart                         
0     00008131  F28x_usDelay                             
0     00008135  SysCtl_delay                             
0     00008139  RamfuncsRunEnd                           
0     00080000  code_start                               
0     00086000  RamfuncsLoadStart                        
0     00086139  RamfuncsLoadEnd                          
0     0008803c  __TI_Handler_Table_Base                  
0     00088042  __TI_Handler_Table_Limit                 
0     00088054  __TI_CINIT_Base                          
0     0008806c  __TI_CINIT_Limit                         
0     0008806c  __TI_CINIT_Warm                          
0     000983cc  main                                     
0     000986bc  configureADC                             
0     000986dd  initEPWM_ADC                             
0     00098705  initADCSOC                               
0     00098743  init_CPU2                                
0     00098752  __kernel_rem_pio2                        
0     00098dcf  TIMER1_ISR                               
0     00098dd9  TIMER2_ISR                               
0     00098de3  DATALOG_ISR                              
0     00098ded  RTOS_ISR                                 
0     00098df7  EMU_ISR                                  
0     00098e01  NMI_ISR                                  
0     00098e0b  ILLEGAL_ISR                              
0     00098e15  USER1_ISR                                
0     00098e1f  USER2_ISR                                
0     00098e29  USER3_ISR                                
0     00098e33  USER4_ISR                                
0     00098e3d  USER5_ISR                                
0     00098e47  USER6_ISR                                
0     00098e51  USER7_ISR                                
0     00098e5b  USER8_ISR                                
0     00098e65  USER9_ISR                                
0     00098e6f  USER10_ISR                               
0     00098e79  USER11_ISR                               
0     00098e83  USER12_ISR                               
0     00098e8d  ADCA1_ISR                                
0     00098e97  ADCB1_ISR                                
0     00098ea1  ADCC1_ISR                                
0     00098eab  XINT1_ISR                                
0     00098eb5  XINT2_ISR                                
0     00098ebf  ADCD1_ISR                                
0     00098ec9  TIMER0_ISR                               
0     00098ed3  WAKE_ISR                                 
0     00098edd  EPWM1_TZ_ISR                             
0     00098ee7  EPWM2_TZ_ISR                             
0     00098ef1  EPWM3_TZ_ISR                             
0     00098efb  EPWM4_TZ_ISR                             
0     00098f05  EPWM5_TZ_ISR                             
0     00098f0f  EPWM6_TZ_ISR                             
0     00098f19  EPWM7_TZ_ISR                             
0     00098f23  EPWM8_TZ_ISR                             
0     00098f2d  EPWM1_ISR                                
0     00098f37  EPWM2_ISR                                
0     00098f41  EPWM3_ISR                                
0     00098f4b  EPWM4_ISR                                
0     00098f55  EPWM5_ISR                                
0     00098f5f  EPWM6_ISR                                
0     00098f69  EPWM7_ISR                                
0     00098f73  EPWM8_ISR                                
0     00098f7d  ECAP1_ISR                                
0     00098f87  ECAP2_ISR                                
0     00098f91  ECAP3_ISR                                
0     00098f9b  ECAP4_ISR                                
0     00098fa5  ECAP5_ISR                                
0     00098faf  ECAP6_ISR                                
0     00098fb9  EQEP1_ISR                                
0     00098fc3  EQEP2_ISR                                
0     00098fcd  EQEP3_ISR                                
0     00098fd7  SPIA_RX_ISR                              
0     00098fe1  SPIA_TX_ISR                              
0     00098feb  SPIB_RX_ISR                              
0     00098ff5  SPIB_TX_ISR                              
0     00098fff  MCBSPA_RX_ISR                            
0     00099009  MCBSPA_TX_ISR                            
0     00099013  MCBSPB_RX_ISR                            
0     0009901d  MCBSPB_TX_ISR                            
0     00099027  DMA_CH1_ISR                              
0     00099031  DMA_CH2_ISR                              
0     0009903b  DMA_CH3_ISR                              
0     00099045  DMA_CH4_ISR                              
0     0009904f  DMA_CH5_ISR                              
0     00099059  DMA_CH6_ISR                              
0     00099063  I2CA_ISR                                 
0     0009906d  I2CA_FIFO_ISR                            
0     00099077  I2CB_ISR                                 
0     00099081  I2CB_FIFO_ISR                            
0     0009908b  SCIC_RX_ISR                              
0     00099095  SCIC_TX_ISR                              
0     0009909f  SCID_RX_ISR                              
0     000990a9  SCID_TX_ISR                              
0     000990b3  SCIA_RX_ISR                              
0     000990bd  SCIA_TX_ISR                              
0     000990c7  SCIB_RX_ISR                              
0     000990d1  SCIB_TX_ISR                              
0     000990db  CANA0_ISR                                
0     000990e5  CANA1_ISR                                
0     000990ef  CANB0_ISR                                
0     000990f9  CANB1_ISR                                
0     00099103  ADCA_EVT_ISR                             
0     0009910d  ADCA2_ISR                                
0     00099117  ADCA3_ISR                                
0     00099121  ADCA4_ISR                                
0     0009912b  ADCB_EVT_ISR                             
0     00099135  ADCB2_ISR                                
0     0009913f  ADCB3_ISR                                
0     00099149  ADCB4_ISR                                
0     00099153  CLA1_1_ISR                               
0     0009915d  CLA1_2_ISR                               
0     00099167  CLA1_3_ISR                               
0     00099171  CLA1_4_ISR                               
0     0009917b  CLA1_5_ISR                               
0     00099185  CLA1_6_ISR                               
0     0009918f  CLA1_7_ISR                               
0     00099199  CLA1_8_ISR                               
0     000991a3  XINT3_ISR                                
0     000991ad  XINT4_ISR                                
0     000991b7  XINT5_ISR                                
0     000991c1  VCU_ISR                                  
0     000991cb  FPU_OVERFLOW_ISR                         
0     000991d5  FPU_UNDERFLOW_ISR                        
0     000991df  IPC0_ISR                                 
0     000991e9  IPC1_ISR                                 
0     000991f3  IPC2_ISR                                 
0     000991fd  IPC3_ISR                                 
0     00099207  EPWM9_TZ_ISR                             
0     00099211  EPWM10_TZ_ISR                            
0     0009921b  EPWM11_TZ_ISR                            
0     00099225  EPWM12_TZ_ISR                            
0     0009922f  EPWM9_ISR                                
0     00099239  EPWM10_ISR                               
0     00099243  EPWM11_ISR                               
0     0009924d  EPWM12_ISR                               
0     00099257  SD1_ISR                                  
0     00099261  SD2_ISR                                  
0     0009926b  SPIC_RX_ISR                              
0     00099275  SPIC_TX_ISR                              
0     0009927f  UPPA_ISR                                 
0     00099289  USBA_ISR                                 
0     00099293  ADCC_EVT_ISR                             
0     0009929d  ADCC2_ISR                                
0     000992a7  ADCC3_ISR                                
0     000992b1  ADCC4_ISR                                
0     000992bb  ADCD_EVT_ISR                             
0     000992c5  ADCD2_ISR                                
0     000992cf  ADCD3_ISR                                
0     000992d9  ADCD4_ISR                                
0     000992e3  EMIF_ERROR_ISR                           
0     000992ed  RAM_CORRECTABLE_ERROR_ISR                
0     000992f7  FLASH_CORRECTABLE_ERROR_ISR              
0     00099301  RAM_ACCESS_VIOLATION_ISR                 
0     0009930b  SYS_PLL_SLIP_ISR                         
0     00099315  AUX_PLL_SLIP_ISR                         
0     0009931f  CLA_OVERFLOW_ISR                         
0     00099329  CLA_UNDERFLOW_ISR                        
0     00099333  PIE_RESERVED_ISR                         
0     0009933d  EMPTY_ISR                                
0     0009934a  NOTUSED_ISR                              
0     00099354  __rem_pio2                               
0     00099785  DMAInitialize                            
0     00099790  DMACH1AddrConfig                         
0     000997a0  DMACH1BurstConfig                        
0     000997b0  DMACH1TransferConfig                     
0     000997c0  DMACH1WrapConfig                         
0     000997d3  DMACH1ModeConfig                         
0     00099821  StartDMACH1                              
0     00099829  DMACH2AddrConfig                         
0     00099839  DMACH2BurstConfig                        
0     00099849  DMACH2TransferConfig                     
0     00099859  DMACH2WrapConfig                         
0     0009986c  DMACH2ModeConfig                         
0     000998bb  StartDMACH2                              
0     000998c3  DMACH3AddrConfig                         
0     000998d3  DMACH3BurstConfig                        
0     000998e3  DMACH3TransferConfig                     
0     000998f3  DMACH3WrapConfig                         
0     00099906  DMACH3ModeConfig                         
0     00099954  StartDMACH3                              
0     0009995c  DMACH4AddrConfig                         
0     0009996c  DMACH4BurstConfig                        
0     0009997c  DMACH4TransferConfig                     
0     0009998c  DMACH4WrapConfig                         
0     0009999f  DMACH4ModeConfig                         
0     000999ee  StartDMACH4                              
0     000999f6  DMACH5AddrConfig                         
0     00099a06  DMACH5BurstConfig                        
0     00099a16  DMACH5TransferConfig                     
0     00099a26  DMACH5WrapConfig                         
0     00099a39  DMACH5ModeConfig                         
0     00099a87  StartDMACH5                              
0     00099a8f  DMACH6AddrConfig                         
0     00099a9f  DMACH6BurstConfig                        
0     00099aaf  DMACH6TransferConfig                     
0     00099abf  DMACH6WrapConfig                         
0     00099ad2  DMACH6ModeConfig                         
0     00099b21  StartDMACH6                              
0     00099b29  DMACH1AddrConfig32bit                    
0     00099b39  DMACH2AddrConfig32bit                    
0     00099b49  DMACH3AddrConfig32bit                    
0     00099b59  DMACH4AddrConfig32bit                    
0     00099b69  DMACH5AddrConfig32bit                    
0     00099b79  DMACH6AddrConfig32bit                    
0     00099c20  Device_init                              
0     00099c73  Device_enableAllPeripherals              
0     00099d5e  Device_initGPIO                          
0     00099d7f  Device_enableUnbondedGPIOPullupsFor176Pin
0     00099d92  Device_enableUnbondedGPIOPullupsFor100Pin
0     00099daf  Device_enableUnbondedGPIOPullups         
0     00099dc5  Device_configureTMXAnalogTrim            
0     00099df6  Device_bootCPU2                          
0     00099f70  __error__                                
0     00099f77  Example_setResultPass                    
0     00099f7c  Example_setResultFail                    
0     00099f81  Example_done                             
0     00099fb7  delay                                    
0     00099fc3  initShiftRegister                        
0     0009a006  updateShiftRegister                      
0     0009a017  router_config                            
0     0009a085  configure_gpios                          
0     0009a19a  SysCtl_setClock                          
0     0009a3a1  pack                                     
0     0009a57e  __kernel_sin                             
0     0009a6a3  start_exc_dma                            
0     0009a7b0  set_excitation_frequency                 
0     0009a7b6  __kernel_cos                             
0     0009a974  init_sci_b                               
0     0009a9d3  floor                                    
0     0009a9d3  floorl                                   
0     0009aabb  cos                                      
0     0009aabb  cosl                                     
0     0009ab89  sin                                      
0     0009ab89  sinl                                     
0     0009ac54  sigGen                                   
0     0009ad11  ldexp                                    
0     0009ad11  ldexpl                                   
0     0009ad11  scalbn                                   
0     0009ad11  scalbnl                                  
0     0009adba  __c28xabi_addd                           
0     0009ae56  round                                    
0     0009ae56  roundl                                   
0     0009aeea  __c28xabi_divf                           
0     0009af72  __c28xabi_mpyd                           
0     0009aff5  ADC_setINLTrim                           
0     0009b068  SysCtl_selectXTAL                        
0     0009b0d3  SysCtl_getDeviceParametric               
0     0009b13b  ADC_setOffsetTrim                        
0     0009b19f  SysCtl_selectOscSource                   
0     0009b1f3  GPIO_setPadConfig                        
0     0009b245  SysCtl_getClock                          
0     0009b296  SCI_clearInterruptStatus                 
0     0009b2dc  adcA1ISR                                 
0     0009b320  SCI_writeCharArray                       
0     0009b361  SCI_setConfig                            
0     0009b39f  Interrupt_initModule                     
0     0009b3dc  GPIO_setMasterCore                       
0     0009b414  GPIO_setQualificationMode                
0     0009b44c  GPIO_setPinConfig                        
0     0009b483  Interrupt_enable                         
0     0009b4b7  GPIO_setDirectionMode                    
0     0009b4e8  ADC_setMode                              
0     0009b517  __TI_decompress_lzss                     
0     0009b545  __TI_auto_init_nobinit_nopinit           
0     0009b570  __c28xabi_cmpd                           
0     0009b59a  C$$EXIT                                  
0     0009b59a  abort                                    
0     0009b59c  exit                                     
0     0009b5eb  MemCfg_setGSRAMMasterSel                 
0     0009b636  copysign                                 
0     0009b636  copysignl                                
0     0009b67c  __c28xabi_divi                           
0     0009b68d  __c28xabi_modi                           
0     0009b69e  __c28xabi_dtoi                           
0     0009b71d  __c28xabi_dtol                           
0     0009b73c  Interrupt_initVectorTable                
0     0009b75a  __c28xabi_itod                           
0     0009b777  memcpy                                   
0     0009b794  __c28xabi_ftod                           
0     0009b7b0  __c28xabi_ltod                           
0     0009b802  _dmac                                    
0     0009b837  SysCtl_getLowSpeedClock                  
0     0009b89c  __c28xabi_andll                          
0     0009b8a4  __c28xabi_orll                           
0     0009b8ac  __c28xabi_xorll                          
0     0009b8b4  _c_int00                                 
0     0009b97a  __c28xabi_subd                           
0     0009b9a2  _args_main                               
0     0009b9c2  _register_unlock                         
0     0009b9c6  _register_lock                           
0     0009b9ca  _nop                                     
0     0009b9cb  __c28xabi_negd                           
0     0009b9dc  __TI_decompress_none                     
0     0009b9eb  memset                                   
0     0009b9f2  __TI_zero_init                           
0     0009b9fc  _system_pre_init                         
0     0009b9fe  _system_post_cinit                       
0     000bc000  PieVectTableInit                         
1     00000400  __stack                                  
1     000007f8  __TI_STACK_END                           
1     00000ce0  PieCtrlRegs                              
1     00001000  DmaRegs                                  
1     00005c00  DacaRegs                                 
1     00005c10  DacbRegs                                 
1     00005c20  DaccRegs                                 
1     00007980  DmaClaSrcSelRegs                         
1     0000c000  mux_busy_flag                            
1     0000d000  ppg_read                                 
1     00011000  adcAResults                              
1     000111f4  adcBResults                              
1     000113e8  adcCResults                              
1     000115dc  num_pairs_1                              
1     000115dd  num_pairs_2                              
1     000115de  mux_period                               
1     000115df  buffer_status                            
1     000115e0  dacOut                                   
1     000115e1  received_command                         
1     000115e2  counter                                  
1     000115e3  mux_counter                              
1     000115e4  packet_number                            
1     000115e5  mode                                     
1     000115e6  mux_mode                                 
1     000115e8  sr_current_val                           
1     000115ea  adcDResult                               
1     000115ec  accumD                                   
1     00011602  Example_Result                           
1     00011604  Example_PassCount                        
1     00011606  Example_Fail                             
1     00011608  mux_inputs_1                             
1     0001160e  mux_inputs_2                             
1     00011614  mux_outputs_1                            
1     0001161a  mux_outputs_2                            
1     00011620  __TI_enable_exit_profile_output          
1     00011622  __TI_cleanup_ptr                         
1     00011624  __TI_dtors_ptr                           
1     0001162a  _lock                                    
1     0001162c  _unlock                                  
1     0001162f  errno                                    
1     0001b000  data                                     
1     0001b018  signal1sin                               
1     0001b20c  signal1cos                               
1     0005d300  CpuSysRegs                               
abs   00000139  RamfuncsLoadSize                         
abs   00000139  RamfuncsRunSize                          
abs   000003f8  __TI_STACK_SIZE                          
abs   ffffffff  __TI_pprof_out_hndl                      
abs   ffffffff  __TI_prof_data_size                      
abs   ffffffff  __TI_prof_data_start                     
n/a   UNDEFED   __c_args__                               

[349 symbols]
