******************************************************************************
             TMS320C2000 Linker PC v22.6.0                     
******************************************************************************
>> Linked Thu Feb 15 16:12:25 2024

OUTPUT FILE NAME:   <Blue_ECG_ICG_V14.out>
ENTRY POINT SYMBOL: "code_start"  address: 00080000


MEMORY CONFIGURATION

         name            origin    length      used     unused   attr    fill
----------------------  --------  ---------  --------  --------  ----  --------
PAGE 0:
  RAMM0                 00000123   000002dd  00000000  000002dd  RWIX
  RAMLS0                00008000   00000800  00000139  000006c7  RWIX
  RAMD0                 0000b000   00000800  00000000  00000800  RWIX
  BEGIN                 00080000   00000002  00000002  00000000  RWIX
  FLASHA                00080002   00001ffe  00000000  00001ffe  RWIX
  FLASHB                00082000   00002000  00000000  00002000  RWIX
  FLASHC                00084000   00002000  00000000  00002000  RWIX
  FLASHD                00086000   00002000  00000139  00001ec7  RWIX
  FLASHE                00088000   00008000  00000058  00007fa8  RWIX
  FLASHF                00090000   00008000  00000000  00008000  RWIX
  FLASHG                00098000   00008000  0000381e  000047e2  RWIX
  FLASHH                000a0000   00008000  00000000  00008000  RWIX
  FLASHI                000a8000   00008000  00000000  00008000  RWIX
  FLASHJ                000b0000   00008000  00000000  00008000  RWIX
  FLASHK                000b8000   00002000  00000000  00002000  RWIX
  FLASHL                000ba000   00002000  00000000  00002000  RWIX
  FLASHM                000bc000   00002000  00000884  0000177c  RWIX
  FLASHN                000be000   00001ff0  00000000  00001ff0  RWIX
  RESET                 003fffc0   00000002  00000000  00000002  RWIX

PAGE 1:
  BOOT_RSVD             00000002   00000121  00000000  00000121  RWIX
  RAMM1                 00000400   000003f8  000003f8  00000000  RWIX
  ADCARESULT            00000b00   00000018  00000000  00000018  RWIX
  ADCBRESULT            00000b20   00000018  00000000  00000018  RWIX
  ADCCRESULT            00000b40   00000018  00000000  00000018  RWIX
  ADCDRESULT            00000b60   00000018  00000000  00000018  RWIX
  CPUTIMER0             00000c00   00000008  00000000  00000008  RWIX
  CPUTIMER1             00000c08   00000008  00000000  00000008  RWIX
  CPUTIMER2             00000c10   00000008  00000000  00000008  RWIX
  PIECTRL               00000ce0   0000001a  0000001a  00000000  RWIX
  PIEVECTTABLE          00000d00   00000200  00000000  00000200  RWIX
  DMA                   00001000   00000200  000000e0  00000120  RWIX
  CLA1                  00001400   00000080  00000000  00000080  RWIX
  CLB1LOGICCFG          00003000   00000052  00000000  00000052  RWIX
  CLB1LOGICCTRL         00003100   00000040  00000000  00000040  RWIX
  CLB1DATAEXCH          00003200   00000200  00000000  00000200  RWIX
  CLB2LOGICCFG          00003400   00000052  00000000  00000052  RWIX
  CLB2LOGICCTRL         00003500   00000040  00000000  00000040  RWIX
  CLB2DATAEXCH          00003600   00000200  00000000  00000200  RWIX
  CLB3LOGICCFG          00003800   00000052  00000000  00000052  RWIX
  CLB3LOGICCTRL         00003900   00000040  00000000  00000040  RWIX
  CLB3DATAEXCH          00003a00   00000200  00000000  00000200  RWIX
  CLB4LOGICCFG          00003c00   00000052  00000000  00000052  RWIX
  CLB4LOGICCTRL         00003d00   00000040  00000000  00000040  RWIX
  CLB4DATAEXCH          00003e00   00000200  00000000  00000200  RWIX
  EPWM1                 00004000   00000100  00000000  00000100  RWIX
  EPWM2                 00004100   00000100  00000000  00000100  RWIX
  EPWM3                 00004200   00000100  00000000  00000100  RWIX
  EPWM4                 00004300   00000100  00000000  00000100  RWIX
  EPWM5                 00004400   00000100  00000000  00000100  RWIX
  EPWM6                 00004500   00000100  00000000  00000100  RWIX
  EPWM7                 00004600   00000100  00000000  00000100  RWIX
  EPWM8                 00004700   00000100  00000000  00000100  RWIX
  EPWM9                 00004800   00000100  00000000  00000100  RWIX
  EPWM10                00004900   00000100  00000000  00000100  RWIX
  EPWM11                00004a00   00000100  00000000  00000100  RWIX
  EPWM12                00004b00   00000100  00000000  00000100  RWIX
  ECAP1                 00005000   00000020  00000000  00000020  RWIX
  ECAP2                 00005020   00000020  00000000  00000020  RWIX
  ECAP3                 00005040   00000020  00000000  00000020  RWIX
  ECAP4                 00005060   00000020  00000000  00000020  RWIX
  ECAP5                 00005080   00000020  00000000  00000020  RWIX
  ECAP6                 000050a0   00000020  00000000  00000020  RWIX
  EQEP1                 00005100   00000022  00000000  00000022  RWIX
  EQEP2                 00005140   00000022  00000000  00000022  RWIX
  EQEP3                 00005180   00000022  00000000  00000022  RWIX
  DACA                  00005c00   00000008  00000007  00000001  RWIX
  DACB                  00005c10   00000008  00000007  00000001  RWIX
  DACC                  00005c20   00000008  00000007  00000001  RWIX
  CMPSS1                00005c80   00000020  00000000  00000020  RWIX
  CMPSS2                00005ca0   00000020  00000000  00000020  RWIX
  CMPSS3                00005cc0   00000020  00000000  00000020  RWIX
  CMPSS4                00005ce0   00000020  00000000  00000020  RWIX
  CMPSS5                00005d00   00000020  00000000  00000020  RWIX
  CMPSS6                00005d20   00000020  00000000  00000020  RWIX
  CMPSS7                00005d40   00000020  00000000  00000020  RWIX
  CMPSS8                00005d60   00000020  00000000  00000020  RWIX
  SDFM1                 00005e00   00000080  00000000  00000080  RWIX
  SDFM2                 00005e80   00000080  00000000  00000080  RWIX
  MCBSPA                00006000   00000024  00000000  00000024  RWIX
  MCBSPB                00006040   00000024  00000000  00000024  RWIX
  SPIA                  00006100   00000010  00000000  00000010  RWIX
  SPIB                  00006110   00000010  00000000  00000010  RWIX
  SPIC                  00006120   00000010  00000000  00000010  RWIX
  UPP                   00006200   00000048  00000000  00000048  RWIX
  WD                    00007000   0000002b  00000000  0000002b  RWIX
  NMIINTRUPT            00007060   00000007  00000000  00000007  RWIX
  XINT                  00007070   0000000b  00000000  0000000b  RWIX
  SCIA                  00007200   00000010  00000000  00000010  RWIX
  SCIB                  00007210   00000010  00000000  00000010  RWIX
  SCIC                  00007220   00000010  00000000  00000010  RWIX
  SCID                  00007230   00000010  00000000  00000010  RWIX
  I2CA                  00007300   00000022  00000000  00000022  RWIX
  I2CB                  00007340   00000022  00000000  00000022  RWIX
  ADCA                  00007400   00000080  00000000  00000080  RWIX
  ADCB                  00007480   00000080  00000000  00000080  RWIX
  ADCC                  00007500   00000080  00000000  00000080  RWIX
  ADCD                  00007580   00000080  00000000  00000080  RWIX
  INPUTXBAR             00007900   00000020  00000000  00000020  RWIX
  XBAR                  00007920   00000020  00000000  00000020  RWIX
  SYNCSOC               00007940   00000006  00000000  00000006  RWIX
  DMACLASRCSEL          00007980   0000001a  0000001a  00000000  RWIX
  EPWMXBAR              00007a00   00000040  00000000  00000040  RWIX
  CLBXBAR               00007a40   00000040  00000000  00000040  RWIX
  OUTPUTXBAR            00007a80   00000040  00000000  00000040  RWIX
  GPIOCTRL              00007c00   00000180  00000000  00000180  RWIX
  GPIODATA              00007f00   00000030  00000000  00000030  RWIX
  RAMLS1                00008800   00000800  00000000  00000800  RWIX
  RAMLS2                00009000   00000800  00000000  00000800  RWIX
  RAMLS3                00009800   00000800  00000000  00000800  RWIX
  RAMLS4                0000a000   00000800  00000000  00000800  RWIX
  RAMLS5                0000a800   00000800  00000000  00000800  RWIX
  RAMD1                 0000b800   00000800  00000000  00000800  RWIX
  RAMGS0                0000c000   00001000  00000000  00001000  RWIX
  RAMGS1                0000d000   00001000  00000000  00001000  RWIX
  RAMGS2                0000e000   00001000  00000008  00000ff8  RWIX
  RAMGS3                0000f000   00001000  00000000  00001000  RWIX
  RAMGS4                00010000   00001000  00000000  00001000  RWIX
  RAMGS5                00011000   00001000  00000630  000009d0  RWIX
  RAMGS6                00012000   00001000  00000000  00001000  RWIX
  RAMGS7                00013000   00001000  00000000  00001000  RWIX
  RAMGS8                00014000   00001000  00000000  00001000  RWIX
  RAMGS9                00015000   00001000  00000000  00001000  RWIX
  RAMGS10               00016000   00001000  00000000  00001000  RWIX
  RAMGS11               00017000   00001000  00000000  00001000  RWIX
  RAMGS12               00018000   00001000  00000000  00001000  RWIX
  RAMGS13               00019000   00001000  00000000  00001000  RWIX
  RAMGS14               0001a000   00001000  000003e8  00000c18  RWIX
  RAMGS15               0001b000   00000ff8  000003fe  00000bfa  RWIX
  CPU2TOCPU1RAM         0003f800   00000400  00000000  00000400  RWIX
  CPU1TOCPU2RAM         0003fc00   00000400  00000000  00000400  RWIX
  EMIF1                 00047000   00000070  00000000  00000070  RWIX
  EMIF2                 00047800   00000070  00000000  00000070  RWIX
  CANA                  00048000   00000200  00000000  00000200  RWIX
  CANB                  0004a000   00000200  00000000  00000200  RWIX
  IPC                   00050000   00000024  00000000  00000024  RWIX
  FLASHPUMPSEMAPHORE    00050024   00000002  00000000  00000002  RWIX
  DEVCFG                0005d000   0000012e  00000000  0000012e  RWIX
  ANALOGSUBSYS          0005d180   00000048  00000000  00000048  RWIX
  CLKCFG                0005d200   00000032  00000000  00000032  RWIX
  CPUSYS                0005d300   00000082  00000082  00000000  RWIX
  ROMPREFETCH           0005e608   00000002  00000000  00000002  RWIX
  DCSMZ1                0005f000   00000024  00000000  00000024  RWIX
  DCSMZ2                0005f040   00000024  00000000  00000024  RWIX
  DCSMCOMMON            0005f070   00000008  00000000  00000008  RWIX
  MEMCFG                0005f400   00000080  00000000  00000080  RWIX
  EMIF1CONFIG           0005f480   00000020  00000000  00000020  RWIX
  EMIF2CONFIG           0005f4a0   00000020  00000000  00000020  RWIX
  ACCESSPROTECTION      0005f4c0   00000040  00000000  00000040  RWIX
  MEMORYERROR           0005f500   00000040  00000000  00000040  RWIX
  ROMWAITSTATE          0005f540   00000002  00000000  00000002  RWIX
  FLASH0CTRL            0005f800   00000182  00000000  00000182  RWIX
  FLASH0ECC             0005fb00   00000028  00000000  00000028  RWIX


SECTION ALLOCATION MAP

 output                                  attributes/
section   page    origin      length       input sections
--------  ----  ----------  ----------   ----------------
codestart 
*          0    00080000    00000002     
                  00080000    00000002     F2837xD_CodeStartBranch.obj (codestart)

.cinit     0    00088000    00000058     
                  00088000    00000034     (.cinit..data.load) [load image, compression = lzss]
                  00088034    00000006     (.cinit.ramgs15.load) [load image, compression = lzss]
                  0008803a    00000006     (__TI_handler_table)
                  00088040    00000004     (.cinit..bss.load) [load image, compression = zero_init]
                  00088044    00000004     (.cinit.ramgs14.load) [load image, compression = zero_init]
                  00088048    00000010     (__TI_cinit_table)

.stack     1    00000400    000003f8     UNINITIALIZED
                  00000400    000003f8     --HOLE--

.reset     0    003fffc0    00000000     DSECT

.init_array 
*          0    000ba000    00000000     UNINITIALIZED

.bss       1    0000e000    00000008     UNINITIALIZED
                  0000e000    00000008     exc_signal_dma.obj (.bss)

.TI.ramfunc 
*          0    00086000    00000139     RUN ADDR = 00008000
                  00086000    00000043     driverlib_eabi.lib : flash.obj (.TI.ramfunc:Flash_initModule)
                  00086043    0000002d                        : flash.obj (.TI.ramfunc:Flash_setBankPowerMode)
                  00086070    00000026                        : flash.obj (.TI.ramfunc:Flash_setWaitstates)
                  00086096    0000001e                        : flash.obj (.TI.ramfunc:Flash_setPumpPowerMode)
                  000860b4    0000001a                        : flash.obj (.TI.ramfunc:Flash_disableCache)
                  000860ce    0000001a                        : flash.obj (.TI.ramfunc:Flash_disablePrefetch)
                  000860e8    00000019                        : flash.obj (.TI.ramfunc:Flash_enableCache)
                  00086101    00000019                        : flash.obj (.TI.ramfunc:Flash_enablePrefetch)
                  0008611a    00000017                        : flash.obj (.TI.ramfunc:Flash_enableECC)
                  00086131    00000004     F2837xD_usDelay.obj (.TI.ramfunc)
                  00086135    00000004     driverlib_eabi.lib : sysctl.obj (.TI.ramfunc)

.data      1    00011000    00000630     UNINITIALIZED
                  00011000    000001f4     icg_ecg.obj (.data:adcAResults)
                  000111f4    000001f4     icg_ecg.obj (.data:adcBResults)
                  000113e8    000001f4     icg_ecg.obj (.data:adcCResults)
                  000115dc    0000001e     icg_ecg.obj (.data)
                  000115fa    00000008     exc_signal_dma.obj (.data:DAC_PTR)
                  00011602    00000006     device.obj (.data)
                  00011608    00000006     icg_ecg.obj (.data:mux_inputs_1)
                  0001160e    00000006     icg_ecg.obj (.data:mux_inputs_2)
                  00011614    00000006     icg_ecg.obj (.data:mux_outputs_1)
                  0001161a    00000006     icg_ecg.obj (.data:mux_outputs_2)
                  00011620    00000006     rts2800_fpu32_eabi.lib : exit.c.obj (.data)
                  00011626    00000004     exc_signal_dma.obj (.data)
                  0001162a    00000002     rts2800_fpu32_eabi.lib : _lock.c.obj (.data:_lock)
                  0001162c    00000002                            : _lock.c.obj (.data:_unlock)
                  0001162e    00000001     funcs.obj (.data)
                  0001162f    00000001     rts2800_fpu32_eabi.lib : errno.c.obj (.data)

.const     0    000bc000    00000884     
                  000bc000    000001c0     F2837xD_PieVect.obj (.const)
                  000bc1c0    00000120     icg_ecg.obj (.const:.string)
                  000bc2e0    000000c2     driverlib_eabi.lib : sysctl.obj (.const:.string)
                  000bc3a2    000000bf                        : flash.obj (.const:.string)
                  000bc461    00000001     --HOLE-- [fill = 0]
                  000bc462    000000bc                        : gpio.obj (.const:.string)
                  000bc51e    000000bb                        : sci.obj (.const:.string)
                  000bc5d9    00000001     --HOLE-- [fill = 0]
                  000bc5da    00000084     rts2800_fpu32_eabi.lib : k_rem_pio2.c.obj (.const:ipio2)
                  000bc65e    00000020                            : k_rem_pio2.c.obj (.const:PIo2)
                  000bc67e    00000002     --HOLE-- [fill = 0]
                  000bc680    00000064                            : e_rem_pio2.c.obj (.const)
                  000bc6e4    0000005d     driverlib_eabi.lib : adc.obj (.const:.string)
                  000bc741    00000001     --HOLE-- [fill = 0]
                  000bc742    00000044     funcs.obj (.const:.string)
                  000bc786    00000038     rts2800_fpu32_eabi.lib : k_sin.c.obj (.const)
                  000bc7be    00000002     --HOLE-- [fill = 0]
                  000bc7c0    0000003c                            : k_cos.c.obj (.const)
                  000bc7fc    00000004     exc_signal_dma.obj (.const)
                  000bc800    0000002c     rts2800_fpu32_eabi.lib : k_rem_pio2.c.obj (.const)
                  000bc82c    00000013     device.obj (.const:.string)
                  000bc83f    00000001     --HOLE-- [fill = 0]
                  000bc840    0000001c     rts2800_fpu32_eabi.lib : s_scalbn.c.obj (.const)
                  000bc85c    0000000c                            : s_floor.c.obj (.const)
                  000bc868    00000008                            : s_round.c.obj (.const)
                  000bc870    00000008     wave_gen.obj (.const)
                  000bc878    00000004     rts2800_fpu32_eabi.lib : k_rem_pio2.c.obj (.const:init_jk)
                  000bc87c    00000004                            : s_cos.c.obj (.const)
                  000bc880    00000004                            : s_sin.c.obj (.const)

ramgs14    1    0001a000    000003e8     UNINITIALIZED
                  0001a000    000003e8     exc_signal_dma.obj (ramgs14)

ramgs15    1    0001b000    000003fe     UNINITIALIZED
                  0001b000    000003fe     icg_ecg.obj (ramgs15)

GETBUFFER 
*          0    0003f800    00000000     DSECT

GETWRITEIDX 
*          0    0003f800    00000000     DSECT

PUTREADIDX 
*          0    0003f800    00000000     DSECT

DmaRegsFile 
*          1    00001000    000000e0     UNINITIALIZED
                  00001000    000000e0     F2837xD_GlobalVariableDefs.obj (DmaRegsFile)

DacaRegsFile 
*          1    00005c00    00000007     UNINITIALIZED
                  00005c00    00000007     F2837xD_GlobalVariableDefs.obj (DacaRegsFile)

DacbRegsFile 
*          1    00005c10    00000007     UNINITIALIZED
                  00005c10    00000007     F2837xD_GlobalVariableDefs.obj (DacbRegsFile)

DaccRegsFile 
*          1    00005c20    00000007     UNINITIALIZED
                  00005c20    00000007     F2837xD_GlobalVariableDefs.obj (DaccRegsFile)

CpuSysRegsFile 
*          1    0005d300    00000082     UNINITIALIZED
                  0005d300    00000082     F2837xD_GlobalVariableDefs.obj (CpuSysRegsFile)

DmaClaSrcSelRegsFile 
*          1    00007980    0000001a     UNINITIALIZED
                  00007980    0000001a     F2837xD_GlobalVariableDefs.obj (DmaClaSrcSelRegsFile)

PieCtrlRegsFile 
*          1    00000ce0    0000001a     UNINITIALIZED
                  00000ce0    0000001a     F2837xD_GlobalVariableDefs.obj (PieCtrlRegsFile)

.text      0    00098000    0000381e     
                  00098000    000007d3     icg_ecg.obj (.text)
                  000987d3    0000067d     rts2800_fpu32_eabi.lib : k_rem_pio2.c.obj (.text)
                  00098e50    00000585     F2837xD_DefaultISR.obj (.text:retain)
                  000993d5    00000431     rts2800_fpu32_eabi.lib : e_rem_pio2.c.obj (.text)
                  00099806    00000404     F2837xD_Dma.obj (.text)
                  00099c0a    000003f9     device.obj (.text)
                  0009a003    00000207     driverlib_eabi.lib : sysctl.obj (.text:SysCtl_setClock)
                  0009a20a    000001c9     data_packer.obj (.text)
                  0009a3d3    00000125     rts2800_fpu32_eabi.lib : k_sin.c.obj (.text)
                  0009a4f8    00000113     exc_signal_dma.obj (.text)
                  0009a60b    00000113     rts2800_fpu32_eabi.lib : k_cos.c.obj (.text)
                  0009a71e    000000fb     funcs.obj (.text)
                  0009a819    000000e8     rts2800_fpu32_eabi.lib : s_floor.c.obj (.text)
                  0009a901    000000ce                            : s_cos.c.obj (.text)
                  0009a9cf    000000cb                            : s_sin.c.obj (.text)
                  0009aa9a    000000bd     wave_gen.obj (.text)
                  0009ab57    000000a9     rts2800_fpu32_eabi.lib : s_scalbn.c.obj (.text)
                  0009ac00    0000009c                            : fd_add28.asm.obj (.text)
                  0009ac9c    00000094                            : s_round.c.obj (.text)
                  0009ad30    00000088                            : fs_div28.asm.obj (.text)
                  0009adb8    00000083                            : fd_mpy28.asm.obj (.text)
                  0009ae3b    00000073     driverlib_eabi.lib : adc.obj (.text:ADC_setINLTrim)
                  0009aeae    0000006b                        : sysctl.obj (.text:SysCtl_selectXTAL)
                  0009af19    00000068                        : sysctl.obj (.text:SysCtl_getDeviceParametric)
                  0009af81    00000064                        : adc.obj (.text:ADC_setOffsetTrim)
                  0009afe5    00000054                        : sysctl.obj (.text:SysCtl_selectOscSource)
                  0009b039    00000052                        : gpio.obj (.text:GPIO_setPadConfig)
                  0009b08b    00000051                        : sysctl.obj (.text:SysCtl_getClock)
                  0009b0dc    00000046                        : sci.obj (.text:SCI_clearInterruptStatus)
                  0009b122    00000044     icg_ecg.obj (.text:retain)
                  0009b166    00000041     driverlib_eabi.lib : sci.obj (.text:SCI_writeCharArray)
                  0009b1a7    0000003e                        : sci.obj (.text:SCI_setConfig)
                  0009b1e5    0000003d                        : interrupt.obj (.text:Interrupt_initModule)
                  0009b222    00000038                        : gpio.obj (.text:GPIO_setMasterCore)
                  0009b25a    00000038                        : gpio.obj (.text:GPIO_setQualificationMode)
                  0009b292    00000037                        : gpio.obj (.text:GPIO_setPinConfig)
                  0009b2c9    00000034                        : interrupt.obj (.text:Interrupt_enable)
                  0009b2fd    00000031                        : gpio.obj (.text:GPIO_setDirectionMode)
                  0009b32e    0000002f                        : adc.obj (.text:ADC_setMode)
                  0009b35d    0000002e     rts2800_fpu32_eabi.lib : copy_decompress_lzss.c.obj (.text:decompress:lzss)
                  0009b38b    0000002b                            : autoinit.c.obj (.text:__TI_auto_init_nobinit_nopinit)
                  0009b3b6    0000002a                            : fd_cmp28.asm.obj (.text)
                  0009b3e0    00000029                            : exit.c.obj (.text)
                  0009b409    00000028     driverlib_eabi.lib : flash.obj (.text:Flash_setBankPowerUpDelay)
                  0009b431    00000024                        : sysctl.obj (.text:CPUTimer_selectClockSource)
                  0009b455    00000024     rts2800_fpu32_eabi.lib : s_copysign.c.obj (.text)
                  0009b479    00000022     driverlib_eabi.lib : sci.obj (.text:SCI_isFIFOEnabled)
                  0009b49b    00000022     rts2800_fpu32_eabi.lib : i_div28.asm.obj (.text)
                  0009b4bd    00000021                            : fd_toi28.asm.obj (.text)
                  0009b4de    00000020     driverlib_eabi.lib : sysctl.obj (.text:CPUTimer_getTimerOverflowStatus)
                  0009b4fe    0000001f                        : adc.obj (.text:ADC_isBaseValid)
                  0009b51d    0000001f                        : sci.obj (.text:SCI_isBaseValid)
                  0009b53c    0000001f     rts2800_fpu32_eabi.lib : fd_tol28.asm.obj (.text)
                  0009b55b    0000001e     driverlib_eabi.lib : interrupt.obj (.text:Interrupt_initVectorTable)
                  0009b579    0000001d     rts2800_fpu32_eabi.lib : i_tofd28.asm.obj (.text)
                  0009b596    0000001d                            : memcpy.c.obj (.text)
                  0009b5b3    0000001c                            : fs_tofdfpu32.asm.obj (.text)
                  0009b5cf    0000001c                            : l_tofd28.asm.obj (.text)
                  0009b5eb    0000001b     driverlib_eabi.lib : sysctl.obj (.text:CPUTimer_startTimer)
                  0009b606    0000001b                        : sci.obj (.text:SCI_isSpaceAvailableNonFIFO)
                  0009b621    0000001b     dmac1.obj (.text)
                  0009b63c    0000001a     driverlib_eabi.lib : sysctl.obj (.text:CPUTimer_isBaseValid)
                  0009b656    0000001a                        : sysctl.obj (.text:SysCtl_getLowSpeedClock)
                  0009b670    00000019                        : sci.obj (.text:SCI_disableModule)
                  0009b689    00000019                        : sci.obj (.text:SCI_performSoftwareReset)
                  0009b6a2    00000019                        : sysctl.obj (.text:SysCtl_pollCpuTimer)
                  0009b6bb    00000018     rts2800_fpu32_eabi.lib : ll_aox28.asm.obj (.text)
                  0009b6d3    00000017                            : boot28.asm.obj (.text)
                  0009b6ea    00000015     driverlib_eabi.lib : sci.obj (.text:SCI_getTxFIFOStatus)
                  0009b6ff    00000014                        : sysctl.obj (.text:CPUTimer_stopTimer)
                  0009b713    00000014                        : sci.obj (.text:SCI_enableModule)
                  0009b727    00000012                        : sysctl.obj (.text:CPUTimer_clearOverflowFlag)
                  0009b739    00000012                        : sysctl.obj (.text:CPUTimer_disableInterrupt)
                  0009b74b    00000012                        : sysctl.obj (.text:CPUTimer_setPeriod)
                  0009b75d    00000010                        : flash.obj (.text:Flash_isCtrlBaseValid)
                  0009b76d    00000010                        : flash.obj (.text:Flash_isECCBaseValid)
                  0009b77d    0000000e                        : gpio.obj (.text:GPIO_isPinValid)
                  0009b78b    0000000e                        : interrupt.obj (.text:Interrupt_defaultHandler)
                  0009b799    0000000e     rts2800_fpu32_eabi.lib : fd_sub28.asm.obj (.text)
                  0009b7a7    0000000d     driverlib_eabi.lib : interrupt.obj (.text:Interrupt_disableMaster)
                  0009b7b4    0000000d                        : interrupt.obj (.text:Interrupt_enableMaster)
                  0009b7c1    0000000c     rts2800_fpu32_eabi.lib : args_main.c.obj (.text)
                  0009b7cd    0000000b     driverlib_eabi.lib : sysctl.obj (.text:SysCtl_isMCDClockFailureDetected)
                  0009b7d8    00000009                        : sysctl.obj (.text:SysCtl_serviceWatchdog)
                  0009b7e1    00000009     rts2800_fpu32_eabi.lib : _lock.c.obj (.text)
                  0009b7ea    00000009                            : fd_neg28.asm.obj (.text)
                  0009b7f3    00000008     F2837xD_CodeStartBranch.obj (.text)
                  0009b7fb    00000008     rts2800_fpu32_eabi.lib : copy_decompress_none.c.obj (.text:decompress:none)
                  0009b803    00000007     driverlib_eabi.lib : sysctl.obj (.text:SysCtl_resetMCD)
                  0009b80a    00000007     rts2800_fpu32_eabi.lib : memset.c.obj (.text)
                  0009b811    00000006                            : copy_zero_init.c.obj (.text:decompress:ZI)
                  0009b817    00000002     driverlib_eabi.lib : interrupt.obj (.text:Interrupt_illegalOperationHandler)
                  0009b819    00000002                        : interrupt.obj (.text:Interrupt_nmiHandler)
                  0009b81b    00000002     rts2800_fpu32_eabi.lib : pre_init.c.obj (.text)
                  0009b81d    00000001                            : startup.c.obj (.text)

MODULE SUMMARY

       Module                           code    ro data   rw data
       ------                           ----    -------   -------
    .\
       icg_ecg.obj                      2071    288       2576   
       exc_signal_dma.obj               275     4         1020   
       data_packer.obj                  457     0         0      
       funcs.obj                        251     68        1      
       wave_gen.obj                     189     8         0      
       dmac1.obj                        27      0         0      
    +--+--------------------------------+-------+---------+---------+
       Total:                           3270    368       3597   
                                                                 
    .\device\
       device.obj                       1017    19        6      
       F2837xD_CodeStartBranch.obj      10      0         0      
    +--+--------------------------------+-------+---------+---------+
       Total:                           1027    19        6      
                                                                 
    .\other_includes\
       F2837xD_DefaultISR.obj           1413    0         0      
       F2837xD_Dma.obj                  1028    0         0      
       F2837xD_PieVect.obj              0       448       0      
       F2837xD_GlobalVariableDefs.obj   0       0         427    
       F2837xD_usDelay.obj              8       0         0      
    +--+--------------------------------+-------+---------+---------+
       Total:                           2449    448       427    
                                                                 
    C:\ti\c2000\C2000Ware_4_01_00_00\driverlib\f2837xd\driverlib\ccs\Debug\driverlib_eabi.lib
       sysctl.obj                       1176    194       0      
       flash.obj                        682     191       0      
       sci.obj                          380     187       0      
       gpio.obj                         312     188       0      
       adc.obj                          293     93        0      
       interrupt.obj                    187     0         0      
    +--+--------------------------------+-------+---------+---------+
       Total:                           3030    853       0      
                                                                 
    C:\ti\ccs1210\ccs\tools\compiler\ti-cgt-c2000_22.6.0.LTS\lib\rts2800_fpu32_eabi.lib
       k_rem_pio2.c.obj                 1661    212       0      
       e_rem_pio2.c.obj                 1073    100       0      
       k_sin.c.obj                      293     56        0      
       k_cos.c.obj                      275     60        0      
       s_floor.c.obj                    232     12        0      
       s_cos.c.obj                      206     4         0      
       s_sin.c.obj                      203     4         0      
       s_scalbn.c.obj                   169     28        0      
       fd_add28.asm.obj                 156     0         0      
       s_round.c.obj                    148     8         0      
       fs_div28.asm.obj                 136     0         0      
       fd_mpy28.asm.obj                 131     0         0      
       exit.c.obj                       41      0         6      
       copy_decompress_lzss.c.obj       46      0         0      
       autoinit.c.obj                   43      0         0      
       fd_cmp28.asm.obj                 42      0         0      
       s_copysign.c.obj                 36      0         0      
       i_div28.asm.obj                  34      0         0      
       fd_toi28.asm.obj                 33      0         0      
       fd_tol28.asm.obj                 31      0         0      
       i_tofd28.asm.obj                 29      0         0      
       memcpy.c.obj                     29      0         0      
       fs_tofdfpu32.asm.obj             28      0         0      
       l_tofd28.asm.obj                 28      0         0      
       ll_aox28.asm.obj                 24      0         0      
       boot28.asm.obj                   23      0         0      
       fd_sub28.asm.obj                 14      0         0      
       _lock.c.obj                      9       0         4      
       args_main.c.obj                  12      0         0      
       fd_neg28.asm.obj                 9       0         0      
       copy_decompress_none.c.obj       8       0         0      
       memset.c.obj                     7       0         0      
       copy_zero_init.c.obj             6       0         0      
       pre_init.c.obj                   2       0         0      
       errno.c.obj                      0       0         1      
       startup.c.obj                    1       0         0      
    +--+--------------------------------+-------+---------+---------+
       Total:                           5218    484       11     
                                                                 
       Stack:                           0       0         1016   
       Linker Generated:                0       88        0      
    +--+--------------------------------+-------+---------+---------+
       Grand Total:                     14994   2260      5057   


LINKER GENERATED COPY TABLES

__TI_cinit_table @ 00088048 records: 4, size/record: 4, table size: 16
	.data: load addr=00088000, load size=00000034 bytes, run addr=00011000, run size=00000630 bytes, compression=lzss
	ramgs15: load addr=00088034, load size=00000006 bytes, run addr=0001b000, run size=000003fe bytes, compression=lzss
	.bss: load addr=00088040, load size=00000004 bytes, run addr=0000e000, run size=00000008 bytes, compression=zero_init
	ramgs14: load addr=00088044, load size=00000004 bytes, run addr=0001a000, run size=000003e8 bytes, compression=zero_init


LINKER GENERATED HANDLER TABLE

__TI_handler_table @ 0008803a records: 3, size/record: 2, table size: 6
	index: 0, handler: __TI_zero_init
	index: 1, handler: __TI_decompress_lzss
	index: 2, handler: __TI_decompress_none


GLOBAL DATA SYMBOLS: SORTED BY DATA PAGE

address     data page           name
--------    ----------------    ----
00000400      10 (00000400)     __stack

00000ce0      33 (00000cc0)     PieCtrlRegs

00001000      40 (00001000)     DmaRegs

00005c00     170 (00005c00)     DacaRegs
00005c10     170 (00005c00)     DacbRegs
00005c20     170 (00005c00)     DaccRegs

00007980     1e6 (00007980)     DmaClaSrcSelRegs

00011000     440 (00011000)     adcAResults

000111f4     447 (000111c0)     adcBResults

000113e8     44f (000113c0)     adcCResults

000115dc     457 (000115c0)     num_pairs_1
000115dd     457 (000115c0)     num_pairs_2
000115de     457 (000115c0)     mux_period
000115df     457 (000115c0)     halfFilled
000115e0     457 (000115c0)     fullFilled
000115e1     457 (000115c0)     dacOut
000115e2     457 (000115c0)     counter
000115e3     457 (000115c0)     mux_counter
000115e4     457 (000115c0)     packet_number
000115e5     457 (000115c0)     mode
000115e6     457 (000115c0)     mux_mode
000115e8     457 (000115c0)     sr_current_val
000115ea     457 (000115c0)     adcDResult
000115ec     457 (000115c0)     accumD

00011602     458 (00011600)     Example_Result
00011604     458 (00011600)     Example_PassCount
00011606     458 (00011600)     Example_Fail
00011608     458 (00011600)     mux_inputs_1
0001160e     458 (00011600)     mux_inputs_2
00011614     458 (00011600)     mux_outputs_1
0001161a     458 (00011600)     mux_outputs_2
00011620     458 (00011600)     __TI_enable_exit_profile_output
00011622     458 (00011600)     __TI_cleanup_ptr
00011624     458 (00011600)     __TI_dtors_ptr
0001162a     458 (00011600)     _lock
0001162c     458 (00011600)     _unlock
0001162f     458 (00011600)     errno

0001b000     6c0 (0001b000)     data
0001b016     6c0 (0001b000)     signal1sin

0001b20a     6c8 (0001b200)     signal1cos

0005d300    174c (0005d300)     CpuSysRegs

000bc000    2f00 (000bc000)     PieVectTableInit


GLOBAL SYMBOLS: SORTED ALPHABETICALLY BY Name 

page  address   name                                     
----  -------   ----                                     
0     00098f0e  ADCA1_ISR                                
0     0009918e  ADCA2_ISR                                
0     00099198  ADCA3_ISR                                
0     000991a2  ADCA4_ISR                                
0     00099184  ADCA_EVT_ISR                             
0     00098f18  ADCB1_ISR                                
0     000991b6  ADCB2_ISR                                
0     000991c0  ADCB3_ISR                                
0     000991ca  ADCB4_ISR                                
0     000991ac  ADCB_EVT_ISR                             
0     00098f22  ADCC1_ISR                                
0     0009931e  ADCC2_ISR                                
0     00099328  ADCC3_ISR                                
0     00099332  ADCC4_ISR                                
0     00099314  ADCC_EVT_ISR                             
0     00098f40  ADCD1_ISR                                
0     00099346  ADCD2_ISR                                
0     00099350  ADCD3_ISR                                
0     0009935a  ADCD4_ISR                                
0     0009933c  ADCD_EVT_ISR                             
0     0009ae3b  ADC_setINLTrim                           
0     0009b32e  ADC_setMode                              
0     0009af81  ADC_setOffsetTrim                        
0     00099396  AUX_PLL_SLIP_ISR                         
0     0009b3e0  C$$EXIT                                  
0     0009915c  CANA0_ISR                                
0     00099166  CANA1_ISR                                
0     00099170  CANB0_ISR                                
0     0009917a  CANB1_ISR                                
0     000991d4  CLA1_1_ISR                               
0     000991de  CLA1_2_ISR                               
0     000991e8  CLA1_3_ISR                               
0     000991f2  CLA1_4_ISR                               
0     000991fc  CLA1_5_ISR                               
0     00099206  CLA1_6_ISR                               
0     00099210  CLA1_7_ISR                               
0     0009921a  CLA1_8_ISR                               
0     000993a0  CLA_OVERFLOW_ISR                         
0     000993aa  CLA_UNDERFLOW_ISR                        
1     0005d300  CpuSysRegs                               
0     00098e64  DATALOG_ISR                              
0     00099811  DMACH1AddrConfig                         
0     00099baa  DMACH1AddrConfig32bit                    
0     00099821  DMACH1BurstConfig                        
0     00099854  DMACH1ModeConfig                         
0     00099831  DMACH1TransferConfig                     
0     00099841  DMACH1WrapConfig                         
0     000998aa  DMACH2AddrConfig                         
0     00099bba  DMACH2AddrConfig32bit                    
0     000998ba  DMACH2BurstConfig                        
0     000998ed  DMACH2ModeConfig                         
0     000998ca  DMACH2TransferConfig                     
0     000998da  DMACH2WrapConfig                         
0     00099944  DMACH3AddrConfig                         
0     00099bca  DMACH3AddrConfig32bit                    
0     00099954  DMACH3BurstConfig                        
0     00099987  DMACH3ModeConfig                         
0     00099964  DMACH3TransferConfig                     
0     00099974  DMACH3WrapConfig                         
0     000999dd  DMACH4AddrConfig                         
0     00099bda  DMACH4AddrConfig32bit                    
0     000999ed  DMACH4BurstConfig                        
0     00099a20  DMACH4ModeConfig                         
0     000999fd  DMACH4TransferConfig                     
0     00099a0d  DMACH4WrapConfig                         
0     00099a77  DMACH5AddrConfig                         
0     00099bea  DMACH5AddrConfig32bit                    
0     00099a87  DMACH5BurstConfig                        
0     00099aba  DMACH5ModeConfig                         
0     00099a97  DMACH5TransferConfig                     
0     00099aa7  DMACH5WrapConfig                         
0     00099b10  DMACH6AddrConfig                         
0     00099bfa  DMACH6AddrConfig32bit                    
0     00099b20  DMACH6BurstConfig                        
0     00099b53  DMACH6ModeConfig                         
0     00099b30  DMACH6TransferConfig                     
0     00099b40  DMACH6WrapConfig                         
0     00099806  DMAInitialize                            
0     000990a8  DMA_CH1_ISR                              
0     000990b2  DMA_CH2_ISR                              
0     000990bc  DMA_CH3_ISR                              
0     000990c6  DMA_CH4_ISR                              
0     000990d0  DMA_CH5_ISR                              
0     000990da  DMA_CH6_ISR                              
1     00005c00  DacaRegs                                 
1     00005c10  DacbRegs                                 
1     00005c20  DaccRegs                                 
0     00099e77  Device_bootCPU2                          
0     00099e46  Device_configureTMXAnalogTrim            
0     00099cf4  Device_enableAllPeripherals              
0     00099e30  Device_enableUnbondedGPIOPullups         
0     00099e13  Device_enableUnbondedGPIOPullupsFor100Pin
0     00099e00  Device_enableUnbondedGPIOPullupsFor176Pin
0     00099ca1  Device_init                              
0     00099ddf  Device_initGPIO                          
1     00007980  DmaClaSrcSelRegs                         
1     00001000  DmaRegs                                  
0     00098ffe  ECAP1_ISR                                
0     00099008  ECAP2_ISR                                
0     00099012  ECAP3_ISR                                
0     0009901c  ECAP4_ISR                                
0     00099026  ECAP5_ISR                                
0     00099030  ECAP6_ISR                                
0     00099364  EMIF_ERROR_ISR                           
0     000993be  EMPTY_ISR                                
0     00098e78  EMU_ISR                                  
0     000992ba  EPWM10_ISR                               
0     00099292  EPWM10_TZ_ISR                            
0     000992c4  EPWM11_ISR                               
0     0009929c  EPWM11_TZ_ISR                            
0     000992ce  EPWM12_ISR                               
0     000992a6  EPWM12_TZ_ISR                            
0     00098fae  EPWM1_ISR                                
0     00098f5e  EPWM1_TZ_ISR                             
0     00098fb8  EPWM2_ISR                                
0     00098f68  EPWM2_TZ_ISR                             
0     00098fc2  EPWM3_ISR                                
0     00098f72  EPWM3_TZ_ISR                             
0     00098fcc  EPWM4_ISR                                
0     00098f7c  EPWM4_TZ_ISR                             
0     00098fd6  EPWM5_ISR                                
0     00098f86  EPWM5_TZ_ISR                             
0     00098fe0  EPWM6_ISR                                
0     00098f90  EPWM6_TZ_ISR                             
0     00098fea  EPWM7_ISR                                
0     00098f9a  EPWM7_TZ_ISR                             
0     00098ff4  EPWM8_ISR                                
0     00098fa4  EPWM8_TZ_ISR                             
0     000992b0  EPWM9_ISR                                
0     00099288  EPWM9_TZ_ISR                             
0     0009903a  EQEP1_ISR                                
0     00099044  EQEP2_ISR                                
0     0009904e  EQEP3_ISR                                
1     00011606  Example_Fail                             
1     00011604  Example_PassCount                        
1     00011602  Example_Result                           
0     0009a002  Example_done                             
0     00099ffd  Example_setResultFail                    
0     00099ff8  Example_setResultPass                    
0     00008131  F28x_usDelay                             
0     00099378  FLASH_CORRECTABLE_ERROR_ISR              
0     0009924c  FPU_OVERFLOW_ISR                         
0     00099256  FPU_UNDERFLOW_ISR                        
0     00008000  Flash_initModule                         
0     0009b2fd  GPIO_setDirectionMode                    
0     0009b222  GPIO_setMasterCore                       
0     0009b039  GPIO_setPadConfig                        
0     0009b292  GPIO_setPinConfig                        
0     0009b25a  GPIO_setQualificationMode                
0     000990ee  I2CA_FIFO_ISR                            
0     000990e4  I2CA_ISR                                 
0     00099102  I2CB_FIFO_ISR                            
0     000990f8  I2CB_ISR                                 
0     00098e8c  ILLEGAL_ISR                              
0     00099260  IPC0_ISR                                 
0     0009926a  IPC1_ISR                                 
0     00099274  IPC2_ISR                                 
0     0009927e  IPC3_ISR                                 
0     0009b2c9  Interrupt_enable                         
0     0009b1e5  Interrupt_initModule                     
0     0009b55b  Interrupt_initVectorTable                
0     00099080  MCBSPA_RX_ISR                            
0     0009908a  MCBSPA_TX_ISR                            
0     00099094  MCBSPB_RX_ISR                            
0     0009909e  MCBSPB_TX_ISR                            
0     00098e82  NMI_ISR                                  
0     000993cb  NOTUSED_ISR                              
0     000993b4  PIE_RESERVED_ISR                         
1     00000ce0  PieCtrlRegs                              
0     000bc000  PieVectTableInit                         
0     00099382  RAM_ACCESS_VIOLATION_ISR                 
0     0009936e  RAM_CORRECTABLE_ERROR_ISR                
0     00098e6e  RTOS_ISR                                 
0     00086139  RamfuncsLoadEnd                          
abs   00000139  RamfuncsLoadSize                         
0     00086000  RamfuncsLoadStart                        
0     00008139  RamfuncsRunEnd                           
abs   00000139  RamfuncsRunSize                          
0     00008000  RamfuncsRunStart                         
0     00099134  SCIA_RX_ISR                              
0     0009913e  SCIA_TX_ISR                              
0     00099148  SCIB_RX_ISR                              
0     00099152  SCIB_TX_ISR                              
0     0009910c  SCIC_RX_ISR                              
0     00099116  SCIC_TX_ISR                              
0     00099120  SCID_RX_ISR                              
0     0009912a  SCID_TX_ISR                              
0     0009b0dc  SCI_clearInterruptStatus                 
0     0009b1a7  SCI_setConfig                            
0     0009b166  SCI_writeCharArray                       
0     000992d8  SD1_ISR                                  
0     000992e2  SD2_ISR                                  
0     00099058  SPIA_RX_ISR                              
0     00099062  SPIA_TX_ISR                              
0     0009906c  SPIB_RX_ISR                              
0     00099076  SPIB_TX_ISR                              
0     000992ec  SPIC_RX_ISR                              
0     000992f6  SPIC_TX_ISR                              
0     0009938c  SYS_PLL_SLIP_ISR                         
0     000998a2  StartDMACH1                              
0     0009993c  StartDMACH2                              
0     000999d5  StartDMACH3                              
0     00099a6f  StartDMACH4                              
0     00099b08  StartDMACH5                              
0     00099ba2  StartDMACH6                              
0     00008135  SysCtl_delay                             
0     0009b08b  SysCtl_getClock                          
0     0009af19  SysCtl_getDeviceParametric               
0     0009b656  SysCtl_getLowSpeedClock                  
0     0009afe5  SysCtl_selectOscSource                   
0     0009aeae  SysCtl_selectXTAL                        
0     0009a003  SysCtl_setClock                          
0     00098f4a  TIMER0_ISR                               
0     00098e50  TIMER1_ISR                               
0     00098e5a  TIMER2_ISR                               
0     00099300  UPPA_ISR                                 
0     0009930a  USBA_ISR                                 
0     00098ef0  USER10_ISR                               
0     00098efa  USER11_ISR                               
0     00098f04  USER12_ISR                               
0     00098e96  USER1_ISR                                
0     00098ea0  USER2_ISR                                
0     00098eaa  USER3_ISR                                
0     00098eb4  USER4_ISR                                
0     00098ebe  USER5_ISR                                
0     00098ec8  USER6_ISR                                
0     00098ed2  USER7_ISR                                
0     00098edc  USER8_ISR                                
0     00098ee6  USER9_ISR                                
0     00099242  VCU_ISR                                  
0     00098f54  WAKE_ISR                                 
0     00098f2c  XINT1_ISR                                
0     00098f36  XINT2_ISR                                
0     00099224  XINT3_ISR                                
0     0009922e  XINT4_ISR                                
0     00099238  XINT5_ISR                                
0     00088048  __TI_CINIT_Base                          
0     00088058  __TI_CINIT_Limit                         
0     00088058  __TI_CINIT_Warm                          
0     0008803a  __TI_Handler_Table_Base                  
0     00088040  __TI_Handler_Table_Limit                 
1     000007f8  __TI_STACK_END                           
abs   000003f8  __TI_STACK_SIZE                          
0     0009b38b  __TI_auto_init_nobinit_nopinit           
1     00011622  __TI_cleanup_ptr                         
0     0009b35d  __TI_decompress_lzss                     
0     0009b7fb  __TI_decompress_none                     
1     00011624  __TI_dtors_ptr                           
1     00011620  __TI_enable_exit_profile_output          
abs   ffffffff  __TI_pprof_out_hndl                      
abs   ffffffff  __TI_prof_data_size                      
abs   ffffffff  __TI_prof_data_start                     
0     0009b811  __TI_zero_init                           
0     0009ac00  __c28xabi_addd                           
0     0009b6bb  __c28xabi_andll                          
0     0009b3b6  __c28xabi_cmpd                           
0     0009ad30  __c28xabi_divf                           
0     0009b49b  __c28xabi_divi                           
0     0009b4bd  __c28xabi_dtoi                           
0     0009b53c  __c28xabi_dtol                           
0     0009b5b3  __c28xabi_ftod                           
0     0009b579  __c28xabi_itod                           
0     0009b5cf  __c28xabi_ltod                           
0     0009b4ac  __c28xabi_modi                           
0     0009adb8  __c28xabi_mpyd                           
0     0009b7ea  __c28xabi_negd                           
0     0009b6c3  __c28xabi_orll                           
0     0009b799  __c28xabi_subd                           
0     0009b6cb  __c28xabi_xorll                          
n/a   UNDEFED   __c_args__                               
0     00099ff1  __error__                                
0     0009a60b  __kernel_cos                             
0     000987d3  __kernel_rem_pio2                        
0     0009a3d3  __kernel_sin                             
0     000993d5  __rem_pio2                               
1     00000400  __stack                                  
0     0009b7c1  _args_main                               
0     0009b6d3  _c_int00                                 
0     0009b621  _dmac                                    
1     0001162a  _lock                                    
0     0009b7e9  _nop                                     
0     0009b7e5  _register_lock                           
0     0009b7e1  _register_unlock                         
0     0009b81d  _system_post_cinit                       
0     0009b81b  _system_pre_init                         
1     0001162c  _unlock                                  
0     0009b3e0  abort                                    
1     000115ec  accumD                                   
0     0009b122  adcA1ISR                                 
1     00011000  adcAResults                              
1     000111f4  adcBResults                              
1     000113e8  adcCResults                              
1     000115ea  adcDResult                               
0     00080000  code_start                               
0     0009874c  configureADC                             
0     0009b455  copysign                                 
0     0009b455  copysignl                                
0     0009a901  cos                                      
0     0009a901  cosl                                     
1     000115e2  counter                                  
1     000115e1  dacOut                                   
1     0001b000  data                                     
0     0009a753  delay                                    
1     0001162f  errno                                    
0     0009b3e2  exit                                     
0     0009a819  floor                                    
0     0009a819  floorl                                   
1     000115e0  fullFilled                               
1     000115df  halfFilled                               
0     00098795  initADCSOC                               
0     0009876d  initEPWM_ADC                             
0     0009a75f  initShiftRegister                        
0     0009ab57  ldexp                                    
0     0009ab57  ldexpl                                   
0     000983a4  main                                     
0     0009b596  memcpy                                   
0     0009b80a  memset                                   
1     000115e5  mode                                     
1     000115e3  mux_counter                              
1     00011608  mux_inputs_1                             
1     0001160e  mux_inputs_2                             
1     000115e6  mux_mode                                 
1     00011614  mux_outputs_1                            
1     0001161a  mux_outputs_2                            
1     000115de  mux_period                               
1     000115dc  num_pairs_1                              
1     000115dd  num_pairs_2                              
0     0009a20a  pack                                     
1     000115e4  packet_number                            
0     0009ac9c  round                                    
0     0009ac9c  roundl                                   
0     0009a7ab  router_config                            
0     0009ab57  scalbn                                   
0     0009ab57  scalbnl                                  
0     0009a605  set_excitation_frequency                 
0     0009aa9a  sigGen                                   
1     0001b20a  signal1cos                               
1     0001b016  signal1sin                               
0     0009a9cf  sin                                      
0     0009a9cf  sinl                                     
1     000115e8  sr_current_val                           
0     0009a4f8  start_exc_dma                            
0     0009a79a  updateShiftRegister                      


GLOBAL SYMBOLS: SORTED BY Symbol Address 

page  address   name                                     
----  -------   ----                                     
0     00008000  Flash_initModule                         
0     00008000  RamfuncsRunStart                         
0     00008131  F28x_usDelay                             
0     00008135  SysCtl_delay                             
0     00008139  RamfuncsRunEnd                           
0     00080000  code_start                               
0     00086000  RamfuncsLoadStart                        
0     00086139  RamfuncsLoadEnd                          
0     0008803a  __TI_Handler_Table_Base                  
0     00088040  __TI_Handler_Table_Limit                 
0     00088048  __TI_CINIT_Base                          
0     00088058  __TI_CINIT_Limit                         
0     00088058  __TI_CINIT_Warm                          
0     000983a4  main                                     
0     0009874c  configureADC                             
0     0009876d  initEPWM_ADC                             
0     00098795  initADCSOC                               
0     000987d3  __kernel_rem_pio2                        
0     00098e50  TIMER1_ISR                               
0     00098e5a  TIMER2_ISR                               
0     00098e64  DATALOG_ISR                              
0     00098e6e  RTOS_ISR                                 
0     00098e78  EMU_ISR                                  
0     00098e82  NMI_ISR                                  
0     00098e8c  ILLEGAL_ISR                              
0     00098e96  USER1_ISR                                
0     00098ea0  USER2_ISR                                
0     00098eaa  USER3_ISR                                
0     00098eb4  USER4_ISR                                
0     00098ebe  USER5_ISR                                
0     00098ec8  USER6_ISR                                
0     00098ed2  USER7_ISR                                
0     00098edc  USER8_ISR                                
0     00098ee6  USER9_ISR                                
0     00098ef0  USER10_ISR                               
0     00098efa  USER11_ISR                               
0     00098f04  USER12_ISR                               
0     00098f0e  ADCA1_ISR                                
0     00098f18  ADCB1_ISR                                
0     00098f22  ADCC1_ISR                                
0     00098f2c  XINT1_ISR                                
0     00098f36  XINT2_ISR                                
0     00098f40  ADCD1_ISR                                
0     00098f4a  TIMER0_ISR                               
0     00098f54  WAKE_ISR                                 
0     00098f5e  EPWM1_TZ_ISR                             
0     00098f68  EPWM2_TZ_ISR                             
0     00098f72  EPWM3_TZ_ISR                             
0     00098f7c  EPWM4_TZ_ISR                             
0     00098f86  EPWM5_TZ_ISR                             
0     00098f90  EPWM6_TZ_ISR                             
0     00098f9a  EPWM7_TZ_ISR                             
0     00098fa4  EPWM8_TZ_ISR                             
0     00098fae  EPWM1_ISR                                
0     00098fb8  EPWM2_ISR                                
0     00098fc2  EPWM3_ISR                                
0     00098fcc  EPWM4_ISR                                
0     00098fd6  EPWM5_ISR                                
0     00098fe0  EPWM6_ISR                                
0     00098fea  EPWM7_ISR                                
0     00098ff4  EPWM8_ISR                                
0     00098ffe  ECAP1_ISR                                
0     00099008  ECAP2_ISR                                
0     00099012  ECAP3_ISR                                
0     0009901c  ECAP4_ISR                                
0     00099026  ECAP5_ISR                                
0     00099030  ECAP6_ISR                                
0     0009903a  EQEP1_ISR                                
0     00099044  EQEP2_ISR                                
0     0009904e  EQEP3_ISR                                
0     00099058  SPIA_RX_ISR                              
0     00099062  SPIA_TX_ISR                              
0     0009906c  SPIB_RX_ISR                              
0     00099076  SPIB_TX_ISR                              
0     00099080  MCBSPA_RX_ISR                            
0     0009908a  MCBSPA_TX_ISR                            
0     00099094  MCBSPB_RX_ISR                            
0     0009909e  MCBSPB_TX_ISR                            
0     000990a8  DMA_CH1_ISR                              
0     000990b2  DMA_CH2_ISR                              
0     000990bc  DMA_CH3_ISR                              
0     000990c6  DMA_CH4_ISR                              
0     000990d0  DMA_CH5_ISR                              
0     000990da  DMA_CH6_ISR                              
0     000990e4  I2CA_ISR                                 
0     000990ee  I2CA_FIFO_ISR                            
0     000990f8  I2CB_ISR                                 
0     00099102  I2CB_FIFO_ISR                            
0     0009910c  SCIC_RX_ISR                              
0     00099116  SCIC_TX_ISR                              
0     00099120  SCID_RX_ISR                              
0     0009912a  SCID_TX_ISR                              
0     00099134  SCIA_RX_ISR                              
0     0009913e  SCIA_TX_ISR                              
0     00099148  SCIB_RX_ISR                              
0     00099152  SCIB_TX_ISR                              
0     0009915c  CANA0_ISR                                
0     00099166  CANA1_ISR                                
0     00099170  CANB0_ISR                                
0     0009917a  CANB1_ISR                                
0     00099184  ADCA_EVT_ISR                             
0     0009918e  ADCA2_ISR                                
0     00099198  ADCA3_ISR                                
0     000991a2  ADCA4_ISR                                
0     000991ac  ADCB_EVT_ISR                             
0     000991b6  ADCB2_ISR                                
0     000991c0  ADCB3_ISR                                
0     000991ca  ADCB4_ISR                                
0     000991d4  CLA1_1_ISR                               
0     000991de  CLA1_2_ISR                               
0     000991e8  CLA1_3_ISR                               
0     000991f2  CLA1_4_ISR                               
0     000991fc  CLA1_5_ISR                               
0     00099206  CLA1_6_ISR                               
0     00099210  CLA1_7_ISR                               
0     0009921a  CLA1_8_ISR                               
0     00099224  XINT3_ISR                                
0     0009922e  XINT4_ISR                                
0     00099238  XINT5_ISR                                
0     00099242  VCU_ISR                                  
0     0009924c  FPU_OVERFLOW_ISR                         
0     00099256  FPU_UNDERFLOW_ISR                        
0     00099260  IPC0_ISR                                 
0     0009926a  IPC1_ISR                                 
0     00099274  IPC2_ISR                                 
0     0009927e  IPC3_ISR                                 
0     00099288  EPWM9_TZ_ISR                             
0     00099292  EPWM10_TZ_ISR                            
0     0009929c  EPWM11_TZ_ISR                            
0     000992a6  EPWM12_TZ_ISR                            
0     000992b0  EPWM9_ISR                                
0     000992ba  EPWM10_ISR                               
0     000992c4  EPWM11_ISR                               
0     000992ce  EPWM12_ISR                               
0     000992d8  SD1_ISR                                  
0     000992e2  SD2_ISR                                  
0     000992ec  SPIC_RX_ISR                              
0     000992f6  SPIC_TX_ISR                              
0     00099300  UPPA_ISR                                 
0     0009930a  USBA_ISR                                 
0     00099314  ADCC_EVT_ISR                             
0     0009931e  ADCC2_ISR                                
0     00099328  ADCC3_ISR                                
0     00099332  ADCC4_ISR                                
0     0009933c  ADCD_EVT_ISR                             
0     00099346  ADCD2_ISR                                
0     00099350  ADCD3_ISR                                
0     0009935a  ADCD4_ISR                                
0     00099364  EMIF_ERROR_ISR                           
0     0009936e  RAM_CORRECTABLE_ERROR_ISR                
0     00099378  FLASH_CORRECTABLE_ERROR_ISR              
0     00099382  RAM_ACCESS_VIOLATION_ISR                 
0     0009938c  SYS_PLL_SLIP_ISR                         
0     00099396  AUX_PLL_SLIP_ISR                         
0     000993a0  CLA_OVERFLOW_ISR                         
0     000993aa  CLA_UNDERFLOW_ISR                        
0     000993b4  PIE_RESERVED_ISR                         
0     000993be  EMPTY_ISR                                
0     000993cb  NOTUSED_ISR                              
0     000993d5  __rem_pio2                               
0     00099806  DMAInitialize                            
0     00099811  DMACH1AddrConfig                         
0     00099821  DMACH1BurstConfig                        
0     00099831  DMACH1TransferConfig                     
0     00099841  DMACH1WrapConfig                         
0     00099854  DMACH1ModeConfig                         
0     000998a2  StartDMACH1                              
0     000998aa  DMACH2AddrConfig                         
0     000998ba  DMACH2BurstConfig                        
0     000998ca  DMACH2TransferConfig                     
0     000998da  DMACH2WrapConfig                         
0     000998ed  DMACH2ModeConfig                         
0     0009993c  StartDMACH2                              
0     00099944  DMACH3AddrConfig                         
0     00099954  DMACH3BurstConfig                        
0     00099964  DMACH3TransferConfig                     
0     00099974  DMACH3WrapConfig                         
0     00099987  DMACH3ModeConfig                         
0     000999d5  StartDMACH3                              
0     000999dd  DMACH4AddrConfig                         
0     000999ed  DMACH4BurstConfig                        
0     000999fd  DMACH4TransferConfig                     
0     00099a0d  DMACH4WrapConfig                         
0     00099a20  DMACH4ModeConfig                         
0     00099a6f  StartDMACH4                              
0     00099a77  DMACH5AddrConfig                         
0     00099a87  DMACH5BurstConfig                        
0     00099a97  DMACH5TransferConfig                     
0     00099aa7  DMACH5WrapConfig                         
0     00099aba  DMACH5ModeConfig                         
0     00099b08  StartDMACH5                              
0     00099b10  DMACH6AddrConfig                         
0     00099b20  DMACH6BurstConfig                        
0     00099b30  DMACH6TransferConfig                     
0     00099b40  DMACH6WrapConfig                         
0     00099b53  DMACH6ModeConfig                         
0     00099ba2  StartDMACH6                              
0     00099baa  DMACH1AddrConfig32bit                    
0     00099bba  DMACH2AddrConfig32bit                    
0     00099bca  DMACH3AddrConfig32bit                    
0     00099bda  DMACH4AddrConfig32bit                    
0     00099bea  DMACH5AddrConfig32bit                    
0     00099bfa  DMACH6AddrConfig32bit                    
0     00099ca1  Device_init                              
0     00099cf4  Device_enableAllPeripherals              
0     00099ddf  Device_initGPIO                          
0     00099e00  Device_enableUnbondedGPIOPullupsFor176Pin
0     00099e13  Device_enableUnbondedGPIOPullupsFor100Pin
0     00099e30  Device_enableUnbondedGPIOPullups         
0     00099e46  Device_configureTMXAnalogTrim            
0     00099e77  Device_bootCPU2                          
0     00099ff1  __error__                                
0     00099ff8  Example_setResultPass                    
0     00099ffd  Example_setResultFail                    
0     0009a002  Example_done                             
0     0009a003  SysCtl_setClock                          
0     0009a20a  pack                                     
0     0009a3d3  __kernel_sin                             
0     0009a4f8  start_exc_dma                            
0     0009a605  set_excitation_frequency                 
0     0009a60b  __kernel_cos                             
0     0009a753  delay                                    
0     0009a75f  initShiftRegister                        
0     0009a79a  updateShiftRegister                      
0     0009a7ab  router_config                            
0     0009a819  floor                                    
0     0009a819  floorl                                   
0     0009a901  cos                                      
0     0009a901  cosl                                     
0     0009a9cf  sin                                      
0     0009a9cf  sinl                                     
0     0009aa9a  sigGen                                   
0     0009ab57  ldexp                                    
0     0009ab57  ldexpl                                   
0     0009ab57  scalbn                                   
0     0009ab57  scalbnl                                  
0     0009ac00  __c28xabi_addd                           
0     0009ac9c  round                                    
0     0009ac9c  roundl                                   
0     0009ad30  __c28xabi_divf                           
0     0009adb8  __c28xabi_mpyd                           
0     0009ae3b  ADC_setINLTrim                           
0     0009aeae  SysCtl_selectXTAL                        
0     0009af19  SysCtl_getDeviceParametric               
0     0009af81  ADC_setOffsetTrim                        
0     0009afe5  SysCtl_selectOscSource                   
0     0009b039  GPIO_setPadConfig                        
0     0009b08b  SysCtl_getClock                          
0     0009b0dc  SCI_clearInterruptStatus                 
0     0009b122  adcA1ISR                                 
0     0009b166  SCI_writeCharArray                       
0     0009b1a7  SCI_setConfig                            
0     0009b1e5  Interrupt_initModule                     
0     0009b222  GPIO_setMasterCore                       
0     0009b25a  GPIO_setQualificationMode                
0     0009b292  GPIO_setPinConfig                        
0     0009b2c9  Interrupt_enable                         
0     0009b2fd  GPIO_setDirectionMode                    
0     0009b32e  ADC_setMode                              
0     0009b35d  __TI_decompress_lzss                     
0     0009b38b  __TI_auto_init_nobinit_nopinit           
0     0009b3b6  __c28xabi_cmpd                           
0     0009b3e0  C$$EXIT                                  
0     0009b3e0  abort                                    
0     0009b3e2  exit                                     
0     0009b455  copysign                                 
0     0009b455  copysignl                                
0     0009b49b  __c28xabi_divi                           
0     0009b4ac  __c28xabi_modi                           
0     0009b4bd  __c28xabi_dtoi                           
0     0009b53c  __c28xabi_dtol                           
0     0009b55b  Interrupt_initVectorTable                
0     0009b579  __c28xabi_itod                           
0     0009b596  memcpy                                   
0     0009b5b3  __c28xabi_ftod                           
0     0009b5cf  __c28xabi_ltod                           
0     0009b621  _dmac                                    
0     0009b656  SysCtl_getLowSpeedClock                  
0     0009b6bb  __c28xabi_andll                          
0     0009b6c3  __c28xabi_orll                           
0     0009b6cb  __c28xabi_xorll                          
0     0009b6d3  _c_int00                                 
0     0009b799  __c28xabi_subd                           
0     0009b7c1  _args_main                               
0     0009b7e1  _register_unlock                         
0     0009b7e5  _register_lock                           
0     0009b7e9  _nop                                     
0     0009b7ea  __c28xabi_negd                           
0     0009b7fb  __TI_decompress_none                     
0     0009b80a  memset                                   
0     0009b811  __TI_zero_init                           
0     0009b81b  _system_pre_init                         
0     0009b81d  _system_post_cinit                       
0     000bc000  PieVectTableInit                         
1     00000400  __stack                                  
1     000007f8  __TI_STACK_END                           
1     00000ce0  PieCtrlRegs                              
1     00001000  DmaRegs                                  
1     00005c00  DacaRegs                                 
1     00005c10  DacbRegs                                 
1     00005c20  DaccRegs                                 
1     00007980  DmaClaSrcSelRegs                         
1     00011000  adcAResults                              
1     000111f4  adcBResults                              
1     000113e8  adcCResults                              
1     000115dc  num_pairs_1                              
1     000115dd  num_pairs_2                              
1     000115de  mux_period                               
1     000115df  halfFilled                               
1     000115e0  fullFilled                               
1     000115e1  dacOut                                   
1     000115e2  counter                                  
1     000115e3  mux_counter                              
1     000115e4  packet_number                            
1     000115e5  mode                                     
1     000115e6  mux_mode                                 
1     000115e8  sr_current_val                           
1     000115ea  adcDResult                               
1     000115ec  accumD                                   
1     00011602  Example_Result                           
1     00011604  Example_PassCount                        
1     00011606  Example_Fail                             
1     00011608  mux_inputs_1                             
1     0001160e  mux_inputs_2                             
1     00011614  mux_outputs_1                            
1     0001161a  mux_outputs_2                            
1     00011620  __TI_enable_exit_profile_output          
1     00011622  __TI_cleanup_ptr                         
1     00011624  __TI_dtors_ptr                           
1     0001162a  _lock                                    
1     0001162c  _unlock                                  
1     0001162f  errno                                    
1     0001b000  data                                     
1     0001b016  signal1sin                               
1     0001b20a  signal1cos                               
1     0005d300  CpuSysRegs                               
abs   00000139  RamfuncsLoadSize                         
abs   00000139  RamfuncsRunSize                          
abs   000003f8  __TI_STACK_SIZE                          
abs   ffffffff  __TI_pprof_out_hndl                      
abs   ffffffff  __TI_prof_data_size                      
abs   ffffffff  __TI_prof_data_start                     
n/a   UNDEFED   __c_args__                               

[343 symbols]
