******************************************************************************
             TMS320C2000 Linker PC v22.6.0                     
******************************************************************************
>> Linked Thu Nov 17 22:18:15 2022

OUTPUT FILE NAME:   <adc_ex11_multiple_soc_epwm.out>
ENTRY POINT SYMBOL: "code_start"  address: 00000000


MEMORY CONFIGURATION

         name            origin    length      used     unused   attr    fill
----------------------  --------  ---------  --------  --------  ----  --------
PAGE 0:
  BEGIN                 00000000   00000002  00000002  00000000  RWIX
  RAMM0                 00000123   000002dd  00000028  000002b5  RWIX
  RAMLS0                00008000   00000800  00000000  00000800  RWIX
  RAMLS1                00008800   00000800  00000000  00000800  RWIX
  RAMLS2                00009000   00000800  00000000  00000800  RWIX
  RAMLS3                00009800   00000800  00000000  00000800  RWIX
  RAMLS4                0000a000   00000800  00000000  00000800  RWIX
  RAMD0                 0000b000   00000800  00000000  00000800  RWIX
  FLASHA                00080002   00001ffe  00000000  00001ffe  RWIX
  FLASHB                00082000   00002000  00000000  00002000  RWIX
  FLASHC                00084000   00002000  00000000  00002000  RWIX
  FLASHD                00086000   00002000  00000000  00002000  RWIX
  FLASHE                00088000   00008000  00000000  00008000  RWIX
  FLASHF                00090000   00008000  00000000  00008000  RWIX
  FLASHG                00098000   00008000  00000000  00008000  RWIX
  FLASHH                000a0000   00008000  00000000  00008000  RWIX
  FLASHI                000a8000   00008000  00000000  00008000  RWIX
  FLASHJ                000b0000   00008000  00000000  00008000  RWIX
  FLASHK                000b8000   00002000  00000000  00002000  RWIX
  FLASHL                000ba000   00002000  00000000  00002000  RWIX
  FLASHM                000bc000   00002000  00000000  00002000  RWIX
  FLASHN                000be000   00001ff0  00000000  00001ff0  RWIX
  RESET                 003fffc0   00000002  00000000  00000002  RWIX

PAGE 1:
  BOOT_RSVD             00000002   00000121  00000000  00000121  RWIX
  RAMM1                 00000400   000003f8  000003f8  00000000  RWIX
  RAMLS5                0000a800   00000800  000005be  00000242  RWIX
  RAMD1                 0000b800   00000800  00000000  00000800  RWIX
  RAMGS0                0000c000   00001000  00000000  00001000  RWIX
  RAMGS1                0000d000   00001000  00000000  00001000  RWIX
  RAMGS2                0000e000   00001000  00001000  00000000  RWIX
  RAMGS3                0000f000   00001000  00001000  00000000  RWIX
  RAMGS4                00010000   00001000  00000c60  000003a0  RWIX
  RAMGS5                00011000   00001000  00000000  00001000  RWIX
  RAMGS6                00012000   00001000  00000000  00001000  RWIX
  RAMGS7                00013000   00001000  00000000  00001000  RWIX
  RAMGS8                00014000   00001000  00000000  00001000  RWIX
  RAMGS9                00015000   00001000  00000000  00001000  RWIX
  RAMGS10               00016000   00001000  00000000  00001000  RWIX
  RAMGS11               00017000   00001000  000007fb  00000805  RWIX
  RAMGS12               00018000   00001000  00000000  00001000  RWIX
  RAMGS13               00019000   00001000  00000000  00001000  RWIX
  RAMGS14               0001a000   00001000  00000000  00001000  RWIX
  RAMGS15               0001b000   00000ff8  00000000  00000ff8  RWIX
  CPU2TOCPU1RAM         0003f800   00000400  00000000  00000400  RWIX
  CPU1TOCPU2RAM         0003fc00   00000400  00000000  00000400  RWIX
  CANA_MSG_RAM          00049000   00000800  00000000  00000800  RWIX
  CANB_MSG_RAM          0004b000   00000800  00000000  00000800  RWIX


SECTION ALLOCATION MAP

 output                                  attributes/
section   page    origin      length       input sections
--------  ----  ----------  ----------   ----------------
codestart 
*          0    00000000    00000002     
                  00000000    00000002     F2837xD_CodeStartBranch.obj (codestart)

.cinit     0    00000128    00000024     
                  00000128    00000012     (.cinit..data.load) [load image, compression = lzss]
                  0000013a    00000006     (__TI_handler_table)
                  00000140    00000004     (.cinit..bss.load) [load image, compression = zero_init]
                  00000144    00000008     (__TI_cinit_table)

.reset     0    003fffc0    00000000     DSECT

.stack     1    00000400    000003f8     UNINITIALIZED
                  00000400    000003f8     --HOLE--

.bss       1    0000adbc    00000002     UNINITIALIZED
                  0000adbc    00000002     adc_ex11_multiple_soc_epwm.obj (.bss)

.init_array 
*          0    00000123    00000000     UNINITIALIZED

.const     1    0000a800    000005bc     
                  0000a800    00000120     adc_ex11_multiple_soc_epwm.obj (.const:.string)
                  0000a920    000000c2     driverlib_eabi.lib : sysctl.obj (.const:.string)
                  0000a9e2    000000bc                        : gpio.obj (.const:.string)
                  0000aa9e    000000bb                        : sci.obj (.const:.string)
                  0000ab59    00000001     --HOLE-- [fill = 0]
                  0000ab5a    00000084     rts2800_fpu32_eabi.lib : k_rem_pio2.c.obj (.const:ipio2)
                  0000abde    00000020                            : k_rem_pio2.c.obj (.const:PIo2)
                  0000abfe    00000002     --HOLE-- [fill = 0]
                  0000ac00    00000064                            : e_rem_pio2.c.obj (.const)
                  0000ac64    0000005d     driverlib_eabi.lib : adc.obj (.const:.string)
                  0000acc1    00000001     --HOLE-- [fill = 0]
                  0000acc2    0000003c     rts2800_fpu32_eabi.lib : k_cos.c.obj (.const)
                  0000acfe    00000002     --HOLE-- [fill = 0]
                  0000ad00    00000038                            : k_sin.c.obj (.const)
                  0000ad38    00000008                            : s_round.c.obj (.const)
                  0000ad40    0000002c                            : k_rem_pio2.c.obj (.const)
                  0000ad6c    00000013     device.obj (.const:.string)
                  0000ad7f    00000001     --HOLE-- [fill = 0]
                  0000ad80    0000001c     rts2800_fpu32_eabi.lib : s_scalbn.c.obj (.const)
                  0000ad9c    0000000c                            : s_floor.c.obj (.const)
                  0000ada8    00000008     wave_gen.obj (.const)
                  0000adb0    00000004     rts2800_fpu32_eabi.lib : k_rem_pio2.c.obj (.const:init_jk)
                  0000adb4    00000004                            : s_cos.c.obj (.const)
                  0000adb8    00000004                            : s_sin.c.obj (.const)

.data      1    00017000    000007fb     UNINITIALIZED
                  00017000    000001f4     adc_ex11_multiple_soc_epwm.obj (.data:adcAResults)
                  000171f4    000001f4     adc_ex11_multiple_soc_epwm.obj (.data:adcBResults)
                  000173e8    000001f4     adc_ex11_multiple_soc_epwm.obj (.data:signal1cos)
                  000175dc    000001f4     adc_ex11_multiple_soc_epwm.obj (.data:signal1sin)
                  000177d0    0000001a     adc_ex11_multiple_soc_epwm.obj (.data)
                  000177ea    00000006     device.obj (.data)
                  000177f0    00000006     rts2800_fpu32_eabi.lib : exit.c.obj (.data)
                  000177f6    00000002                            : _lock.c.obj (.data:_lock)
                  000177f8    00000002                            : _lock.c.obj (.data:_unlock)
                  000177fa    00000001                            : errno.c.obj (.data)

.TI.ramfunc 
*          0    00000123    00000004     
                  00000123    00000004     driverlib_eabi.lib : sysctl.obj (.TI.ramfunc)

GETBUFFER 
*          0    0003f800    00000000     DSECT

GETWRITEIDX 
*          0    0003f800    00000000     DSECT

PUTREADIDX 
*          0    0003f800    00000000     DSECT

.text.1    1    0000e000    00001000     
                  0000e000    0000085e     adc_ex11_multiple_soc_epwm.obj (.text)
                  0000e85e    0000067d     rts2800_fpu32_eabi.lib : k_rem_pio2.c.obj (.text)
                  0000eedb    00000125                            : k_sin.c.obj (.text)

.text.2    1    0000f000    00001000     
                  0000f000    00000431     rts2800_fpu32_eabi.lib : e_rem_pio2.c.obj (.text)
                  0000f431    000003fa     device.obj (.text)
                  0000f82b    00000207     driverlib_eabi.lib : sysctl.obj (.text:SysCtl_setClock)
                  0000fa32    00000113     rts2800_fpu32_eabi.lib : k_cos.c.obj (.text)
                  0000fb45    00000111     data_packer.obj (.text)
                  0000fc56    000000e8     rts2800_fpu32_eabi.lib : s_floor.c.obj (.text)
                  0000fd3e    000000ce                            : s_cos.c.obj (.text)
                  0000fe0c    000000cb                            : s_sin.c.obj (.text)
                  0000fed7    000000bd     wave_gen.obj (.text)
                  0000ff94    0000006b     driverlib_eabi.lib : sysctl.obj (.text:SysCtl_selectXTAL)
                  0000ffff    00000001     rts2800_fpu32_eabi.lib : startup.c.obj (.text)

.text.3    1    00010000    00000c60     
                  00010000    000000a9     rts2800_fpu32_eabi.lib : s_scalbn.c.obj (.text)
                  000100a9    0000009c                            : fd_add28.asm.obj (.text)
                  00010145    00000094                            : s_round.c.obj (.text)
                  000101d9    00000091     adc_ex11_multiple_soc_epwm.obj (.text:retain)
                  0001026a    00000088     rts2800_fpu32_eabi.lib : fs_div28.asm.obj (.text)
                  000102f2    00000083                            : fd_mpy28.asm.obj (.text)
                  00010375    00000073     driverlib_eabi.lib : adc.obj (.text:ADC_setINLTrim)
                  000103e8    00000068                        : sysctl.obj (.text:SysCtl_getDeviceParametric)
                  00010450    00000064                        : adc.obj (.text:ADC_setOffsetTrim)
                  000104b4    00000054                        : sysctl.obj (.text:SysCtl_selectOscSource)
                  00010508    00000052                        : gpio.obj (.text:GPIO_setPadConfig)
                  0001055a    00000051                        : sysctl.obj (.text:SysCtl_getClock)
                  000105ab    00000046                        : sci.obj (.text:SCI_clearInterruptStatus)
                  000105f1    00000041                        : sci.obj (.text:SCI_writeCharArray)
                  00010632    0000003e                        : sci.obj (.text:SCI_setConfig)
                  00010670    0000003d                        : interrupt.obj (.text:Interrupt_initModule)
                  000106ad    00000038                        : gpio.obj (.text:GPIO_setMasterCore)
                  000106e5    00000038                        : gpio.obj (.text:GPIO_setQualificationMode)
                  0001071d    00000037                        : gpio.obj (.text:GPIO_setPinConfig)
                  00010754    00000034                        : interrupt.obj (.text:Interrupt_enable)
                  00010788    00000031                        : gpio.obj (.text:GPIO_setDirectionMode)
                  000107b9    0000002f                        : adc.obj (.text:ADC_setMode)
                  000107e8    0000002e     rts2800_fpu32_eabi.lib : copy_decompress_lzss.c.obj (.text:decompress:lzss)
                  00010816    0000002b                            : autoinit.c.obj (.text:__TI_auto_init_nobinit_nopinit)
                  00010841    0000002a                            : fd_cmp28.asm.obj (.text)
                  0001086b    00000029                            : exit.c.obj (.text)
                  00010894    00000024     driverlib_eabi.lib : sysctl.obj (.text:CPUTimer_selectClockSource)
                  000108b8    00000024     rts2800_fpu32_eabi.lib : s_copysign.c.obj (.text)
                  000108dc    00000022     driverlib_eabi.lib : sci.obj (.text:SCI_isFIFOEnabled)
                  000108fe    00000022     rts2800_fpu32_eabi.lib : i_div28.asm.obj (.text)
                  00010920    00000021                            : fd_toi28.asm.obj (.text)
                  00010941    00000020     driverlib_eabi.lib : sysctl.obj (.text:CPUTimer_getTimerOverflowStatus)
                  00010961    0000001f                        : adc.obj (.text:ADC_isBaseValid)
                  00010980    0000001f                        : sci.obj (.text:SCI_isBaseValid)
                  0001099f    0000001f     rts2800_fpu32_eabi.lib : fd_tol28.asm.obj (.text)
                  000109be    0000001e     driverlib_eabi.lib : interrupt.obj (.text:Interrupt_initVectorTable)
                  000109dc    0000001d     rts2800_fpu32_eabi.lib : i_tofd28.asm.obj (.text)
                  000109f9    0000001d                            : memcpy.c.obj (.text)
                  00010a16    0000001c                            : fs_tofdfpu32.asm.obj (.text)
                  00010a32    0000001c                            : l_tofd28.asm.obj (.text)
                  00010a4e    0000001b     driverlib_eabi.lib : sysctl.obj (.text:CPUTimer_startTimer)
                  00010a69    0000001b                        : sci.obj (.text:SCI_isSpaceAvailableNonFIFO)
                  00010a84    0000001b     dmac1.obj (.text)
                  00010a9f    0000001a     driverlib_eabi.lib : sysctl.obj (.text:CPUTimer_isBaseValid)
                  00010ab9    0000001a                        : sysctl.obj (.text:SysCtl_getLowSpeedClock)
                  00010ad3    00000019                        : sci.obj (.text:SCI_disableModule)
                  00010aec    00000019                        : sci.obj (.text:SCI_performSoftwareReset)
                  00010b05    00000019                        : sysctl.obj (.text:SysCtl_pollCpuTimer)
                  00010b1e    00000018     rts2800_fpu32_eabi.lib : ll_aox28.asm.obj (.text)
                  00010b36    00000017                            : boot28.asm.obj (.text)
                  00010b4d    00000015     driverlib_eabi.lib : sci.obj (.text:SCI_getTxFIFOStatus)
                  00010b62    00000014                        : sysctl.obj (.text:CPUTimer_stopTimer)
                  00010b76    00000014                        : sci.obj (.text:SCI_enableModule)
                  00010b8a    00000012                        : sysctl.obj (.text:CPUTimer_clearOverflowFlag)
                  00010b9c    00000012                        : sysctl.obj (.text:CPUTimer_disableInterrupt)
                  00010bae    00000012                        : sysctl.obj (.text:CPUTimer_setPeriod)
                  00010bc0    0000000e                        : gpio.obj (.text:GPIO_isPinValid)
                  00010bce    0000000e                        : interrupt.obj (.text:Interrupt_defaultHandler)
                  00010bdc    0000000e     rts2800_fpu32_eabi.lib : fd_sub28.asm.obj (.text)
                  00010bea    0000000d     driverlib_eabi.lib : interrupt.obj (.text:Interrupt_disableMaster)
                  00010bf7    0000000d                        : interrupt.obj (.text:Interrupt_enableMaster)
                  00010c04    0000000d     rts2800_fpu32_eabi.lib : copy_zero_init.c.obj (.text:decompress:ZI:__TI_zero_init_nomemset)
                  00010c11    0000000c                            : args_main.c.obj (.text)
                  00010c1d    0000000b     driverlib_eabi.lib : sysctl.obj (.text:SysCtl_isMCDClockFailureDetected)
                  00010c28    00000009                        : sysctl.obj (.text:SysCtl_serviceWatchdog)
                  00010c31    00000009     rts2800_fpu32_eabi.lib : _lock.c.obj (.text)
                  00010c3a    00000009                            : fd_neg28.asm.obj (.text)
                  00010c43    00000008     F2837xD_CodeStartBranch.obj (.text)
                  00010c4b    00000008     rts2800_fpu32_eabi.lib : copy_decompress_none.c.obj (.text:decompress:none)
                  00010c53    00000007     driverlib_eabi.lib : sysctl.obj (.text:SysCtl_resetMCD)
                  00010c5a    00000002                        : interrupt.obj (.text:Interrupt_illegalOperationHandler)
                  00010c5c    00000002                        : interrupt.obj (.text:Interrupt_nmiHandler)
                  00010c5e    00000002     rts2800_fpu32_eabi.lib : pre_init.c.obj (.text)

MODULE SUMMARY

       Module                           code    ro data   rw data
       ------                           ----    -------   -------
    .\
       adc_ex11_multiple_soc_epwm.obj   2287    288       2028   
       data_packer.obj                  273     0         0      
       wave_gen.obj                     189     8         0      
       dmac1.obj                        27      0         0      
    +--+--------------------------------+-------+---------+---------+
       Total:                           2776    296       2028   
                                                                 
    .\device\
       device.obj                       1018    19        6      
       F2837xD_CodeStartBranch.obj      10      0         0      
    +--+--------------------------------+-------+---------+---------+
       Total:                           1028    19        6      
                                                                 
    C:\ti\c2000\C2000Ware_4_01_00_00\driverlib\f2837xd\driverlib\ccs\Debug\driverlib_eabi.lib
       sysctl.obj                       1172    194       0      
       sci.obj                          380     187       0      
       gpio.obj                         312     188       0      
       adc.obj                          293     93        0      
       interrupt.obj                    187     0         0      
    +--+--------------------------------+-------+---------+---------+
       Total:                           2344    662       0      
                                                                 
    C:\ti\ccs1210\ccs\tools\compiler\ti-cgt-c2000_22.6.0.LTS\lib\rts2800_fpu32_eabi.lib
       k_rem_pio2.c.obj                 1661    212       0      
       e_rem_pio2.c.obj                 1073    100       0      
       k_sin.c.obj                      293     56        0      
       k_cos.c.obj                      275     60        0      
       s_floor.c.obj                    232     12        0      
       s_cos.c.obj                      206     4         0      
       s_sin.c.obj                      203     4         0      
       s_scalbn.c.obj                   169     28        0      
       fd_add28.asm.obj                 156     0         0      
       s_round.c.obj                    148     8         0      
       fs_div28.asm.obj                 136     0         0      
       fd_mpy28.asm.obj                 131     0         0      
       exit.c.obj                       41      0         6      
       copy_decompress_lzss.c.obj       46      0         0      
       autoinit.c.obj                   43      0         0      
       fd_cmp28.asm.obj                 42      0         0      
       s_copysign.c.obj                 36      0         0      
       i_div28.asm.obj                  34      0         0      
       fd_toi28.asm.obj                 33      0         0      
       fd_tol28.asm.obj                 31      0         0      
       i_tofd28.asm.obj                 29      0         0      
       memcpy.c.obj                     29      0         0      
       fs_tofdfpu32.asm.obj             28      0         0      
       l_tofd28.asm.obj                 28      0         0      
       ll_aox28.asm.obj                 24      0         0      
       boot28.asm.obj                   23      0         0      
       fd_sub28.asm.obj                 14      0         0      
       _lock.c.obj                      9       0         4      
       copy_zero_init.c.obj             13      0         0      
       args_main.c.obj                  12      0         0      
       fd_neg28.asm.obj                 9       0         0      
       copy_decompress_none.c.obj       8       0         0      
       pre_init.c.obj                   2       0         0      
       errno.c.obj                      0       0         1      
       startup.c.obj                    1       0         0      
    +--+--------------------------------+-------+---------+---------+
       Total:                           5218    484       11     
                                                                 
       Stack:                           0       0         1016   
       Linker Generated:                0       36        0      
    +--+--------------------------------+-------+---------+---------+
       Grand Total:                     11366   1497      3061   


LINKER GENERATED COPY TABLES

__TI_cinit_table @ 00000144 records: 2, size/record: 4, table size: 8
	.data: load addr=00000128, load size=00000012 bytes, run addr=00017000, run size=000007fb bytes, compression=lzss
	.bss: load addr=00000140, load size=00000004 bytes, run addr=0000adbc, run size=00000002 bytes, compression=zero_init


LINKER GENERATED HANDLER TABLE

__TI_handler_table @ 0000013a records: 3, size/record: 2, table size: 6
	index: 0, handler: __TI_zero_init
	index: 1, handler: __TI_decompress_lzss
	index: 2, handler: __TI_decompress_none


GLOBAL DATA SYMBOLS: SORTED BY DATA PAGE

address     data page           name
--------    ----------------    ----
00000400      10 (00000400)     __stack

0000adbc     2b6 (0000ad80)     adcAResult
0000adbd     2b6 (0000ad80)     adcBResult

00017000     5c0 (00017000)     adcAResults

000171f4     5c7 (000171c0)     adcBResults

000173e8     5cf (000173c0)     signal1cos

000175dc     5d7 (000175c0)     signal1sin

000177d0     5df (000177c0)     vGain
000177d1     5df (000177c0)     iGain
000177d2     5df (000177c0)     halfFilled
000177d3     5df (000177c0)     fullFilled
000177d4     5df (000177c0)     dacOut
000177d5     5df (000177c0)     loopCounter
000177d6     5df (000177c0)     packetNumber
000177d7     5df (000177c0)     mode
000177d8     5df (000177c0)     excitIndex
000177da     5df (000177c0)     adcCResult
000177dc     5df (000177c0)     accumC
000177de     5df (000177c0)     counter
000177e0     5df (000177c0)     timer
000177ea     5df (000177c0)     Example_Result
000177ec     5df (000177c0)     Example_PassCount
000177ee     5df (000177c0)     Example_Fail
000177f0     5df (000177c0)     __TI_enable_exit_profile_output
000177f2     5df (000177c0)     __TI_cleanup_ptr
000177f4     5df (000177c0)     __TI_dtors_ptr
000177f6     5df (000177c0)     _lock
000177f8     5df (000177c0)     _unlock
000177fa     5df (000177c0)     errno


GLOBAL SYMBOLS: SORTED ALPHABETICALLY BY Name 

page  address   name                                     
----  -------   ----                                     
1     00010375  ADC_setINLTrim                           
1     000107b9  ADC_setMode                              
1     00010450  ADC_setOffsetTrim                        
1     0001086b  C$$EXIT                                  
1     0000f69f  Device_bootCPU2                          
1     0000f66e  Device_configureTMXAnalogTrim            
1     0000f51c  Device_enableAllPeripherals              
1     0000f658  Device_enableUnbondedGPIOPullups         
1     0000f63b  Device_enableUnbondedGPIOPullupsFor100Pin
1     0000f628  Device_enableUnbondedGPIOPullupsFor176Pin
1     0000f4dc  Device_init                              
1     0000f607  Device_initGPIO                          
1     000177ee  Example_Fail                             
1     000177ec  Example_PassCount                        
1     000177ea  Example_Result                           
1     0000f82a  Example_done                             
1     0000f825  Example_setResultFail                    
1     0000f820  Example_setResultPass                    
1     00010788  GPIO_setDirectionMode                    
1     000106ad  GPIO_setMasterCore                       
1     00010508  GPIO_setPadConfig                        
1     0001071d  GPIO_setPinConfig                        
1     000106e5  GPIO_setQualificationMode                
1     00010754  Interrupt_enable                         
1     00010670  Interrupt_initModule                     
1     000109be  Interrupt_initVectorTable                
1     000105ab  SCI_clearInterruptStatus                 
1     00010632  SCI_setConfig                            
1     000105f1  SCI_writeCharArray                       
0     00000123  SysCtl_delay                             
1     0001055a  SysCtl_getClock                          
1     000103e8  SysCtl_getDeviceParametric               
1     00010ab9  SysCtl_getLowSpeedClock                  
1     000104b4  SysCtl_selectOscSource                   
1     0000ff94  SysCtl_selectXTAL                        
1     0000f82b  SysCtl_setClock                          
0     00000144  __TI_CINIT_Base                          
0     0000014c  __TI_CINIT_Limit                         
0     0000014c  __TI_CINIT_Warm                          
0     0000013a  __TI_Handler_Table_Base                  
0     00000140  __TI_Handler_Table_Limit                 
1     000007f8  __TI_STACK_END                           
abs   000003f8  __TI_STACK_SIZE                          
1     00010816  __TI_auto_init_nobinit_nopinit           
1     000177f2  __TI_cleanup_ptr                         
1     000107e8  __TI_decompress_lzss                     
1     00010c4b  __TI_decompress_none                     
1     000177f4  __TI_dtors_ptr                           
1     000177f0  __TI_enable_exit_profile_output          
abs   ffffffff  __TI_pprof_out_hndl                      
abs   ffffffff  __TI_prof_data_size                      
abs   ffffffff  __TI_prof_data_start                     
1     00010c04  __TI_zero_init_nomemset                  
1     000100a9  __c28xabi_addd                           
1     00010b1e  __c28xabi_andll                          
1     00010841  __c28xabi_cmpd                           
1     0001026a  __c28xabi_divf                           
1     000108fe  __c28xabi_divi                           
1     00010920  __c28xabi_dtoi                           
1     0001099f  __c28xabi_dtol                           
1     00010a16  __c28xabi_ftod                           
1     000109dc  __c28xabi_itod                           
1     00010a32  __c28xabi_ltod                           
1     0001090f  __c28xabi_modi                           
1     000102f2  __c28xabi_mpyd                           
1     00010c3a  __c28xabi_negd                           
1     00010b26  __c28xabi_orll                           
1     00010bdc  __c28xabi_subd                           
1     00010b2e  __c28xabi_xorll                          
n/a   UNDEFED   __c_args__                               
1     0000f819  __error__                                
1     0000fa32  __kernel_cos                             
1     0000e85e  __kernel_rem_pio2                        
1     0000eedb  __kernel_sin                             
1     0000f000  __rem_pio2                               
1     00000400  __stack                                  
1     00010c11  _args_main                               
1     00010b36  _c_int00                                 
1     00010a84  _dmac                                    
1     000177f6  _lock                                    
1     00010c39  _nop                                     
1     00010c35  _register_lock                           
1     00010c31  _register_unlock                         
1     0000ffff  _system_post_cinit                       
1     00010c5e  _system_pre_init                         
1     000177f8  _unlock                                  
1     0001086b  abort                                    
1     000177dc  accumC                                   
1     000101d9  adcA1ISR                                 
1     0000adbc  adcAResult                               
1     00017000  adcAResults                              
1     0000adbd  adcBResult                               
1     000171f4  adcBResults                              
1     000177da  adcCResult                               
0     00000000  code_start                               
1     0000e7a8  configureADC                             
1     000108b8  copysign                                 
1     000108b8  copysignl                                
1     0000fd3e  cos                                      
1     0000fd3e  cosl                                     
1     000177de  counter                                  
1     000177d4  dacOut                                   
1     000177fa  errno                                    
1     000177d8  excitIndex                               
1     0001086d  exit                                     
1     0000fc56  floor                                    
1     0000fc56  floorl                                   
1     000177d3  fullFilled                               
1     000177d2  halfFilled                               
1     000177d1  iGain                                    
1     0000e7e8  initADCSOC                               
1     0000e7c0  initEPWM_ADC                             
1     0000e81c  initEPWM_chopper                         
1     00010000  ldexp                                    
1     00010000  ldexpl                                   
1     000177d5  loopCounter                              
1     0000e4e0  main                                     
1     000109f9  memcpy                                   
1     000177d7  mode                                     
1     0000fb45  pack                                     
1     000177d6  packetNumber                             
1     00010145  round                                    
1     00010145  roundl                                   
1     00010000  scalbn                                   
1     00010000  scalbnl                                  
1     0000fed7  sigGen                                   
1     000173e8  signal1cos                               
1     000175dc  signal1sin                               
1     0000fe0c  sin                                      
1     0000fe0c  sinl                                     
1     000177e0  timer                                    
1     000177d0  vGain                                    


GLOBAL SYMBOLS: SORTED BY Symbol Address 

page  address   name                                     
----  -------   ----                                     
0     00000000  code_start                               
0     00000123  SysCtl_delay                             
0     0000013a  __TI_Handler_Table_Base                  
0     00000140  __TI_Handler_Table_Limit                 
0     00000144  __TI_CINIT_Base                          
0     0000014c  __TI_CINIT_Limit                         
0     0000014c  __TI_CINIT_Warm                          
1     00000400  __stack                                  
1     000007f8  __TI_STACK_END                           
1     0000adbc  adcAResult                               
1     0000adbd  adcBResult                               
1     0000e4e0  main                                     
1     0000e7a8  configureADC                             
1     0000e7c0  initEPWM_ADC                             
1     0000e7e8  initADCSOC                               
1     0000e81c  initEPWM_chopper                         
1     0000e85e  __kernel_rem_pio2                        
1     0000eedb  __kernel_sin                             
1     0000f000  __rem_pio2                               
1     0000f4dc  Device_init                              
1     0000f51c  Device_enableAllPeripherals              
1     0000f607  Device_initGPIO                          
1     0000f628  Device_enableUnbondedGPIOPullupsFor176Pin
1     0000f63b  Device_enableUnbondedGPIOPullupsFor100Pin
1     0000f658  Device_enableUnbondedGPIOPullups         
1     0000f66e  Device_configureTMXAnalogTrim            
1     0000f69f  Device_bootCPU2                          
1     0000f819  __error__                                
1     0000f820  Example_setResultPass                    
1     0000f825  Example_setResultFail                    
1     0000f82a  Example_done                             
1     0000f82b  SysCtl_setClock                          
1     0000fa32  __kernel_cos                             
1     0000fb45  pack                                     
1     0000fc56  floor                                    
1     0000fc56  floorl                                   
1     0000fd3e  cos                                      
1     0000fd3e  cosl                                     
1     0000fe0c  sin                                      
1     0000fe0c  sinl                                     
1     0000fed7  sigGen                                   
1     0000ff94  SysCtl_selectXTAL                        
1     0000ffff  _system_post_cinit                       
1     00010000  ldexp                                    
1     00010000  ldexpl                                   
1     00010000  scalbn                                   
1     00010000  scalbnl                                  
1     000100a9  __c28xabi_addd                           
1     00010145  round                                    
1     00010145  roundl                                   
1     000101d9  adcA1ISR                                 
1     0001026a  __c28xabi_divf                           
1     000102f2  __c28xabi_mpyd                           
1     00010375  ADC_setINLTrim                           
1     000103e8  SysCtl_getDeviceParametric               
1     00010450  ADC_setOffsetTrim                        
1     000104b4  SysCtl_selectOscSource                   
1     00010508  GPIO_setPadConfig                        
1     0001055a  SysCtl_getClock                          
1     000105ab  SCI_clearInterruptStatus                 
1     000105f1  SCI_writeCharArray                       
1     00010632  SCI_setConfig                            
1     00010670  Interrupt_initModule                     
1     000106ad  GPIO_setMasterCore                       
1     000106e5  GPIO_setQualificationMode                
1     0001071d  GPIO_setPinConfig                        
1     00010754  Interrupt_enable                         
1     00010788  GPIO_setDirectionMode                    
1     000107b9  ADC_setMode                              
1     000107e8  __TI_decompress_lzss                     
1     00010816  __TI_auto_init_nobinit_nopinit           
1     00010841  __c28xabi_cmpd                           
1     0001086b  C$$EXIT                                  
1     0001086b  abort                                    
1     0001086d  exit                                     
1     000108b8  copysign                                 
1     000108b8  copysignl                                
1     000108fe  __c28xabi_divi                           
1     0001090f  __c28xabi_modi                           
1     00010920  __c28xabi_dtoi                           
1     0001099f  __c28xabi_dtol                           
1     000109be  Interrupt_initVectorTable                
1     000109dc  __c28xabi_itod                           
1     000109f9  memcpy                                   
1     00010a16  __c28xabi_ftod                           
1     00010a32  __c28xabi_ltod                           
1     00010a84  _dmac                                    
1     00010ab9  SysCtl_getLowSpeedClock                  
1     00010b1e  __c28xabi_andll                          
1     00010b26  __c28xabi_orll                           
1     00010b2e  __c28xabi_xorll                          
1     00010b36  _c_int00                                 
1     00010bdc  __c28xabi_subd                           
1     00010c04  __TI_zero_init_nomemset                  
1     00010c11  _args_main                               
1     00010c31  _register_unlock                         
1     00010c35  _register_lock                           
1     00010c39  _nop                                     
1     00010c3a  __c28xabi_negd                           
1     00010c4b  __TI_decompress_none                     
1     00010c5e  _system_pre_init                         
1     00017000  adcAResults                              
1     000171f4  adcBResults                              
1     000173e8  signal1cos                               
1     000175dc  signal1sin                               
1     000177d0  vGain                                    
1     000177d1  iGain                                    
1     000177d2  halfFilled                               
1     000177d3  fullFilled                               
1     000177d4  dacOut                                   
1     000177d5  loopCounter                              
1     000177d6  packetNumber                             
1     000177d7  mode                                     
1     000177d8  excitIndex                               
1     000177da  adcCResult                               
1     000177dc  accumC                                   
1     000177de  counter                                  
1     000177e0  timer                                    
1     000177ea  Example_Result                           
1     000177ec  Example_PassCount                        
1     000177ee  Example_Fail                             
1     000177f0  __TI_enable_exit_profile_output          
1     000177f2  __TI_cleanup_ptr                         
1     000177f4  __TI_dtors_ptr                           
1     000177f6  _lock                                    
1     000177f8  _unlock                                  
1     000177fa  errno                                    
abs   000003f8  __TI_STACK_SIZE                          
abs   ffffffff  __TI_pprof_out_hndl                      
abs   ffffffff  __TI_prof_data_size                      
abs   ffffffff  __TI_prof_data_start                     
n/a   UNDEFED   __c_args__                               

[132 symbols]
