******************************************************************************
             TMS320C2000 Linker PC v22.6.0                     
******************************************************************************
>> Linked Mon Jun 10 19:23:43 2024

OUTPUT FILE NAME:   <Blue_ECG_ICG_PPG_V6_cpu01.out>
ENTRY POINT SYMBOL: "code_start"  address: 00080000


MEMORY CONFIGURATION

         name            origin    length      used     unused   attr    fill
----------------------  --------  ---------  --------  --------  ----  --------
PAGE 0:
  RAMM0                 00000123   000002dd  00000000  000002dd  RWIX
  RAMLS0                00008000   00000800  00000139  000006c7  RWIX
  RAMD0                 0000b000   00000800  00000000  00000800  RWIX
  BEGIN                 00080000   00000002  00000002  00000000  RWIX
  FLASHA                00080002   00001ffe  00000000  00001ffe  RWIX
  FLASHB                00082000   00002000  00000000  00002000  RWIX
  FLASHC                00084000   00002000  00000000  00002000  RWIX
  FLASHD                00086000   00002000  00000139  00001ec7  RWIX
  FLASHE                00088000   00008000  00000094  00007f6c  RWIX
  FLASHF                00090000   00008000  00000000  00008000  RWIX
  FLASHG                00098000   00008000  00003e1b  000041e5  RWIX
  FLASHH                000a0000   00008000  00000000  00008000  RWIX
  FLASHI                000a8000   00008000  00000000  00008000  RWIX
  FLASHJ                000b0000   00008000  00000000  00008000  RWIX
  FLASHK                000b8000   00002000  00000000  00002000  RWIX
  FLASHL                000ba000   00002000  00000000  00002000  RWIX
  FLASHM                000bc000   00002000  00000a6c  00001594  RWIX
  FLASHN                000be000   00001ff0  00000000  00001ff0  RWIX
  RESET                 003fffc0   00000002  00000000  00000002  RWIX

PAGE 1:
  BOOT_RSVD             00000002   00000121  00000000  00000121  RWIX
  RAMM1                 00000400   000003f8  000003f8  00000000  RWIX
  ADCARESULT            00000b00   00000018  00000000  00000018  RWIX
  ADCBRESULT            00000b20   00000018  00000000  00000018  RWIX
  ADCCRESULT            00000b40   00000018  00000000  00000018  RWIX
  ADCDRESULT            00000b60   00000018  00000000  00000018  RWIX
  CPUTIMER0             00000c00   00000008  00000000  00000008  RWIX
  CPUTIMER1             00000c08   00000008  00000000  00000008  RWIX
  CPUTIMER2             00000c10   00000008  00000000  00000008  RWIX
  PIECTRL               00000ce0   0000001a  0000001a  00000000  RWIX
  PIEVECTTABLE          00000d00   00000200  00000000  00000200  RWIX
  DMA                   00001000   00000200  000000e0  00000120  RWIX
  CLA1                  00001400   00000080  00000000  00000080  RWIX
  CLB1LOGICCFG          00003000   00000052  00000000  00000052  RWIX
  CLB1LOGICCTRL         00003100   00000040  00000000  00000040  RWIX
  CLB1DATAEXCH          00003200   00000200  00000000  00000200  RWIX
  CLB2LOGICCFG          00003400   00000052  00000000  00000052  RWIX
  CLB2LOGICCTRL         00003500   00000040  00000000  00000040  RWIX
  CLB2DATAEXCH          00003600   00000200  00000000  00000200  RWIX
  CLB3LOGICCFG          00003800   00000052  00000000  00000052  RWIX
  CLB3LOGICCTRL         00003900   00000040  00000000  00000040  RWIX
  CLB3DATAEXCH          00003a00   00000200  00000000  00000200  RWIX
  CLB4LOGICCFG          00003c00   00000052  00000000  00000052  RWIX
  CLB4LOGICCTRL         00003d00   00000040  00000000  00000040  RWIX
  CLB4DATAEXCH          00003e00   00000200  00000000  00000200  RWIX
  EPWM1                 00004000   00000100  00000000  00000100  RWIX
  EPWM2                 00004100   00000100  00000000  00000100  RWIX
  EPWM3                 00004200   00000100  00000000  00000100  RWIX
  EPWM4                 00004300   00000100  00000000  00000100  RWIX
  EPWM5                 00004400   00000100  00000000  00000100  RWIX
  EPWM6                 00004500   00000100  00000000  00000100  RWIX
  EPWM7                 00004600   00000100  00000000  00000100  RWIX
  EPWM8                 00004700   00000100  00000000  00000100  RWIX
  EPWM9                 00004800   00000100  00000000  00000100  RWIX
  EPWM10                00004900   00000100  00000000  00000100  RWIX
  EPWM11                00004a00   00000100  00000000  00000100  RWIX
  EPWM12                00004b00   00000100  00000000  00000100  RWIX
  ECAP1                 00005000   00000020  00000000  00000020  RWIX
  ECAP2                 00005020   00000020  00000000  00000020  RWIX
  ECAP3                 00005040   00000020  00000000  00000020  RWIX
  ECAP4                 00005060   00000020  00000000  00000020  RWIX
  ECAP5                 00005080   00000020  00000000  00000020  RWIX
  ECAP6                 000050a0   00000020  00000000  00000020  RWIX
  EQEP1                 00005100   00000022  00000000  00000022  RWIX
  EQEP2                 00005140   00000022  00000000  00000022  RWIX
  EQEP3                 00005180   00000022  00000000  00000022  RWIX
  DACA                  00005c00   00000008  00000007  00000001  RWIX
  DACB                  00005c10   00000008  00000007  00000001  RWIX
  DACC                  00005c20   00000008  00000007  00000001  RWIX
  CMPSS1                00005c80   00000020  00000000  00000020  RWIX
  CMPSS2                00005ca0   00000020  00000000  00000020  RWIX
  CMPSS3                00005cc0   00000020  00000000  00000020  RWIX
  CMPSS4                00005ce0   00000020  00000000  00000020  RWIX
  CMPSS5                00005d00   00000020  00000000  00000020  RWIX
  CMPSS6                00005d20   00000020  00000000  00000020  RWIX
  CMPSS7                00005d40   00000020  00000000  00000020  RWIX
  CMPSS8                00005d60   00000020  00000000  00000020  RWIX
  SDFM1                 00005e00   00000080  00000000  00000080  RWIX
  SDFM2                 00005e80   00000080  00000000  00000080  RWIX
  MCBSPA                00006000   00000024  00000000  00000024  RWIX
  MCBSPB                00006040   00000024  00000000  00000024  RWIX
  SPIA                  00006100   00000010  00000000  00000010  RWIX
  SPIB                  00006110   00000010  00000000  00000010  RWIX
  SPIC                  00006120   00000010  00000000  00000010  RWIX
  UPP                   00006200   00000048  00000000  00000048  RWIX
  WD                    00007000   0000002b  00000000  0000002b  RWIX
  NMIINTRUPT            00007060   00000007  00000000  00000007  RWIX
  XINT                  00007070   0000000b  00000000  0000000b  RWIX
  SCIA                  00007200   00000010  00000000  00000010  RWIX
  SCIB                  00007210   00000010  00000000  00000010  RWIX
  SCIC                  00007220   00000010  00000000  00000010  RWIX
  SCID                  00007230   00000010  00000000  00000010  RWIX
  I2CA                  00007300   00000022  00000000  00000022  RWIX
  I2CB                  00007340   00000022  00000000  00000022  RWIX
  ADCA                  00007400   00000080  00000000  00000080  RWIX
  ADCB                  00007480   00000080  00000000  00000080  RWIX
  ADCC                  00007500   00000080  00000000  00000080  RWIX
  ADCD                  00007580   00000080  00000000  00000080  RWIX
  INPUTXBAR             00007900   00000020  00000000  00000020  RWIX
  XBAR                  00007920   00000020  00000000  00000020  RWIX
  SYNCSOC               00007940   00000006  00000000  00000006  RWIX
  DMACLASRCSEL          00007980   0000001a  0000001a  00000000  RWIX
  EPWMXBAR              00007a00   00000040  00000000  00000040  RWIX
  CLBXBAR               00007a40   00000040  00000000  00000040  RWIX
  OUTPUTXBAR            00007a80   00000040  00000000  00000040  RWIX
  GPIOCTRL              00007c00   00000180  00000000  00000180  RWIX
  GPIODATA              00007f00   00000030  00000000  00000030  RWIX
  RAMLS1                00008800   00000800  00000000  00000800  RWIX
  RAMLS2                00009000   00000800  00000000  00000800  RWIX
  RAMLS3                00009800   00000800  00000000  00000800  RWIX
  RAMLS4                0000a000   00000800  00000000  00000800  RWIX
  RAMLS5                0000a800   00000800  00000000  00000800  RWIX
  RAMD1                 0000b800   00000800  00000000  00000800  RWIX
  RAMGS0                0000c000   00001000  00000001  00000fff  RWIX
  RAMGS1                0000d000   00001000  00000003  00000ffd  RWIX
  RAMGS2                0000e000   00001000  00000008  00000ff8  RWIX
  RAMGS3                0000f000   00001000  00000000  00001000  RWIX
  RAMGS4                00010000   00001000  00000000  00001000  RWIX
  RAMGS5                00011000   00001000  0000067b  00000985  RWIX
  RAMGS6                00012000   00001000  00000000  00001000  RWIX
  RAMGS7                00013000   00001000  00000000  00001000  RWIX
  RAMGS8                00014000   00001000  00000000  00001000  RWIX
  RAMGS9                00015000   00001000  00000000  00001000  RWIX
  RAMGS10               00016000   00001000  00000000  00001000  RWIX
  RAMGS11               00017000   00001000  00000000  00001000  RWIX
  RAMGS12               00018000   00001000  00000000  00001000  RWIX
  RAMGS13               00019000   00001000  00000000  00001000  RWIX
  RAMGS14               0001a000   00001000  000003e8  00000c18  RWIX
  RAMGS15               0001b000   00000ff8  00000404  00000bf4  RWIX
  CPU2TOCPU1RAM         0003f800   00000400  00000000  00000400  RWIX
  CPU1TOCPU2RAM         0003fc00   00000400  00000000  00000400  RWIX
  EMIF1                 00047000   00000070  00000000  00000070  RWIX
  EMIF2                 00047800   00000070  00000000  00000070  RWIX
  CANA                  00048000   00000200  00000000  00000200  RWIX
  CANB                  0004a000   00000200  00000000  00000200  RWIX
  IPC                   00050000   00000024  00000000  00000024  RWIX
  FLASHPUMPSEMAPHORE    00050024   00000002  00000000  00000002  RWIX
  DEVCFG                0005d000   0000012e  00000000  0000012e  RWIX
  ANALOGSUBSYS          0005d180   00000048  00000000  00000048  RWIX
  CLKCFG                0005d200   00000032  00000000  00000032  RWIX
  CPUSYS                0005d300   00000082  00000082  00000000  RWIX
  ROMPREFETCH           0005e608   00000002  00000000  00000002  RWIX
  DCSMZ1                0005f000   00000024  00000000  00000024  RWIX
  DCSMZ2                0005f040   00000024  00000000  00000024  RWIX
  DCSMCOMMON            0005f070   00000008  00000000  00000008  RWIX
  MEMCFG                0005f400   00000080  00000000  00000080  RWIX
  EMIF1CONFIG           0005f480   00000020  00000000  00000020  RWIX
  EMIF2CONFIG           0005f4a0   00000020  00000000  00000020  RWIX
  ACCESSPROTECTION      0005f4c0   00000040  00000000  00000040  RWIX
  MEMORYERROR           0005f500   00000040  00000000  00000040  RWIX
  ROMWAITSTATE          0005f540   00000002  00000000  00000002  RWIX
  FLASH0CTRL            0005f800   00000182  00000000  00000182  RWIX
  FLASH0ECC             0005fb00   00000028  00000000  00000028  RWIX


SECTION ALLOCATION MAP

 output                                  attributes/
section   page    origin      length       input sections
--------  ----  ----------  ----------   ----------------
codestart 
*          0    00080000    00000002     
                  00080000    00000002     F2837xD_CodeStartBranch.obj (codestart)

.cinit     0    00088000    00000094     
                  00088000    0000005c     (.cinit..data.load) [load image, compression = lzss]
                  0008805c    00000006     (.cinit.ramgs15.load) [load image, compression = lzss]
                  00088062    00000006     (__TI_handler_table)
                  00088068    00000005     (.cinit.SHARERAMGS1.load) [load image, compression = lzss]
                  0008806d    00000001     --HOLE-- [fill = 0]
                  0008806e    00000004     (.cinit..bss.load) [load image, compression = zero_init]
                  00088072    00000004     (.cinit.SHARERAMGS0.load) [load image, compression = zero_init]
                  00088076    00000004     (.cinit.ramgs14.load) [load image, compression = zero_init]
                  0008807a    00000002     --HOLE-- [fill = 0]
                  0008807c    00000018     (__TI_cinit_table)

.stack     1    00000400    000003f8     UNINITIALIZED
                  00000400    000003f8     --HOLE--

.reset     0    003fffc0    00000000     DSECT

.init_array 
*          0    000ba000    00000000     UNINITIALIZED

.bss       1    0000e000    00000008     UNINITIALIZED
                  0000e000    00000008     exc_signal_dma.obj (.bss)

.TI.ramfunc 
*          0    00086000    00000139     RUN ADDR = 00008000
                  00086000    00000043     driverlib_eabi.lib : flash.obj (.TI.ramfunc:Flash_initModule)
                  00086043    0000002d                        : flash.obj (.TI.ramfunc:Flash_setBankPowerMode)
                  00086070    00000026                        : flash.obj (.TI.ramfunc:Flash_setWaitstates)
                  00086096    0000001e                        : flash.obj (.TI.ramfunc:Flash_setPumpPowerMode)
                  000860b4    0000001a                        : flash.obj (.TI.ramfunc:Flash_disableCache)
                  000860ce    0000001a                        : flash.obj (.TI.ramfunc:Flash_disablePrefetch)
                  000860e8    00000019                        : flash.obj (.TI.ramfunc:Flash_enableCache)
                  00086101    00000019                        : flash.obj (.TI.ramfunc:Flash_enablePrefetch)
                  0008611a    00000017                        : flash.obj (.TI.ramfunc:Flash_enableECC)
                  00086131    00000004     F2837xD_usDelay.obj (.TI.ramfunc)
                  00086135    00000004     driverlib_eabi.lib : sysctl.obj (.TI.ramfunc)

.data      1    00011000    0000067b     UNINITIALIZED
                  00011000    000001f4     main.obj (.data:adcAResults)
                  000111f4    000001f4     main.obj (.data:adcBResults)
                  000113e8    000001f4     main.obj (.data:adcCResults)
                  000115dc    0000001f     main.obj (.data:mux_outputs)
                  000115fb    00000001     funcs.obj (.data)
                  000115fc    00000004     exc_signal_dma.obj (.data)
                  00011600    0000002e     main.obj (.data)
                  0001162e    00000008     exc_signal_dma.obj (.data:DAC_PTR)
                  00011636    00000006     device.obj (.data)
                  0001163c    00000006     main.obj (.data:mux_inputs_1)
                  00011642    00000006     main.obj (.data:mux_inputs_2)
                  00011648    00000006     main.obj (.data:mux_inputs_3)
                  0001164e    00000006     main.obj (.data:mux_inputs_4)
                  00011654    00000006     main.obj (.data:mux_outputs_1)
                  0001165a    00000006     main.obj (.data:mux_outputs_2)
                  00011660    00000006     main.obj (.data:mux_outputs_3)
                  00011666    00000006     main.obj (.data:mux_outputs_4)
                  0001166c    00000006     rts2800_fpu32_eabi.lib : exit.c.obj (.data)
                  00011672    00000004     main.obj (.data:mux_inputs)
                  00011676    00000002     rts2800_fpu32_eabi.lib : _lock.c.obj (.data:_lock)
                  00011678    00000002                            : _lock.c.obj (.data:_unlock)
                  0001167a    00000001                            : errno.c.obj (.data)

.const     0    000bc000    00000a6c     
                  000bc000    000001c0     F2837xD_PieVect.obj (.const)
                  000bc1c0    00000164     main.obj (.const:.string)
                  000bc324    000000c2     driverlib_eabi.lib : sysctl.obj (.const:.string)
                  000bc3e6    000000bf                        : flash.obj (.const:.string)
                  000bc4a5    00000001     --HOLE-- [fill = 0]
                  000bc4a6    000000bc                        : gpio.obj (.const:.string)
                  000bc562    000000bb                        : sci.obj (.const:.string)
                  000bc61d    00000001     --HOLE-- [fill = 0]
                  000bc61e    000000bb                        : spi.obj (.const:.string)
                  000bc6d9    00000001     --HOLE-- [fill = 0]
                  000bc6da    00000087     funcs.obj (.const:.string)
                  000bc761    00000001     --HOLE-- [fill = 0]
                  000bc762    00000084     rts2800_fpu32_eabi.lib : k_rem_pio2.c.obj (.const:ipio2)
                  000bc7e6    00000013     device.obj (.const:.string)
                  000bc7f9    00000001     --HOLE-- [fill = 0]
                  000bc7fa    00000004     exc_signal_dma.obj (.const)
                  000bc7fe    00000002     --HOLE-- [fill = 0]
                  000bc800    00000064     rts2800_fpu32_eabi.lib : e_rem_pio2.c.obj (.const)
                  000bc864    00000060     driverlib_eabi.lib : memcfg.obj (.const:.string)
                  000bc8c4    0000005d                        : adc.obj (.const:.string)
                  000bc921    00000001     --HOLE-- [fill = 0]
                  000bc922    00000043     sci_b_esp32.obj (.const:.string)
                  000bc965    00000001     --HOLE-- [fill = 0]
                  000bc966    0000000c     rts2800_fpu32_eabi.lib : s_floor.c.obj (.const)
                  000bc972    00000008                            : s_round.c.obj (.const)
                  000bc97a    00000004                            : k_rem_pio2.c.obj (.const:init_jk)
                  000bc97e    00000002     --HOLE-- [fill = 0]
                  000bc980    0000003c                            : k_cos.c.obj (.const)
                  000bc9bc    00000004                            : s_cos.c.obj (.const)
                  000bc9c0    00000038                            : k_sin.c.obj (.const)
                  000bc9f8    00000008     wave_gen.obj (.const)
                  000bca00    0000002c     rts2800_fpu32_eabi.lib : k_rem_pio2.c.obj (.const)
                  000bca2c    00000020                            : k_rem_pio2.c.obj (.const:PIo2)
                  000bca4c    0000001c                            : s_scalbn.c.obj (.const)
                  000bca68    00000004                            : s_sin.c.obj (.const)

SHARERAMGS0 
*          1    0000c000    00000001     UNINITIALIZED
                  0000c000    00000001     main.obj (SHARERAMGS0)

SHARERAMGS1 
*          1    0000d000    00000003     UNINITIALIZED
                  0000d000    00000003     main.obj (SHARERAMGS1)

ramgs14    1    0001a000    000003e8     UNINITIALIZED
                  0001a000    000003e8     exc_signal_dma.obj (ramgs14)

ramgs15    1    0001b000    00000404     UNINITIALIZED
                  0001b000    00000404     main.obj (ramgs15)

GETBUFFER 
*          0    0003f800    00000000     DSECT

GETWRITEIDX 
*          0    0003f800    00000000     DSECT

PUTREADIDX 
*          0    0003f800    00000000     DSECT

DmaRegsFile 
*          1    00001000    000000e0     UNINITIALIZED
                  00001000    000000e0     F2837xD_GlobalVariableDefs.obj (DmaRegsFile)

DacaRegsFile 
*          1    00005c00    00000007     UNINITIALIZED
                  00005c00    00000007     F2837xD_GlobalVariableDefs.obj (DacaRegsFile)

DacbRegsFile 
*          1    00005c10    00000007     UNINITIALIZED
                  00005c10    00000007     F2837xD_GlobalVariableDefs.obj (DacbRegsFile)

DaccRegsFile 
*          1    00005c20    00000007     UNINITIALIZED
                  00005c20    00000007     F2837xD_GlobalVariableDefs.obj (DaccRegsFile)

CpuSysRegsFile 
*          1    0005d300    00000082     UNINITIALIZED
                  0005d300    00000082     F2837xD_GlobalVariableDefs.obj (CpuSysRegsFile)

DmaClaSrcSelRegsFile 
*          1    00007980    0000001a     UNINITIALIZED
                  00007980    0000001a     F2837xD_GlobalVariableDefs.obj (DmaClaSrcSelRegsFile)

PieCtrlRegsFile 
*          1    00000ce0    0000001a     UNINITIALIZED
                  00000ce0    0000001a     F2837xD_GlobalVariableDefs.obj (PieCtrlRegsFile)

.text      0    00098000    00003e1b     
                  00098000    00000a2a     main.obj (.text)
                  00098a2a    0000067d     rts2800_fpu32_eabi.lib : k_rem_pio2.c.obj (.text)
                  000990a7    00000585     F2837xD_DefaultISR.obj (.text:retain)
                  0009962c    00000431     rts2800_fpu32_eabi.lib : e_rem_pio2.c.obj (.text)
                  00099a5d    00000404     F2837xD_Dma.obj (.text)
                  00099e61    000003f9     device.obj (.text)
                  0009a25a    0000026a     funcs.obj (.text)
                  0009a4c4    00000215     data_packer.obj (.text)
                  0009a6d9    00000207     driverlib_eabi.lib : sysctl.obj (.text:SysCtl_setClock)
                  0009a8e0    00000125     rts2800_fpu32_eabi.lib : k_sin.c.obj (.text)
                  0009aa05    00000113     exc_signal_dma.obj (.text)
                  0009ab18    00000113     rts2800_fpu32_eabi.lib : k_cos.c.obj (.text)
                  0009ac2b    0000010a     sci_b_esp32.obj (.text)
                  0009ad35    000000ff     wave_gen.obj (.text)
                  0009ae34    000000e8     rts2800_fpu32_eabi.lib : s_floor.c.obj (.text)
                  0009af1c    000000ce                            : s_cos.c.obj (.text)
                  0009afea    000000cb                            : s_sin.c.obj (.text)
                  0009b0b5    000000a9                            : s_scalbn.c.obj (.text)
                  0009b15e    0000009c                            : fd_add28.asm.obj (.text)
                  0009b1fa    00000094                            : s_round.c.obj (.text)
                  0009b28e    00000088                            : fs_div28.asm.obj (.text)
                  0009b316    00000083                            : fd_mpy28.asm.obj (.text)
                  0009b399    00000073     driverlib_eabi.lib : adc.obj (.text:ADC_setINLTrim)
                  0009b40c    0000006b                        : sysctl.obj (.text:SysCtl_selectXTAL)
                  0009b477    00000068                        : sysctl.obj (.text:SysCtl_getDeviceParametric)
                  0009b4df    00000064                        : adc.obj (.text:ADC_setOffsetTrim)
                  0009b543    0000005c                        : spi.obj (.text:SPI_setConfig)
                  0009b59f    00000054                        : sysctl.obj (.text:SysCtl_selectOscSource)
                  0009b5f3    00000052                        : gpio.obj (.text:GPIO_setPadConfig)
                  0009b645    00000051                        : sysctl.obj (.text:SysCtl_getClock)
                  0009b696    00000046                        : sci.obj (.text:SCI_clearInterruptStatus)
                  0009b6dc    00000046     main.obj (.text:retain)
                  0009b722    00000041     driverlib_eabi.lib : sci.obj (.text:SCI_writeCharArray)
                  0009b763    0000003e                        : sci.obj (.text:SCI_setConfig)
                  0009b7a1    0000003d                        : interrupt.obj (.text:Interrupt_initModule)
                  0009b7de    00000038                        : gpio.obj (.text:GPIO_setMasterCore)
                  0009b816    00000038                        : gpio.obj (.text:GPIO_setQualificationMode)
                  0009b84e    00000037                        : gpio.obj (.text:GPIO_setPinConfig)
                  0009b885    00000034                        : interrupt.obj (.text:Interrupt_enable)
                  0009b8b9    00000031                        : gpio.obj (.text:GPIO_setDirectionMode)
                  0009b8ea    0000002f                        : adc.obj (.text:ADC_setMode)
                  0009b919    0000002e     rts2800_fpu32_eabi.lib : copy_decompress_lzss.c.obj (.text:decompress:lzss)
                  0009b947    0000002b                            : autoinit.c.obj (.text:__TI_auto_init_nobinit_nopinit)
                  0009b972    0000002a                            : fd_cmp28.asm.obj (.text)
                  0009b99c    00000029                            : exit.c.obj (.text)
                  0009b9c5    00000028     driverlib_eabi.lib : flash.obj (.text:Flash_setBankPowerUpDelay)
                  0009b9ed    00000027                        : memcfg.obj (.text:MemCfg_setGSRAMMasterSel)
                  0009ba14    00000024                        : sysctl.obj (.text:CPUTimer_selectClockSource)
                  0009ba38    00000024     rts2800_fpu32_eabi.lib : s_copysign.c.obj (.text)
                  0009ba5c    00000022     driverlib_eabi.lib : sci.obj (.text:SCI_isFIFOEnabled)
                  0009ba7e    00000022     rts2800_fpu32_eabi.lib : i_div28.asm.obj (.text)
                  0009baa0    00000021                            : fd_toi28.asm.obj (.text)
                  0009bac1    00000020     driverlib_eabi.lib : sysctl.obj (.text:CPUTimer_getTimerOverflowStatus)
                  0009bae1    0000001f                        : adc.obj (.text:ADC_isBaseValid)
                  0009bb00    0000001f                        : sci.obj (.text:SCI_isBaseValid)
                  0009bb1f    0000001f     rts2800_fpu32_eabi.lib : fd_tol28.asm.obj (.text)
                  0009bb3e    0000001e     driverlib_eabi.lib : interrupt.obj (.text:Interrupt_initVectorTable)
                  0009bb5c    0000001d     rts2800_fpu32_eabi.lib : i_tofd28.asm.obj (.text)
                  0009bb79    0000001d                            : memcpy.c.obj (.text)
                  0009bb96    0000001c                            : fs_tofdfpu32.asm.obj (.text)
                  0009bbb2    0000001c                            : l_tofd28.asm.obj (.text)
                  0009bbce    0000001b     driverlib_eabi.lib : sysctl.obj (.text:CPUTimer_startTimer)
                  0009bbe9    0000001b                        : sci.obj (.text:SCI_isSpaceAvailableNonFIFO)
                  0009bc04    0000001b     dmac1.obj (.text)
                  0009bc1f    0000001a     driverlib_eabi.lib : sysctl.obj (.text:CPUTimer_isBaseValid)
                  0009bc39    0000001a                        : spi.obj (.text:SPI_isBaseValid)
                  0009bc53    0000001a                        : sysctl.obj (.text:SysCtl_getLowSpeedClock)
                  0009bc6d    00000019                        : sci.obj (.text:SCI_disableModule)
                  0009bc86    00000019                        : sci.obj (.text:SCI_performSoftwareReset)
                  0009bc9f    00000019                        : sysctl.obj (.text:SysCtl_pollCpuTimer)
                  0009bcb8    00000018     rts2800_fpu32_eabi.lib : ll_aox28.asm.obj (.text)
                  0009bcd0    00000017                            : boot28.asm.obj (.text)
                  0009bce7    00000015     driverlib_eabi.lib : sci.obj (.text:SCI_getTxFIFOStatus)
                  0009bcfc    00000014                        : sysctl.obj (.text:CPUTimer_stopTimer)
                  0009bd10    00000014                        : sci.obj (.text:SCI_enableModule)
                  0009bd24    00000012                        : sysctl.obj (.text:CPUTimer_clearOverflowFlag)
                  0009bd36    00000012                        : sysctl.obj (.text:CPUTimer_disableInterrupt)
                  0009bd48    00000012                        : sysctl.obj (.text:CPUTimer_setPeriod)
                  0009bd5a    00000010                        : flash.obj (.text:Flash_isCtrlBaseValid)
                  0009bd6a    00000010                        : flash.obj (.text:Flash_isECCBaseValid)
                  0009bd7a    0000000e                        : gpio.obj (.text:GPIO_isPinValid)
                  0009bd88    0000000e                        : interrupt.obj (.text:Interrupt_defaultHandler)
                  0009bd96    0000000e     rts2800_fpu32_eabi.lib : fd_sub28.asm.obj (.text)
                  0009bda4    0000000d     driverlib_eabi.lib : interrupt.obj (.text:Interrupt_disableMaster)
                  0009bdb1    0000000d                        : interrupt.obj (.text:Interrupt_enableMaster)
                  0009bdbe    0000000c     rts2800_fpu32_eabi.lib : args_main.c.obj (.text)
                  0009bdca    0000000b     driverlib_eabi.lib : sysctl.obj (.text:SysCtl_isMCDClockFailureDetected)
                  0009bdd5    00000009                        : sysctl.obj (.text:SysCtl_serviceWatchdog)
                  0009bdde    00000009     rts2800_fpu32_eabi.lib : _lock.c.obj (.text)
                  0009bde7    00000009                            : fd_neg28.asm.obj (.text)
                  0009bdf0    00000008     F2837xD_CodeStartBranch.obj (.text)
                  0009bdf8    00000008     rts2800_fpu32_eabi.lib : copy_decompress_none.c.obj (.text:decompress:none)
                  0009be00    00000007     driverlib_eabi.lib : sysctl.obj (.text:SysCtl_resetMCD)
                  0009be07    00000007     rts2800_fpu32_eabi.lib : memset.c.obj (.text)
                  0009be0e    00000006                            : copy_zero_init.c.obj (.text:decompress:ZI)
                  0009be14    00000002     driverlib_eabi.lib : interrupt.obj (.text:Interrupt_illegalOperationHandler)
                  0009be16    00000002                        : interrupt.obj (.text:Interrupt_nmiHandler)
                  0009be18    00000002     rts2800_fpu32_eabi.lib : pre_init.c.obj (.text)
                  0009be1a    00000001                            : startup.c.obj (.text)

MODULE SUMMARY

       Module                           code    ro data   rw data
       ------                           ----    -------   -------
    .\
       main.obj                         2672    356       2661   
       exc_signal_dma.obj               275     4         1020   
       funcs.obj                        618     135       1      
       data_packer.obj                  533     0         0      
       sci_b_esp32.obj                  266     67        0      
       wave_gen.obj                     255     8         0      
       dmac1.obj                        27      0         0      
    +--+--------------------------------+-------+---------+---------+
       Total:                           4646    570       3682   
                                                                 
    .\device\
       device.obj                       1017    19        6      
       F2837xD_CodeStartBranch.obj      10      0         0      
    +--+--------------------------------+-------+---------+---------+
       Total:                           1027    19        6      
                                                                 
    .\other_includes\
       F2837xD_DefaultISR.obj           1413    0         0      
       F2837xD_Dma.obj                  1028    0         0      
       F2837xD_PieVect.obj              0       448       0      
       F2837xD_GlobalVariableDefs.obj   0       0         427    
       F2837xD_usDelay.obj              8       0         0      
    +--+--------------------------------+-------+---------+---------+
       Total:                           2449    448       427    
                                                                 
    C:\ti\c2000\C2000Ware_4_01_00_00\driverlib\f2837xd\driverlib\ccs\Debug\driverlib_eabi.lib
       sysctl.obj                       1176    194       0      
       flash.obj                        682     191       0      
       sci.obj                          380     187       0      
       gpio.obj                         312     188       0      
       adc.obj                          293     93        0      
       spi.obj                          118     187       0      
       interrupt.obj                    187     0         0      
       memcfg.obj                       39      96        0      
    +--+--------------------------------+-------+---------+---------+
       Total:                           3187    1136      0      
                                                                 
    C:\ti\ccs1210\ccs\tools\compiler\ti-cgt-c2000_22.6.0.LTS\lib\rts2800_fpu32_eabi.lib
       k_rem_pio2.c.obj                 1661    212       0      
       e_rem_pio2.c.obj                 1073    100       0      
       k_sin.c.obj                      293     56        0      
       k_cos.c.obj                      275     60        0      
       s_floor.c.obj                    232     12        0      
       s_cos.c.obj                      206     4         0      
       s_sin.c.obj                      203     4         0      
       s_scalbn.c.obj                   169     28        0      
       fd_add28.asm.obj                 156     0         0      
       s_round.c.obj                    148     8         0      
       fs_div28.asm.obj                 136     0         0      
       fd_mpy28.asm.obj                 131     0         0      
       exit.c.obj                       41      0         6      
       copy_decompress_lzss.c.obj       46      0         0      
       autoinit.c.obj                   43      0         0      
       fd_cmp28.asm.obj                 42      0         0      
       s_copysign.c.obj                 36      0         0      
       i_div28.asm.obj                  34      0         0      
       fd_toi28.asm.obj                 33      0         0      
       fd_tol28.asm.obj                 31      0         0      
       i_tofd28.asm.obj                 29      0         0      
       memcpy.c.obj                     29      0         0      
       fs_tofdfpu32.asm.obj             28      0         0      
       l_tofd28.asm.obj                 28      0         0      
       ll_aox28.asm.obj                 24      0         0      
       boot28.asm.obj                   23      0         0      
       fd_sub28.asm.obj                 14      0         0      
       _lock.c.obj                      9       0         4      
       args_main.c.obj                  12      0         0      
       fd_neg28.asm.obj                 9       0         0      
       copy_decompress_none.c.obj       8       0         0      
       memset.c.obj                     7       0         0      
       copy_zero_init.c.obj             6       0         0      
       pre_init.c.obj                   2       0         0      
       errno.c.obj                      0       0         1      
       startup.c.obj                    1       0         0      
    +--+--------------------------------+-------+---------+---------+
       Total:                           5218    484       11     
                                                                 
       Stack:                           0       0         1016   
       Linker Generated:                0       145       0      
    +--+--------------------------------+-------+---------+---------+
       Grand Total:                     16527   2802      5142   


LINKER GENERATED COPY TABLES

__TI_cinit_table @ 0008807c records: 6, size/record: 4, table size: 24
	.data: load addr=00088000, load size=0000005c bytes, run addr=00011000, run size=0000067b bytes, compression=lzss
	ramgs15: load addr=0008805c, load size=00000006 bytes, run addr=0001b000, run size=00000404 bytes, compression=lzss
	SHARERAMGS1: load addr=00088068, load size=00000005 bytes, run addr=0000d000, run size=00000003 bytes, compression=lzss
	.bss: load addr=0008806e, load size=00000004 bytes, run addr=0000e000, run size=00000008 bytes, compression=zero_init
	SHARERAMGS0: load addr=00088072, load size=00000004 bytes, run addr=0000c000, run size=00000001 bytes, compression=zero_init
	ramgs14: load addr=00088076, load size=00000004 bytes, run addr=0001a000, run size=000003e8 bytes, compression=zero_init


LINKER GENERATED HANDLER TABLE

__TI_handler_table @ 00088062 records: 3, size/record: 2, table size: 6
	index: 0, handler: __TI_zero_init
	index: 1, handler: __TI_decompress_lzss
	index: 2, handler: __TI_decompress_none


GLOBAL DATA SYMBOLS: SORTED BY DATA PAGE

address     data page           name
--------    ----------------    ----
00000400      10 (00000400)     __stack

00000ce0      33 (00000cc0)     PieCtrlRegs

00001000      40 (00001000)     DmaRegs

00005c00     170 (00005c00)     DacaRegs
00005c10     170 (00005c00)     DacbRegs
00005c20     170 (00005c00)     DaccRegs

00007980     1e6 (00007980)     DmaClaSrcSelRegs

0000c000     300 (0000c000)     mux_busy_flag

0000d000     340 (0000d000)     ppg_read

00011000     440 (00011000)     adcAResults

000111f4     447 (000111c0)     adcBResults

000113e8     44f (000113c0)     adcCResults

000115dc     457 (000115c0)     mux_outputs

00011600     458 (00011600)     mux_period
00011601     458 (00011600)     num_pairs_1
00011602     458 (00011600)     num_pairs_2
00011603     458 (00011600)     num_pairs_3
00011604     458 (00011600)     num_pairs_4
00011605     458 (00011600)     tomo_mode
00011606     458 (00011600)     num_z_channels
00011607     458 (00011600)     buffer_status
00011608     458 (00011600)     dacOut
00011609     458 (00011600)     received_command
0001160a     458 (00011600)     counter
0001160b     458 (00011600)     mux_counter
0001160c     458 (00011600)     packet_number
0001160d     458 (00011600)     mode
0001160e     458 (00011600)     led_counter
00011618     458 (00011600)     sr_current_val
0001161a     458 (00011600)     mux_mode
0001161c     458 (00011600)     adcDResult
0001161e     458 (00011600)     accumD
00011636     458 (00011600)     Example_Result
00011638     458 (00011600)     Example_PassCount
0001163a     458 (00011600)     Example_Fail
0001163c     458 (00011600)     mux_inputs_1

00011642     459 (00011640)     mux_inputs_2
00011648     459 (00011640)     mux_inputs_3
0001164e     459 (00011640)     mux_inputs_4
00011654     459 (00011640)     mux_outputs_1
0001165a     459 (00011640)     mux_outputs_2
00011660     459 (00011640)     mux_outputs_3
00011666     459 (00011640)     mux_outputs_4
0001166c     459 (00011640)     __TI_enable_exit_profile_output
0001166e     459 (00011640)     __TI_cleanup_ptr
00011670     459 (00011640)     __TI_dtors_ptr
00011672     459 (00011640)     mux_inputs
00011676     459 (00011640)     _lock
00011678     459 (00011640)     _unlock
0001167a     459 (00011640)     errno

0001b000     6c0 (0001b000)     data
0001b01c     6c0 (0001b000)     signal1sin

0001b210     6c8 (0001b200)     signal1cos

0005d300    174c (0005d300)     CpuSysRegs

000bc000    2f00 (000bc000)     PieVectTableInit


GLOBAL SYMBOLS: SORTED ALPHABETICALLY BY Name 

page  address   name                                     
----  -------   ----                                     
0     00099165  ADCA1_ISR                                
0     000993e5  ADCA2_ISR                                
0     000993ef  ADCA3_ISR                                
0     000993f9  ADCA4_ISR                                
0     000993db  ADCA_EVT_ISR                             
0     0009916f  ADCB1_ISR                                
0     0009940d  ADCB2_ISR                                
0     00099417  ADCB3_ISR                                
0     00099421  ADCB4_ISR                                
0     00099403  ADCB_EVT_ISR                             
0     00099179  ADCC1_ISR                                
0     00099575  ADCC2_ISR                                
0     0009957f  ADCC3_ISR                                
0     00099589  ADCC4_ISR                                
0     0009956b  ADCC_EVT_ISR                             
0     00099197  ADCD1_ISR                                
0     0009959d  ADCD2_ISR                                
0     000995a7  ADCD3_ISR                                
0     000995b1  ADCD4_ISR                                
0     00099593  ADCD_EVT_ISR                             
0     0009b399  ADC_setINLTrim                           
0     0009b8ea  ADC_setMode                              
0     0009b4df  ADC_setOffsetTrim                        
0     000995ed  AUX_PLL_SLIP_ISR                         
0     0009b99c  C$$EXIT                                  
0     000993b3  CANA0_ISR                                
0     000993bd  CANA1_ISR                                
0     000993c7  CANB0_ISR                                
0     000993d1  CANB1_ISR                                
0     0009942b  CLA1_1_ISR                               
0     00099435  CLA1_2_ISR                               
0     0009943f  CLA1_3_ISR                               
0     00099449  CLA1_4_ISR                               
0     00099453  CLA1_5_ISR                               
0     0009945d  CLA1_6_ISR                               
0     00099467  CLA1_7_ISR                               
0     00099471  CLA1_8_ISR                               
0     000995f7  CLA_OVERFLOW_ISR                         
0     00099601  CLA_UNDERFLOW_ISR                        
1     0005d300  CpuSysRegs                               
0     000990bb  DATALOG_ISR                              
0     00099a68  DMACH1AddrConfig                         
0     00099e01  DMACH1AddrConfig32bit                    
0     00099a78  DMACH1BurstConfig                        
0     00099aab  DMACH1ModeConfig                         
0     00099a88  DMACH1TransferConfig                     
0     00099a98  DMACH1WrapConfig                         
0     00099b01  DMACH2AddrConfig                         
0     00099e11  DMACH2AddrConfig32bit                    
0     00099b11  DMACH2BurstConfig                        
0     00099b44  DMACH2ModeConfig                         
0     00099b21  DMACH2TransferConfig                     
0     00099b31  DMACH2WrapConfig                         
0     00099b9b  DMACH3AddrConfig                         
0     00099e21  DMACH3AddrConfig32bit                    
0     00099bab  DMACH3BurstConfig                        
0     00099bde  DMACH3ModeConfig                         
0     00099bbb  DMACH3TransferConfig                     
0     00099bcb  DMACH3WrapConfig                         
0     00099c34  DMACH4AddrConfig                         
0     00099e31  DMACH4AddrConfig32bit                    
0     00099c44  DMACH4BurstConfig                        
0     00099c77  DMACH4ModeConfig                         
0     00099c54  DMACH4TransferConfig                     
0     00099c64  DMACH4WrapConfig                         
0     00099cce  DMACH5AddrConfig                         
0     00099e41  DMACH5AddrConfig32bit                    
0     00099cde  DMACH5BurstConfig                        
0     00099d11  DMACH5ModeConfig                         
0     00099cee  DMACH5TransferConfig                     
0     00099cfe  DMACH5WrapConfig                         
0     00099d67  DMACH6AddrConfig                         
0     00099e51  DMACH6AddrConfig32bit                    
0     00099d77  DMACH6BurstConfig                        
0     00099daa  DMACH6ModeConfig                         
0     00099d87  DMACH6TransferConfig                     
0     00099d97  DMACH6WrapConfig                         
0     00099a5d  DMAInitialize                            
0     000992ff  DMA_CH1_ISR                              
0     00099309  DMA_CH2_ISR                              
0     00099313  DMA_CH3_ISR                              
0     0009931d  DMA_CH4_ISR                              
0     00099327  DMA_CH5_ISR                              
0     00099331  DMA_CH6_ISR                              
1     00005c00  DacaRegs                                 
1     00005c10  DacbRegs                                 
1     00005c20  DaccRegs                                 
0     0009a0ce  Device_bootCPU2                          
0     0009a09d  Device_configureTMXAnalogTrim            
0     00099f4b  Device_enableAllPeripherals              
0     0009a087  Device_enableUnbondedGPIOPullups         
0     0009a06a  Device_enableUnbondedGPIOPullupsFor100Pin
0     0009a057  Device_enableUnbondedGPIOPullupsFor176Pin
0     00099ef8  Device_init                              
0     0009a036  Device_initGPIO                          
1     00007980  DmaClaSrcSelRegs                         
1     00001000  DmaRegs                                  
0     00099255  ECAP1_ISR                                
0     0009925f  ECAP2_ISR                                
0     00099269  ECAP3_ISR                                
0     00099273  ECAP4_ISR                                
0     0009927d  ECAP5_ISR                                
0     00099287  ECAP6_ISR                                
0     000995bb  EMIF_ERROR_ISR                           
0     00099615  EMPTY_ISR                                
0     000990cf  EMU_ISR                                  
0     00099511  EPWM10_ISR                               
0     000994e9  EPWM10_TZ_ISR                            
0     0009951b  EPWM11_ISR                               
0     000994f3  EPWM11_TZ_ISR                            
0     00099525  EPWM12_ISR                               
0     000994fd  EPWM12_TZ_ISR                            
0     00099205  EPWM1_ISR                                
0     000991b5  EPWM1_TZ_ISR                             
0     0009920f  EPWM2_ISR                                
0     000991bf  EPWM2_TZ_ISR                             
0     00099219  EPWM3_ISR                                
0     000991c9  EPWM3_TZ_ISR                             
0     00099223  EPWM4_ISR                                
0     000991d3  EPWM4_TZ_ISR                             
0     0009922d  EPWM5_ISR                                
0     000991dd  EPWM5_TZ_ISR                             
0     00099237  EPWM6_ISR                                
0     000991e7  EPWM6_TZ_ISR                             
0     00099241  EPWM7_ISR                                
0     000991f1  EPWM7_TZ_ISR                             
0     0009924b  EPWM8_ISR                                
0     000991fb  EPWM8_TZ_ISR                             
0     00099507  EPWM9_ISR                                
0     000994df  EPWM9_TZ_ISR                             
0     00099291  EQEP1_ISR                                
0     0009929b  EQEP2_ISR                                
0     000992a5  EQEP3_ISR                                
1     0001163a  Example_Fail                             
1     00011638  Example_PassCount                        
1     00011636  Example_Result                           
0     0009a259  Example_done                             
0     0009a254  Example_setResultFail                    
0     0009a24f  Example_setResultPass                    
0     00008131  F28x_usDelay                             
0     000995cf  FLASH_CORRECTABLE_ERROR_ISR              
0     000994a3  FPU_OVERFLOW_ISR                         
0     000994ad  FPU_UNDERFLOW_ISR                        
0     00008000  Flash_initModule                         
0     0009b8b9  GPIO_setDirectionMode                    
0     0009b7de  GPIO_setMasterCore                       
0     0009b5f3  GPIO_setPadConfig                        
0     0009b84e  GPIO_setPinConfig                        
0     0009b816  GPIO_setQualificationMode                
0     00099345  I2CA_FIFO_ISR                            
0     0009933b  I2CA_ISR                                 
0     00099359  I2CB_FIFO_ISR                            
0     0009934f  I2CB_ISR                                 
0     000990e3  ILLEGAL_ISR                              
0     000994b7  IPC0_ISR                                 
0     000994c1  IPC1_ISR                                 
0     000994cb  IPC2_ISR                                 
0     000994d5  IPC3_ISR                                 
0     0009b885  Interrupt_enable                         
0     0009b7a1  Interrupt_initModule                     
0     0009bb3e  Interrupt_initVectorTable                
0     000992d7  MCBSPA_RX_ISR                            
0     000992e1  MCBSPA_TX_ISR                            
0     000992eb  MCBSPB_RX_ISR                            
0     000992f5  MCBSPB_TX_ISR                            
0     0009b9ed  MemCfg_setGSRAMMasterSel                 
0     000990d9  NMI_ISR                                  
0     00099622  NOTUSED_ISR                              
0     0009960b  PIE_RESERVED_ISR                         
1     00000ce0  PieCtrlRegs                              
0     000bc000  PieVectTableInit                         
0     000995d9  RAM_ACCESS_VIOLATION_ISR                 
0     000995c5  RAM_CORRECTABLE_ERROR_ISR                
0     000990c5  RTOS_ISR                                 
0     00086139  RamfuncsLoadEnd                          
abs   00000139  RamfuncsLoadSize                         
0     00086000  RamfuncsLoadStart                        
0     00008139  RamfuncsRunEnd                           
abs   00000139  RamfuncsRunSize                          
0     00008000  RamfuncsRunStart                         
0     0009938b  SCIA_RX_ISR                              
0     00099395  SCIA_TX_ISR                              
0     0009939f  SCIB_RX_ISR                              
0     000993a9  SCIB_TX_ISR                              
0     00099363  SCIC_RX_ISR                              
0     0009936d  SCIC_TX_ISR                              
0     00099377  SCID_RX_ISR                              
0     00099381  SCID_TX_ISR                              
0     0009b696  SCI_clearInterruptStatus                 
0     0009b763  SCI_setConfig                            
0     0009b722  SCI_writeCharArray                       
0     0009952f  SD1_ISR                                  
0     00099539  SD2_ISR                                  
0     000992af  SPIA_RX_ISR                              
0     000992b9  SPIA_TX_ISR                              
0     000992c3  SPIB_RX_ISR                              
0     000992cd  SPIB_TX_ISR                              
0     00099543  SPIC_RX_ISR                              
0     0009954d  SPIC_TX_ISR                              
0     0009b543  SPI_setConfig                            
0     000995e3  SYS_PLL_SLIP_ISR                         
0     00099af9  StartDMACH1                              
0     00099b93  StartDMACH2                              
0     00099c2c  StartDMACH3                              
0     00099cc6  StartDMACH4                              
0     00099d5f  StartDMACH5                              
0     00099df9  StartDMACH6                              
0     00008135  SysCtl_delay                             
0     0009b645  SysCtl_getClock                          
0     0009b477  SysCtl_getDeviceParametric               
0     0009bc53  SysCtl_getLowSpeedClock                  
0     0009b59f  SysCtl_selectOscSource                   
0     0009b40c  SysCtl_selectXTAL                        
0     0009a6d9  SysCtl_setClock                          
0     000991a1  TIMER0_ISR                               
0     000990a7  TIMER1_ISR                               
0     000990b1  TIMER2_ISR                               
0     00099557  UPPA_ISR                                 
0     00099561  USBA_ISR                                 
0     00099147  USER10_ISR                               
0     00099151  USER11_ISR                               
0     0009915b  USER12_ISR                               
0     000990ed  USER1_ISR                                
0     000990f7  USER2_ISR                                
0     00099101  USER3_ISR                                
0     0009910b  USER4_ISR                                
0     00099115  USER5_ISR                                
0     0009911f  USER6_ISR                                
0     00099129  USER7_ISR                                
0     00099133  USER8_ISR                                
0     0009913d  USER9_ISR                                
0     00099499  VCU_ISR                                  
0     000991ab  WAKE_ISR                                 
0     00099183  XINT1_ISR                                
0     0009918d  XINT2_ISR                                
0     0009947b  XINT3_ISR                                
0     00099485  XINT4_ISR                                
0     0009948f  XINT5_ISR                                
0     0008807c  __TI_CINIT_Base                          
0     00088094  __TI_CINIT_Limit                         
0     00088094  __TI_CINIT_Warm                          
0     00088062  __TI_Handler_Table_Base                  
0     00088068  __TI_Handler_Table_Limit                 
1     000007f8  __TI_STACK_END                           
abs   000003f8  __TI_STACK_SIZE                          
0     0009b947  __TI_auto_init_nobinit_nopinit           
1     0001166e  __TI_cleanup_ptr                         
0     0009b919  __TI_decompress_lzss                     
0     0009bdf8  __TI_decompress_none                     
1     00011670  __TI_dtors_ptr                           
1     0001166c  __TI_enable_exit_profile_output          
abs   ffffffff  __TI_pprof_out_hndl                      
abs   ffffffff  __TI_prof_data_size                      
abs   ffffffff  __TI_prof_data_start                     
0     0009be0e  __TI_zero_init                           
0     0009b15e  __c28xabi_addd                           
0     0009bcb8  __c28xabi_andll                          
0     0009b972  __c28xabi_cmpd                           
0     0009b28e  __c28xabi_divf                           
0     0009ba7e  __c28xabi_divi                           
0     0009baa0  __c28xabi_dtoi                           
0     0009bb1f  __c28xabi_dtol                           
0     0009bb96  __c28xabi_ftod                           
0     0009bb5c  __c28xabi_itod                           
0     0009bbb2  __c28xabi_ltod                           
0     0009ba8f  __c28xabi_modi                           
0     0009b316  __c28xabi_mpyd                           
0     0009bde7  __c28xabi_negd                           
0     0009bcc0  __c28xabi_orll                           
0     0009bd96  __c28xabi_subd                           
0     0009bcc8  __c28xabi_xorll                          
n/a   UNDEFED   __c_args__                               
0     0009a248  __error__                                
0     0009ab18  __kernel_cos                             
0     00098a2a  __kernel_rem_pio2                        
0     0009a8e0  __kernel_sin                             
0     0009962c  __rem_pio2                               
1     00000400  __stack                                  
0     0009bdbe  _args_main                               
0     0009bcd0  _c_int00                                 
0     0009bc04  _dmac                                    
1     00011676  _lock                                    
0     0009bde6  _nop                                     
0     0009bde2  _register_lock                           
0     0009bdde  _register_unlock                         
0     0009be1a  _system_post_cinit                       
0     0009be18  _system_pre_init                         
1     00011678  _unlock                                  
0     0009b99c  abort                                    
1     0001161e  accumD                                   
0     0009b6dc  adcA1ISR                                 
1     00011000  adcAResults                              
1     000111f4  adcBResults                              
1     000113e8  adcCResults                              
1     0001161c  adcDResult                               
1     00011607  buffer_status                            
0     00080000  code_start                               
0     00098866  configureADC                             
0     0009a3c1  configure_gpios                          
0     0009ba38  copysign                                 
0     0009ba38  copysignl                                
0     0009af1c  cos                                      
0     0009af1c  cosl                                     
1     0001160a  counter                                  
1     00011608  dacOut                                   
1     0001b000  data                                     
0     0009a2ba  delay                                    
1     0001167a  errno                                    
0     000988ed  execute_normal_mux                       
0     00098973  execute_tomography_mux                   
0     0009b99e  exit                                     
0     0009ae34  floor                                    
0     0009ae34  floorl                                   
0     000988af  initADCSOC                               
0     00098887  initEPWM_ADC                             
0     000989ed  initSPIBMaster                           
0     0009a30c  initShiftRegister                        
0     00098a1b  init_CPU2                                
0     0009acd6  init_sci_b                               
0     0009b0b5  ldexp                                    
0     0009b0b5  ldexpl                                   
1     0001160e  led_counter                              
0     00098448  main                                     
0     0009bb79  memcpy                                   
0     0009be07  memset                                   
0     0009a2c6  mirror                                   
1     0001160d  mode                                     
1     0000c000  mux_busy_flag                            
1     0001160b  mux_counter                              
1     00011672  mux_inputs                               
1     0001163c  mux_inputs_1                             
1     00011642  mux_inputs_2                             
1     00011648  mux_inputs_3                             
1     0001164e  mux_inputs_4                             
1     0001161a  mux_mode                                 
1     000115dc  mux_outputs                              
1     00011654  mux_outputs_1                            
1     0001165a  mux_outputs_2                            
1     00011660  mux_outputs_3                            
1     00011666  mux_outputs_4                            
1     00011600  mux_period                               
1     00011601  num_pairs_1                              
1     00011602  num_pairs_2                              
1     00011603  num_pairs_3                              
1     00011604  num_pairs_4                              
1     00011606  num_z_channels                           
0     0009a4c4  pack                                     
1     0001160c  packet_number                            
1     0000d000  ppg_read                                 
1     00011609  received_command                         
0     0009b1fa  round                                    
0     0009b1fa  roundl                                   
0     0009a344  router_config                            
0     0009b0b5  scalbn                                   
0     0009b0b5  scalbnl                                  
0     0009ab12  set_excitation_frequency                 
0     0009ad35  sigGen                                   
1     0001b210  signal1cos                               
1     0001b01c  signal1sin                               
0     0009afea  sin                                      
0     0009afea  sinl                                     
1     00011618  sr_current_val                           
0     0009aa05  start_exc_dma                            
1     00011605  tomo_mode                                
0     0009a333  updateShiftRegister                      


GLOBAL SYMBOLS: SORTED BY Symbol Address 

page  address   name                                     
----  -------   ----                                     
0     00008000  Flash_initModule                         
0     00008000  RamfuncsRunStart                         
0     00008131  F28x_usDelay                             
0     00008135  SysCtl_delay                             
0     00008139  RamfuncsRunEnd                           
0     00080000  code_start                               
0     00086000  RamfuncsLoadStart                        
0     00086139  RamfuncsLoadEnd                          
0     00088062  __TI_Handler_Table_Base                  
0     00088068  __TI_Handler_Table_Limit                 
0     0008807c  __TI_CINIT_Base                          
0     00088094  __TI_CINIT_Limit                         
0     00088094  __TI_CINIT_Warm                          
0     00098448  main                                     
0     00098866  configureADC                             
0     00098887  initEPWM_ADC                             
0     000988af  initADCSOC                               
0     000988ed  execute_normal_mux                       
0     00098973  execute_tomography_mux                   
0     000989ed  initSPIBMaster                           
0     00098a1b  init_CPU2                                
0     00098a2a  __kernel_rem_pio2                        
0     000990a7  TIMER1_ISR                               
0     000990b1  TIMER2_ISR                               
0     000990bb  DATALOG_ISR                              
0     000990c5  RTOS_ISR                                 
0     000990cf  EMU_ISR                                  
0     000990d9  NMI_ISR                                  
0     000990e3  ILLEGAL_ISR                              
0     000990ed  USER1_ISR                                
0     000990f7  USER2_ISR                                
0     00099101  USER3_ISR                                
0     0009910b  USER4_ISR                                
0     00099115  USER5_ISR                                
0     0009911f  USER6_ISR                                
0     00099129  USER7_ISR                                
0     00099133  USER8_ISR                                
0     0009913d  USER9_ISR                                
0     00099147  USER10_ISR                               
0     00099151  USER11_ISR                               
0     0009915b  USER12_ISR                               
0     00099165  ADCA1_ISR                                
0     0009916f  ADCB1_ISR                                
0     00099179  ADCC1_ISR                                
0     00099183  XINT1_ISR                                
0     0009918d  XINT2_ISR                                
0     00099197  ADCD1_ISR                                
0     000991a1  TIMER0_ISR                               
0     000991ab  WAKE_ISR                                 
0     000991b5  EPWM1_TZ_ISR                             
0     000991bf  EPWM2_TZ_ISR                             
0     000991c9  EPWM3_TZ_ISR                             
0     000991d3  EPWM4_TZ_ISR                             
0     000991dd  EPWM5_TZ_ISR                             
0     000991e7  EPWM6_TZ_ISR                             
0     000991f1  EPWM7_TZ_ISR                             
0     000991fb  EPWM8_TZ_ISR                             
0     00099205  EPWM1_ISR                                
0     0009920f  EPWM2_ISR                                
0     00099219  EPWM3_ISR                                
0     00099223  EPWM4_ISR                                
0     0009922d  EPWM5_ISR                                
0     00099237  EPWM6_ISR                                
0     00099241  EPWM7_ISR                                
0     0009924b  EPWM8_ISR                                
0     00099255  ECAP1_ISR                                
0     0009925f  ECAP2_ISR                                
0     00099269  ECAP3_ISR                                
0     00099273  ECAP4_ISR                                
0     0009927d  ECAP5_ISR                                
0     00099287  ECAP6_ISR                                
0     00099291  EQEP1_ISR                                
0     0009929b  EQEP2_ISR                                
0     000992a5  EQEP3_ISR                                
0     000992af  SPIA_RX_ISR                              
0     000992b9  SPIA_TX_ISR                              
0     000992c3  SPIB_RX_ISR                              
0     000992cd  SPIB_TX_ISR                              
0     000992d7  MCBSPA_RX_ISR                            
0     000992e1  MCBSPA_TX_ISR                            
0     000992eb  MCBSPB_RX_ISR                            
0     000992f5  MCBSPB_TX_ISR                            
0     000992ff  DMA_CH1_ISR                              
0     00099309  DMA_CH2_ISR                              
0     00099313  DMA_CH3_ISR                              
0     0009931d  DMA_CH4_ISR                              
0     00099327  DMA_CH5_ISR                              
0     00099331  DMA_CH6_ISR                              
0     0009933b  I2CA_ISR                                 
0     00099345  I2CA_FIFO_ISR                            
0     0009934f  I2CB_ISR                                 
0     00099359  I2CB_FIFO_ISR                            
0     00099363  SCIC_RX_ISR                              
0     0009936d  SCIC_TX_ISR                              
0     00099377  SCID_RX_ISR                              
0     00099381  SCID_TX_ISR                              
0     0009938b  SCIA_RX_ISR                              
0     00099395  SCIA_TX_ISR                              
0     0009939f  SCIB_RX_ISR                              
0     000993a9  SCIB_TX_ISR                              
0     000993b3  CANA0_ISR                                
0     000993bd  CANA1_ISR                                
0     000993c7  CANB0_ISR                                
0     000993d1  CANB1_ISR                                
0     000993db  ADCA_EVT_ISR                             
0     000993e5  ADCA2_ISR                                
0     000993ef  ADCA3_ISR                                
0     000993f9  ADCA4_ISR                                
0     00099403  ADCB_EVT_ISR                             
0     0009940d  ADCB2_ISR                                
0     00099417  ADCB3_ISR                                
0     00099421  ADCB4_ISR                                
0     0009942b  CLA1_1_ISR                               
0     00099435  CLA1_2_ISR                               
0     0009943f  CLA1_3_ISR                               
0     00099449  CLA1_4_ISR                               
0     00099453  CLA1_5_ISR                               
0     0009945d  CLA1_6_ISR                               
0     00099467  CLA1_7_ISR                               
0     00099471  CLA1_8_ISR                               
0     0009947b  XINT3_ISR                                
0     00099485  XINT4_ISR                                
0     0009948f  XINT5_ISR                                
0     00099499  VCU_ISR                                  
0     000994a3  FPU_OVERFLOW_ISR                         
0     000994ad  FPU_UNDERFLOW_ISR                        
0     000994b7  IPC0_ISR                                 
0     000994c1  IPC1_ISR                                 
0     000994cb  IPC2_ISR                                 
0     000994d5  IPC3_ISR                                 
0     000994df  EPWM9_TZ_ISR                             
0     000994e9  EPWM10_TZ_ISR                            
0     000994f3  EPWM11_TZ_ISR                            
0     000994fd  EPWM12_TZ_ISR                            
0     00099507  EPWM9_ISR                                
0     00099511  EPWM10_ISR                               
0     0009951b  EPWM11_ISR                               
0     00099525  EPWM12_ISR                               
0     0009952f  SD1_ISR                                  
0     00099539  SD2_ISR                                  
0     00099543  SPIC_RX_ISR                              
0     0009954d  SPIC_TX_ISR                              
0     00099557  UPPA_ISR                                 
0     00099561  USBA_ISR                                 
0     0009956b  ADCC_EVT_ISR                             
0     00099575  ADCC2_ISR                                
0     0009957f  ADCC3_ISR                                
0     00099589  ADCC4_ISR                                
0     00099593  ADCD_EVT_ISR                             
0     0009959d  ADCD2_ISR                                
0     000995a7  ADCD3_ISR                                
0     000995b1  ADCD4_ISR                                
0     000995bb  EMIF_ERROR_ISR                           
0     000995c5  RAM_CORRECTABLE_ERROR_ISR                
0     000995cf  FLASH_CORRECTABLE_ERROR_ISR              
0     000995d9  RAM_ACCESS_VIOLATION_ISR                 
0     000995e3  SYS_PLL_SLIP_ISR                         
0     000995ed  AUX_PLL_SLIP_ISR                         
0     000995f7  CLA_OVERFLOW_ISR                         
0     00099601  CLA_UNDERFLOW_ISR                        
0     0009960b  PIE_RESERVED_ISR                         
0     00099615  EMPTY_ISR                                
0     00099622  NOTUSED_ISR                              
0     0009962c  __rem_pio2                               
0     00099a5d  DMAInitialize                            
0     00099a68  DMACH1AddrConfig                         
0     00099a78  DMACH1BurstConfig                        
0     00099a88  DMACH1TransferConfig                     
0     00099a98  DMACH1WrapConfig                         
0     00099aab  DMACH1ModeConfig                         
0     00099af9  StartDMACH1                              
0     00099b01  DMACH2AddrConfig                         
0     00099b11  DMACH2BurstConfig                        
0     00099b21  DMACH2TransferConfig                     
0     00099b31  DMACH2WrapConfig                         
0     00099b44  DMACH2ModeConfig                         
0     00099b93  StartDMACH2                              
0     00099b9b  DMACH3AddrConfig                         
0     00099bab  DMACH3BurstConfig                        
0     00099bbb  DMACH3TransferConfig                     
0     00099bcb  DMACH3WrapConfig                         
0     00099bde  DMACH3ModeConfig                         
0     00099c2c  StartDMACH3                              
0     00099c34  DMACH4AddrConfig                         
0     00099c44  DMACH4BurstConfig                        
0     00099c54  DMACH4TransferConfig                     
0     00099c64  DMACH4WrapConfig                         
0     00099c77  DMACH4ModeConfig                         
0     00099cc6  StartDMACH4                              
0     00099cce  DMACH5AddrConfig                         
0     00099cde  DMACH5BurstConfig                        
0     00099cee  DMACH5TransferConfig                     
0     00099cfe  DMACH5WrapConfig                         
0     00099d11  DMACH5ModeConfig                         
0     00099d5f  StartDMACH5                              
0     00099d67  DMACH6AddrConfig                         
0     00099d77  DMACH6BurstConfig                        
0     00099d87  DMACH6TransferConfig                     
0     00099d97  DMACH6WrapConfig                         
0     00099daa  DMACH6ModeConfig                         
0     00099df9  StartDMACH6                              
0     00099e01  DMACH1AddrConfig32bit                    
0     00099e11  DMACH2AddrConfig32bit                    
0     00099e21  DMACH3AddrConfig32bit                    
0     00099e31  DMACH4AddrConfig32bit                    
0     00099e41  DMACH5AddrConfig32bit                    
0     00099e51  DMACH6AddrConfig32bit                    
0     00099ef8  Device_init                              
0     00099f4b  Device_enableAllPeripherals              
0     0009a036  Device_initGPIO                          
0     0009a057  Device_enableUnbondedGPIOPullupsFor176Pin
0     0009a06a  Device_enableUnbondedGPIOPullupsFor100Pin
0     0009a087  Device_enableUnbondedGPIOPullups         
0     0009a09d  Device_configureTMXAnalogTrim            
0     0009a0ce  Device_bootCPU2                          
0     0009a248  __error__                                
0     0009a24f  Example_setResultPass                    
0     0009a254  Example_setResultFail                    
0     0009a259  Example_done                             
0     0009a2ba  delay                                    
0     0009a2c6  mirror                                   
0     0009a30c  initShiftRegister                        
0     0009a333  updateShiftRegister                      
0     0009a344  router_config                            
0     0009a3c1  configure_gpios                          
0     0009a4c4  pack                                     
0     0009a6d9  SysCtl_setClock                          
0     0009a8e0  __kernel_sin                             
0     0009aa05  start_exc_dma                            
0     0009ab12  set_excitation_frequency                 
0     0009ab18  __kernel_cos                             
0     0009acd6  init_sci_b                               
0     0009ad35  sigGen                                   
0     0009ae34  floor                                    
0     0009ae34  floorl                                   
0     0009af1c  cos                                      
0     0009af1c  cosl                                     
0     0009afea  sin                                      
0     0009afea  sinl                                     
0     0009b0b5  ldexp                                    
0     0009b0b5  ldexpl                                   
0     0009b0b5  scalbn                                   
0     0009b0b5  scalbnl                                  
0     0009b15e  __c28xabi_addd                           
0     0009b1fa  round                                    
0     0009b1fa  roundl                                   
0     0009b28e  __c28xabi_divf                           
0     0009b316  __c28xabi_mpyd                           
0     0009b399  ADC_setINLTrim                           
0     0009b40c  SysCtl_selectXTAL                        
0     0009b477  SysCtl_getDeviceParametric               
0     0009b4df  ADC_setOffsetTrim                        
0     0009b543  SPI_setConfig                            
0     0009b59f  SysCtl_selectOscSource                   
0     0009b5f3  GPIO_setPadConfig                        
0     0009b645  SysCtl_getClock                          
0     0009b696  SCI_clearInterruptStatus                 
0     0009b6dc  adcA1ISR                                 
0     0009b722  SCI_writeCharArray                       
0     0009b763  SCI_setConfig                            
0     0009b7a1  Interrupt_initModule                     
0     0009b7de  GPIO_setMasterCore                       
0     0009b816  GPIO_setQualificationMode                
0     0009b84e  GPIO_setPinConfig                        
0     0009b885  Interrupt_enable                         
0     0009b8b9  GPIO_setDirectionMode                    
0     0009b8ea  ADC_setMode                              
0     0009b919  __TI_decompress_lzss                     
0     0009b947  __TI_auto_init_nobinit_nopinit           
0     0009b972  __c28xabi_cmpd                           
0     0009b99c  C$$EXIT                                  
0     0009b99c  abort                                    
0     0009b99e  exit                                     
0     0009b9ed  MemCfg_setGSRAMMasterSel                 
0     0009ba38  copysign                                 
0     0009ba38  copysignl                                
0     0009ba7e  __c28xabi_divi                           
0     0009ba8f  __c28xabi_modi                           
0     0009baa0  __c28xabi_dtoi                           
0     0009bb1f  __c28xabi_dtol                           
0     0009bb3e  Interrupt_initVectorTable                
0     0009bb5c  __c28xabi_itod                           
0     0009bb79  memcpy                                   
0     0009bb96  __c28xabi_ftod                           
0     0009bbb2  __c28xabi_ltod                           
0     0009bc04  _dmac                                    
0     0009bc53  SysCtl_getLowSpeedClock                  
0     0009bcb8  __c28xabi_andll                          
0     0009bcc0  __c28xabi_orll                           
0     0009bcc8  __c28xabi_xorll                          
0     0009bcd0  _c_int00                                 
0     0009bd96  __c28xabi_subd                           
0     0009bdbe  _args_main                               
0     0009bdde  _register_unlock                         
0     0009bde2  _register_lock                           
0     0009bde6  _nop                                     
0     0009bde7  __c28xabi_negd                           
0     0009bdf8  __TI_decompress_none                     
0     0009be07  memset                                   
0     0009be0e  __TI_zero_init                           
0     0009be18  _system_pre_init                         
0     0009be1a  _system_post_cinit                       
0     000bc000  PieVectTableInit                         
1     00000400  __stack                                  
1     000007f8  __TI_STACK_END                           
1     00000ce0  PieCtrlRegs                              
1     00001000  DmaRegs                                  
1     00005c00  DacaRegs                                 
1     00005c10  DacbRegs                                 
1     00005c20  DaccRegs                                 
1     00007980  DmaClaSrcSelRegs                         
1     0000c000  mux_busy_flag                            
1     0000d000  ppg_read                                 
1     00011000  adcAResults                              
1     000111f4  adcBResults                              
1     000113e8  adcCResults                              
1     000115dc  mux_outputs                              
1     00011600  mux_period                               
1     00011601  num_pairs_1                              
1     00011602  num_pairs_2                              
1     00011603  num_pairs_3                              
1     00011604  num_pairs_4                              
1     00011605  tomo_mode                                
1     00011606  num_z_channels                           
1     00011607  buffer_status                            
1     00011608  dacOut                                   
1     00011609  received_command                         
1     0001160a  counter                                  
1     0001160b  mux_counter                              
1     0001160c  packet_number                            
1     0001160d  mode                                     
1     0001160e  led_counter                              
1     00011618  sr_current_val                           
1     0001161a  mux_mode                                 
1     0001161c  adcDResult                               
1     0001161e  accumD                                   
1     00011636  Example_Result                           
1     00011638  Example_PassCount                        
1     0001163a  Example_Fail                             
1     0001163c  mux_inputs_1                             
1     00011642  mux_inputs_2                             
1     00011648  mux_inputs_3                             
1     0001164e  mux_inputs_4                             
1     00011654  mux_outputs_1                            
1     0001165a  mux_outputs_2                            
1     00011660  mux_outputs_3                            
1     00011666  mux_outputs_4                            
1     0001166c  __TI_enable_exit_profile_output          
1     0001166e  __TI_cleanup_ptr                         
1     00011670  __TI_dtors_ptr                           
1     00011672  mux_inputs                               
1     00011676  _lock                                    
1     00011678  _unlock                                  
1     0001167a  errno                                    
1     0001b000  data                                     
1     0001b01c  signal1sin                               
1     0001b210  signal1cos                               
1     0005d300  CpuSysRegs                               
abs   00000139  RamfuncsLoadSize                         
abs   00000139  RamfuncsRunSize                          
abs   000003f8  __TI_STACK_SIZE                          
abs   ffffffff  __TI_pprof_out_hndl                      
abs   ffffffff  __TI_prof_data_size                      
abs   ffffffff  __TI_prof_data_start                     
n/a   UNDEFED   __c_args__                               

[365 symbols]
