******************************************************************************
             TMS320C2000 Linker PC v22.6.0                     
******************************************************************************
>> Linked Wed Dec 17 12:20:51 2025

OUTPUT FILE NAME:   <Blue_v3_cpu01_multiple_freq.out>
ENTRY POINT SYMBOL: "code_start"  address: 00080000


MEMORY CONFIGURATION

         name            origin    length      used     unused   attr    fill
----------------------  --------  ---------  --------  --------  ----  --------
PAGE 0:
  RAMM0                 00000123   000002dd  00000000  000002dd  RWIX
  RAMLS0                00008000   00000800  00000139  000006c7  RWIX
  RAMD0                 0000b000   00000800  00000000  00000800  RWIX
  BEGIN                 00080000   00000002  00000002  00000000  RWIX
  FLASHA                00080002   00001ffe  00000000  00001ffe  RWIX
  FLASHB                00082000   00002000  00000000  00002000  RWIX
  FLASHC                00084000   00002000  00000000  00002000  RWIX
  FLASHD                00086000   00002000  00000139  00001ec7  RWIX
  FLASHE                00088000   00008000  000000ac  00007f54  RWIX
  FLASHF                00090000   00008000  00004166  00003e9a  RWIX
  FLASHG                00098000   00008000  00000000  00008000  RWIX
  FLASHH                000a0000   00008000  00000000  00008000  RWIX
  FLASHI                000a8000   00008000  00000d76  0000728a  RWIX
  FLASHJ                000b0000   00008000  00000000  00008000  RWIX
  FLASHK                000b8000   00002000  00000000  00002000  RWIX
  FLASHL                000ba000   00002000  00000000  00002000  RWIX
  FLASHM                000bc000   00002000  00000000  00002000  RWIX
  FLASHN                000be000   00001ff0  00000000  00001ff0  RWIX
  RESET                 003fffc0   00000002  00000000  00000002  RWIX

PAGE 1:
  BOOT_RSVD             00000002   00000121  00000000  00000121  RWIX
  RAMM1                 00000400   000003f8  000003f8  00000000  RWIX
  ADCARESULT            00000b00   00000018  00000000  00000018  RWIX
  ADCBRESULT            00000b20   00000018  00000000  00000018  RWIX
  ADCCRESULT            00000b40   00000018  00000000  00000018  RWIX
  ADCDRESULT            00000b60   00000018  00000000  00000018  RWIX
  CPUTIMER0             00000c00   00000008  00000000  00000008  RWIX
  CPUTIMER1             00000c08   00000008  00000000  00000008  RWIX
  CPUTIMER2             00000c10   00000008  00000000  00000008  RWIX
  PIECTRL               00000ce0   0000001a  0000001a  00000000  RWIX
  PIEVECTTABLE          00000d00   00000200  00000000  00000200  RWIX
  DMA                   00001000   00000200  000000e0  00000120  RWIX
  CLA1                  00001400   00000080  00000000  00000080  RWIX
  CLB1LOGICCFG          00003000   00000052  00000000  00000052  RWIX
  CLB1LOGICCTRL         00003100   00000040  00000000  00000040  RWIX
  CLB1DATAEXCH          00003200   00000200  00000000  00000200  RWIX
  CLB2LOGICCFG          00003400   00000052  00000000  00000052  RWIX
  CLB2LOGICCTRL         00003500   00000040  00000000  00000040  RWIX
  CLB2DATAEXCH          00003600   00000200  00000000  00000200  RWIX
  CLB3LOGICCFG          00003800   00000052  00000000  00000052  RWIX
  CLB3LOGICCTRL         00003900   00000040  00000000  00000040  RWIX
  CLB3DATAEXCH          00003a00   00000200  00000000  00000200  RWIX
  CLB4LOGICCFG          00003c00   00000052  00000000  00000052  RWIX
  CLB4LOGICCTRL         00003d00   00000040  00000000  00000040  RWIX
  CLB4DATAEXCH          00003e00   00000200  00000000  00000200  RWIX
  EPWM1                 00004000   00000100  00000000  00000100  RWIX
  EPWM2                 00004100   00000100  00000000  00000100  RWIX
  EPWM3                 00004200   00000100  00000000  00000100  RWIX
  EPWM4                 00004300   00000100  00000000  00000100  RWIX
  EPWM5                 00004400   00000100  00000000  00000100  RWIX
  EPWM6                 00004500   00000100  00000000  00000100  RWIX
  EPWM7                 00004600   00000100  00000000  00000100  RWIX
  EPWM8                 00004700   00000100  00000000  00000100  RWIX
  EPWM9                 00004800   00000100  00000000  00000100  RWIX
  EPWM10                00004900   00000100  00000000  00000100  RWIX
  EPWM11                00004a00   00000100  00000000  00000100  RWIX
  EPWM12                00004b00   00000100  00000000  00000100  RWIX
  ECAP1                 00005000   00000020  00000000  00000020  RWIX
  ECAP2                 00005020   00000020  00000000  00000020  RWIX
  ECAP3                 00005040   00000020  00000000  00000020  RWIX
  ECAP4                 00005060   00000020  00000000  00000020  RWIX
  ECAP5                 00005080   00000020  00000000  00000020  RWIX
  ECAP6                 000050a0   00000020  00000000  00000020  RWIX
  EQEP1                 00005100   00000022  00000000  00000022  RWIX
  EQEP2                 00005140   00000022  00000000  00000022  RWIX
  EQEP3                 00005180   00000022  00000000  00000022  RWIX
  DACA                  00005c00   00000008  00000007  00000001  RWIX
  DACB                  00005c10   00000008  00000007  00000001  RWIX
  DACC                  00005c20   00000008  00000007  00000001  RWIX
  CMPSS1                00005c80   00000020  00000000  00000020  RWIX
  CMPSS2                00005ca0   00000020  00000000  00000020  RWIX
  CMPSS3                00005cc0   00000020  00000000  00000020  RWIX
  CMPSS4                00005ce0   00000020  00000000  00000020  RWIX
  CMPSS5                00005d00   00000020  00000000  00000020  RWIX
  CMPSS6                00005d20   00000020  00000000  00000020  RWIX
  CMPSS7                00005d40   00000020  00000000  00000020  RWIX
  CMPSS8                00005d60   00000020  00000000  00000020  RWIX
  SDFM1                 00005e00   00000080  00000000  00000080  RWIX
  SDFM2                 00005e80   00000080  00000000  00000080  RWIX
  MCBSPA                00006000   00000024  00000000  00000024  RWIX
  MCBSPB                00006040   00000024  00000000  00000024  RWIX
  SPIA                  00006100   00000010  00000000  00000010  RWIX
  SPIB                  00006110   00000010  00000000  00000010  RWIX
  SPIC                  00006120   00000010  00000000  00000010  RWIX
  UPP                   00006200   00000048  00000000  00000048  RWIX
  WD                    00007000   0000002b  00000000  0000002b  RWIX
  NMIINTRUPT            00007060   00000007  00000000  00000007  RWIX
  XINT                  00007070   0000000b  00000000  0000000b  RWIX
  SCIA                  00007200   00000010  00000000  00000010  RWIX
  SCIB                  00007210   00000010  00000000  00000010  RWIX
  SCIC                  00007220   00000010  00000000  00000010  RWIX
  SCID                  00007230   00000010  00000000  00000010  RWIX
  I2CA                  00007300   00000022  00000000  00000022  RWIX
  I2CB                  00007340   00000022  00000000  00000022  RWIX
  ADCA                  00007400   00000080  00000000  00000080  RWIX
  ADCB                  00007480   00000080  00000000  00000080  RWIX
  ADCC                  00007500   00000080  00000000  00000080  RWIX
  ADCD                  00007580   00000080  00000000  00000080  RWIX
  INPUTXBAR             00007900   00000020  00000000  00000020  RWIX
  XBAR                  00007920   00000020  00000000  00000020  RWIX
  SYNCSOC               00007940   00000006  00000000  00000006  RWIX
  DMACLASRCSEL          00007980   0000001a  0000001a  00000000  RWIX
  EPWMXBAR              00007a00   00000040  00000000  00000040  RWIX
  CLBXBAR               00007a40   00000040  00000000  00000040  RWIX
  OUTPUTXBAR            00007a80   00000040  00000000  00000040  RWIX
  GPIOCTRL              00007c00   00000180  00000180  00000000  RWIX
  GPIODATA              00007f00   00000030  00000000  00000030  RWIX
  RAMLS1                00008800   00000800  00000000  00000800  RWIX
  RAMLS2                00009000   00000800  00000000  00000800  RWIX
  RAMLS3                00009800   00000800  00000000  00000800  RWIX
  RAMLS4                0000a000   00000800  00000000  00000800  RWIX
  RAMLS5                0000a800   00000800  00000000  00000800  RWIX
  RAMD1                 0000b800   00000800  00000000  00000800  RWIX
  RAMGS0                0000c000   00001000  00000001  00000fff  RWIX
  RAMGS1                0000d000   00001000  00000003  00000ffd  RWIX
  RAMGS2                0000e000   00001000  00000008  00000ff8  RWIX
  RAMGS3                0000f000   00001000  00000000  00001000  RWIX
  RAMGS4                00010000   00001000  00000000  00001000  RWIX
  RAMGS5                00011000   00001000  00000000  00001000  RWIX
  RAMGS6_7              00012000   00002000  00001446  00000bba  RWIX
  RAMGS8                00014000   00001000  00000000  00001000  RWIX
  RAMGS9                00015000   00005000  00004e98  00000168  RWIX
  RAMGS14               0001a000   00001000  000007d0  00000830  RWIX
  RAMGS15               0001b000   00000ff8  0000082e  000007ca  RWIX
  CPU2TOCPU1RAM         0003f800   00000400  00000000  00000400  RWIX
  CPU1TOCPU2RAM         0003fc00   00000400  00000000  00000400  RWIX
  EMIF1                 00047000   00000070  00000000  00000070  RWIX
  EMIF2                 00047800   00000070  00000000  00000070  RWIX
  CANA                  00048000   00000200  00000000  00000200  RWIX
  CANB                  0004a000   00000200  00000000  00000200  RWIX
  IPC                   00050000   00000024  00000000  00000024  RWIX
  FLASHPUMPSEMAPHORE    00050024   00000002  00000000  00000002  RWIX
  DEVCFG                0005d000   0000012e  00000000  0000012e  RWIX
  ANALOGSUBSYS          0005d180   00000048  00000000  00000048  RWIX
  CLKCFG                0005d200   00000032  00000000  00000032  RWIX
  CPUSYS                0005d300   00000082  00000082  00000000  RWIX
  ROMPREFETCH           0005e608   00000002  00000000  00000002  RWIX
  DCSMZ1                0005f000   00000024  00000000  00000024  RWIX
  DCSMZ2                0005f040   00000024  00000000  00000024  RWIX
  DCSMCOMMON            0005f070   00000008  00000000  00000008  RWIX
  MEMCFG                0005f400   00000080  00000000  00000080  RWIX
  EMIF1CONFIG           0005f480   00000020  00000000  00000020  RWIX
  EMIF2CONFIG           0005f4a0   00000020  00000000  00000020  RWIX
  ACCESSPROTECTION      0005f4c0   00000040  00000000  00000040  RWIX
  MEMORYERROR           0005f500   00000040  00000000  00000040  RWIX
  ROMWAITSTATE          0005f540   00000002  00000000  00000002  RWIX
  FLASH0CTRL            0005f800   00000182  00000000  00000182  RWIX
  FLASH0ECC             0005fb00   00000028  00000000  00000028  RWIX


SECTION ALLOCATION MAP

 output                                  attributes/
section   page    origin      length       input sections
--------  ----  ----------  ----------   ----------------
codestart 
*          0    00080000    00000002     
                  00080000    00000002     F2837xD_CodeStartBranch.obj (codestart)

.cinit     0    00088000    000000ac     
                  00088000    0000006c     (.cinit..data.load) [load image, compression = lzss]
                  0008806c    00000006     (.cinit.ramgs15.load) [load image, compression = lzss]
                  00088072    00000006     (__TI_handler_table)
                  00088078    00000005     (.cinit.SHARERAMGS1.load) [load image, compression = lzss]
                  0008807d    00000001     --HOLE-- [fill = 0]
                  0008807e    00000004     (.cinit..bss.load) [load image, compression = zero_init]
                  00088082    00000004     (.cinit.SHARERAMGS0.load) [load image, compression = zero_init]
                  00088086    00000004     (.cinit.ram_extended.load) [load image, compression = zero_init]
                  0008808a    00000004     (.cinit.ramgs14.load) [load image, compression = zero_init]
                  0008808e    00000002     --HOLE-- [fill = 0]
                  00088090    0000001c     (__TI_cinit_table)

.stack     1    00000400    000003f8     UNINITIALIZED
                  00000400    000003f8     --HOLE--

.reset     0    003fffc0    00000000     DSECT

.init_array 
*          0    000a0000    00000000     UNINITIALIZED

.bss       1    0000e000    00000008     UNINITIALIZED
                  0000e000    00000008     exc_signal_dma.obj (.bss)

.TI.ramfunc 
*          0    00086000    00000139     RUN ADDR = 00008000
                  00086000    00000043     driverlib_eabi.lib : flash.obj (.TI.ramfunc:Flash_initModule)
                  00086043    0000002d                        : flash.obj (.TI.ramfunc:Flash_setBankPowerMode)
                  00086070    00000026                        : flash.obj (.TI.ramfunc:Flash_setWaitstates)
                  00086096    0000001e                        : flash.obj (.TI.ramfunc:Flash_setPumpPowerMode)
                  000860b4    0000001a                        : flash.obj (.TI.ramfunc:Flash_disableCache)
                  000860ce    0000001a                        : flash.obj (.TI.ramfunc:Flash_disablePrefetch)
                  000860e8    00000019                        : flash.obj (.TI.ramfunc:Flash_enableCache)
                  00086101    00000019                        : flash.obj (.TI.ramfunc:Flash_enablePrefetch)
                  0008611a    00000017                        : flash.obj (.TI.ramfunc:Flash_enableECC)
                  00086131    00000004     F2837xD_usDelay.obj (.TI.ramfunc)
                  00086135    00000004     driverlib_eabi.lib : sysctl.obj (.TI.ramfunc)

.data      1    00012000    00001446     UNINITIALIZED
                  00012000    000003e8     main.obj (.data:adcAResults)
                  000123e8    000003e8     main.obj (.data:adcBResults)
                  000127d0    000003e8     main.obj (.data:adcCResults)
                  00012bb8    000003e8     main.obj (.data:rawExcitation)
                  00012fa0    000003e8     main.obj (.data:rawResponseA)
                  00013388    00000028     main.obj (.data)
                  000133b0    0000001f     main.obj (.data:mux_outputs)
                  000133cf    00000010     main.obj (.data:received_command$1)
                  000133df    0000000a     main.obj (.data:activeFreqs)
                  000133e9    00000001     exc_signal_dma.obj (.data)
                  000133ea    00000008     exc_signal_dma.obj (.data:DAC_PTR)
                  000133f2    00000008     main.obj (.data:gain_table_1$3)
                  000133fa    00000008     main.obj (.data:gain_table_2$4)
                  00013402    00000006     device.obj (.data)
                  00013408    00000006     main.obj (.data:mux_inputs_1)
                  0001340e    00000006     main.obj (.data:mux_inputs_2)
                  00013414    00000006     main.obj (.data:mux_inputs_3)
                  0001341a    00000006     main.obj (.data:mux_inputs_4)
                  00013420    00000006     main.obj (.data:mux_outputs_2)
                  00013426    00000006     main.obj (.data:mux_outputs_3)
                  0001342c    00000006     main.obj (.data:mux_outputs_4)
                  00013432    00000006     rts2800_fpu32_eabi.lib : exit.c.obj (.data)
                  00013438    00000004     main.obj (.data:mux_inputs)
                  0001343c    00000004     main.obj (.data:mux_outputs_1)
                  00013440    00000002     rts2800_fpu32_eabi.lib : _lock.c.obj (.data:_lock)
                  00013442    00000002                            : _lock.c.obj (.data:_unlock)
                  00013444    00000001     funcs.obj (.data)
                  00013445    00000001     rts2800_fpu32_eabi.lib : errno.c.obj (.data)

.const     0    000a8000    00000d76     
                  000a8000    00000300     lookup_tables.obj (.const:tomo_mux_lookup_table)
                  000a8300    000001c0     F2837xD_PieVect.obj (.const)
                  000a84c0    00000120     main.obj (.const:.string)
                  000a85e0    000000cb     funcs.obj (.const:.string)
                  000a86ab    00000001     --HOLE-- [fill = 0]
                  000a86ac    000000c2     driverlib_eabi.lib : sysctl.obj (.const:.string)
                  000a876e    000000bf                        : flash.obj (.const:.string)
                  000a882d    00000001     --HOLE-- [fill = 0]
                  000a882e    000000bc                        : gpio.obj (.const:.string)
                  000a88ea    000000bb                        : sci.obj (.const:.string)
                  000a89a5    00000001     --HOLE-- [fill = 0]
                  000a89a6    000000bb                        : spi.obj (.const:.string)
                  000a8a61    00000001     --HOLE-- [fill = 0]
                  000a8a62    00000084     rts2800_fpu32_eabi.lib : k_rem_pio2.c.obj (.const:ipio2)
                  000a8ae6    00000013     device.obj (.const:.string)
                  000a8af9    00000004     rts2800_fpu32_eabi.lib : k_rem_pio2.c.obj (.const:init_jk)
                  000a8afd    00000003     --HOLE-- [fill = 0]
                  000a8b00    00000064                            : e_rem_pio2.c.obj (.const)
                  000a8b64    00000060     driverlib_eabi.lib : memcfg.obj (.const:.string)
                  000a8bc4    0000005d                        : adc.obj (.const:.string)
                  000a8c21    00000001     --HOLE-- [fill = 0]
                  000a8c22    00000043     sci_b_esp32.obj (.const:.string)
                  000a8c65    00000001     --HOLE-- [fill = 0]
                  000a8c66    0000000c     rts2800_fpu32_eabi.lib : s_floor.c.obj (.const)
                  000a8c72    0000000c     wave_gen.obj (.const)
                  000a8c7e    00000002     --HOLE-- [fill = 0]
                  000a8c80    0000003c     rts2800_fpu32_eabi.lib : k_cos.c.obj (.const)
                  000a8cbc    00000004                            : s_cos.c.obj (.const)
                  000a8cc0    00000038                            : k_sin.c.obj (.const)
                  000a8cf8    00000008                            : s_round.c.obj (.const)
                  000a8d00    0000002c                            : k_rem_pio2.c.obj (.const)
                  000a8d2c    00000020                            : k_rem_pio2.c.obj (.const:PIo2)
                  000a8d4c    0000001c                            : s_scalbn.c.obj (.const)
                  000a8d68    0000000a     main.obj (.const:freqValues)
                  000a8d72    00000004     rts2800_fpu32_eabi.lib : s_sin.c.obj (.const)

SHARERAMGS0 
*          1    0000c000    00000001     UNINITIALIZED
                  0000c000    00000001     main.obj (SHARERAMGS0)

SHARERAMGS1 
*          1    0000d000    00000003     UNINITIALIZED
                  0000d000    00000003     main.obj (SHARERAMGS1)

ramgs14    1    0001a000    000007d0     UNINITIALIZED
                  0001a000    000007d0     exc_signal_dma.obj (ramgs14)

ramgs15    1    0001b000    0000082e     UNINITIALIZED
                  0001b000    0000082e     main.obj (ramgs15)

ram_extended 
*          1    00015000    00004e98     UNINITIALIZED
                  00015000    00004e98     main.obj (ram_extended)

GETBUFFER 
*          0    0003f800    00000000     DSECT

GETWRITEIDX 
*          0    0003f800    00000000     DSECT

PUTREADIDX 
*          0    0003f800    00000000     DSECT

DmaRegsFile 
*          1    00001000    000000e0     UNINITIALIZED
                  00001000    000000e0     F2837xD_GlobalVariableDefs.obj (DmaRegsFile)

DacaRegsFile 
*          1    00005c00    00000007     UNINITIALIZED
                  00005c00    00000007     F2837xD_GlobalVariableDefs.obj (DacaRegsFile)

DacbRegsFile 
*          1    00005c10    00000007     UNINITIALIZED
                  00005c10    00000007     F2837xD_GlobalVariableDefs.obj (DacbRegsFile)

DaccRegsFile 
*          1    00005c20    00000007     UNINITIALIZED
                  00005c20    00000007     F2837xD_GlobalVariableDefs.obj (DaccRegsFile)

CpuSysRegsFile 
*          1    0005d300    00000082     UNINITIALIZED
                  0005d300    00000082     F2837xD_GlobalVariableDefs.obj (CpuSysRegsFile)

DmaClaSrcSelRegsFile 
*          1    00007980    0000001a     UNINITIALIZED
                  00007980    0000001a     F2837xD_GlobalVariableDefs.obj (DmaClaSrcSelRegsFile)

GpioCtrlRegsFile 
*          1    00007c00    00000180     UNINITIALIZED
                  00007c00    00000180     F2837xD_GlobalVariableDefs.obj (GpioCtrlRegsFile)

PieCtrlRegsFile 
*          1    00000ce0    0000001a     UNINITIALIZED
                  00000ce0    0000001a     F2837xD_GlobalVariableDefs.obj (PieCtrlRegsFile)

.text      0    00090000    00004166     
                  00090000    00000c2b     main.obj (.text)
                  00090c2b    0000067d     rts2800_fpu32_eabi.lib : k_rem_pio2.c.obj (.text)
                  000912a8    00000585     F2837xD_DefaultISR.obj (.text:retain)
                  0009182d    00000431     rts2800_fpu32_eabi.lib : e_rem_pio2.c.obj (.text)
                  00091c5e    00000415     funcs.obj (.text)
                  00092073    00000404     F2837xD_Dma.obj (.text)
                  00092477    000003f9     device.obj (.text)
                  00092870    00000207     driverlib_eabi.lib : sysctl.obj (.text:SysCtl_setClock)
                  00092a77    00000168     exc_signal_dma.obj (.text)
                  00092bdf    00000125     rts2800_fpu32_eabi.lib : k_sin.c.obj (.text)
                  00092d04    00000113                            : k_cos.c.obj (.text)
                  00092e17    0000010a     sci_b_esp32.obj (.text)
                  00092f21    000000e8     rts2800_fpu32_eabi.lib : s_floor.c.obj (.text)
                  00093009    000000e4     data_packer.obj (.text)
                  000930ed    000000ce     rts2800_fpu32_eabi.lib : s_cos.c.obj (.text)
                  000931bb    000000cb                            : s_sin.c.obj (.text)
                  00093286    000000bd     wave_gen.obj (.text)
                  00093343    000000a9     rts2800_fpu32_eabi.lib : s_scalbn.c.obj (.text)
                  000933ec    0000009c                            : fd_add28.asm.obj (.text)
                  00093488    00000094                            : s_round.c.obj (.text)
                  0009351c    0000008b                            : fd_div28.asm.obj (.text)
                  000935a7    00000088                            : fs_div28.asm.obj (.text)
                  0009362f    00000083                            : fd_mpy28.asm.obj (.text)
                  000936b2    00000073     driverlib_eabi.lib : adc.obj (.text:ADC_setINLTrim)
                  00093725    0000006b                        : sysctl.obj (.text:SysCtl_selectXTAL)
                  00093790    00000068                        : sysctl.obj (.text:SysCtl_getDeviceParametric)
                  000937f8    00000064                        : adc.obj (.text:ADC_setOffsetTrim)
                  0009385c    0000005c                        : spi.obj (.text:SPI_setConfig)
                  000938b8    00000055     main.obj (.text:retain)
                  0009390d    00000054     driverlib_eabi.lib : sysctl.obj (.text:SysCtl_selectOscSource)
                  00093961    00000052                        : gpio.obj (.text:GPIO_setPadConfig)
                  000939b3    00000051                        : sysctl.obj (.text:SysCtl_getClock)
                  00093a04    00000046                        : sci.obj (.text:SCI_clearInterruptStatus)
                  00093a4a    00000041                        : sci.obj (.text:SCI_writeCharArray)
                  00093a8b    0000003e                        : sci.obj (.text:SCI_setConfig)
                  00093ac9    0000003d                        : interrupt.obj (.text:Interrupt_initModule)
                  00093b06    00000038                        : gpio.obj (.text:GPIO_setMasterCore)
                  00093b3e    00000038                        : gpio.obj (.text:GPIO_setQualificationMode)
                  00093b76    00000037                        : gpio.obj (.text:GPIO_setPinConfig)
                  00093bad    00000034                        : interrupt.obj (.text:Interrupt_enable)
                  00093be1    00000031                        : gpio.obj (.text:GPIO_setDirectionMode)
                  00093c12    0000002f                        : adc.obj (.text:ADC_setMode)
                  00093c41    0000002e     rts2800_fpu32_eabi.lib : copy_decompress_lzss.c.obj (.text:decompress:lzss)
                  00093c6f    0000002b                            : autoinit.c.obj (.text:__TI_auto_init_nobinit_nopinit)
                  00093c9a    0000002a                            : fd_cmp28.asm.obj (.text)
                  00093cc4    00000029                            : exit.c.obj (.text)
                  00093ced    00000028     driverlib_eabi.lib : flash.obj (.text:Flash_setBankPowerUpDelay)
                  00093d15    00000027                        : memcfg.obj (.text:MemCfg_setGSRAMMasterSel)
                  00093d3c    00000024                        : sysctl.obj (.text:CPUTimer_selectClockSource)
                  00093d60    00000024     rts2800_fpu32_eabi.lib : s_copysign.c.obj (.text)
                  00093d84    00000023                            : fd_tofsfpu32.asm.obj (.text)
                  00093da7    00000022     driverlib_eabi.lib : sci.obj (.text:SCI_isFIFOEnabled)
                  00093dc9    00000022     rts2800_fpu32_eabi.lib : i_div28.asm.obj (.text)
                  00093deb    00000021                            : fd_toi28.asm.obj (.text)
                  00093e0c    00000020     driverlib_eabi.lib : sysctl.obj (.text:CPUTimer_getTimerOverflowStatus)
                  00093e2c    0000001f                        : adc.obj (.text:ADC_isBaseValid)
                  00093e4b    0000001f                        : sci.obj (.text:SCI_isBaseValid)
                  00093e6a    0000001f     rts2800_fpu32_eabi.lib : fd_tol28.asm.obj (.text)
                  00093e89    0000001e     driverlib_eabi.lib : interrupt.obj (.text:Interrupt_initVectorTable)
                  00093ea7    0000001d     rts2800_fpu32_eabi.lib : i_tofd28.asm.obj (.text)
                  00093ec4    0000001d                            : memcpy.c.obj (.text)
                  00093ee1    0000001c                            : fs_tofdfpu32.asm.obj (.text)
                  00093efd    0000001c                            : l_tofd28.asm.obj (.text)
                  00093f19    0000001b     driverlib_eabi.lib : sysctl.obj (.text:CPUTimer_startTimer)
                  00093f34    0000001b                        : sci.obj (.text:SCI_isSpaceAvailableNonFIFO)
                  00093f4f    0000001b     dmac1.obj (.text)
                  00093f6a    0000001a     driverlib_eabi.lib : sysctl.obj (.text:CPUTimer_isBaseValid)
                  00093f84    0000001a                        : spi.obj (.text:SPI_isBaseValid)
                  00093f9e    0000001a                        : sysctl.obj (.text:SysCtl_getLowSpeedClock)
                  00093fb8    00000019                        : sci.obj (.text:SCI_disableModule)
                  00093fd1    00000019                        : sci.obj (.text:SCI_performSoftwareReset)
                  00093fea    00000019                        : sysctl.obj (.text:SysCtl_pollCpuTimer)
                  00094003    00000018     rts2800_fpu32_eabi.lib : ll_aox28.asm.obj (.text)
                  0009401b    00000017                            : boot28.asm.obj (.text)
                  00094032    00000015     driverlib_eabi.lib : sci.obj (.text:SCI_getTxFIFOStatus)
                  00094047    00000014                        : sysctl.obj (.text:CPUTimer_stopTimer)
                  0009405b    00000014                        : sci.obj (.text:SCI_enableModule)
                  0009406f    00000012                        : sysctl.obj (.text:CPUTimer_clearOverflowFlag)
                  00094081    00000012                        : sysctl.obj (.text:CPUTimer_disableInterrupt)
                  00094093    00000012                        : sysctl.obj (.text:CPUTimer_setPeriod)
                  000940a5    00000010                        : flash.obj (.text:Flash_isCtrlBaseValid)
                  000940b5    00000010                        : flash.obj (.text:Flash_isECCBaseValid)
                  000940c5    0000000e                        : gpio.obj (.text:GPIO_isPinValid)
                  000940d3    0000000e                        : interrupt.obj (.text:Interrupt_defaultHandler)
                  000940e1    0000000e     rts2800_fpu32_eabi.lib : fd_sub28.asm.obj (.text)
                  000940ef    0000000d     driverlib_eabi.lib : interrupt.obj (.text:Interrupt_disableMaster)
                  000940fc    0000000d                        : interrupt.obj (.text:Interrupt_enableMaster)
                  00094109    0000000c     rts2800_fpu32_eabi.lib : args_main.c.obj (.text)
                  00094115    0000000b     driverlib_eabi.lib : sysctl.obj (.text:SysCtl_isMCDClockFailureDetected)
                  00094120    00000009                        : sysctl.obj (.text:SysCtl_serviceWatchdog)
                  00094129    00000009     rts2800_fpu32_eabi.lib : _lock.c.obj (.text)
                  00094132    00000009                            : fd_neg28.asm.obj (.text)
                  0009413b    00000008     F2837xD_CodeStartBranch.obj (.text)
                  00094143    00000008     rts2800_fpu32_eabi.lib : copy_decompress_none.c.obj (.text:decompress:none)
                  0009414b    00000007     driverlib_eabi.lib : sysctl.obj (.text:SysCtl_resetMCD)
                  00094152    00000007     rts2800_fpu32_eabi.lib : memset.c.obj (.text)
                  00094159    00000006                            : copy_zero_init.c.obj (.text:decompress:ZI)
                  0009415f    00000002     driverlib_eabi.lib : interrupt.obj (.text:Interrupt_illegalOperationHandler)
                  00094161    00000002                        : interrupt.obj (.text:Interrupt_nmiHandler)
                  00094163    00000002     rts2800_fpu32_eabi.lib : pre_init.c.obj (.text)
                  00094165    00000001                            : startup.c.obj (.text)

MODULE SUMMARY

       Module                           code    ro data   rw data
       ------                           ----    -------   -------
    .\
       main.obj                         3200    298       27381  
       exc_signal_dma.obj               360     0         2017   
       funcs.obj                        1045    203       1      
       lookup_tables.obj                0       768       0      
       sci_b_esp32.obj                  266     67        0      
       data_packer.obj                  228     0         0      
       wave_gen.obj                     189     12        0      
       dmac1.obj                        27      0         0      
    +--+--------------------------------+-------+---------+---------+
       Total:                           5315    1348      29399  
                                                                 
    .\device\
       device.obj                       1017    19        6      
       F2837xD_CodeStartBranch.obj      10      0         0      
    +--+--------------------------------+-------+---------+---------+
       Total:                           1027    19        6      
                                                                 
    .\other_includes\
       F2837xD_DefaultISR.obj           1413    0         0      
       F2837xD_Dma.obj                  1028    0         0      
       F2837xD_GlobalVariableDefs.obj   0       0         811    
       F2837xD_PieVect.obj              0       448       0      
       F2837xD_usDelay.obj              8       0         0      
    +--+--------------------------------+-------+---------+---------+
       Total:                           2449    448       811    
                                                                 
    C:\ti\c2000\C2000Ware_4_01_00_00\driverlib\f2837xd\driverlib\ccs\Debug\driverlib_eabi.lib
       sysctl.obj                       1176    194       0      
       flash.obj                        682     191       0      
       sci.obj                          380     187       0      
       gpio.obj                         312     188       0      
       adc.obj                          293     93        0      
       spi.obj                          118     187       0      
       interrupt.obj                    187     0         0      
       memcfg.obj                       39      96        0      
    +--+--------------------------------+-------+---------+---------+
       Total:                           3187    1136      0      
                                                                 
    C:\ti\ccs1210\ccs\tools\compiler\ti-cgt-c2000_22.6.0.LTS\lib\rts2800_fpu32_eabi.lib
       k_rem_pio2.c.obj                 1661    212       0      
       e_rem_pio2.c.obj                 1073    100       0      
       k_sin.c.obj                      293     56        0      
       k_cos.c.obj                      275     60        0      
       s_floor.c.obj                    232     12        0      
       s_cos.c.obj                      206     4         0      
       s_sin.c.obj                      203     4         0      
       s_scalbn.c.obj                   169     28        0      
       fd_add28.asm.obj                 156     0         0      
       s_round.c.obj                    148     8         0      
       fd_div28.asm.obj                 139     0         0      
       fs_div28.asm.obj                 136     0         0      
       fd_mpy28.asm.obj                 131     0         0      
       exit.c.obj                       41      0         6      
       copy_decompress_lzss.c.obj       46      0         0      
       autoinit.c.obj                   43      0         0      
       fd_cmp28.asm.obj                 42      0         0      
       s_copysign.c.obj                 36      0         0      
       fd_tofsfpu32.asm.obj             35      0         0      
       i_div28.asm.obj                  34      0         0      
       fd_toi28.asm.obj                 33      0         0      
       fd_tol28.asm.obj                 31      0         0      
       i_tofd28.asm.obj                 29      0         0      
       memcpy.c.obj                     29      0         0      
       fs_tofdfpu32.asm.obj             28      0         0      
       l_tofd28.asm.obj                 28      0         0      
       ll_aox28.asm.obj                 24      0         0      
       boot28.asm.obj                   23      0         0      
       fd_sub28.asm.obj                 14      0         0      
       _lock.c.obj                      9       0         4      
       args_main.c.obj                  12      0         0      
       fd_neg28.asm.obj                 9       0         0      
       copy_decompress_none.c.obj       8       0         0      
       memset.c.obj                     7       0         0      
       copy_zero_init.c.obj             6       0         0      
       pre_init.c.obj                   2       0         0      
       errno.c.obj                      0       0         1      
       startup.c.obj                    1       0         0      
    +--+--------------------------------+-------+---------+---------+
       Total:                           5392    484       11     
                                                                 
       Stack:                           0       0         1016   
       Linker Generated:                0       169       0      
    +--+--------------------------------+-------+---------+---------+
       Grand Total:                     17370   3604      31243  


LINKER GENERATED COPY TABLES

__TI_cinit_table @ 00088090 records: 7, size/record: 4, table size: 28
	.data: load addr=00088000, load size=0000006c bytes, run addr=00012000, run size=00001446 bytes, compression=lzss
	ramgs15: load addr=0008806c, load size=00000006 bytes, run addr=0001b000, run size=0000082e bytes, compression=lzss
	SHARERAMGS1: load addr=00088078, load size=00000005 bytes, run addr=0000d000, run size=00000003 bytes, compression=lzss
	.bss: load addr=0008807e, load size=00000004 bytes, run addr=0000e000, run size=00000008 bytes, compression=zero_init
	SHARERAMGS0: load addr=00088082, load size=00000004 bytes, run addr=0000c000, run size=00000001 bytes, compression=zero_init
	ram_extended: load addr=00088086, load size=00000004 bytes, run addr=00015000, run size=00004e98 bytes, compression=zero_init
	ramgs14: load addr=0008808a, load size=00000004 bytes, run addr=0001a000, run size=000007d0 bytes, compression=zero_init


LINKER GENERATED HANDLER TABLE

__TI_handler_table @ 00088072 records: 3, size/record: 2, table size: 6
	index: 0, handler: __TI_zero_init
	index: 1, handler: __TI_decompress_lzss
	index: 2, handler: __TI_decompress_none


GLOBAL DATA SYMBOLS: SORTED BY DATA PAGE

address     data page           name
--------    ----------------    ----
00000400      10 (00000400)     __stack

00000ce0      33 (00000cc0)     PieCtrlRegs

00001000      40 (00001000)     DmaRegs

00005c00     170 (00005c00)     DacaRegs
00005c10     170 (00005c00)     DacbRegs
00005c20     170 (00005c00)     DaccRegs

00007980     1e6 (00007980)     DmaClaSrcSelRegs

00007c00     1f0 (00007c00)     GpioCtrlRegs

0000c000     300 (0000c000)     mux_busy_flag

0000d000     340 (0000d000)     ppg_read

00012000     480 (00012000)     adcAResults

000123e8     48f (000123c0)     adcBResults

000127d0     49f (000127c0)     adcCResults

00012bb8     4ae (00012b80)     rawExcitation

00012fa0     4be (00012f80)     rawResponseA

00013388     4ce (00013380)     mux_period
00013389     4ce (00013380)     sweep_period
0001338a     4ce (00013380)     num_pairs_1
0001338b     4ce (00013380)     num_pairs_2
0001338c     4ce (00013380)     num_pairs_3
0001338d     4ce (00013380)     num_pairs_4
0001338e     4ce (00013380)     tomo_mode
0001338f     4ce (00013380)     sweep_mode
00013390     4ce (00013380)     dac_mode
00013391     4ce (00013380)     num_z_channels
00013392     4ce (00013380)     buffer_status
00013393     4ce (00013380)     dacOut
00013394     4ce (00013380)     counter
00013395     4ce (00013380)     mux_counter
00013396     4ce (00013380)     sweep_counter
00013397     4ce (00013380)     packet_number
00013398     4ce (00013380)     mode
00013399     4ce (00013380)     led_counter
0001339a     4ce (00013380)     rawCounter
000133a4     4ce (00013380)     sr_current_val
000133a6     4ce (00013380)     mux_mode
000133a8     4ce (00013380)     adcDResult
000133aa     4ce (00013380)     accumD
000133b0     4ce (00013380)     mux_outputs

000133df     4cf (000133c0)     activeFreqs

00013402     4d0 (00013400)     Example_Result
00013404     4d0 (00013400)     Example_PassCount
00013406     4d0 (00013400)     Example_Fail
00013408     4d0 (00013400)     mux_inputs_1
0001340e     4d0 (00013400)     mux_inputs_2
00013414     4d0 (00013400)     mux_inputs_3
0001341a     4d0 (00013400)     mux_inputs_4
00013420     4d0 (00013400)     mux_outputs_2
00013426     4d0 (00013400)     mux_outputs_3
0001342c     4d0 (00013400)     mux_outputs_4
00013432     4d0 (00013400)     __TI_enable_exit_profile_output
00013434     4d0 (00013400)     __TI_cleanup_ptr
00013436     4d0 (00013400)     __TI_dtors_ptr
00013438     4d0 (00013400)     mux_inputs
0001343c     4d0 (00013400)     mux_outputs_1

00013440     4d1 (00013440)     _lock
00013442     4d1 (00013440)     _unlock
00013445     4d1 (00013440)     errno

00015000     540 (00015000)     signalsArray

0001b000     6c0 (0001b000)     data

0001b05e     6c1 (0001b040)     signal1sin

0001b446     6d1 (0001b440)     signal1cos

0005d300    174c (0005d300)     CpuSysRegs

000a8000    2a00 (000a8000)     tomo_mux_lookup_table

000a8300    2a0c (000a8300)     PieVectTableInit

000a8d68    2a35 (000a8d40)     freqValues


GLOBAL SYMBOLS: SORTED ALPHABETICALLY BY Name 

page  address   name                                     
----  -------   ----                                     
0     00091366  ADCA1_ISR                                
0     000915e6  ADCA2_ISR                                
0     000915f0  ADCA3_ISR                                
0     000915fa  ADCA4_ISR                                
0     000915dc  ADCA_EVT_ISR                             
0     00091370  ADCB1_ISR                                
0     0009160e  ADCB2_ISR                                
0     00091618  ADCB3_ISR                                
0     00091622  ADCB4_ISR                                
0     00091604  ADCB_EVT_ISR                             
0     0009137a  ADCC1_ISR                                
0     00091776  ADCC2_ISR                                
0     00091780  ADCC3_ISR                                
0     0009178a  ADCC4_ISR                                
0     0009176c  ADCC_EVT_ISR                             
0     00091398  ADCD1_ISR                                
0     0009179e  ADCD2_ISR                                
0     000917a8  ADCD3_ISR                                
0     000917b2  ADCD4_ISR                                
0     00091794  ADCD_EVT_ISR                             
0     000936b2  ADC_setINLTrim                           
0     00093c12  ADC_setMode                              
0     000937f8  ADC_setOffsetTrim                        
0     000917ee  AUX_PLL_SLIP_ISR                         
0     00093cc4  C$$EXIT                                  
0     000915b4  CANA0_ISR                                
0     000915be  CANA1_ISR                                
0     000915c8  CANB0_ISR                                
0     000915d2  CANB1_ISR                                
0     0009162c  CLA1_1_ISR                               
0     00091636  CLA1_2_ISR                               
0     00091640  CLA1_3_ISR                               
0     0009164a  CLA1_4_ISR                               
0     00091654  CLA1_5_ISR                               
0     0009165e  CLA1_6_ISR                               
0     00091668  CLA1_7_ISR                               
0     00091672  CLA1_8_ISR                               
0     000917f8  CLA_OVERFLOW_ISR                         
0     00091802  CLA_UNDERFLOW_ISR                        
1     0005d300  CpuSysRegs                               
0     000912bc  DATALOG_ISR                              
0     0009207e  DMACH1AddrConfig                         
0     00092417  DMACH1AddrConfig32bit                    
0     0009208e  DMACH1BurstConfig                        
0     000920c1  DMACH1ModeConfig                         
0     0009209e  DMACH1TransferConfig                     
0     000920ae  DMACH1WrapConfig                         
0     00092117  DMACH2AddrConfig                         
0     00092427  DMACH2AddrConfig32bit                    
0     00092127  DMACH2BurstConfig                        
0     0009215a  DMACH2ModeConfig                         
0     00092137  DMACH2TransferConfig                     
0     00092147  DMACH2WrapConfig                         
0     000921b1  DMACH3AddrConfig                         
0     00092437  DMACH3AddrConfig32bit                    
0     000921c1  DMACH3BurstConfig                        
0     000921f4  DMACH3ModeConfig                         
0     000921d1  DMACH3TransferConfig                     
0     000921e1  DMACH3WrapConfig                         
0     0009224a  DMACH4AddrConfig                         
0     00092447  DMACH4AddrConfig32bit                    
0     0009225a  DMACH4BurstConfig                        
0     0009228d  DMACH4ModeConfig                         
0     0009226a  DMACH4TransferConfig                     
0     0009227a  DMACH4WrapConfig                         
0     000922e4  DMACH5AddrConfig                         
0     00092457  DMACH5AddrConfig32bit                    
0     000922f4  DMACH5BurstConfig                        
0     00092327  DMACH5ModeConfig                         
0     00092304  DMACH5TransferConfig                     
0     00092314  DMACH5WrapConfig                         
0     0009237d  DMACH6AddrConfig                         
0     00092467  DMACH6AddrConfig32bit                    
0     0009238d  DMACH6BurstConfig                        
0     000923c0  DMACH6ModeConfig                         
0     0009239d  DMACH6TransferConfig                     
0     000923ad  DMACH6WrapConfig                         
0     00092073  DMAInitialize                            
0     00091500  DMA_CH1_ISR                              
0     0009150a  DMA_CH2_ISR                              
0     00091514  DMA_CH3_ISR                              
0     0009151e  DMA_CH4_ISR                              
0     00091528  DMA_CH5_ISR                              
0     00091532  DMA_CH6_ISR                              
1     00005c00  DacaRegs                                 
1     00005c10  DacbRegs                                 
1     00005c20  DaccRegs                                 
0     000926e4  Device_bootCPU2                          
0     000926b3  Device_configureTMXAnalogTrim            
0     00092561  Device_enableAllPeripherals              
0     0009269d  Device_enableUnbondedGPIOPullups         
0     00092680  Device_enableUnbondedGPIOPullupsFor100Pin
0     0009266d  Device_enableUnbondedGPIOPullupsFor176Pin
0     0009250e  Device_init                              
0     0009264c  Device_initGPIO                          
1     00007980  DmaClaSrcSelRegs                         
1     00001000  DmaRegs                                  
0     00091456  ECAP1_ISR                                
0     00091460  ECAP2_ISR                                
0     0009146a  ECAP3_ISR                                
0     00091474  ECAP4_ISR                                
0     0009147e  ECAP5_ISR                                
0     00091488  ECAP6_ISR                                
0     000917bc  EMIF_ERROR_ISR                           
0     00091816  EMPTY_ISR                                
0     000912d0  EMU_ISR                                  
0     00091712  EPWM10_ISR                               
0     000916ea  EPWM10_TZ_ISR                            
0     0009171c  EPWM11_ISR                               
0     000916f4  EPWM11_TZ_ISR                            
0     00091726  EPWM12_ISR                               
0     000916fe  EPWM12_TZ_ISR                            
0     00091406  EPWM1_ISR                                
0     000913b6  EPWM1_TZ_ISR                             
0     00091410  EPWM2_ISR                                
0     000913c0  EPWM2_TZ_ISR                             
0     0009141a  EPWM3_ISR                                
0     000913ca  EPWM3_TZ_ISR                             
0     00091424  EPWM4_ISR                                
0     000913d4  EPWM4_TZ_ISR                             
0     0009142e  EPWM5_ISR                                
0     000913de  EPWM5_TZ_ISR                             
0     00091438  EPWM6_ISR                                
0     000913e8  EPWM6_TZ_ISR                             
0     00091442  EPWM7_ISR                                
0     000913f2  EPWM7_TZ_ISR                             
0     0009144c  EPWM8_ISR                                
0     000913fc  EPWM8_TZ_ISR                             
0     00091708  EPWM9_ISR                                
0     000916e0  EPWM9_TZ_ISR                             
0     00091492  EQEP1_ISR                                
0     0009149c  EQEP2_ISR                                
0     000914a6  EQEP3_ISR                                
1     00013406  Example_Fail                             
1     00013404  Example_PassCount                        
1     00013402  Example_Result                           
0     0009286f  Example_done                             
0     0009286a  Example_setResultFail                    
0     00092865  Example_setResultPass                    
0     00008131  F28x_usDelay                             
0     000917d0  FLASH_CORRECTABLE_ERROR_ISR              
0     000916a4  FPU_OVERFLOW_ISR                         
0     000916ae  FPU_UNDERFLOW_ISR                        
0     00008000  Flash_initModule                         
0     00093be1  GPIO_setDirectionMode                    
0     00093b06  GPIO_setMasterCore                       
0     00093961  GPIO_setPadConfig                        
0     00093b76  GPIO_setPinConfig                        
0     00093b3e  GPIO_setQualificationMode                
1     00007c00  GpioCtrlRegs                             
0     00091546  I2CA_FIFO_ISR                            
0     0009153c  I2CA_ISR                                 
0     0009155a  I2CB_FIFO_ISR                            
0     00091550  I2CB_ISR                                 
0     000912e4  ILLEGAL_ISR                              
0     000916b8  IPC0_ISR                                 
0     000916c2  IPC1_ISR                                 
0     000916cc  IPC2_ISR                                 
0     000916d6  IPC3_ISR                                 
0     00093bad  Interrupt_enable                         
0     00093ac9  Interrupt_initModule                     
0     00093e89  Interrupt_initVectorTable                
0     000914d8  MCBSPA_RX_ISR                            
0     000914e2  MCBSPA_TX_ISR                            
0     000914ec  MCBSPB_RX_ISR                            
0     000914f6  MCBSPB_TX_ISR                            
0     00093d15  MemCfg_setGSRAMMasterSel                 
0     000912da  NMI_ISR                                  
0     00091823  NOTUSED_ISR                              
0     0009180c  PIE_RESERVED_ISR                         
1     00000ce0  PieCtrlRegs                              
0     000a8300  PieVectTableInit                         
0     000917da  RAM_ACCESS_VIOLATION_ISR                 
0     000917c6  RAM_CORRECTABLE_ERROR_ISR                
0     000912c6  RTOS_ISR                                 
0     00086139  RamfuncsLoadEnd                          
abs   00000139  RamfuncsLoadSize                         
0     00086000  RamfuncsLoadStart                        
0     00008139  RamfuncsRunEnd                           
abs   00000139  RamfuncsRunSize                          
0     00008000  RamfuncsRunStart                         
0     0009158c  SCIA_RX_ISR                              
0     00091596  SCIA_TX_ISR                              
0     000915a0  SCIB_RX_ISR                              
0     000915aa  SCIB_TX_ISR                              
0     00091564  SCIC_RX_ISR                              
0     0009156e  SCIC_TX_ISR                              
0     00091578  SCID_RX_ISR                              
0     00091582  SCID_TX_ISR                              
0     00093a04  SCI_clearInterruptStatus                 
0     00093a8b  SCI_setConfig                            
0     00093a4a  SCI_writeCharArray                       
0     00091730  SD1_ISR                                  
0     0009173a  SD2_ISR                                  
0     000914b0  SPIA_RX_ISR                              
0     000914ba  SPIA_TX_ISR                              
0     000914c4  SPIB_RX_ISR                              
0     000914ce  SPIB_TX_ISR                              
0     00091744  SPIC_RX_ISR                              
0     0009174e  SPIC_TX_ISR                              
0     0009385c  SPI_setConfig                            
0     000917e4  SYS_PLL_SLIP_ISR                         
0     0009210f  StartDMACH1                              
0     000921a9  StartDMACH2                              
0     00092242  StartDMACH3                              
0     000922dc  StartDMACH4                              
0     00092375  StartDMACH5                              
0     0009240f  StartDMACH6                              
0     00008135  SysCtl_delay                             
0     000939b3  SysCtl_getClock                          
0     00093790  SysCtl_getDeviceParametric               
0     00093f9e  SysCtl_getLowSpeedClock                  
0     0009390d  SysCtl_selectOscSource                   
0     00093725  SysCtl_selectXTAL                        
0     00092870  SysCtl_setClock                          
0     000913a2  TIMER0_ISR                               
0     000912a8  TIMER1_ISR                               
0     000912b2  TIMER2_ISR                               
0     00091758  UPPA_ISR                                 
0     00091762  USBA_ISR                                 
0     00091348  USER10_ISR                               
0     00091352  USER11_ISR                               
0     0009135c  USER12_ISR                               
0     000912ee  USER1_ISR                                
0     000912f8  USER2_ISR                                
0     00091302  USER3_ISR                                
0     0009130c  USER4_ISR                                
0     00091316  USER5_ISR                                
0     00091320  USER6_ISR                                
0     0009132a  USER7_ISR                                
0     00091334  USER8_ISR                                
0     0009133e  USER9_ISR                                
0     0009169a  VCU_ISR                                  
0     000913ac  WAKE_ISR                                 
0     00091384  XINT1_ISR                                
0     0009138e  XINT2_ISR                                
0     0009167c  XINT3_ISR                                
0     00091686  XINT4_ISR                                
0     00091690  XINT5_ISR                                
0     00088090  __TI_CINIT_Base                          
0     000880ac  __TI_CINIT_Limit                         
0     000880ac  __TI_CINIT_Warm                          
0     00088072  __TI_Handler_Table_Base                  
0     00088078  __TI_Handler_Table_Limit                 
1     000007f8  __TI_STACK_END                           
abs   000003f8  __TI_STACK_SIZE                          
0     00093c6f  __TI_auto_init_nobinit_nopinit           
1     00013434  __TI_cleanup_ptr                         
0     00093c41  __TI_decompress_lzss                     
0     00094143  __TI_decompress_none                     
1     00013436  __TI_dtors_ptr                           
1     00013432  __TI_enable_exit_profile_output          
abs   ffffffff  __TI_pprof_out_hndl                      
abs   ffffffff  __TI_prof_data_size                      
abs   ffffffff  __TI_prof_data_start                     
0     00094159  __TI_zero_init                           
0     000933ec  __c28xabi_addd                           
0     00094003  __c28xabi_andll                          
0     00093c9a  __c28xabi_cmpd                           
0     0009351c  __c28xabi_divd                           
0     000935a7  __c28xabi_divf                           
0     00093dc9  __c28xabi_divi                           
0     00093d84  __c28xabi_dtof                           
0     00093deb  __c28xabi_dtoi                           
0     00093e6a  __c28xabi_dtol                           
0     00093ee1  __c28xabi_ftod                           
0     00093ea7  __c28xabi_itod                           
0     00093efd  __c28xabi_ltod                           
0     00093dda  __c28xabi_modi                           
0     0009362f  __c28xabi_mpyd                           
0     00094132  __c28xabi_negd                           
0     0009400b  __c28xabi_orll                           
0     000940e1  __c28xabi_subd                           
0     00094013  __c28xabi_xorll                          
n/a   UNDEFED   __c_args__                               
0     0009285e  __error__                                
0     00092d04  __kernel_cos                             
0     00090c2b  __kernel_rem_pio2                        
0     00092bdf  __kernel_sin                             
0     0009182d  __rem_pio2                               
1     00000400  __stack                                  
0     00094109  _args_main                               
0     0009401b  _c_int00                                 
0     00093f4f  _dmac                                    
1     00013440  _lock                                    
0     00094131  _nop                                     
0     0009412d  _register_lock                           
0     00094129  _register_unlock                         
0     00094165  _system_post_cinit                       
0     00094163  _system_pre_init                         
1     00013442  _unlock                                  
0     00093cc4  abort                                    
1     000133aa  accumD                                   
1     000133df  activeFreqs                              
0     000938b8  adcA1ISR                                 
1     00012000  adcAResults                              
1     000123e8  adcBResults                              
1     000127d0  adcCResults                              
1     000133a8  adcDResult                               
1     00013392  buffer_status                            
0     00080000  code_start                               
0     00090a51  configureADC                             
0     00090bed  configure_SPI_DMA                        
0     00091f25  configure_gpios                          
0     00093d60  copysign                                 
0     00093d60  copysignl                                
0     000930ed  cos                                      
0     000930ed  cosl                                     
1     00013394  counter                                  
1     00013393  dacOut                                   
1     00013390  dac_mode                                 
1     0001b000  data                                     
0     00091e1e  delay                                    
1     00013445  errno                                    
0     00090bcb  execute_freq_sweep                       
0     00090ad8  execute_normal_mux                       
0     00090b63  execute_tomography_mux                   
0     00093cc6  exit                                     
0     00092f21  floor                                    
0     00092f21  floorl                                   
0     000a8d68  freqValues                               
0     00090a9a  initADCSOC                               
0     00092028  initEPWM1                                
0     00090a72  initEPWM_ADC                             
0     00090bee  initSPIBMaster                           
0     00091e70  initShiftRegister                        
0     00090c1c  init_CPU2                                
0     00092ec2  init_sci_b                               
0     00093343  ldexp                                    
0     00093343  ldexpl                                   
1     00013399  led_counter                              
0     00090413  main                                     
0     00093ec4  memcpy                                   
0     00094152  memset                                   
0     00091e2a  mirror                                   
1     00013398  mode                                     
1     0000c000  mux_busy_flag                            
1     00013395  mux_counter                              
1     00013438  mux_inputs                               
1     00013408  mux_inputs_1                             
1     0001340e  mux_inputs_2                             
1     00013414  mux_inputs_3                             
1     0001341a  mux_inputs_4                             
1     000133a6  mux_mode                                 
1     000133b0  mux_outputs                              
1     0001343c  mux_outputs_1                            
1     00013420  mux_outputs_2                            
1     00013426  mux_outputs_3                            
1     0001342c  mux_outputs_4                            
1     00013388  mux_period                               
1     0001338a  num_pairs_1                              
1     0001338b  num_pairs_2                              
1     0001338c  num_pairs_3                              
1     0001338d  num_pairs_4                              
1     00013391  num_z_channels                           
0     00093009  pack                                     
1     00013397  packet_number                            
1     0000d000  ppg_read                                 
1     0001339a  rawCounter                               
1     00012bb8  rawExcitation                            
1     00012fa0  rawResponseA                             
0     00093488  round                                    
0     00093488  roundl                                   
0     00091ea8  router_config                            
0     00093343  scalbn                                   
0     00093343  scalbnl                                  
0     00092b2f  set_excitation_frequency                 
0     00093286  sigGen                                   
1     0001b446  signal1cos                               
1     0001b05e  signal1sin                               
1     00015000  signalsArray                             
0     000931bb  sin                                      
0     000931bb  sinl                                     
1     000133a4  sr_current_val                           
0     00092a77  start_exc_dma                            
1     00013396  sweep_counter                            
1     0001338f  sweep_mode                               
1     00013389  sweep_period                             
1     0001338e  tomo_mode                                
0     000a8000  tomo_mux_lookup_table                    
0     00091e97  updateShiftRegister                      
0     00092bc3  use_dac_excitation                       
0     00092ba9  use_pwm_excitation                       


GLOBAL SYMBOLS: SORTED BY Symbol Address 

page  address   name                                     
----  -------   ----                                     
0     00008000  Flash_initModule                         
0     00008000  RamfuncsRunStart                         
0     00008131  F28x_usDelay                             
0     00008135  SysCtl_delay                             
0     00008139  RamfuncsRunEnd                           
0     00080000  code_start                               
0     00086000  RamfuncsLoadStart                        
0     00086139  RamfuncsLoadEnd                          
0     00088072  __TI_Handler_Table_Base                  
0     00088078  __TI_Handler_Table_Limit                 
0     00088090  __TI_CINIT_Base                          
0     000880ac  __TI_CINIT_Limit                         
0     000880ac  __TI_CINIT_Warm                          
0     00090413  main                                     
0     00090a51  configureADC                             
0     00090a72  initEPWM_ADC                             
0     00090a9a  initADCSOC                               
0     00090ad8  execute_normal_mux                       
0     00090b63  execute_tomography_mux                   
0     00090bcb  execute_freq_sweep                       
0     00090bed  configure_SPI_DMA                        
0     00090bee  initSPIBMaster                           
0     00090c1c  init_CPU2                                
0     00090c2b  __kernel_rem_pio2                        
0     000912a8  TIMER1_ISR                               
0     000912b2  TIMER2_ISR                               
0     000912bc  DATALOG_ISR                              
0     000912c6  RTOS_ISR                                 
0     000912d0  EMU_ISR                                  
0     000912da  NMI_ISR                                  
0     000912e4  ILLEGAL_ISR                              
0     000912ee  USER1_ISR                                
0     000912f8  USER2_ISR                                
0     00091302  USER3_ISR                                
0     0009130c  USER4_ISR                                
0     00091316  USER5_ISR                                
0     00091320  USER6_ISR                                
0     0009132a  USER7_ISR                                
0     00091334  USER8_ISR                                
0     0009133e  USER9_ISR                                
0     00091348  USER10_ISR                               
0     00091352  USER11_ISR                               
0     0009135c  USER12_ISR                               
0     00091366  ADCA1_ISR                                
0     00091370  ADCB1_ISR                                
0     0009137a  ADCC1_ISR                                
0     00091384  XINT1_ISR                                
0     0009138e  XINT2_ISR                                
0     00091398  ADCD1_ISR                                
0     000913a2  TIMER0_ISR                               
0     000913ac  WAKE_ISR                                 
0     000913b6  EPWM1_TZ_ISR                             
0     000913c0  EPWM2_TZ_ISR                             
0     000913ca  EPWM3_TZ_ISR                             
0     000913d4  EPWM4_TZ_ISR                             
0     000913de  EPWM5_TZ_ISR                             
0     000913e8  EPWM6_TZ_ISR                             
0     000913f2  EPWM7_TZ_ISR                             
0     000913fc  EPWM8_TZ_ISR                             
0     00091406  EPWM1_ISR                                
0     00091410  EPWM2_ISR                                
0     0009141a  EPWM3_ISR                                
0     00091424  EPWM4_ISR                                
0     0009142e  EPWM5_ISR                                
0     00091438  EPWM6_ISR                                
0     00091442  EPWM7_ISR                                
0     0009144c  EPWM8_ISR                                
0     00091456  ECAP1_ISR                                
0     00091460  ECAP2_ISR                                
0     0009146a  ECAP3_ISR                                
0     00091474  ECAP4_ISR                                
0     0009147e  ECAP5_ISR                                
0     00091488  ECAP6_ISR                                
0     00091492  EQEP1_ISR                                
0     0009149c  EQEP2_ISR                                
0     000914a6  EQEP3_ISR                                
0     000914b0  SPIA_RX_ISR                              
0     000914ba  SPIA_TX_ISR                              
0     000914c4  SPIB_RX_ISR                              
0     000914ce  SPIB_TX_ISR                              
0     000914d8  MCBSPA_RX_ISR                            
0     000914e2  MCBSPA_TX_ISR                            
0     000914ec  MCBSPB_RX_ISR                            
0     000914f6  MCBSPB_TX_ISR                            
0     00091500  DMA_CH1_ISR                              
0     0009150a  DMA_CH2_ISR                              
0     00091514  DMA_CH3_ISR                              
0     0009151e  DMA_CH4_ISR                              
0     00091528  DMA_CH5_ISR                              
0     00091532  DMA_CH6_ISR                              
0     0009153c  I2CA_ISR                                 
0     00091546  I2CA_FIFO_ISR                            
0     00091550  I2CB_ISR                                 
0     0009155a  I2CB_FIFO_ISR                            
0     00091564  SCIC_RX_ISR                              
0     0009156e  SCIC_TX_ISR                              
0     00091578  SCID_RX_ISR                              
0     00091582  SCID_TX_ISR                              
0     0009158c  SCIA_RX_ISR                              
0     00091596  SCIA_TX_ISR                              
0     000915a0  SCIB_RX_ISR                              
0     000915aa  SCIB_TX_ISR                              
0     000915b4  CANA0_ISR                                
0     000915be  CANA1_ISR                                
0     000915c8  CANB0_ISR                                
0     000915d2  CANB1_ISR                                
0     000915dc  ADCA_EVT_ISR                             
0     000915e6  ADCA2_ISR                                
0     000915f0  ADCA3_ISR                                
0     000915fa  ADCA4_ISR                                
0     00091604  ADCB_EVT_ISR                             
0     0009160e  ADCB2_ISR                                
0     00091618  ADCB3_ISR                                
0     00091622  ADCB4_ISR                                
0     0009162c  CLA1_1_ISR                               
0     00091636  CLA1_2_ISR                               
0     00091640  CLA1_3_ISR                               
0     0009164a  CLA1_4_ISR                               
0     00091654  CLA1_5_ISR                               
0     0009165e  CLA1_6_ISR                               
0     00091668  CLA1_7_ISR                               
0     00091672  CLA1_8_ISR                               
0     0009167c  XINT3_ISR                                
0     00091686  XINT4_ISR                                
0     00091690  XINT5_ISR                                
0     0009169a  VCU_ISR                                  
0     000916a4  FPU_OVERFLOW_ISR                         
0     000916ae  FPU_UNDERFLOW_ISR                        
0     000916b8  IPC0_ISR                                 
0     000916c2  IPC1_ISR                                 
0     000916cc  IPC2_ISR                                 
0     000916d6  IPC3_ISR                                 
0     000916e0  EPWM9_TZ_ISR                             
0     000916ea  EPWM10_TZ_ISR                            
0     000916f4  EPWM11_TZ_ISR                            
0     000916fe  EPWM12_TZ_ISR                            
0     00091708  EPWM9_ISR                                
0     00091712  EPWM10_ISR                               
0     0009171c  EPWM11_ISR                               
0     00091726  EPWM12_ISR                               
0     00091730  SD1_ISR                                  
0     0009173a  SD2_ISR                                  
0     00091744  SPIC_RX_ISR                              
0     0009174e  SPIC_TX_ISR                              
0     00091758  UPPA_ISR                                 
0     00091762  USBA_ISR                                 
0     0009176c  ADCC_EVT_ISR                             
0     00091776  ADCC2_ISR                                
0     00091780  ADCC3_ISR                                
0     0009178a  ADCC4_ISR                                
0     00091794  ADCD_EVT_ISR                             
0     0009179e  ADCD2_ISR                                
0     000917a8  ADCD3_ISR                                
0     000917b2  ADCD4_ISR                                
0     000917bc  EMIF_ERROR_ISR                           
0     000917c6  RAM_CORRECTABLE_ERROR_ISR                
0     000917d0  FLASH_CORRECTABLE_ERROR_ISR              
0     000917da  RAM_ACCESS_VIOLATION_ISR                 
0     000917e4  SYS_PLL_SLIP_ISR                         
0     000917ee  AUX_PLL_SLIP_ISR                         
0     000917f8  CLA_OVERFLOW_ISR                         
0     00091802  CLA_UNDERFLOW_ISR                        
0     0009180c  PIE_RESERVED_ISR                         
0     00091816  EMPTY_ISR                                
0     00091823  NOTUSED_ISR                              
0     0009182d  __rem_pio2                               
0     00091e1e  delay                                    
0     00091e2a  mirror                                   
0     00091e70  initShiftRegister                        
0     00091e97  updateShiftRegister                      
0     00091ea8  router_config                            
0     00091f25  configure_gpios                          
0     00092028  initEPWM1                                
0     00092073  DMAInitialize                            
0     0009207e  DMACH1AddrConfig                         
0     0009208e  DMACH1BurstConfig                        
0     0009209e  DMACH1TransferConfig                     
0     000920ae  DMACH1WrapConfig                         
0     000920c1  DMACH1ModeConfig                         
0     0009210f  StartDMACH1                              
0     00092117  DMACH2AddrConfig                         
0     00092127  DMACH2BurstConfig                        
0     00092137  DMACH2TransferConfig                     
0     00092147  DMACH2WrapConfig                         
0     0009215a  DMACH2ModeConfig                         
0     000921a9  StartDMACH2                              
0     000921b1  DMACH3AddrConfig                         
0     000921c1  DMACH3BurstConfig                        
0     000921d1  DMACH3TransferConfig                     
0     000921e1  DMACH3WrapConfig                         
0     000921f4  DMACH3ModeConfig                         
0     00092242  StartDMACH3                              
0     0009224a  DMACH4AddrConfig                         
0     0009225a  DMACH4BurstConfig                        
0     0009226a  DMACH4TransferConfig                     
0     0009227a  DMACH4WrapConfig                         
0     0009228d  DMACH4ModeConfig                         
0     000922dc  StartDMACH4                              
0     000922e4  DMACH5AddrConfig                         
0     000922f4  DMACH5BurstConfig                        
0     00092304  DMACH5TransferConfig                     
0     00092314  DMACH5WrapConfig                         
0     00092327  DMACH5ModeConfig                         
0     00092375  StartDMACH5                              
0     0009237d  DMACH6AddrConfig                         
0     0009238d  DMACH6BurstConfig                        
0     0009239d  DMACH6TransferConfig                     
0     000923ad  DMACH6WrapConfig                         
0     000923c0  DMACH6ModeConfig                         
0     0009240f  StartDMACH6                              
0     00092417  DMACH1AddrConfig32bit                    
0     00092427  DMACH2AddrConfig32bit                    
0     00092437  DMACH3AddrConfig32bit                    
0     00092447  DMACH4AddrConfig32bit                    
0     00092457  DMACH5AddrConfig32bit                    
0     00092467  DMACH6AddrConfig32bit                    
0     0009250e  Device_init                              
0     00092561  Device_enableAllPeripherals              
0     0009264c  Device_initGPIO                          
0     0009266d  Device_enableUnbondedGPIOPullupsFor176Pin
0     00092680  Device_enableUnbondedGPIOPullupsFor100Pin
0     0009269d  Device_enableUnbondedGPIOPullups         
0     000926b3  Device_configureTMXAnalogTrim            
0     000926e4  Device_bootCPU2                          
0     0009285e  __error__                                
0     00092865  Example_setResultPass                    
0     0009286a  Example_setResultFail                    
0     0009286f  Example_done                             
0     00092870  SysCtl_setClock                          
0     00092a77  start_exc_dma                            
0     00092b2f  set_excitation_frequency                 
0     00092ba9  use_pwm_excitation                       
0     00092bc3  use_dac_excitation                       
0     00092bdf  __kernel_sin                             
0     00092d04  __kernel_cos                             
0     00092ec2  init_sci_b                               
0     00092f21  floor                                    
0     00092f21  floorl                                   
0     00093009  pack                                     
0     000930ed  cos                                      
0     000930ed  cosl                                     
0     000931bb  sin                                      
0     000931bb  sinl                                     
0     00093286  sigGen                                   
0     00093343  ldexp                                    
0     00093343  ldexpl                                   
0     00093343  scalbn                                   
0     00093343  scalbnl                                  
0     000933ec  __c28xabi_addd                           
0     00093488  round                                    
0     00093488  roundl                                   
0     0009351c  __c28xabi_divd                           
0     000935a7  __c28xabi_divf                           
0     0009362f  __c28xabi_mpyd                           
0     000936b2  ADC_setINLTrim                           
0     00093725  SysCtl_selectXTAL                        
0     00093790  SysCtl_getDeviceParametric               
0     000937f8  ADC_setOffsetTrim                        
0     0009385c  SPI_setConfig                            
0     000938b8  adcA1ISR                                 
0     0009390d  SysCtl_selectOscSource                   
0     00093961  GPIO_setPadConfig                        
0     000939b3  SysCtl_getClock                          
0     00093a04  SCI_clearInterruptStatus                 
0     00093a4a  SCI_writeCharArray                       
0     00093a8b  SCI_setConfig                            
0     00093ac9  Interrupt_initModule                     
0     00093b06  GPIO_setMasterCore                       
0     00093b3e  GPIO_setQualificationMode                
0     00093b76  GPIO_setPinConfig                        
0     00093bad  Interrupt_enable                         
0     00093be1  GPIO_setDirectionMode                    
0     00093c12  ADC_setMode                              
0     00093c41  __TI_decompress_lzss                     
0     00093c6f  __TI_auto_init_nobinit_nopinit           
0     00093c9a  __c28xabi_cmpd                           
0     00093cc4  C$$EXIT                                  
0     00093cc4  abort                                    
0     00093cc6  exit                                     
0     00093d15  MemCfg_setGSRAMMasterSel                 
0     00093d60  copysign                                 
0     00093d60  copysignl                                
0     00093d84  __c28xabi_dtof                           
0     00093dc9  __c28xabi_divi                           
0     00093dda  __c28xabi_modi                           
0     00093deb  __c28xabi_dtoi                           
0     00093e6a  __c28xabi_dtol                           
0     00093e89  Interrupt_initVectorTable                
0     00093ea7  __c28xabi_itod                           
0     00093ec4  memcpy                                   
0     00093ee1  __c28xabi_ftod                           
0     00093efd  __c28xabi_ltod                           
0     00093f4f  _dmac                                    
0     00093f9e  SysCtl_getLowSpeedClock                  
0     00094003  __c28xabi_andll                          
0     0009400b  __c28xabi_orll                           
0     00094013  __c28xabi_xorll                          
0     0009401b  _c_int00                                 
0     000940e1  __c28xabi_subd                           
0     00094109  _args_main                               
0     00094129  _register_unlock                         
0     0009412d  _register_lock                           
0     00094131  _nop                                     
0     00094132  __c28xabi_negd                           
0     00094143  __TI_decompress_none                     
0     00094152  memset                                   
0     00094159  __TI_zero_init                           
0     00094163  _system_pre_init                         
0     00094165  _system_post_cinit                       
0     000a8000  tomo_mux_lookup_table                    
0     000a8300  PieVectTableInit                         
0     000a8d68  freqValues                               
1     00000400  __stack                                  
1     000007f8  __TI_STACK_END                           
1     00000ce0  PieCtrlRegs                              
1     00001000  DmaRegs                                  
1     00005c00  DacaRegs                                 
1     00005c10  DacbRegs                                 
1     00005c20  DaccRegs                                 
1     00007980  DmaClaSrcSelRegs                         
1     00007c00  GpioCtrlRegs                             
1     0000c000  mux_busy_flag                            
1     0000d000  ppg_read                                 
1     00012000  adcAResults                              
1     000123e8  adcBResults                              
1     000127d0  adcCResults                              
1     00012bb8  rawExcitation                            
1     00012fa0  rawResponseA                             
1     00013388  mux_period                               
1     00013389  sweep_period                             
1     0001338a  num_pairs_1                              
1     0001338b  num_pairs_2                              
1     0001338c  num_pairs_3                              
1     0001338d  num_pairs_4                              
1     0001338e  tomo_mode                                
1     0001338f  sweep_mode                               
1     00013390  dac_mode                                 
1     00013391  num_z_channels                           
1     00013392  buffer_status                            
1     00013393  dacOut                                   
1     00013394  counter                                  
1     00013395  mux_counter                              
1     00013396  sweep_counter                            
1     00013397  packet_number                            
1     00013398  mode                                     
1     00013399  led_counter                              
1     0001339a  rawCounter                               
1     000133a4  sr_current_val                           
1     000133a6  mux_mode                                 
1     000133a8  adcDResult                               
1     000133aa  accumD                                   
1     000133b0  mux_outputs                              
1     000133df  activeFreqs                              
1     00013402  Example_Result                           
1     00013404  Example_PassCount                        
1     00013406  Example_Fail                             
1     00013408  mux_inputs_1                             
1     0001340e  mux_inputs_2                             
1     00013414  mux_inputs_3                             
1     0001341a  mux_inputs_4                             
1     00013420  mux_outputs_2                            
1     00013426  mux_outputs_3                            
1     0001342c  mux_outputs_4                            
1     00013432  __TI_enable_exit_profile_output          
1     00013434  __TI_cleanup_ptr                         
1     00013436  __TI_dtors_ptr                           
1     00013438  mux_inputs                               
1     0001343c  mux_outputs_1                            
1     00013440  _lock                                    
1     00013442  _unlock                                  
1     00013445  errno                                    
1     00015000  signalsArray                             
1     0001b000  data                                     
1     0001b05e  signal1sin                               
1     0001b446  signal1cos                               
1     0005d300  CpuSysRegs                               
abs   00000139  RamfuncsLoadSize                         
abs   00000139  RamfuncsRunSize                          
abs   000003f8  __TI_STACK_SIZE                          
abs   ffffffff  __TI_pprof_out_hndl                      
abs   ffffffff  __TI_prof_data_size                      
abs   ffffffff  __TI_prof_data_start                     
n/a   UNDEFED   __c_args__                               

[383 symbols]
