******************************************************************************
             TMS320C2000 Linker PC v22.6.0                     
******************************************************************************
>> Linked Thu Nov  6 13:31:13 2025

OUTPUT FILE NAME:   <Blue_v3_cpu01_RAW_ADC.out>
ENTRY POINT SYMBOL: "code_start"  address: 00080000


MEMORY CONFIGURATION

         name            origin    length      used     unused   attr    fill
----------------------  --------  ---------  --------  --------  ----  --------
PAGE 0:
  RAMM0                 00000123   000002dd  00000000  000002dd  RWIX
  RAMLS0                00008000   00000800  00000139  000006c7  RWIX
  RAMD0                 0000b000   00000800  00000000  00000800  RWIX
  BEGIN                 00080000   00000002  00000002  00000000  RWIX
  FLASHA                00080002   00001ffe  00000000  00001ffe  RWIX
  FLASHB                00082000   00002000  00000000  00002000  RWIX
  FLASHC                00084000   00002000  00000000  00002000  RWIX
  FLASHD                00086000   00002000  00000139  00001ec7  RWIX
  FLASHE                00088000   00008000  000000ac  00007f54  RWIX
  FLASHF                00090000   00008000  00004174  00003e8c  RWIX
  FLASHG                00098000   00008000  00000000  00008000  RWIX
  FLASHH                000a0000   00008000  00000000  00008000  RWIX
  FLASHI                000a8000   00008000  00000d76  0000728a  RWIX
  FLASHJ                000b0000   00008000  00000000  00008000  RWIX
  FLASHK                000b8000   00002000  00000000  00002000  RWIX
  FLASHL                000ba000   00002000  00000000  00002000  RWIX
  FLASHM                000bc000   00002000  00000000  00002000  RWIX
  FLASHN                000be000   00001ff0  00000000  00001ff0  RWIX
  RESET                 003fffc0   00000002  00000000  00000002  RWIX

PAGE 1:
  BOOT_RSVD             00000002   00000121  00000000  00000121  RWIX
  RAMM1                 00000400   000003f8  000003f8  00000000  RWIX
  ADCARESULT            00000b00   00000018  00000000  00000018  RWIX
  ADCBRESULT            00000b20   00000018  00000000  00000018  RWIX
  ADCCRESULT            00000b40   00000018  00000000  00000018  RWIX
  ADCDRESULT            00000b60   00000018  00000000  00000018  RWIX
  CPUTIMER0             00000c00   00000008  00000000  00000008  RWIX
  CPUTIMER1             00000c08   00000008  00000000  00000008  RWIX
  CPUTIMER2             00000c10   00000008  00000000  00000008  RWIX
  PIECTRL               00000ce0   0000001a  0000001a  00000000  RWIX
  PIEVECTTABLE          00000d00   00000200  00000000  00000200  RWIX
  DMA                   00001000   00000200  000000e0  00000120  RWIX
  CLA1                  00001400   00000080  00000000  00000080  RWIX
  CLB1LOGICCFG          00003000   00000052  00000000  00000052  RWIX
  CLB1LOGICCTRL         00003100   00000040  00000000  00000040  RWIX
  CLB1DATAEXCH          00003200   00000200  00000000  00000200  RWIX
  CLB2LOGICCFG          00003400   00000052  00000000  00000052  RWIX
  CLB2LOGICCTRL         00003500   00000040  00000000  00000040  RWIX
  CLB2DATAEXCH          00003600   00000200  00000000  00000200  RWIX
  CLB3LOGICCFG          00003800   00000052  00000000  00000052  RWIX
  CLB3LOGICCTRL         00003900   00000040  00000000  00000040  RWIX
  CLB3DATAEXCH          00003a00   00000200  00000000  00000200  RWIX
  CLB4LOGICCFG          00003c00   00000052  00000000  00000052  RWIX
  CLB4LOGICCTRL         00003d00   00000040  00000000  00000040  RWIX
  CLB4DATAEXCH          00003e00   00000200  00000000  00000200  RWIX
  EPWM1                 00004000   00000100  00000000  00000100  RWIX
  EPWM2                 00004100   00000100  00000000  00000100  RWIX
  EPWM3                 00004200   00000100  00000000  00000100  RWIX
  EPWM4                 00004300   00000100  00000000  00000100  RWIX
  EPWM5                 00004400   00000100  00000000  00000100  RWIX
  EPWM6                 00004500   00000100  00000000  00000100  RWIX
  EPWM7                 00004600   00000100  00000000  00000100  RWIX
  EPWM8                 00004700   00000100  00000000  00000100  RWIX
  EPWM9                 00004800   00000100  00000000  00000100  RWIX
  EPWM10                00004900   00000100  00000000  00000100  RWIX
  EPWM11                00004a00   00000100  00000000  00000100  RWIX
  EPWM12                00004b00   00000100  00000000  00000100  RWIX
  ECAP1                 00005000   00000020  00000000  00000020  RWIX
  ECAP2                 00005020   00000020  00000000  00000020  RWIX
  ECAP3                 00005040   00000020  00000000  00000020  RWIX
  ECAP4                 00005060   00000020  00000000  00000020  RWIX
  ECAP5                 00005080   00000020  00000000  00000020  RWIX
  ECAP6                 000050a0   00000020  00000000  00000020  RWIX
  EQEP1                 00005100   00000022  00000000  00000022  RWIX
  EQEP2                 00005140   00000022  00000000  00000022  RWIX
  EQEP3                 00005180   00000022  00000000  00000022  RWIX
  DACA                  00005c00   00000008  00000007  00000001  RWIX
  DACB                  00005c10   00000008  00000007  00000001  RWIX
  DACC                  00005c20   00000008  00000007  00000001  RWIX
  CMPSS1                00005c80   00000020  00000000  00000020  RWIX
  CMPSS2                00005ca0   00000020  00000000  00000020  RWIX
  CMPSS3                00005cc0   00000020  00000000  00000020  RWIX
  CMPSS4                00005ce0   00000020  00000000  00000020  RWIX
  CMPSS5                00005d00   00000020  00000000  00000020  RWIX
  CMPSS6                00005d20   00000020  00000000  00000020  RWIX
  CMPSS7                00005d40   00000020  00000000  00000020  RWIX
  CMPSS8                00005d60   00000020  00000000  00000020  RWIX
  SDFM1                 00005e00   00000080  00000000  00000080  RWIX
  SDFM2                 00005e80   00000080  00000000  00000080  RWIX
  MCBSPA                00006000   00000024  00000000  00000024  RWIX
  MCBSPB                00006040   00000024  00000000  00000024  RWIX
  SPIA                  00006100   00000010  00000000  00000010  RWIX
  SPIB                  00006110   00000010  00000000  00000010  RWIX
  SPIC                  00006120   00000010  00000000  00000010  RWIX
  UPP                   00006200   00000048  00000000  00000048  RWIX
  WD                    00007000   0000002b  00000000  0000002b  RWIX
  NMIINTRUPT            00007060   00000007  00000000  00000007  RWIX
  XINT                  00007070   0000000b  00000000  0000000b  RWIX
  SCIA                  00007200   00000010  00000000  00000010  RWIX
  SCIB                  00007210   00000010  00000000  00000010  RWIX
  SCIC                  00007220   00000010  00000000  00000010  RWIX
  SCID                  00007230   00000010  00000000  00000010  RWIX
  I2CA                  00007300   00000022  00000000  00000022  RWIX
  I2CB                  00007340   00000022  00000000  00000022  RWIX
  ADCA                  00007400   00000080  00000000  00000080  RWIX
  ADCB                  00007480   00000080  00000000  00000080  RWIX
  ADCC                  00007500   00000080  00000000  00000080  RWIX
  ADCD                  00007580   00000080  00000000  00000080  RWIX
  INPUTXBAR             00007900   00000020  00000000  00000020  RWIX
  XBAR                  00007920   00000020  00000000  00000020  RWIX
  SYNCSOC               00007940   00000006  00000000  00000006  RWIX
  DMACLASRCSEL          00007980   0000001a  0000001a  00000000  RWIX
  EPWMXBAR              00007a00   00000040  00000000  00000040  RWIX
  CLBXBAR               00007a40   00000040  00000000  00000040  RWIX
  OUTPUTXBAR            00007a80   00000040  00000000  00000040  RWIX
  GPIOCTRL              00007c00   00000180  00000180  00000000  RWIX
  GPIODATA              00007f00   00000030  00000000  00000030  RWIX
  RAMLS1                00008800   00000800  00000000  00000800  RWIX
  RAMLS2                00009000   00000800  00000000  00000800  RWIX
  RAMLS3                00009800   00000800  00000000  00000800  RWIX
  RAMLS4                0000a000   00000800  00000000  00000800  RWIX
  RAMLS5                0000a800   00000800  00000000  00000800  RWIX
  RAMD1                 0000b800   00000800  00000000  00000800  RWIX
  RAMGS0                0000c000   00001000  00000001  00000fff  RWIX
  RAMGS1                0000d000   00001000  00000003  00000ffd  RWIX
  RAMGS2                0000e000   00001000  00000008  00000ff8  RWIX
  RAMGS3                0000f000   00001000  00000000  00001000  RWIX
  RAMGS4                00010000   00001000  00000000  00001000  RWIX
  RAMGS5                00011000   00001000  00000000  00001000  RWIX
  RAMGS6_7              00012000   00002000  00001446  00000bba  RWIX
  RAMGS8                00014000   00001000  00000000  00001000  RWIX
  RAMGS9                00015000   00005000  00004e98  00000168  RWIX
  RAMGS14               0001a000   00001000  000007d0  00000830  RWIX
  RAMGS15               0001b000   00000ff8  000007ea  0000080e  RWIX
  CPU2TOCPU1RAM         0003f800   00000400  00000000  00000400  RWIX
  CPU1TOCPU2RAM         0003fc00   00000400  00000000  00000400  RWIX
  EMIF1                 00047000   00000070  00000000  00000070  RWIX
  EMIF2                 00047800   00000070  00000000  00000070  RWIX
  CANA                  00048000   00000200  00000000  00000200  RWIX
  CANB                  0004a000   00000200  00000000  00000200  RWIX
  IPC                   00050000   00000024  00000000  00000024  RWIX
  FLASHPUMPSEMAPHORE    00050024   00000002  00000000  00000002  RWIX
  DEVCFG                0005d000   0000012e  00000000  0000012e  RWIX
  ANALOGSUBSYS          0005d180   00000048  00000000  00000048  RWIX
  CLKCFG                0005d200   00000032  00000000  00000032  RWIX
  CPUSYS                0005d300   00000082  00000082  00000000  RWIX
  ROMPREFETCH           0005e608   00000002  00000000  00000002  RWIX
  DCSMZ1                0005f000   00000024  00000000  00000024  RWIX
  DCSMZ2                0005f040   00000024  00000000  00000024  RWIX
  DCSMCOMMON            0005f070   00000008  00000000  00000008  RWIX
  MEMCFG                0005f400   00000080  00000000  00000080  RWIX
  EMIF1CONFIG           0005f480   00000020  00000000  00000020  RWIX
  EMIF2CONFIG           0005f4a0   00000020  00000000  00000020  RWIX
  ACCESSPROTECTION      0005f4c0   00000040  00000000  00000040  RWIX
  MEMORYERROR           0005f500   00000040  00000000  00000040  RWIX
  ROMWAITSTATE          0005f540   00000002  00000000  00000002  RWIX
  FLASH0CTRL            0005f800   00000182  00000000  00000182  RWIX
  FLASH0ECC             0005fb00   00000028  00000000  00000028  RWIX


SECTION ALLOCATION MAP

 output                                  attributes/
section   page    origin      length       input sections
--------  ----  ----------  ----------   ----------------
codestart 
*          0    00080000    00000002     
                  00080000    00000002     F2837xD_CodeStartBranch.obj (codestart)

.cinit     0    00088000    000000ac     
                  00088000    0000006b     (.cinit..data.load) [load image, compression = lzss]
                  0008806b    00000006     (.cinit.ramgs15.load) [load image, compression = lzss]
                  00088071    00000001     --HOLE-- [fill = 0]
                  00088072    00000006     (__TI_handler_table)
                  00088078    00000005     (.cinit.SHARERAMGS1.load) [load image, compression = lzss]
                  0008807d    00000001     --HOLE-- [fill = 0]
                  0008807e    00000004     (.cinit..bss.load) [load image, compression = zero_init]
                  00088082    00000004     (.cinit.SHARERAMGS0.load) [load image, compression = zero_init]
                  00088086    00000004     (.cinit.ram_extended.load) [load image, compression = zero_init]
                  0008808a    00000004     (.cinit.ramgs14.load) [load image, compression = zero_init]
                  0008808e    00000002     --HOLE-- [fill = 0]
                  00088090    0000001c     (__TI_cinit_table)

.stack     1    00000400    000003f8     UNINITIALIZED
                  00000400    000003f8     --HOLE--

.reset     0    003fffc0    00000000     DSECT

.init_array 
*          0    000a0000    00000000     UNINITIALIZED

.bss       1    0000e000    00000008     UNINITIALIZED
                  0000e000    00000008     exc_signal_dma.obj (.bss)

.TI.ramfunc 
*          0    00086000    00000139     RUN ADDR = 00008000
                  00086000    00000043     driverlib_eabi.lib : flash.obj (.TI.ramfunc:Flash_initModule)
                  00086043    0000002d                        : flash.obj (.TI.ramfunc:Flash_setBankPowerMode)
                  00086070    00000026                        : flash.obj (.TI.ramfunc:Flash_setWaitstates)
                  00086096    0000001e                        : flash.obj (.TI.ramfunc:Flash_setPumpPowerMode)
                  000860b4    0000001a                        : flash.obj (.TI.ramfunc:Flash_disableCache)
                  000860ce    0000001a                        : flash.obj (.TI.ramfunc:Flash_disablePrefetch)
                  000860e8    00000019                        : flash.obj (.TI.ramfunc:Flash_enableCache)
                  00086101    00000019                        : flash.obj (.TI.ramfunc:Flash_enablePrefetch)
                  0008611a    00000017                        : flash.obj (.TI.ramfunc:Flash_enableECC)
                  00086131    00000004     F2837xD_usDelay.obj (.TI.ramfunc)
                  00086135    00000004     driverlib_eabi.lib : sysctl.obj (.TI.ramfunc)

.data      1    00012000    00001446     UNINITIALIZED
                  00012000    000003e8     main.obj (.data:adcAResults)
                  000123e8    000003e8     main.obj (.data:adcBResults)
                  000127d0    000003e8     main.obj (.data:adcCResults)
                  00012bb8    000003e8     main.obj (.data:rawExcitation)
                  00012fa0    000003e8     main.obj (.data:rawResponseA)
                  00013388    00000028     main.obj (.data)
                  000133b0    0000001f     main.obj (.data:mux_outputs)
                  000133cf    00000010     main.obj (.data:received_command$1)
                  000133df    0000000a     main.obj (.data:activeFreqs)
                  000133e9    00000001     exc_signal_dma.obj (.data)
                  000133ea    00000008     exc_signal_dma.obj (.data:DAC_PTR)
                  000133f2    00000008     main.obj (.data:gain_table_1$3)
                  000133fa    00000008     main.obj (.data:gain_table_2$4)
                  00013402    00000006     device.obj (.data)
                  00013408    00000006     main.obj (.data:mux_inputs_1)
                  0001340e    00000006     main.obj (.data:mux_inputs_2)
                  00013414    00000006     main.obj (.data:mux_inputs_3)
                  0001341a    00000006     main.obj (.data:mux_inputs_4)
                  00013420    00000006     main.obj (.data:mux_outputs_2)
                  00013426    00000006     main.obj (.data:mux_outputs_3)
                  0001342c    00000006     main.obj (.data:mux_outputs_4)
                  00013432    00000006     rts2800_fpu32_eabi.lib : exit.c.obj (.data)
                  00013438    00000004     main.obj (.data:mux_inputs)
                  0001343c    00000004     main.obj (.data:mux_outputs_1)
                  00013440    00000002     rts2800_fpu32_eabi.lib : _lock.c.obj (.data:_lock)
                  00013442    00000002                            : _lock.c.obj (.data:_unlock)
                  00013444    00000001     funcs.obj (.data)
                  00013445    00000001     rts2800_fpu32_eabi.lib : errno.c.obj (.data)

.const     0    000a8000    00000d76     
                  000a8000    00000300     lookup_tables.obj (.const:tomo_mux_lookup_table)
                  000a8300    000001c0     F2837xD_PieVect.obj (.const)
                  000a84c0    00000120     main.obj (.const:.string)
                  000a85e0    000000cb     funcs.obj (.const:.string)
                  000a86ab    00000001     --HOLE-- [fill = 0]
                  000a86ac    000000c2     driverlib_eabi.lib : sysctl.obj (.const:.string)
                  000a876e    000000bf                        : flash.obj (.const:.string)
                  000a882d    00000001     --HOLE-- [fill = 0]
                  000a882e    000000bc                        : gpio.obj (.const:.string)
                  000a88ea    000000bb                        : sci.obj (.const:.string)
                  000a89a5    00000001     --HOLE-- [fill = 0]
                  000a89a6    000000bb                        : spi.obj (.const:.string)
                  000a8a61    00000001     --HOLE-- [fill = 0]
                  000a8a62    00000084     rts2800_fpu32_eabi.lib : k_rem_pio2.c.obj (.const:ipio2)
                  000a8ae6    00000013     device.obj (.const:.string)
                  000a8af9    00000004     rts2800_fpu32_eabi.lib : k_rem_pio2.c.obj (.const:init_jk)
                  000a8afd    00000003     --HOLE-- [fill = 0]
                  000a8b00    00000064                            : e_rem_pio2.c.obj (.const)
                  000a8b64    00000060     driverlib_eabi.lib : memcfg.obj (.const:.string)
                  000a8bc4    0000005d                        : adc.obj (.const:.string)
                  000a8c21    00000001     --HOLE-- [fill = 0]
                  000a8c22    00000043     sci_b_esp32.obj (.const:.string)
                  000a8c65    00000001     --HOLE-- [fill = 0]
                  000a8c66    0000000c     rts2800_fpu32_eabi.lib : s_floor.c.obj (.const)
                  000a8c72    0000000c     wave_gen.obj (.const)
                  000a8c7e    00000002     --HOLE-- [fill = 0]
                  000a8c80    0000003c     rts2800_fpu32_eabi.lib : k_cos.c.obj (.const)
                  000a8cbc    00000004                            : s_cos.c.obj (.const)
                  000a8cc0    00000038                            : k_sin.c.obj (.const)
                  000a8cf8    00000008                            : s_round.c.obj (.const)
                  000a8d00    0000002c                            : k_rem_pio2.c.obj (.const)
                  000a8d2c    00000020                            : k_rem_pio2.c.obj (.const:PIo2)
                  000a8d4c    0000001c                            : s_scalbn.c.obj (.const)
                  000a8d68    0000000a     main.obj (.const:freqValues)
                  000a8d72    00000004     rts2800_fpu32_eabi.lib : s_sin.c.obj (.const)

SHARERAMGS0 
*          1    0000c000    00000001     UNINITIALIZED
                  0000c000    00000001     main.obj (SHARERAMGS0)

SHARERAMGS1 
*          1    0000d000    00000003     UNINITIALIZED
                  0000d000    00000003     main.obj (SHARERAMGS1)

ramgs14    1    0001a000    000007d0     UNINITIALIZED
                  0001a000    000007d0     exc_signal_dma.obj (ramgs14)

ramgs15    1    0001b000    000007ea     UNINITIALIZED
                  0001b000    000007ea     main.obj (ramgs15)

ram_extended 
*          1    00015000    00004e98     UNINITIALIZED
                  00015000    00004e98     main.obj (ram_extended)

GETBUFFER 
*          0    0003f800    00000000     DSECT

GETWRITEIDX 
*          0    0003f800    00000000     DSECT

PUTREADIDX 
*          0    0003f800    00000000     DSECT

DmaRegsFile 
*          1    00001000    000000e0     UNINITIALIZED
                  00001000    000000e0     F2837xD_GlobalVariableDefs.obj (DmaRegsFile)

DacaRegsFile 
*          1    00005c00    00000007     UNINITIALIZED
                  00005c00    00000007     F2837xD_GlobalVariableDefs.obj (DacaRegsFile)

DacbRegsFile 
*          1    00005c10    00000007     UNINITIALIZED
                  00005c10    00000007     F2837xD_GlobalVariableDefs.obj (DacbRegsFile)

DaccRegsFile 
*          1    00005c20    00000007     UNINITIALIZED
                  00005c20    00000007     F2837xD_GlobalVariableDefs.obj (DaccRegsFile)

CpuSysRegsFile 
*          1    0005d300    00000082     UNINITIALIZED
                  0005d300    00000082     F2837xD_GlobalVariableDefs.obj (CpuSysRegsFile)

DmaClaSrcSelRegsFile 
*          1    00007980    0000001a     UNINITIALIZED
                  00007980    0000001a     F2837xD_GlobalVariableDefs.obj (DmaClaSrcSelRegsFile)

GpioCtrlRegsFile 
*          1    00007c00    00000180     UNINITIALIZED
                  00007c00    00000180     F2837xD_GlobalVariableDefs.obj (GpioCtrlRegsFile)

PieCtrlRegsFile 
*          1    00000ce0    0000001a     UNINITIALIZED
                  00000ce0    0000001a     F2837xD_GlobalVariableDefs.obj (PieCtrlRegsFile)

.text      0    00090000    00004174     
                  00090000    00000c14     main.obj (.text)
                  00090c14    0000067d     rts2800_fpu32_eabi.lib : k_rem_pio2.c.obj (.text)
                  00091291    00000585     F2837xD_DefaultISR.obj (.text:retain)
                  00091816    00000431     rts2800_fpu32_eabi.lib : e_rem_pio2.c.obj (.text)
                  00091c47    00000415     funcs.obj (.text)
                  0009205c    00000404     F2837xD_Dma.obj (.text)
                  00092460    000003f9     device.obj (.text)
                  00092859    00000207     driverlib_eabi.lib : sysctl.obj (.text:SysCtl_setClock)
                  00092a60    00000168     exc_signal_dma.obj (.text)
                  00092bc8    00000125     rts2800_fpu32_eabi.lib : k_sin.c.obj (.text)
                  00092ced    00000113                            : k_cos.c.obj (.text)
                  00092e00    0000010a     sci_b_esp32.obj (.text)
                  00092f0a    00000109     data_packer.obj (.text)
                  00093013    000000e8     rts2800_fpu32_eabi.lib : s_floor.c.obj (.text)
                  000930fb    000000ce                            : s_cos.c.obj (.text)
                  000931c9    000000cb                            : s_sin.c.obj (.text)
                  00093294    000000bd     wave_gen.obj (.text)
                  00093351    000000a9     rts2800_fpu32_eabi.lib : s_scalbn.c.obj (.text)
                  000933fa    0000009c                            : fd_add28.asm.obj (.text)
                  00093496    00000094                            : s_round.c.obj (.text)
                  0009352a    0000008b                            : fd_div28.asm.obj (.text)
                  000935b5    00000088                            : fs_div28.asm.obj (.text)
                  0009363d    00000083                            : fd_mpy28.asm.obj (.text)
                  000936c0    00000073     driverlib_eabi.lib : adc.obj (.text:ADC_setINLTrim)
                  00093733    0000006b                        : sysctl.obj (.text:SysCtl_selectXTAL)
                  0009379e    00000068                        : sysctl.obj (.text:SysCtl_getDeviceParametric)
                  00093806    00000064                        : adc.obj (.text:ADC_setOffsetTrim)
                  0009386a    0000005c                        : spi.obj (.text:SPI_setConfig)
                  000938c6    00000055     main.obj (.text:retain)
                  0009391b    00000054     driverlib_eabi.lib : sysctl.obj (.text:SysCtl_selectOscSource)
                  0009396f    00000052                        : gpio.obj (.text:GPIO_setPadConfig)
                  000939c1    00000051                        : sysctl.obj (.text:SysCtl_getClock)
                  00093a12    00000046                        : sci.obj (.text:SCI_clearInterruptStatus)
                  00093a58    00000041                        : sci.obj (.text:SCI_writeCharArray)
                  00093a99    0000003e                        : sci.obj (.text:SCI_setConfig)
                  00093ad7    0000003d                        : interrupt.obj (.text:Interrupt_initModule)
                  00093b14    00000038                        : gpio.obj (.text:GPIO_setMasterCore)
                  00093b4c    00000038                        : gpio.obj (.text:GPIO_setQualificationMode)
                  00093b84    00000037                        : gpio.obj (.text:GPIO_setPinConfig)
                  00093bbb    00000034                        : interrupt.obj (.text:Interrupt_enable)
                  00093bef    00000031                        : gpio.obj (.text:GPIO_setDirectionMode)
                  00093c20    0000002f                        : adc.obj (.text:ADC_setMode)
                  00093c4f    0000002e     rts2800_fpu32_eabi.lib : copy_decompress_lzss.c.obj (.text:decompress:lzss)
                  00093c7d    0000002b                            : autoinit.c.obj (.text:__TI_auto_init_nobinit_nopinit)
                  00093ca8    0000002a                            : fd_cmp28.asm.obj (.text)
                  00093cd2    00000029                            : exit.c.obj (.text)
                  00093cfb    00000028     driverlib_eabi.lib : flash.obj (.text:Flash_setBankPowerUpDelay)
                  00093d23    00000027                        : memcfg.obj (.text:MemCfg_setGSRAMMasterSel)
                  00093d4a    00000024                        : sysctl.obj (.text:CPUTimer_selectClockSource)
                  00093d6e    00000024     rts2800_fpu32_eabi.lib : s_copysign.c.obj (.text)
                  00093d92    00000023                            : fd_tofsfpu32.asm.obj (.text)
                  00093db5    00000022     driverlib_eabi.lib : sci.obj (.text:SCI_isFIFOEnabled)
                  00093dd7    00000022     rts2800_fpu32_eabi.lib : i_div28.asm.obj (.text)
                  00093df9    00000021                            : fd_toi28.asm.obj (.text)
                  00093e1a    00000020     driverlib_eabi.lib : sysctl.obj (.text:CPUTimer_getTimerOverflowStatus)
                  00093e3a    0000001f                        : adc.obj (.text:ADC_isBaseValid)
                  00093e59    0000001f                        : sci.obj (.text:SCI_isBaseValid)
                  00093e78    0000001f     rts2800_fpu32_eabi.lib : fd_tol28.asm.obj (.text)
                  00093e97    0000001e     driverlib_eabi.lib : interrupt.obj (.text:Interrupt_initVectorTable)
                  00093eb5    0000001d     rts2800_fpu32_eabi.lib : i_tofd28.asm.obj (.text)
                  00093ed2    0000001d                            : memcpy.c.obj (.text)
                  00093eef    0000001c                            : fs_tofdfpu32.asm.obj (.text)
                  00093f0b    0000001c                            : l_tofd28.asm.obj (.text)
                  00093f27    0000001b     driverlib_eabi.lib : sysctl.obj (.text:CPUTimer_startTimer)
                  00093f42    0000001b                        : sci.obj (.text:SCI_isSpaceAvailableNonFIFO)
                  00093f5d    0000001b     dmac1.obj (.text)
                  00093f78    0000001a     driverlib_eabi.lib : sysctl.obj (.text:CPUTimer_isBaseValid)
                  00093f92    0000001a                        : spi.obj (.text:SPI_isBaseValid)
                  00093fac    0000001a                        : sysctl.obj (.text:SysCtl_getLowSpeedClock)
                  00093fc6    00000019                        : sci.obj (.text:SCI_disableModule)
                  00093fdf    00000019                        : sci.obj (.text:SCI_performSoftwareReset)
                  00093ff8    00000019                        : sysctl.obj (.text:SysCtl_pollCpuTimer)
                  00094011    00000018     rts2800_fpu32_eabi.lib : ll_aox28.asm.obj (.text)
                  00094029    00000017                            : boot28.asm.obj (.text)
                  00094040    00000015     driverlib_eabi.lib : sci.obj (.text:SCI_getTxFIFOStatus)
                  00094055    00000014                        : sysctl.obj (.text:CPUTimer_stopTimer)
                  00094069    00000014                        : sci.obj (.text:SCI_enableModule)
                  0009407d    00000012                        : sysctl.obj (.text:CPUTimer_clearOverflowFlag)
                  0009408f    00000012                        : sysctl.obj (.text:CPUTimer_disableInterrupt)
                  000940a1    00000012                        : sysctl.obj (.text:CPUTimer_setPeriod)
                  000940b3    00000010                        : flash.obj (.text:Flash_isCtrlBaseValid)
                  000940c3    00000010                        : flash.obj (.text:Flash_isECCBaseValid)
                  000940d3    0000000e                        : gpio.obj (.text:GPIO_isPinValid)
                  000940e1    0000000e                        : interrupt.obj (.text:Interrupt_defaultHandler)
                  000940ef    0000000e     rts2800_fpu32_eabi.lib : fd_sub28.asm.obj (.text)
                  000940fd    0000000d     driverlib_eabi.lib : interrupt.obj (.text:Interrupt_disableMaster)
                  0009410a    0000000d                        : interrupt.obj (.text:Interrupt_enableMaster)
                  00094117    0000000c     rts2800_fpu32_eabi.lib : args_main.c.obj (.text)
                  00094123    0000000b     driverlib_eabi.lib : sysctl.obj (.text:SysCtl_isMCDClockFailureDetected)
                  0009412e    00000009                        : sysctl.obj (.text:SysCtl_serviceWatchdog)
                  00094137    00000009     rts2800_fpu32_eabi.lib : _lock.c.obj (.text)
                  00094140    00000009                            : fd_neg28.asm.obj (.text)
                  00094149    00000008     F2837xD_CodeStartBranch.obj (.text)
                  00094151    00000008     rts2800_fpu32_eabi.lib : copy_decompress_none.c.obj (.text:decompress:none)
                  00094159    00000007     driverlib_eabi.lib : sysctl.obj (.text:SysCtl_resetMCD)
                  00094160    00000007     rts2800_fpu32_eabi.lib : memset.c.obj (.text)
                  00094167    00000006                            : copy_zero_init.c.obj (.text:decompress:ZI)
                  0009416d    00000002     driverlib_eabi.lib : interrupt.obj (.text:Interrupt_illegalOperationHandler)
                  0009416f    00000002                        : interrupt.obj (.text:Interrupt_nmiHandler)
                  00094171    00000002     rts2800_fpu32_eabi.lib : pre_init.c.obj (.text)
                  00094173    00000001                            : startup.c.obj (.text)

MODULE SUMMARY

       Module                           code    ro data   rw data
       ------                           ----    -------   -------
    .\
       main.obj                         3177    298       27313  
       exc_signal_dma.obj               360     0         2017   
       funcs.obj                        1045    203       1      
       lookup_tables.obj                0       768       0      
       sci_b_esp32.obj                  266     67        0      
       data_packer.obj                  265     0         0      
       wave_gen.obj                     189     12        0      
       dmac1.obj                        27      0         0      
    +--+--------------------------------+-------+---------+---------+
       Total:                           5329    1348      29331  
                                                                 
    .\device\
       device.obj                       1017    19        6      
       F2837xD_CodeStartBranch.obj      10      0         0      
    +--+--------------------------------+-------+---------+---------+
       Total:                           1027    19        6      
                                                                 
    .\other_includes\
       F2837xD_DefaultISR.obj           1413    0         0      
       F2837xD_Dma.obj                  1028    0         0      
       F2837xD_GlobalVariableDefs.obj   0       0         811    
       F2837xD_PieVect.obj              0       448       0      
       F2837xD_usDelay.obj              8       0         0      
    +--+--------------------------------+-------+---------+---------+
       Total:                           2449    448       811    
                                                                 
    C:\ti\c2000\C2000Ware_4_01_00_00\driverlib\f2837xd\driverlib\ccs\Debug\driverlib_eabi.lib
       sysctl.obj                       1176    194       0      
       flash.obj                        682     191       0      
       sci.obj                          380     187       0      
       gpio.obj                         312     188       0      
       adc.obj                          293     93        0      
       spi.obj                          118     187       0      
       interrupt.obj                    187     0         0      
       memcfg.obj                       39      96        0      
    +--+--------------------------------+-------+---------+---------+
       Total:                           3187    1136      0      
                                                                 
    C:\ti\ccs1210\ccs\tools\compiler\ti-cgt-c2000_22.6.0.LTS\lib\rts2800_fpu32_eabi.lib
       k_rem_pio2.c.obj                 1661    212       0      
       e_rem_pio2.c.obj                 1073    100       0      
       k_sin.c.obj                      293     56        0      
       k_cos.c.obj                      275     60        0      
       s_floor.c.obj                    232     12        0      
       s_cos.c.obj                      206     4         0      
       s_sin.c.obj                      203     4         0      
       s_scalbn.c.obj                   169     28        0      
       fd_add28.asm.obj                 156     0         0      
       s_round.c.obj                    148     8         0      
       fd_div28.asm.obj                 139     0         0      
       fs_div28.asm.obj                 136     0         0      
       fd_mpy28.asm.obj                 131     0         0      
       exit.c.obj                       41      0         6      
       copy_decompress_lzss.c.obj       46      0         0      
       autoinit.c.obj                   43      0         0      
       fd_cmp28.asm.obj                 42      0         0      
       s_copysign.c.obj                 36      0         0      
       fd_tofsfpu32.asm.obj             35      0         0      
       i_div28.asm.obj                  34      0         0      
       fd_toi28.asm.obj                 33      0         0      
       fd_tol28.asm.obj                 31      0         0      
       i_tofd28.asm.obj                 29      0         0      
       memcpy.c.obj                     29      0         0      
       fs_tofdfpu32.asm.obj             28      0         0      
       l_tofd28.asm.obj                 28      0         0      
       ll_aox28.asm.obj                 24      0         0      
       boot28.asm.obj                   23      0         0      
       fd_sub28.asm.obj                 14      0         0      
       _lock.c.obj                      9       0         4      
       args_main.c.obj                  12      0         0      
       fd_neg28.asm.obj                 9       0         0      
       copy_decompress_none.c.obj       8       0         0      
       memset.c.obj                     7       0         0      
       copy_zero_init.c.obj             6       0         0      
       pre_init.c.obj                   2       0         0      
       errno.c.obj                      0       0         1      
       startup.c.obj                    1       0         0      
    +--+--------------------------------+-------+---------+---------+
       Total:                           5392    484       11     
                                                                 
       Stack:                           0       0         1016   
       Linker Generated:                0       168       0      
    +--+--------------------------------+-------+---------+---------+
       Grand Total:                     17384   3603      31175  


LINKER GENERATED COPY TABLES

__TI_cinit_table @ 00088090 records: 7, size/record: 4, table size: 28
	.data: load addr=00088000, load size=0000006b bytes, run addr=00012000, run size=00001446 bytes, compression=lzss
	ramgs15: load addr=0008806b, load size=00000006 bytes, run addr=0001b000, run size=000007ea bytes, compression=lzss
	SHARERAMGS1: load addr=00088078, load size=00000005 bytes, run addr=0000d000, run size=00000003 bytes, compression=lzss
	.bss: load addr=0008807e, load size=00000004 bytes, run addr=0000e000, run size=00000008 bytes, compression=zero_init
	SHARERAMGS0: load addr=00088082, load size=00000004 bytes, run addr=0000c000, run size=00000001 bytes, compression=zero_init
	ram_extended: load addr=00088086, load size=00000004 bytes, run addr=00015000, run size=00004e98 bytes, compression=zero_init
	ramgs14: load addr=0008808a, load size=00000004 bytes, run addr=0001a000, run size=000007d0 bytes, compression=zero_init


LINKER GENERATED HANDLER TABLE

__TI_handler_table @ 00088072 records: 3, size/record: 2, table size: 6
	index: 0, handler: __TI_zero_init
	index: 1, handler: __TI_decompress_lzss
	index: 2, handler: __TI_decompress_none


GLOBAL DATA SYMBOLS: SORTED BY DATA PAGE

address     data page           name
--------    ----------------    ----
00000400      10 (00000400)     __stack

00000ce0      33 (00000cc0)     PieCtrlRegs

00001000      40 (00001000)     DmaRegs

00005c00     170 (00005c00)     DacaRegs
00005c10     170 (00005c00)     DacbRegs
00005c20     170 (00005c00)     DaccRegs

00007980     1e6 (00007980)     DmaClaSrcSelRegs

00007c00     1f0 (00007c00)     GpioCtrlRegs

0000c000     300 (0000c000)     mux_busy_flag

0000d000     340 (0000d000)     ppg_read

00012000     480 (00012000)     adcAResults

000123e8     48f (000123c0)     adcBResults

000127d0     49f (000127c0)     adcCResults

00012bb8     4ae (00012b80)     rawExcitation

00012fa0     4be (00012f80)     rawResponseA

00013388     4ce (00013380)     mux_period
00013389     4ce (00013380)     sweep_period
0001338a     4ce (00013380)     num_pairs_1
0001338b     4ce (00013380)     num_pairs_2
0001338c     4ce (00013380)     num_pairs_3
0001338d     4ce (00013380)     num_pairs_4
0001338e     4ce (00013380)     tomo_mode
0001338f     4ce (00013380)     sweep_mode
00013390     4ce (00013380)     dac_mode
00013391     4ce (00013380)     num_z_channels
00013392     4ce (00013380)     buffer_status
00013393     4ce (00013380)     dacOut
00013394     4ce (00013380)     counter
00013395     4ce (00013380)     mux_counter
00013396     4ce (00013380)     sweep_counter
00013397     4ce (00013380)     packet_number
00013398     4ce (00013380)     mode
00013399     4ce (00013380)     led_counter
0001339a     4ce (00013380)     rawCounter
000133a4     4ce (00013380)     sr_current_val
000133a6     4ce (00013380)     mux_mode
000133a8     4ce (00013380)     adcDResult
000133aa     4ce (00013380)     accumD
000133b0     4ce (00013380)     mux_outputs

000133df     4cf (000133c0)     activeFreqs

00013402     4d0 (00013400)     Example_Result
00013404     4d0 (00013400)     Example_PassCount
00013406     4d0 (00013400)     Example_Fail
00013408     4d0 (00013400)     mux_inputs_1
0001340e     4d0 (00013400)     mux_inputs_2
00013414     4d0 (00013400)     mux_inputs_3
0001341a     4d0 (00013400)     mux_inputs_4
00013420     4d0 (00013400)     mux_outputs_2
00013426     4d0 (00013400)     mux_outputs_3
0001342c     4d0 (00013400)     mux_outputs_4
00013432     4d0 (00013400)     __TI_enable_exit_profile_output
00013434     4d0 (00013400)     __TI_cleanup_ptr
00013436     4d0 (00013400)     __TI_dtors_ptr
00013438     4d0 (00013400)     mux_inputs
0001343c     4d0 (00013400)     mux_outputs_1

00013440     4d1 (00013440)     _lock
00013442     4d1 (00013440)     _unlock
00013445     4d1 (00013440)     errno

00015000     540 (00015000)     signalsArray

0001b000     6c0 (0001b000)     data
0001b01a     6c0 (0001b000)     signal1sin

0001b402     6d0 (0001b400)     signal1cos

0005d300    174c (0005d300)     CpuSysRegs

000a8000    2a00 (000a8000)     tomo_mux_lookup_table

000a8300    2a0c (000a8300)     PieVectTableInit

000a8d68    2a35 (000a8d40)     freqValues


GLOBAL SYMBOLS: SORTED ALPHABETICALLY BY Name 

page  address   name                                     
----  -------   ----                                     
0     0009134f  ADCA1_ISR                                
0     000915cf  ADCA2_ISR                                
0     000915d9  ADCA3_ISR                                
0     000915e3  ADCA4_ISR                                
0     000915c5  ADCA_EVT_ISR                             
0     00091359  ADCB1_ISR                                
0     000915f7  ADCB2_ISR                                
0     00091601  ADCB3_ISR                                
0     0009160b  ADCB4_ISR                                
0     000915ed  ADCB_EVT_ISR                             
0     00091363  ADCC1_ISR                                
0     0009175f  ADCC2_ISR                                
0     00091769  ADCC3_ISR                                
0     00091773  ADCC4_ISR                                
0     00091755  ADCC_EVT_ISR                             
0     00091381  ADCD1_ISR                                
0     00091787  ADCD2_ISR                                
0     00091791  ADCD3_ISR                                
0     0009179b  ADCD4_ISR                                
0     0009177d  ADCD_EVT_ISR                             
0     000936c0  ADC_setINLTrim                           
0     00093c20  ADC_setMode                              
0     00093806  ADC_setOffsetTrim                        
0     000917d7  AUX_PLL_SLIP_ISR                         
0     00093cd2  C$$EXIT                                  
0     0009159d  CANA0_ISR                                
0     000915a7  CANA1_ISR                                
0     000915b1  CANB0_ISR                                
0     000915bb  CANB1_ISR                                
0     00091615  CLA1_1_ISR                               
0     0009161f  CLA1_2_ISR                               
0     00091629  CLA1_3_ISR                               
0     00091633  CLA1_4_ISR                               
0     0009163d  CLA1_5_ISR                               
0     00091647  CLA1_6_ISR                               
0     00091651  CLA1_7_ISR                               
0     0009165b  CLA1_8_ISR                               
0     000917e1  CLA_OVERFLOW_ISR                         
0     000917eb  CLA_UNDERFLOW_ISR                        
1     0005d300  CpuSysRegs                               
0     000912a5  DATALOG_ISR                              
0     00092067  DMACH1AddrConfig                         
0     00092400  DMACH1AddrConfig32bit                    
0     00092077  DMACH1BurstConfig                        
0     000920aa  DMACH1ModeConfig                         
0     00092087  DMACH1TransferConfig                     
0     00092097  DMACH1WrapConfig                         
0     00092100  DMACH2AddrConfig                         
0     00092410  DMACH2AddrConfig32bit                    
0     00092110  DMACH2BurstConfig                        
0     00092143  DMACH2ModeConfig                         
0     00092120  DMACH2TransferConfig                     
0     00092130  DMACH2WrapConfig                         
0     0009219a  DMACH3AddrConfig                         
0     00092420  DMACH3AddrConfig32bit                    
0     000921aa  DMACH3BurstConfig                        
0     000921dd  DMACH3ModeConfig                         
0     000921ba  DMACH3TransferConfig                     
0     000921ca  DMACH3WrapConfig                         
0     00092233  DMACH4AddrConfig                         
0     00092430  DMACH4AddrConfig32bit                    
0     00092243  DMACH4BurstConfig                        
0     00092276  DMACH4ModeConfig                         
0     00092253  DMACH4TransferConfig                     
0     00092263  DMACH4WrapConfig                         
0     000922cd  DMACH5AddrConfig                         
0     00092440  DMACH5AddrConfig32bit                    
0     000922dd  DMACH5BurstConfig                        
0     00092310  DMACH5ModeConfig                         
0     000922ed  DMACH5TransferConfig                     
0     000922fd  DMACH5WrapConfig                         
0     00092366  DMACH6AddrConfig                         
0     00092450  DMACH6AddrConfig32bit                    
0     00092376  DMACH6BurstConfig                        
0     000923a9  DMACH6ModeConfig                         
0     00092386  DMACH6TransferConfig                     
0     00092396  DMACH6WrapConfig                         
0     0009205c  DMAInitialize                            
0     000914e9  DMA_CH1_ISR                              
0     000914f3  DMA_CH2_ISR                              
0     000914fd  DMA_CH3_ISR                              
0     00091507  DMA_CH4_ISR                              
0     00091511  DMA_CH5_ISR                              
0     0009151b  DMA_CH6_ISR                              
1     00005c00  DacaRegs                                 
1     00005c10  DacbRegs                                 
1     00005c20  DaccRegs                                 
0     000926cd  Device_bootCPU2                          
0     0009269c  Device_configureTMXAnalogTrim            
0     0009254a  Device_enableAllPeripherals              
0     00092686  Device_enableUnbondedGPIOPullups         
0     00092669  Device_enableUnbondedGPIOPullupsFor100Pin
0     00092656  Device_enableUnbondedGPIOPullupsFor176Pin
0     000924f7  Device_init                              
0     00092635  Device_initGPIO                          
1     00007980  DmaClaSrcSelRegs                         
1     00001000  DmaRegs                                  
0     0009143f  ECAP1_ISR                                
0     00091449  ECAP2_ISR                                
0     00091453  ECAP3_ISR                                
0     0009145d  ECAP4_ISR                                
0     00091467  ECAP5_ISR                                
0     00091471  ECAP6_ISR                                
0     000917a5  EMIF_ERROR_ISR                           
0     000917ff  EMPTY_ISR                                
0     000912b9  EMU_ISR                                  
0     000916fb  EPWM10_ISR                               
0     000916d3  EPWM10_TZ_ISR                            
0     00091705  EPWM11_ISR                               
0     000916dd  EPWM11_TZ_ISR                            
0     0009170f  EPWM12_ISR                               
0     000916e7  EPWM12_TZ_ISR                            
0     000913ef  EPWM1_ISR                                
0     0009139f  EPWM1_TZ_ISR                             
0     000913f9  EPWM2_ISR                                
0     000913a9  EPWM2_TZ_ISR                             
0     00091403  EPWM3_ISR                                
0     000913b3  EPWM3_TZ_ISR                             
0     0009140d  EPWM4_ISR                                
0     000913bd  EPWM4_TZ_ISR                             
0     00091417  EPWM5_ISR                                
0     000913c7  EPWM5_TZ_ISR                             
0     00091421  EPWM6_ISR                                
0     000913d1  EPWM6_TZ_ISR                             
0     0009142b  EPWM7_ISR                                
0     000913db  EPWM7_TZ_ISR                             
0     00091435  EPWM8_ISR                                
0     000913e5  EPWM8_TZ_ISR                             
0     000916f1  EPWM9_ISR                                
0     000916c9  EPWM9_TZ_ISR                             
0     0009147b  EQEP1_ISR                                
0     00091485  EQEP2_ISR                                
0     0009148f  EQEP3_ISR                                
1     00013406  Example_Fail                             
1     00013404  Example_PassCount                        
1     00013402  Example_Result                           
0     00092858  Example_done                             
0     00092853  Example_setResultFail                    
0     0009284e  Example_setResultPass                    
0     00008131  F28x_usDelay                             
0     000917b9  FLASH_CORRECTABLE_ERROR_ISR              
0     0009168d  FPU_OVERFLOW_ISR                         
0     00091697  FPU_UNDERFLOW_ISR                        
0     00008000  Flash_initModule                         
0     00093bef  GPIO_setDirectionMode                    
0     00093b14  GPIO_setMasterCore                       
0     0009396f  GPIO_setPadConfig                        
0     00093b84  GPIO_setPinConfig                        
0     00093b4c  GPIO_setQualificationMode                
1     00007c00  GpioCtrlRegs                             
0     0009152f  I2CA_FIFO_ISR                            
0     00091525  I2CA_ISR                                 
0     00091543  I2CB_FIFO_ISR                            
0     00091539  I2CB_ISR                                 
0     000912cd  ILLEGAL_ISR                              
0     000916a1  IPC0_ISR                                 
0     000916ab  IPC1_ISR                                 
0     000916b5  IPC2_ISR                                 
0     000916bf  IPC3_ISR                                 
0     00093bbb  Interrupt_enable                         
0     00093ad7  Interrupt_initModule                     
0     00093e97  Interrupt_initVectorTable                
0     000914c1  MCBSPA_RX_ISR                            
0     000914cb  MCBSPA_TX_ISR                            
0     000914d5  MCBSPB_RX_ISR                            
0     000914df  MCBSPB_TX_ISR                            
0     00093d23  MemCfg_setGSRAMMasterSel                 
0     000912c3  NMI_ISR                                  
0     0009180c  NOTUSED_ISR                              
0     000917f5  PIE_RESERVED_ISR                         
1     00000ce0  PieCtrlRegs                              
0     000a8300  PieVectTableInit                         
0     000917c3  RAM_ACCESS_VIOLATION_ISR                 
0     000917af  RAM_CORRECTABLE_ERROR_ISR                
0     000912af  RTOS_ISR                                 
0     00086139  RamfuncsLoadEnd                          
abs   00000139  RamfuncsLoadSize                         
0     00086000  RamfuncsLoadStart                        
0     00008139  RamfuncsRunEnd                           
abs   00000139  RamfuncsRunSize                          
0     00008000  RamfuncsRunStart                         
0     00091575  SCIA_RX_ISR                              
0     0009157f  SCIA_TX_ISR                              
0     00091589  SCIB_RX_ISR                              
0     00091593  SCIB_TX_ISR                              
0     0009154d  SCIC_RX_ISR                              
0     00091557  SCIC_TX_ISR                              
0     00091561  SCID_RX_ISR                              
0     0009156b  SCID_TX_ISR                              
0     00093a12  SCI_clearInterruptStatus                 
0     00093a99  SCI_setConfig                            
0     00093a58  SCI_writeCharArray                       
0     00091719  SD1_ISR                                  
0     00091723  SD2_ISR                                  
0     00091499  SPIA_RX_ISR                              
0     000914a3  SPIA_TX_ISR                              
0     000914ad  SPIB_RX_ISR                              
0     000914b7  SPIB_TX_ISR                              
0     0009172d  SPIC_RX_ISR                              
0     00091737  SPIC_TX_ISR                              
0     0009386a  SPI_setConfig                            
0     000917cd  SYS_PLL_SLIP_ISR                         
0     000920f8  StartDMACH1                              
0     00092192  StartDMACH2                              
0     0009222b  StartDMACH3                              
0     000922c5  StartDMACH4                              
0     0009235e  StartDMACH5                              
0     000923f8  StartDMACH6                              
0     00008135  SysCtl_delay                             
0     000939c1  SysCtl_getClock                          
0     0009379e  SysCtl_getDeviceParametric               
0     00093fac  SysCtl_getLowSpeedClock                  
0     0009391b  SysCtl_selectOscSource                   
0     00093733  SysCtl_selectXTAL                        
0     00092859  SysCtl_setClock                          
0     0009138b  TIMER0_ISR                               
0     00091291  TIMER1_ISR                               
0     0009129b  TIMER2_ISR                               
0     00091741  UPPA_ISR                                 
0     0009174b  USBA_ISR                                 
0     00091331  USER10_ISR                               
0     0009133b  USER11_ISR                               
0     00091345  USER12_ISR                               
0     000912d7  USER1_ISR                                
0     000912e1  USER2_ISR                                
0     000912eb  USER3_ISR                                
0     000912f5  USER4_ISR                                
0     000912ff  USER5_ISR                                
0     00091309  USER6_ISR                                
0     00091313  USER7_ISR                                
0     0009131d  USER8_ISR                                
0     00091327  USER9_ISR                                
0     00091683  VCU_ISR                                  
0     00091395  WAKE_ISR                                 
0     0009136d  XINT1_ISR                                
0     00091377  XINT2_ISR                                
0     00091665  XINT3_ISR                                
0     0009166f  XINT4_ISR                                
0     00091679  XINT5_ISR                                
0     00088090  __TI_CINIT_Base                          
0     000880ac  __TI_CINIT_Limit                         
0     000880ac  __TI_CINIT_Warm                          
0     00088072  __TI_Handler_Table_Base                  
0     00088078  __TI_Handler_Table_Limit                 
1     000007f8  __TI_STACK_END                           
abs   000003f8  __TI_STACK_SIZE                          
0     00093c7d  __TI_auto_init_nobinit_nopinit           
1     00013434  __TI_cleanup_ptr                         
0     00093c4f  __TI_decompress_lzss                     
0     00094151  __TI_decompress_none                     
1     00013436  __TI_dtors_ptr                           
1     00013432  __TI_enable_exit_profile_output          
abs   ffffffff  __TI_pprof_out_hndl                      
abs   ffffffff  __TI_prof_data_size                      
abs   ffffffff  __TI_prof_data_start                     
0     00094167  __TI_zero_init                           
0     000933fa  __c28xabi_addd                           
0     00094011  __c28xabi_andll                          
0     00093ca8  __c28xabi_cmpd                           
0     0009352a  __c28xabi_divd                           
0     000935b5  __c28xabi_divf                           
0     00093dd7  __c28xabi_divi                           
0     00093d92  __c28xabi_dtof                           
0     00093df9  __c28xabi_dtoi                           
0     00093e78  __c28xabi_dtol                           
0     00093eef  __c28xabi_ftod                           
0     00093eb5  __c28xabi_itod                           
0     00093f0b  __c28xabi_ltod                           
0     00093de8  __c28xabi_modi                           
0     0009363d  __c28xabi_mpyd                           
0     00094140  __c28xabi_negd                           
0     00094019  __c28xabi_orll                           
0     000940ef  __c28xabi_subd                           
0     00094021  __c28xabi_xorll                          
n/a   UNDEFED   __c_args__                               
0     00092847  __error__                                
0     00092ced  __kernel_cos                             
0     00090c14  __kernel_rem_pio2                        
0     00092bc8  __kernel_sin                             
0     00091816  __rem_pio2                               
1     00000400  __stack                                  
0     00094117  _args_main                               
0     00094029  _c_int00                                 
0     00093f5d  _dmac                                    
1     00013440  _lock                                    
0     0009413f  _nop                                     
0     0009413b  _register_lock                           
0     00094137  _register_unlock                         
0     00094173  _system_post_cinit                       
0     00094171  _system_pre_init                         
1     00013442  _unlock                                  
0     00093cd2  abort                                    
1     000133aa  accumD                                   
1     000133df  activeFreqs                              
0     000938c6  adcA1ISR                                 
1     00012000  adcAResults                              
1     000123e8  adcBResults                              
1     000127d0  adcCResults                              
1     000133a8  adcDResult                               
1     00013392  buffer_status                            
0     00080000  code_start                               
0     00090a3a  configureADC                             
0     00090bd6  configure_SPI_DMA                        
0     00091f0e  configure_gpios                          
0     00093d6e  copysign                                 
0     00093d6e  copysignl                                
0     000930fb  cos                                      
0     000930fb  cosl                                     
1     00013394  counter                                  
1     00013393  dacOut                                   
1     00013390  dac_mode                                 
1     0001b000  data                                     
0     00091e07  delay                                    
1     00013445  errno                                    
0     00090bb4  execute_freq_sweep                       
0     00090ac1  execute_normal_mux                       
0     00090b4c  execute_tomography_mux                   
0     00093cd4  exit                                     
0     00093013  floor                                    
0     00093013  floorl                                   
0     000a8d68  freqValues                               
0     00090a83  initADCSOC                               
0     00092011  initEPWM1                                
0     00090a5b  initEPWM_ADC                             
0     00090bd7  initSPIBMaster                           
0     00091e59  initShiftRegister                        
0     00090c05  init_CPU2                                
0     00092eab  init_sci_b                               
0     00093351  ldexp                                    
0     00093351  ldexpl                                   
1     00013399  led_counter                              
0     00090413  main                                     
0     00093ed2  memcpy                                   
0     00094160  memset                                   
0     00091e13  mirror                                   
1     00013398  mode                                     
1     0000c000  mux_busy_flag                            
1     00013395  mux_counter                              
1     00013438  mux_inputs                               
1     00013408  mux_inputs_1                             
1     0001340e  mux_inputs_2                             
1     00013414  mux_inputs_3                             
1     0001341a  mux_inputs_4                             
1     000133a6  mux_mode                                 
1     000133b0  mux_outputs                              
1     0001343c  mux_outputs_1                            
1     00013420  mux_outputs_2                            
1     00013426  mux_outputs_3                            
1     0001342c  mux_outputs_4                            
1     00013388  mux_period                               
1     0001338a  num_pairs_1                              
1     0001338b  num_pairs_2                              
1     0001338c  num_pairs_3                              
1     0001338d  num_pairs_4                              
1     00013391  num_z_channels                           
0     00092f0a  pack                                     
1     00013397  packet_number                            
1     0000d000  ppg_read                                 
1     0001339a  rawCounter                               
1     00012bb8  rawExcitation                            
1     00012fa0  rawResponseA                             
0     00093496  round                                    
0     00093496  roundl                                   
0     00091e91  router_config                            
0     00093351  scalbn                                   
0     00093351  scalbnl                                  
0     00092b18  set_excitation_frequency                 
0     00093294  sigGen                                   
1     0001b402  signal1cos                               
1     0001b01a  signal1sin                               
1     00015000  signalsArray                             
0     000931c9  sin                                      
0     000931c9  sinl                                     
1     000133a4  sr_current_val                           
0     00092a60  start_exc_dma                            
1     00013396  sweep_counter                            
1     0001338f  sweep_mode                               
1     00013389  sweep_period                             
1     0001338e  tomo_mode                                
0     000a8000  tomo_mux_lookup_table                    
0     00091e80  updateShiftRegister                      
0     00092bac  use_dac_excitation                       
0     00092b92  use_pwm_excitation                       


GLOBAL SYMBOLS: SORTED BY Symbol Address 

page  address   name                                     
----  -------   ----                                     
0     00008000  Flash_initModule                         
0     00008000  RamfuncsRunStart                         
0     00008131  F28x_usDelay                             
0     00008135  SysCtl_delay                             
0     00008139  RamfuncsRunEnd                           
0     00080000  code_start                               
0     00086000  RamfuncsLoadStart                        
0     00086139  RamfuncsLoadEnd                          
0     00088072  __TI_Handler_Table_Base                  
0     00088078  __TI_Handler_Table_Limit                 
0     00088090  __TI_CINIT_Base                          
0     000880ac  __TI_CINIT_Limit                         
0     000880ac  __TI_CINIT_Warm                          
0     00090413  main                                     
0     00090a3a  configureADC                             
0     00090a5b  initEPWM_ADC                             
0     00090a83  initADCSOC                               
0     00090ac1  execute_normal_mux                       
0     00090b4c  execute_tomography_mux                   
0     00090bb4  execute_freq_sweep                       
0     00090bd6  configure_SPI_DMA                        
0     00090bd7  initSPIBMaster                           
0     00090c05  init_CPU2                                
0     00090c14  __kernel_rem_pio2                        
0     00091291  TIMER1_ISR                               
0     0009129b  TIMER2_ISR                               
0     000912a5  DATALOG_ISR                              
0     000912af  RTOS_ISR                                 
0     000912b9  EMU_ISR                                  
0     000912c3  NMI_ISR                                  
0     000912cd  ILLEGAL_ISR                              
0     000912d7  USER1_ISR                                
0     000912e1  USER2_ISR                                
0     000912eb  USER3_ISR                                
0     000912f5  USER4_ISR                                
0     000912ff  USER5_ISR                                
0     00091309  USER6_ISR                                
0     00091313  USER7_ISR                                
0     0009131d  USER8_ISR                                
0     00091327  USER9_ISR                                
0     00091331  USER10_ISR                               
0     0009133b  USER11_ISR                               
0     00091345  USER12_ISR                               
0     0009134f  ADCA1_ISR                                
0     00091359  ADCB1_ISR                                
0     00091363  ADCC1_ISR                                
0     0009136d  XINT1_ISR                                
0     00091377  XINT2_ISR                                
0     00091381  ADCD1_ISR                                
0     0009138b  TIMER0_ISR                               
0     00091395  WAKE_ISR                                 
0     0009139f  EPWM1_TZ_ISR                             
0     000913a9  EPWM2_TZ_ISR                             
0     000913b3  EPWM3_TZ_ISR                             
0     000913bd  EPWM4_TZ_ISR                             
0     000913c7  EPWM5_TZ_ISR                             
0     000913d1  EPWM6_TZ_ISR                             
0     000913db  EPWM7_TZ_ISR                             
0     000913e5  EPWM8_TZ_ISR                             
0     000913ef  EPWM1_ISR                                
0     000913f9  EPWM2_ISR                                
0     00091403  EPWM3_ISR                                
0     0009140d  EPWM4_ISR                                
0     00091417  EPWM5_ISR                                
0     00091421  EPWM6_ISR                                
0     0009142b  EPWM7_ISR                                
0     00091435  EPWM8_ISR                                
0     0009143f  ECAP1_ISR                                
0     00091449  ECAP2_ISR                                
0     00091453  ECAP3_ISR                                
0     0009145d  ECAP4_ISR                                
0     00091467  ECAP5_ISR                                
0     00091471  ECAP6_ISR                                
0     0009147b  EQEP1_ISR                                
0     00091485  EQEP2_ISR                                
0     0009148f  EQEP3_ISR                                
0     00091499  SPIA_RX_ISR                              
0     000914a3  SPIA_TX_ISR                              
0     000914ad  SPIB_RX_ISR                              
0     000914b7  SPIB_TX_ISR                              
0     000914c1  MCBSPA_RX_ISR                            
0     000914cb  MCBSPA_TX_ISR                            
0     000914d5  MCBSPB_RX_ISR                            
0     000914df  MCBSPB_TX_ISR                            
0     000914e9  DMA_CH1_ISR                              
0     000914f3  DMA_CH2_ISR                              
0     000914fd  DMA_CH3_ISR                              
0     00091507  DMA_CH4_ISR                              
0     00091511  DMA_CH5_ISR                              
0     0009151b  DMA_CH6_ISR                              
0     00091525  I2CA_ISR                                 
0     0009152f  I2CA_FIFO_ISR                            
0     00091539  I2CB_ISR                                 
0     00091543  I2CB_FIFO_ISR                            
0     0009154d  SCIC_RX_ISR                              
0     00091557  SCIC_TX_ISR                              
0     00091561  SCID_RX_ISR                              
0     0009156b  SCID_TX_ISR                              
0     00091575  SCIA_RX_ISR                              
0     0009157f  SCIA_TX_ISR                              
0     00091589  SCIB_RX_ISR                              
0     00091593  SCIB_TX_ISR                              
0     0009159d  CANA0_ISR                                
0     000915a7  CANA1_ISR                                
0     000915b1  CANB0_ISR                                
0     000915bb  CANB1_ISR                                
0     000915c5  ADCA_EVT_ISR                             
0     000915cf  ADCA2_ISR                                
0     000915d9  ADCA3_ISR                                
0     000915e3  ADCA4_ISR                                
0     000915ed  ADCB_EVT_ISR                             
0     000915f7  ADCB2_ISR                                
0     00091601  ADCB3_ISR                                
0     0009160b  ADCB4_ISR                                
0     00091615  CLA1_1_ISR                               
0     0009161f  CLA1_2_ISR                               
0     00091629  CLA1_3_ISR                               
0     00091633  CLA1_4_ISR                               
0     0009163d  CLA1_5_ISR                               
0     00091647  CLA1_6_ISR                               
0     00091651  CLA1_7_ISR                               
0     0009165b  CLA1_8_ISR                               
0     00091665  XINT3_ISR                                
0     0009166f  XINT4_ISR                                
0     00091679  XINT5_ISR                                
0     00091683  VCU_ISR                                  
0     0009168d  FPU_OVERFLOW_ISR                         
0     00091697  FPU_UNDERFLOW_ISR                        
0     000916a1  IPC0_ISR                                 
0     000916ab  IPC1_ISR                                 
0     000916b5  IPC2_ISR                                 
0     000916bf  IPC3_ISR                                 
0     000916c9  EPWM9_TZ_ISR                             
0     000916d3  EPWM10_TZ_ISR                            
0     000916dd  EPWM11_TZ_ISR                            
0     000916e7  EPWM12_TZ_ISR                            
0     000916f1  EPWM9_ISR                                
0     000916fb  EPWM10_ISR                               
0     00091705  EPWM11_ISR                               
0     0009170f  EPWM12_ISR                               
0     00091719  SD1_ISR                                  
0     00091723  SD2_ISR                                  
0     0009172d  SPIC_RX_ISR                              
0     00091737  SPIC_TX_ISR                              
0     00091741  UPPA_ISR                                 
0     0009174b  USBA_ISR                                 
0     00091755  ADCC_EVT_ISR                             
0     0009175f  ADCC2_ISR                                
0     00091769  ADCC3_ISR                                
0     00091773  ADCC4_ISR                                
0     0009177d  ADCD_EVT_ISR                             
0     00091787  ADCD2_ISR                                
0     00091791  ADCD3_ISR                                
0     0009179b  ADCD4_ISR                                
0     000917a5  EMIF_ERROR_ISR                           
0     000917af  RAM_CORRECTABLE_ERROR_ISR                
0     000917b9  FLASH_CORRECTABLE_ERROR_ISR              
0     000917c3  RAM_ACCESS_VIOLATION_ISR                 
0     000917cd  SYS_PLL_SLIP_ISR                         
0     000917d7  AUX_PLL_SLIP_ISR                         
0     000917e1  CLA_OVERFLOW_ISR                         
0     000917eb  CLA_UNDERFLOW_ISR                        
0     000917f5  PIE_RESERVED_ISR                         
0     000917ff  EMPTY_ISR                                
0     0009180c  NOTUSED_ISR                              
0     00091816  __rem_pio2                               
0     00091e07  delay                                    
0     00091e13  mirror                                   
0     00091e59  initShiftRegister                        
0     00091e80  updateShiftRegister                      
0     00091e91  router_config                            
0     00091f0e  configure_gpios                          
0     00092011  initEPWM1                                
0     0009205c  DMAInitialize                            
0     00092067  DMACH1AddrConfig                         
0     00092077  DMACH1BurstConfig                        
0     00092087  DMACH1TransferConfig                     
0     00092097  DMACH1WrapConfig                         
0     000920aa  DMACH1ModeConfig                         
0     000920f8  StartDMACH1                              
0     00092100  DMACH2AddrConfig                         
0     00092110  DMACH2BurstConfig                        
0     00092120  DMACH2TransferConfig                     
0     00092130  DMACH2WrapConfig                         
0     00092143  DMACH2ModeConfig                         
0     00092192  StartDMACH2                              
0     0009219a  DMACH3AddrConfig                         
0     000921aa  DMACH3BurstConfig                        
0     000921ba  DMACH3TransferConfig                     
0     000921ca  DMACH3WrapConfig                         
0     000921dd  DMACH3ModeConfig                         
0     0009222b  StartDMACH3                              
0     00092233  DMACH4AddrConfig                         
0     00092243  DMACH4BurstConfig                        
0     00092253  DMACH4TransferConfig                     
0     00092263  DMACH4WrapConfig                         
0     00092276  DMACH4ModeConfig                         
0     000922c5  StartDMACH4                              
0     000922cd  DMACH5AddrConfig                         
0     000922dd  DMACH5BurstConfig                        
0     000922ed  DMACH5TransferConfig                     
0     000922fd  DMACH5WrapConfig                         
0     00092310  DMACH5ModeConfig                         
0     0009235e  StartDMACH5                              
0     00092366  DMACH6AddrConfig                         
0     00092376  DMACH6BurstConfig                        
0     00092386  DMACH6TransferConfig                     
0     00092396  DMACH6WrapConfig                         
0     000923a9  DMACH6ModeConfig                         
0     000923f8  StartDMACH6                              
0     00092400  DMACH1AddrConfig32bit                    
0     00092410  DMACH2AddrConfig32bit                    
0     00092420  DMACH3AddrConfig32bit                    
0     00092430  DMACH4AddrConfig32bit                    
0     00092440  DMACH5AddrConfig32bit                    
0     00092450  DMACH6AddrConfig32bit                    
0     000924f7  Device_init                              
0     0009254a  Device_enableAllPeripherals              
0     00092635  Device_initGPIO                          
0     00092656  Device_enableUnbondedGPIOPullupsFor176Pin
0     00092669  Device_enableUnbondedGPIOPullupsFor100Pin
0     00092686  Device_enableUnbondedGPIOPullups         
0     0009269c  Device_configureTMXAnalogTrim            
0     000926cd  Device_bootCPU2                          
0     00092847  __error__                                
0     0009284e  Example_setResultPass                    
0     00092853  Example_setResultFail                    
0     00092858  Example_done                             
0     00092859  SysCtl_setClock                          
0     00092a60  start_exc_dma                            
0     00092b18  set_excitation_frequency                 
0     00092b92  use_pwm_excitation                       
0     00092bac  use_dac_excitation                       
0     00092bc8  __kernel_sin                             
0     00092ced  __kernel_cos                             
0     00092eab  init_sci_b                               
0     00092f0a  pack                                     
0     00093013  floor                                    
0     00093013  floorl                                   
0     000930fb  cos                                      
0     000930fb  cosl                                     
0     000931c9  sin                                      
0     000931c9  sinl                                     
0     00093294  sigGen                                   
0     00093351  ldexp                                    
0     00093351  ldexpl                                   
0     00093351  scalbn                                   
0     00093351  scalbnl                                  
0     000933fa  __c28xabi_addd                           
0     00093496  round                                    
0     00093496  roundl                                   
0     0009352a  __c28xabi_divd                           
0     000935b5  __c28xabi_divf                           
0     0009363d  __c28xabi_mpyd                           
0     000936c0  ADC_setINLTrim                           
0     00093733  SysCtl_selectXTAL                        
0     0009379e  SysCtl_getDeviceParametric               
0     00093806  ADC_setOffsetTrim                        
0     0009386a  SPI_setConfig                            
0     000938c6  adcA1ISR                                 
0     0009391b  SysCtl_selectOscSource                   
0     0009396f  GPIO_setPadConfig                        
0     000939c1  SysCtl_getClock                          
0     00093a12  SCI_clearInterruptStatus                 
0     00093a58  SCI_writeCharArray                       
0     00093a99  SCI_setConfig                            
0     00093ad7  Interrupt_initModule                     
0     00093b14  GPIO_setMasterCore                       
0     00093b4c  GPIO_setQualificationMode                
0     00093b84  GPIO_setPinConfig                        
0     00093bbb  Interrupt_enable                         
0     00093bef  GPIO_setDirectionMode                    
0     00093c20  ADC_setMode                              
0     00093c4f  __TI_decompress_lzss                     
0     00093c7d  __TI_auto_init_nobinit_nopinit           
0     00093ca8  __c28xabi_cmpd                           
0     00093cd2  C$$EXIT                                  
0     00093cd2  abort                                    
0     00093cd4  exit                                     
0     00093d23  MemCfg_setGSRAMMasterSel                 
0     00093d6e  copysign                                 
0     00093d6e  copysignl                                
0     00093d92  __c28xabi_dtof                           
0     00093dd7  __c28xabi_divi                           
0     00093de8  __c28xabi_modi                           
0     00093df9  __c28xabi_dtoi                           
0     00093e78  __c28xabi_dtol                           
0     00093e97  Interrupt_initVectorTable                
0     00093eb5  __c28xabi_itod                           
0     00093ed2  memcpy                                   
0     00093eef  __c28xabi_ftod                           
0     00093f0b  __c28xabi_ltod                           
0     00093f5d  _dmac                                    
0     00093fac  SysCtl_getLowSpeedClock                  
0     00094011  __c28xabi_andll                          
0     00094019  __c28xabi_orll                           
0     00094021  __c28xabi_xorll                          
0     00094029  _c_int00                                 
0     000940ef  __c28xabi_subd                           
0     00094117  _args_main                               
0     00094137  _register_unlock                         
0     0009413b  _register_lock                           
0     0009413f  _nop                                     
0     00094140  __c28xabi_negd                           
0     00094151  __TI_decompress_none                     
0     00094160  memset                                   
0     00094167  __TI_zero_init                           
0     00094171  _system_pre_init                         
0     00094173  _system_post_cinit                       
0     000a8000  tomo_mux_lookup_table                    
0     000a8300  PieVectTableInit                         
0     000a8d68  freqValues                               
1     00000400  __stack                                  
1     000007f8  __TI_STACK_END                           
1     00000ce0  PieCtrlRegs                              
1     00001000  DmaRegs                                  
1     00005c00  DacaRegs                                 
1     00005c10  DacbRegs                                 
1     00005c20  DaccRegs                                 
1     00007980  DmaClaSrcSelRegs                         
1     00007c00  GpioCtrlRegs                             
1     0000c000  mux_busy_flag                            
1     0000d000  ppg_read                                 
1     00012000  adcAResults                              
1     000123e8  adcBResults                              
1     000127d0  adcCResults                              
1     00012bb8  rawExcitation                            
1     00012fa0  rawResponseA                             
1     00013388  mux_period                               
1     00013389  sweep_period                             
1     0001338a  num_pairs_1                              
1     0001338b  num_pairs_2                              
1     0001338c  num_pairs_3                              
1     0001338d  num_pairs_4                              
1     0001338e  tomo_mode                                
1     0001338f  sweep_mode                               
1     00013390  dac_mode                                 
1     00013391  num_z_channels                           
1     00013392  buffer_status                            
1     00013393  dacOut                                   
1     00013394  counter                                  
1     00013395  mux_counter                              
1     00013396  sweep_counter                            
1     00013397  packet_number                            
1     00013398  mode                                     
1     00013399  led_counter                              
1     0001339a  rawCounter                               
1     000133a4  sr_current_val                           
1     000133a6  mux_mode                                 
1     000133a8  adcDResult                               
1     000133aa  accumD                                   
1     000133b0  mux_outputs                              
1     000133df  activeFreqs                              
1     00013402  Example_Result                           
1     00013404  Example_PassCount                        
1     00013406  Example_Fail                             
1     00013408  mux_inputs_1                             
1     0001340e  mux_inputs_2                             
1     00013414  mux_inputs_3                             
1     0001341a  mux_inputs_4                             
1     00013420  mux_outputs_2                            
1     00013426  mux_outputs_3                            
1     0001342c  mux_outputs_4                            
1     00013432  __TI_enable_exit_profile_output          
1     00013434  __TI_cleanup_ptr                         
1     00013436  __TI_dtors_ptr                           
1     00013438  mux_inputs                               
1     0001343c  mux_outputs_1                            
1     00013440  _lock                                    
1     00013442  _unlock                                  
1     00013445  errno                                    
1     00015000  signalsArray                             
1     0001b000  data                                     
1     0001b01a  signal1sin                               
1     0001b402  signal1cos                               
1     0005d300  CpuSysRegs                               
abs   00000139  RamfuncsLoadSize                         
abs   00000139  RamfuncsRunSize                          
abs   000003f8  __TI_STACK_SIZE                          
abs   ffffffff  __TI_pprof_out_hndl                      
abs   ffffffff  __TI_prof_data_size                      
abs   ffffffff  __TI_prof_data_start                     
n/a   UNDEFED   __c_args__                               

[383 symbols]
