<?xml version="1.0" encoding="ISO-8859-1" ?>
<link_info>
   <banner>TMS320C2000 Linker PC v22.6.0.LTS</banner>
   <copyright>Copyright (c) 1996-2018 Texas Instruments Incorporated</copyright>
   <link_time>0x6671aeba</link_time>
   <link_errors>0x0</link_errors>
   <output_file>Blue_ECG_ICG_PPG_V7_cpu01.out</output_file>
   <entry_point>
      <name>code_start</name>
      <address>0x80000</address>
   </entry_point>
   <input_file_list>
      <input_file id="fl-2">
         <path>.\</path>
         <kind>object</kind>
         <file>data_packer.obj</file>
         <name>data_packer.obj</name>
      </input_file>
      <input_file id="fl-3">
         <path>.\</path>
         <kind>object</kind>
         <file>dmac1.obj</file>
         <name>dmac1.obj</name>
      </input_file>
      <input_file id="fl-4">
         <path>.\</path>
         <kind>object</kind>
         <file>exc_signal_dma.obj</file>
         <name>exc_signal_dma.obj</name>
      </input_file>
      <input_file id="fl-5">
         <path>.\</path>
         <kind>object</kind>
         <file>funcs.obj</file>
         <name>funcs.obj</name>
      </input_file>
      <input_file id="fl-6">
         <path>.\</path>
         <kind>object</kind>
         <file>main.obj</file>
         <name>main.obj</name>
      </input_file>
      <input_file id="fl-7">
         <path>.\</path>
         <kind>object</kind>
         <file>sci_b_esp32.obj</file>
         <name>sci_b_esp32.obj</name>
      </input_file>
      <input_file id="fl-8">
         <path>.\</path>
         <kind>object</kind>
         <file>wave_gen.obj</file>
         <name>wave_gen.obj</name>
      </input_file>
      <input_file id="fl-9">
         <path>.\device\</path>
         <kind>object</kind>
         <file>F2837xD_CodeStartBranch.obj</file>
         <name>F2837xD_CodeStartBranch.obj</name>
      </input_file>
      <input_file id="fl-a">
         <path>.\device\</path>
         <kind>object</kind>
         <file>device.obj</file>
         <name>device.obj</name>
      </input_file>
      <input_file id="fl-b">
         <path>.\other_includes\</path>
         <kind>object</kind>
         <file>F2837xD_CpuTimers.obj</file>
         <name>F2837xD_CpuTimers.obj</name>
      </input_file>
      <input_file id="fl-c">
         <path>.\other_includes\</path>
         <kind>object</kind>
         <file>F2837xD_DefaultISR.obj</file>
         <name>F2837xD_DefaultISR.obj</name>
      </input_file>
      <input_file id="fl-d">
         <path>.\other_includes\</path>
         <kind>object</kind>
         <file>F2837xD_Dma.obj</file>
         <name>F2837xD_Dma.obj</name>
      </input_file>
      <input_file id="fl-e">
         <path>.\other_includes\</path>
         <kind>object</kind>
         <file>F2837xD_GlobalVariableDefs.obj</file>
         <name>F2837xD_GlobalVariableDefs.obj</name>
      </input_file>
      <input_file id="fl-f">
         <path>.\other_includes\</path>
         <kind>object</kind>
         <file>F2837xD_Gpio.obj</file>
         <name>F2837xD_Gpio.obj</name>
      </input_file>
      <input_file id="fl-10">
         <path>.\other_includes\</path>
         <kind>object</kind>
         <file>F2837xD_PieCtrl.obj</file>
         <name>F2837xD_PieCtrl.obj</name>
      </input_file>
      <input_file id="fl-11">
         <path>.\other_includes\</path>
         <kind>object</kind>
         <file>F2837xD_PieVect.obj</file>
         <name>F2837xD_PieVect.obj</name>
      </input_file>
      <input_file id="fl-12">
         <path>.\other_includes\</path>
         <kind>object</kind>
         <file>F2837xD_SysCtrl.obj</file>
         <name>F2837xD_SysCtrl.obj</name>
      </input_file>
      <input_file id="fl-13">
         <path>.\other_includes\</path>
         <kind>object</kind>
         <file>F2837xD_usDelay.obj</file>
         <name>F2837xD_usDelay.obj</name>
      </input_file>
      <input_file id="fl-1a">
         <kind>object</kind>
         <file>&lt;internal&gt;</file>
         <name>&lt;internal&gt;</name>
      </input_file>
      <input_file id="fl-21">
         <path>C:\ti\c2000\C2000Ware_4_01_00_00\driverlib\f2837xd\driverlib\ccs\Debug\</path>
         <kind>archive</kind>
         <file>driverlib_eabi.lib</file>
         <name>adc.obj</name>
      </input_file>
      <input_file id="fl-22">
         <path>C:\ti\c2000\C2000Ware_4_01_00_00\driverlib\f2837xd\driverlib\ccs\Debug\</path>
         <kind>archive</kind>
         <file>driverlib_eabi.lib</file>
         <name>flash.obj</name>
      </input_file>
      <input_file id="fl-23">
         <path>C:\ti\c2000\C2000Ware_4_01_00_00\driverlib\f2837xd\driverlib\ccs\Debug\</path>
         <kind>archive</kind>
         <file>driverlib_eabi.lib</file>
         <name>gpio.obj</name>
      </input_file>
      <input_file id="fl-24">
         <path>C:\ti\c2000\C2000Ware_4_01_00_00\driverlib\f2837xd\driverlib\ccs\Debug\</path>
         <kind>archive</kind>
         <file>driverlib_eabi.lib</file>
         <name>interrupt.obj</name>
      </input_file>
      <input_file id="fl-25">
         <path>C:\ti\c2000\C2000Ware_4_01_00_00\driverlib\f2837xd\driverlib\ccs\Debug\</path>
         <kind>archive</kind>
         <file>driverlib_eabi.lib</file>
         <name>memcfg.obj</name>
      </input_file>
      <input_file id="fl-26">
         <path>C:\ti\c2000\C2000Ware_4_01_00_00\driverlib\f2837xd\driverlib\ccs\Debug\</path>
         <kind>archive</kind>
         <file>driverlib_eabi.lib</file>
         <name>sci.obj</name>
      </input_file>
      <input_file id="fl-27">
         <path>C:\ti\c2000\C2000Ware_4_01_00_00\driverlib\f2837xd\driverlib\ccs\Debug\</path>
         <kind>archive</kind>
         <file>driverlib_eabi.lib</file>
         <name>spi.obj</name>
      </input_file>
      <input_file id="fl-28">
         <path>C:\ti\c2000\C2000Ware_4_01_00_00\driverlib\f2837xd\driverlib\ccs\Debug\</path>
         <kind>archive</kind>
         <file>driverlib_eabi.lib</file>
         <name>sysctl.obj</name>
      </input_file>
      <input_file id="fl-34">
         <path>C:\ti\ccs1210\ccs\tools\compiler\ti-cgt-c2000_22.6.0.LTS\lib\</path>
         <kind>archive</kind>
         <file>rts2800_fpu32_eabi.lib</file>
         <name>s_cos.c.obj</name>
      </input_file>
      <input_file id="fl-35">
         <path>C:\ti\ccs1210\ccs\tools\compiler\ti-cgt-c2000_22.6.0.LTS\lib\</path>
         <kind>archive</kind>
         <file>rts2800_fpu32_eabi.lib</file>
         <name>s_round.c.obj</name>
      </input_file>
      <input_file id="fl-36">
         <path>C:\ti\ccs1210\ccs\tools\compiler\ti-cgt-c2000_22.6.0.LTS\lib\</path>
         <kind>archive</kind>
         <file>rts2800_fpu32_eabi.lib</file>
         <name>s_sin.c.obj</name>
      </input_file>
      <input_file id="fl-37">
         <path>C:\ti\ccs1210\ccs\tools\compiler\ti-cgt-c2000_22.6.0.LTS\lib\</path>
         <kind>archive</kind>
         <file>rts2800_fpu32_eabi.lib</file>
         <name>boot28.asm.obj</name>
      </input_file>
      <input_file id="fl-38">
         <path>C:\ti\ccs1210\ccs\tools\compiler\ti-cgt-c2000_22.6.0.LTS\lib\</path>
         <kind>archive</kind>
         <file>rts2800_fpu32_eabi.lib</file>
         <name>fd_add28.asm.obj</name>
      </input_file>
      <input_file id="fl-39">
         <path>C:\ti\ccs1210\ccs\tools\compiler\ti-cgt-c2000_22.6.0.LTS\lib\</path>
         <kind>archive</kind>
         <file>rts2800_fpu32_eabi.lib</file>
         <name>fd_cmp28.asm.obj</name>
      </input_file>
      <input_file id="fl-3a">
         <path>C:\ti\ccs1210\ccs\tools\compiler\ti-cgt-c2000_22.6.0.LTS\lib\</path>
         <kind>archive</kind>
         <file>rts2800_fpu32_eabi.lib</file>
         <name>fd_mpy28.asm.obj</name>
      </input_file>
      <input_file id="fl-3b">
         <path>C:\ti\ccs1210\ccs\tools\compiler\ti-cgt-c2000_22.6.0.LTS\lib\</path>
         <kind>archive</kind>
         <file>rts2800_fpu32_eabi.lib</file>
         <name>fd_neg28.asm.obj</name>
      </input_file>
      <input_file id="fl-3c">
         <path>C:\ti\ccs1210\ccs\tools\compiler\ti-cgt-c2000_22.6.0.LTS\lib\</path>
         <kind>archive</kind>
         <file>rts2800_fpu32_eabi.lib</file>
         <name>fd_sub28.asm.obj</name>
      </input_file>
      <input_file id="fl-3d">
         <path>C:\ti\ccs1210\ccs\tools\compiler\ti-cgt-c2000_22.6.0.LTS\lib\</path>
         <kind>archive</kind>
         <file>rts2800_fpu32_eabi.lib</file>
         <name>fd_toi28.asm.obj</name>
      </input_file>
      <input_file id="fl-3e">
         <path>C:\ti\ccs1210\ccs\tools\compiler\ti-cgt-c2000_22.6.0.LTS\lib\</path>
         <kind>archive</kind>
         <file>rts2800_fpu32_eabi.lib</file>
         <name>fs_div28.asm.obj</name>
      </input_file>
      <input_file id="fl-3f">
         <path>C:\ti\ccs1210\ccs\tools\compiler\ti-cgt-c2000_22.6.0.LTS\lib\</path>
         <kind>archive</kind>
         <file>rts2800_fpu32_eabi.lib</file>
         <name>ll_cmp28.asm.obj</name>
      </input_file>
      <input_file id="fl-40">
         <path>C:\ti\ccs1210\ccs\tools\compiler\ti-cgt-c2000_22.6.0.LTS\lib\</path>
         <kind>archive</kind>
         <file>rts2800_fpu32_eabi.lib</file>
         <name>i_tofd28.asm.obj</name>
      </input_file>
      <input_file id="fl-41">
         <path>C:\ti\ccs1210\ccs\tools\compiler\ti-cgt-c2000_22.6.0.LTS\lib\</path>
         <kind>archive</kind>
         <file>rts2800_fpu32_eabi.lib</file>
         <name>fs_tofdfpu32.asm.obj</name>
      </input_file>
      <input_file id="fl-42">
         <path>C:\ti\ccs1210\ccs\tools\compiler\ti-cgt-c2000_22.6.0.LTS\lib\</path>
         <kind>archive</kind>
         <file>rts2800_fpu32_eabi.lib</file>
         <name>memcpy.c.obj</name>
      </input_file>
      <input_file id="fl-43">
         <path>C:\ti\ccs1210\ccs\tools\compiler\ti-cgt-c2000_22.6.0.LTS\lib\</path>
         <kind>archive</kind>
         <file>rts2800_fpu32_eabi.lib</file>
         <name>pre_init.c.obj</name>
      </input_file>
      <input_file id="fl-44">
         <path>C:\ti\ccs1210\ccs\tools\compiler\ti-cgt-c2000_22.6.0.LTS\lib\</path>
         <kind>archive</kind>
         <file>rts2800_fpu32_eabi.lib</file>
         <name>autoinit.c.obj</name>
      </input_file>
      <input_file id="fl-45">
         <path>C:\ti\ccs1210\ccs\tools\compiler\ti-cgt-c2000_22.6.0.LTS\lib\</path>
         <kind>archive</kind>
         <file>rts2800_fpu32_eabi.lib</file>
         <name>copy_zero_init.c.obj</name>
      </input_file>
      <input_file id="fl-46">
         <path>C:\ti\ccs1210\ccs\tools\compiler\ti-cgt-c2000_22.6.0.LTS\lib\</path>
         <kind>archive</kind>
         <file>rts2800_fpu32_eabi.lib</file>
         <name>copy_decompress_none.c.obj</name>
      </input_file>
      <input_file id="fl-47">
         <path>C:\ti\ccs1210\ccs\tools\compiler\ti-cgt-c2000_22.6.0.LTS\lib\</path>
         <kind>archive</kind>
         <file>rts2800_fpu32_eabi.lib</file>
         <name>copy_decompress_lzss.c.obj</name>
      </input_file>
      <input_file id="fl-48">
         <path>C:\ti\ccs1210\ccs\tools\compiler\ti-cgt-c2000_22.6.0.LTS\lib\</path>
         <kind>archive</kind>
         <file>rts2800_fpu32_eabi.lib</file>
         <name>e_rem_pio2.c.obj</name>
      </input_file>
      <input_file id="fl-49">
         <path>C:\ti\ccs1210\ccs\tools\compiler\ti-cgt-c2000_22.6.0.LTS\lib\</path>
         <kind>archive</kind>
         <file>rts2800_fpu32_eabi.lib</file>
         <name>k_rem_pio2.c.obj</name>
      </input_file>
      <input_file id="fl-4a">
         <path>C:\ti\ccs1210\ccs\tools\compiler\ti-cgt-c2000_22.6.0.LTS\lib\</path>
         <kind>archive</kind>
         <file>rts2800_fpu32_eabi.lib</file>
         <name>exit.c.obj</name>
      </input_file>
      <input_file id="fl-4b">
         <path>C:\ti\ccs1210\ccs\tools\compiler\ti-cgt-c2000_22.6.0.LTS\lib\</path>
         <kind>archive</kind>
         <file>rts2800_fpu32_eabi.lib</file>
         <name>_lock.c.obj</name>
      </input_file>
      <input_file id="fl-4c">
         <path>C:\ti\ccs1210\ccs\tools\compiler\ti-cgt-c2000_22.6.0.LTS\lib\</path>
         <kind>archive</kind>
         <file>rts2800_fpu32_eabi.lib</file>
         <name>args_main.c.obj</name>
      </input_file>
      <input_file id="fl-4d">
         <path>C:\ti\ccs1210\ccs\tools\compiler\ti-cgt-c2000_22.6.0.LTS\lib\</path>
         <kind>archive</kind>
         <file>rts2800_fpu32_eabi.lib</file>
         <name>memset.c.obj</name>
      </input_file>
      <input_file id="fl-4e">
         <path>C:\ti\ccs1210\ccs\tools\compiler\ti-cgt-c2000_22.6.0.LTS\lib\</path>
         <kind>archive</kind>
         <file>rts2800_fpu32_eabi.lib</file>
         <name>k_cos.c.obj</name>
      </input_file>
      <input_file id="fl-4f">
         <path>C:\ti\ccs1210\ccs\tools\compiler\ti-cgt-c2000_22.6.0.LTS\lib\</path>
         <kind>archive</kind>
         <file>rts2800_fpu32_eabi.lib</file>
         <name>k_sin.c.obj</name>
      </input_file>
      <input_file id="fl-50">
         <path>C:\ti\ccs1210\ccs\tools\compiler\ti-cgt-c2000_22.6.0.LTS\lib\</path>
         <kind>archive</kind>
         <file>rts2800_fpu32_eabi.lib</file>
         <name>s_floor.c.obj</name>
      </input_file>
      <input_file id="fl-51">
         <path>C:\ti\ccs1210\ccs\tools\compiler\ti-cgt-c2000_22.6.0.LTS\lib\</path>
         <kind>archive</kind>
         <file>rts2800_fpu32_eabi.lib</file>
         <name>s_scalbn.c.obj</name>
      </input_file>
      <input_file id="fl-52">
         <path>C:\ti\ccs1210\ccs\tools\compiler\ti-cgt-c2000_22.6.0.LTS\lib\</path>
         <kind>archive</kind>
         <file>rts2800_fpu32_eabi.lib</file>
         <name>s_copysign.c.obj</name>
      </input_file>
      <input_file id="fl-53">
         <path>C:\ti\ccs1210\ccs\tools\compiler\ti-cgt-c2000_22.6.0.LTS\lib\</path>
         <kind>archive</kind>
         <file>rts2800_fpu32_eabi.lib</file>
         <name>fd_tol28.asm.obj</name>
      </input_file>
      <input_file id="fl-54">
         <path>C:\ti\ccs1210\ccs\tools\compiler\ti-cgt-c2000_22.6.0.LTS\lib\</path>
         <kind>archive</kind>
         <file>rts2800_fpu32_eabi.lib</file>
         <name>ll_aox28.asm.obj</name>
      </input_file>
      <input_file id="fl-55">
         <path>C:\ti\ccs1210\ccs\tools\compiler\ti-cgt-c2000_22.6.0.LTS\lib\</path>
         <kind>archive</kind>
         <file>rts2800_fpu32_eabi.lib</file>
         <name>i_div28.asm.obj</name>
      </input_file>
      <input_file id="fl-56">
         <path>C:\ti\ccs1210\ccs\tools\compiler\ti-cgt-c2000_22.6.0.LTS\lib\</path>
         <kind>archive</kind>
         <file>rts2800_fpu32_eabi.lib</file>
         <name>l_tofd28.asm.obj</name>
      </input_file>
      <input_file id="fl-57">
         <path>C:\ti\ccs1210\ccs\tools\compiler\ti-cgt-c2000_22.6.0.LTS\lib\</path>
         <kind>archive</kind>
         <file>rts2800_fpu32_eabi.lib</file>
         <name>cpy_tbl.c.obj</name>
      </input_file>
      <input_file id="fl-58">
         <path>C:\ti\ccs1210\ccs\tools\compiler\ti-cgt-c2000_22.6.0.LTS\lib\</path>
         <kind>archive</kind>
         <file>rts2800_fpu32_eabi.lib</file>
         <name>startup.c.obj</name>
      </input_file>
      <input_file id="fl-59">
         <path>C:\ti\ccs1210\ccs\tools\compiler\ti-cgt-c2000_22.6.0.LTS\lib\</path>
         <kind>archive</kind>
         <file>rts2800_fpu32_eabi.lib</file>
         <name>errno.c.obj</name>
      </input_file>
   </input_file_list>
   <object_component_list>
      <object_component id="oc-60d">
         <name>.cinit..data.load</name>
         <load_address>0x88000</load_address>
         <run_address>0x88000</run_address>
         <size>0x5c</size>
      </object_component>
      <object_component id="oc-611">
         <name>.cinit.ramgs15.load</name>
         <load_address>0x8805c</load_address>
         <run_address>0x8805c</run_address>
         <size>0x6</size>
      </object_component>
      <object_component id="oc-60a">
         <name>__TI_handler_table</name>
         <load_address>0x88062</load_address>
         <run_address>0x88062</run_address>
         <size>0x6</size>
      </object_component>
      <object_component id="oc-60f">
         <name>.cinit.SHARERAMGS1.load</name>
         <load_address>0x88068</load_address>
         <run_address>0x88068</run_address>
         <size>0x5</size>
      </object_component>
      <object_component id="oc-60c">
         <name>.cinit..bss.load</name>
         <load_address>0x8806e</load_address>
         <run_address>0x8806e</run_address>
         <size>0x4</size>
      </object_component>
      <object_component id="oc-60e">
         <name>.cinit.SHARERAMGS0.load</name>
         <load_address>0x88072</load_address>
         <run_address>0x88072</run_address>
         <size>0x4</size>
      </object_component>
      <object_component id="oc-610">
         <name>.cinit.ramgs14.load</name>
         <load_address>0x88076</load_address>
         <run_address>0x88076</run_address>
         <size>0x4</size>
      </object_component>
      <object_component id="oc-60b">
         <name>__TI_cinit_table</name>
         <load_address>0x8807c</load_address>
         <run_address>0x8807c</run_address>
         <size>0x18</size>
      </object_component>
      <object_component id="oc-b2">
         <name>.text</name>
         <load_address>0x98000</load_address>
         <run_address>0x98000</run_address>
         <size>0xa2a</size>
         <input_file_ref idref="fl-6"/>
      </object_component>
      <object_component id="oc-454">
         <name>.text</name>
         <load_address>0x98a2a</load_address>
         <run_address>0x98a2a</run_address>
         <size>0x67d</size>
         <input_file_ref idref="fl-49"/>
      </object_component>
      <object_component id="oc-bd">
         <name>.text:retain</name>
         <load_address>0x990a7</load_address>
         <run_address>0x990a7</run_address>
         <size>0x585</size>
         <input_file_ref idref="fl-c"/>
      </object_component>
      <object_component id="oc-366">
         <name>.text</name>
         <load_address>0x9962c</load_address>
         <run_address>0x9962c</run_address>
         <size>0x431</size>
         <input_file_ref idref="fl-48"/>
      </object_component>
      <object_component id="oc-26c">
         <name>.text</name>
         <load_address>0x99a5d</load_address>
         <run_address>0x99a5d</run_address>
         <size>0x404</size>
         <input_file_ref idref="fl-d"/>
      </object_component>
      <object_component id="oc-f0">
         <name>.text</name>
         <load_address>0x99e61</load_address>
         <run_address>0x99e61</run_address>
         <size>0x3f9</size>
         <input_file_ref idref="fl-a"/>
      </object_component>
      <object_component id="oc-ff">
         <name>.text</name>
         <load_address>0x9a25a</load_address>
         <run_address>0x9a25a</run_address>
         <size>0x26a</size>
         <input_file_ref idref="fl-5"/>
      </object_component>
      <object_component id="oc-143">
         <name>.text</name>
         <load_address>0x9a4c4</load_address>
         <run_address>0x9a4c4</run_address>
         <size>0x215</size>
         <input_file_ref idref="fl-2"/>
      </object_component>
      <object_component id="oc-1aa">
         <name>.text:SysCtl_setClock</name>
         <load_address>0x9a6d9</load_address>
         <run_address>0x9a6d9</run_address>
         <size>0x207</size>
         <input_file_ref idref="fl-28"/>
      </object_component>
      <object_component id="oc-35b">
         <name>.text</name>
         <load_address>0x9a8e0</load_address>
         <run_address>0x9a8e0</run_address>
         <size>0x125</size>
         <input_file_ref idref="fl-4f"/>
      </object_component>
      <object_component id="oc-135">
         <name>.text</name>
         <load_address>0x9aa05</load_address>
         <run_address>0x9aa05</run_address>
         <size>0x113</size>
         <input_file_ref idref="fl-4"/>
      </object_component>
      <object_component id="oc-36c">
         <name>.text</name>
         <load_address>0x9ab18</load_address>
         <run_address>0x9ab18</run_address>
         <size>0x113</size>
         <input_file_ref idref="fl-4e"/>
      </object_component>
      <object_component id="oc-123">
         <name>.text</name>
         <load_address>0x9ac2b</load_address>
         <run_address>0x9ac2b</run_address>
         <size>0x10a</size>
         <input_file_ref idref="fl-7"/>
      </object_component>
      <object_component id="oc-f9">
         <name>.text</name>
         <load_address>0x9ad35</load_address>
         <run_address>0x9ad35</run_address>
         <size>0xff</size>
         <input_file_ref idref="fl-8"/>
      </object_component>
      <object_component id="oc-37e">
         <name>.text</name>
         <load_address>0x9ae34</load_address>
         <run_address>0x9ae34</run_address>
         <size>0xe8</size>
         <input_file_ref idref="fl-50"/>
      </object_component>
      <object_component id="oc-1fd">
         <name>.text</name>
         <load_address>0x9af1c</load_address>
         <run_address>0x9af1c</run_address>
         <size>0xce</size>
         <input_file_ref idref="fl-34"/>
      </object_component>
      <object_component id="oc-1ec">
         <name>.text</name>
         <load_address>0x9afea</load_address>
         <run_address>0x9afea</run_address>
         <size>0xcb</size>
         <input_file_ref idref="fl-36"/>
      </object_component>
      <object_component id="oc-4f4">
         <name>.text</name>
         <load_address>0x9b0b5</load_address>
         <run_address>0x9b0b5</run_address>
         <size>0xa9</size>
         <input_file_ref idref="fl-51"/>
      </object_component>
      <object_component id="oc-379">
         <name>.text</name>
         <load_address>0x9b15e</load_address>
         <run_address>0x9b15e</run_address>
         <size>0x9c</size>
         <input_file_ref idref="fl-38"/>
      </object_component>
      <object_component id="oc-1f2">
         <name>.text</name>
         <load_address>0x9b1fa</load_address>
         <run_address>0x9b1fa</run_address>
         <size>0x94</size>
         <input_file_ref idref="fl-35"/>
      </object_component>
      <object_component id="oc-28a">
         <name>.text</name>
         <load_address>0x9b28e</load_address>
         <run_address>0x9b28e</run_address>
         <size>0x88</size>
         <input_file_ref idref="fl-3e"/>
      </object_component>
      <object_component id="oc-1e2">
         <name>.text</name>
         <load_address>0x9b316</load_address>
         <run_address>0x9b316</run_address>
         <size>0x83</size>
         <input_file_ref idref="fl-3a"/>
      </object_component>
      <object_component id="oc-298">
         <name>.text:ADC_setINLTrim</name>
         <load_address>0x9b399</load_address>
         <run_address>0x9b399</run_address>
         <size>0x73</size>
         <input_file_ref idref="fl-21"/>
      </object_component>
      <object_component id="oc-430">
         <name>.text:SysCtl_selectXTAL</name>
         <load_address>0x9b40c</load_address>
         <run_address>0x9b40c</run_address>
         <size>0x6b</size>
         <input_file_ref idref="fl-28"/>
      </object_component>
      <object_component id="oc-1a4">
         <name>.text:SysCtl_getDeviceParametric</name>
         <load_address>0x9b477</load_address>
         <run_address>0x9b477</run_address>
         <size>0x68</size>
         <input_file_ref idref="fl-28"/>
      </object_component>
      <object_component id="oc-29e">
         <name>.text:ADC_setOffsetTrim</name>
         <load_address>0x9b4df</load_address>
         <run_address>0x9b4df</run_address>
         <size>0x64</size>
         <input_file_ref idref="fl-21"/>
      </object_component>
      <object_component id="oc-165">
         <name>.text:SPI_setConfig</name>
         <load_address>0x9b543</load_address>
         <run_address>0x9b543</run_address>
         <size>0x5c</size>
         <input_file_ref idref="fl-27"/>
      </object_component>
      <object_component id="oc-337">
         <name>.text:SysCtl_selectOscSource</name>
         <load_address>0x9b59f</load_address>
         <run_address>0x9b59f</run_address>
         <size>0x54</size>
         <input_file_ref idref="fl-28"/>
      </object_component>
      <object_component id="oc-206">
         <name>.text:GPIO_setPadConfig</name>
         <load_address>0x9b5f3</load_address>
         <run_address>0x9b5f3</run_address>
         <size>0x52</size>
         <input_file_ref idref="fl-23"/>
      </object_component>
      <object_component id="oc-1b0">
         <name>.text:SysCtl_getClock</name>
         <load_address>0x9b645</load_address>
         <run_address>0x9b645</run_address>
         <size>0x51</size>
         <input_file_ref idref="fl-28"/>
      </object_component>
      <object_component id="oc-b1">
         <name>.text:retain</name>
         <load_address>0x9b696</load_address>
         <run_address>0x9b696</run_address>
         <size>0x47</size>
         <input_file_ref idref="fl-6"/>
      </object_component>
      <object_component id="oc-117">
         <name>.text:SCI_clearInterruptStatus</name>
         <load_address>0x9b6dd</load_address>
         <run_address>0x9b6dd</run_address>
         <size>0x46</size>
         <input_file_ref idref="fl-26"/>
      </object_component>
      <object_component id="oc-11d">
         <name>.text:SCI_writeCharArray</name>
         <load_address>0x9b723</load_address>
         <run_address>0x9b723</run_address>
         <size>0x41</size>
         <input_file_ref idref="fl-26"/>
      </object_component>
      <object_component id="oc-111">
         <name>.text:SCI_setConfig</name>
         <load_address>0x9b764</load_address>
         <run_address>0x9b764</run_address>
         <size>0x3e</size>
         <input_file_ref idref="fl-26"/>
      </object_component>
      <object_component id="oc-105">
         <name>.text:Interrupt_initModule</name>
         <load_address>0x9b7a2</load_address>
         <run_address>0x9b7a2</run_address>
         <size>0x3d</size>
         <input_file_ref idref="fl-24"/>
      </object_component>
      <object_component id="oc-1cf">
         <name>.text:GPIO_setMasterCore</name>
         <load_address>0x9b7df</load_address>
         <run_address>0x9b7df</run_address>
         <size>0x38</size>
         <input_file_ref idref="fl-23"/>
      </object_component>
      <object_component id="oc-1c3">
         <name>.text:GPIO_setQualificationMode</name>
         <load_address>0x9b817</load_address>
         <run_address>0x9b817</run_address>
         <size>0x38</size>
         <input_file_ref idref="fl-23"/>
      </object_component>
      <object_component id="oc-1c9">
         <name>.text:GPIO_setPinConfig</name>
         <load_address>0x9b84f</load_address>
         <run_address>0x9b84f</run_address>
         <size>0x37</size>
         <input_file_ref idref="fl-23"/>
      </object_component>
      <object_component id="oc-129">
         <name>.text:Interrupt_enable</name>
         <load_address>0x9b886</load_address>
         <run_address>0x9b886</run_address>
         <size>0x34</size>
         <input_file_ref idref="fl-24"/>
      </object_component>
      <object_component id="oc-1bd">
         <name>.text:GPIO_setDirectionMode</name>
         <load_address>0x9b8ba</load_address>
         <run_address>0x9b8ba</run_address>
         <size>0x31</size>
         <input_file_ref idref="fl-23"/>
      </object_component>
      <object_component id="oc-149">
         <name>.text:ADC_setMode</name>
         <load_address>0x9b8eb</load_address>
         <run_address>0x9b8eb</run_address>
         <size>0x2f</size>
         <input_file_ref idref="fl-21"/>
      </object_component>
      <object_component id="oc-99">
         <name>.text:decompress:lzss</name>
         <load_address>0x9b91a</load_address>
         <run_address>0x9b91a</run_address>
         <size>0x2e</size>
         <input_file_ref idref="fl-47"/>
      </object_component>
      <object_component id="oc-3e4">
         <name>.text:__TI_auto_init_nobinit_nopinit</name>
         <load_address>0x9b948</load_address>
         <run_address>0x9b948</run_address>
         <size>0x2b</size>
         <input_file_ref idref="fl-44"/>
      </object_component>
      <object_component id="oc-13b">
         <name>.text</name>
         <load_address>0x9b973</load_address>
         <run_address>0x9b973</run_address>
         <size>0x2a</size>
         <input_file_ref idref="fl-3"/>
      </object_component>
      <object_component id="oc-385">
         <name>.text</name>
         <load_address>0x9b99d</load_address>
         <run_address>0x9b99d</run_address>
         <size>0x2a</size>
         <input_file_ref idref="fl-39"/>
      </object_component>
      <object_component id="oc-2e0">
         <name>.text</name>
         <load_address>0x9b9c7</load_address>
         <run_address>0x9b9c7</run_address>
         <size>0x29</size>
         <input_file_ref idref="fl-4a"/>
      </object_component>
      <object_component id="oc-2f6">
         <name>.text:Flash_setBankPowerUpDelay</name>
         <load_address>0x9b9f0</load_address>
         <run_address>0x9b9f0</run_address>
         <size>0x28</size>
         <input_file_ref idref="fl-22"/>
      </object_component>
      <object_component id="oc-16b">
         <name>.text:MemCfg_setGSRAMMasterSel</name>
         <load_address>0x9ba18</load_address>
         <run_address>0x9ba18</run_address>
         <size>0x27</size>
         <input_file_ref idref="fl-25"/>
      </object_component>
      <object_component id="oc-4bd">
         <name>.text:CPUTimer_selectClockSource</name>
         <load_address>0x9ba3f</load_address>
         <run_address>0x9ba3f</run_address>
         <size>0x24</size>
         <input_file_ref idref="fl-28"/>
      </object_component>
      <object_component id="oc-538">
         <name>.text</name>
         <load_address>0x9ba63</load_address>
         <run_address>0x9ba63</run_address>
         <size>0x24</size>
         <input_file_ref idref="fl-52"/>
      </object_component>
      <object_component id="oc-246">
         <name>.text:SCI_isFIFOEnabled</name>
         <load_address>0x9ba87</load_address>
         <run_address>0x9ba87</run_address>
         <size>0x22</size>
         <input_file_ref idref="fl-26"/>
      </object_component>
      <object_component id="oc-4e9">
         <name>.text</name>
         <load_address>0x9baa9</load_address>
         <run_address>0x9baa9</run_address>
         <size>0x22</size>
         <input_file_ref idref="fl-55"/>
      </object_component>
      <object_component id="oc-1f8">
         <name>.text</name>
         <load_address>0x9bacb</load_address>
         <run_address>0x9bacb</run_address>
         <size>0x21</size>
         <input_file_ref idref="fl-3d"/>
      </object_component>
      <object_component id="oc-526">
         <name>.text:CPUTimer_getTimerOverflowStatus</name>
         <load_address>0x9baec</load_address>
         <run_address>0x9baec</run_address>
         <size>0x20</size>
         <input_file_ref idref="fl-28"/>
      </object_component>
      <object_component id="oc-291">
         <name>.text:ADC_isBaseValid</name>
         <load_address>0x9bb0c</load_address>
         <run_address>0x9bb0c</run_address>
         <size>0x1f</size>
         <input_file_ref idref="fl-21"/>
      </object_component>
      <object_component id="oc-22a">
         <name>.text:SCI_isBaseValid</name>
         <load_address>0x9bb2b</load_address>
         <run_address>0x9bb2b</run_address>
         <size>0x1f</size>
         <input_file_ref idref="fl-26"/>
      </object_component>
      <object_component id="oc-447">
         <name>.text</name>
         <load_address>0x9bb4a</load_address>
         <run_address>0x9bb4a</run_address>
         <size>0x1f</size>
         <input_file_ref idref="fl-53"/>
      </object_component>
      <object_component id="oc-10b">
         <name>.text:Interrupt_initVectorTable</name>
         <load_address>0x9bb69</load_address>
         <run_address>0x9bb69</run_address>
         <size>0x1e</size>
         <input_file_ref idref="fl-24"/>
      </object_component>
      <object_component id="oc-1dc">
         <name>.text</name>
         <load_address>0x9bb87</load_address>
         <run_address>0x9bb87</run_address>
         <size>0x1d</size>
         <input_file_ref idref="fl-40"/>
      </object_component>
      <object_component id="oc-c9">
         <name>.text</name>
         <load_address>0x9bba4</load_address>
         <run_address>0x9bba4</run_address>
         <size>0x1d</size>
         <input_file_ref idref="fl-42"/>
      </object_component>
      <object_component id="oc-1e7">
         <name>.text</name>
         <load_address>0x9bbc1</load_address>
         <run_address>0x9bbc1</run_address>
         <size>0x1c</size>
         <input_file_ref idref="fl-41"/>
      </object_component>
      <object_component id="oc-44c">
         <name>.text</name>
         <load_address>0x9bbdd</load_address>
         <run_address>0x9bbdd</run_address>
         <size>0x1c</size>
         <input_file_ref idref="fl-56"/>
      </object_component>
      <object_component id="oc-4c9">
         <name>.text:CPUTimer_startTimer</name>
         <load_address>0x9bbf9</load_address>
         <run_address>0x9bbf9</run_address>
         <size>0x1b</size>
         <input_file_ref idref="fl-28"/>
      </object_component>
      <object_component id="oc-252">
         <name>.text:SCI_isSpaceAvailableNonFIFO</name>
         <load_address>0x9bc14</load_address>
         <run_address>0x9bc14</run_address>
         <size>0x1b</size>
         <input_file_ref idref="fl-26"/>
      </object_component>
      <object_component id="oc-51a">
         <name>.text:CPUTimer_isBaseValid</name>
         <load_address>0x9bc2f</load_address>
         <run_address>0x9bc2f</run_address>
         <size>0x1a</size>
         <input_file_ref idref="fl-28"/>
      </object_component>
      <object_component id="oc-2b4">
         <name>.text:SPI_isBaseValid</name>
         <load_address>0x9bc49</load_address>
         <run_address>0x9bc49</run_address>
         <size>0x1a</size>
         <input_file_ref idref="fl-27"/>
      </object_component>
      <object_component id="oc-1b7">
         <name>.text:SysCtl_getLowSpeedClock</name>
         <load_address>0x9bc63</load_address>
         <run_address>0x9bc63</run_address>
         <size>0x1a</size>
         <input_file_ref idref="fl-28"/>
      </object_component>
      <object_component id="oc-231">
         <name>.text:SCI_disableModule</name>
         <load_address>0x9bc7d</load_address>
         <run_address>0x9bc7d</run_address>
         <size>0x19</size>
         <input_file_ref idref="fl-26"/>
      </object_component>
      <object_component id="oc-23f">
         <name>.text:SCI_performSoftwareReset</name>
         <load_address>0x9bc96</load_address>
         <run_address>0x9bc96</run_address>
         <size>0x19</size>
         <input_file_ref idref="fl-26"/>
      </object_component>
      <object_component id="oc-4cf">
         <name>.text:SysCtl_pollCpuTimer</name>
         <load_address>0x9bcaf</load_address>
         <run_address>0x9bcaf</run_address>
         <size>0x19</size>
         <input_file_ref idref="fl-28"/>
      </object_component>
      <object_component id="oc-442">
         <name>.text</name>
         <load_address>0x9bcc8</load_address>
         <run_address>0x9bcc8</run_address>
         <size>0x18</size>
         <input_file_ref idref="fl-54"/>
      </object_component>
      <object_component id="oc-18d">
         <name>.text</name>
         <load_address>0x9bce0</load_address>
         <run_address>0x9bce0</run_address>
         <size>0x17</size>
         <input_file_ref idref="fl-37"/>
      </object_component>
      <object_component id="oc-24c">
         <name>.text:SCI_getTxFIFOStatus</name>
         <load_address>0x9bcf7</load_address>
         <run_address>0x9bcf7</run_address>
         <size>0x15</size>
         <input_file_ref idref="fl-26"/>
      </object_component>
      <object_component id="oc-4b1">
         <name>.text:CPUTimer_stopTimer</name>
         <load_address>0x9bd0c</load_address>
         <run_address>0x9bd0c</run_address>
         <size>0x14</size>
         <input_file_ref idref="fl-28"/>
      </object_component>
      <object_component id="oc-237">
         <name>.text:SCI_enableModule</name>
         <load_address>0x9bd20</load_address>
         <run_address>0x9bd20</run_address>
         <size>0x14</size>
         <input_file_ref idref="fl-26"/>
      </object_component>
      <object_component id="oc-4c3">
         <name>.text:CPUTimer_clearOverflowFlag</name>
         <load_address>0x9bd34</load_address>
         <run_address>0x9bd34</run_address>
         <size>0x12</size>
         <input_file_ref idref="fl-28"/>
      </object_component>
      <object_component id="oc-4ab">
         <name>.text:CPUTimer_disableInterrupt</name>
         <load_address>0x9bd46</load_address>
         <run_address>0x9bd46</run_address>
         <size>0x12</size>
         <input_file_ref idref="fl-28"/>
      </object_component>
      <object_component id="oc-4b7">
         <name>.text:CPUTimer_setPeriod</name>
         <load_address>0x9bd58</load_address>
         <run_address>0x9bd58</run_address>
         <size>0x12</size>
         <input_file_ref idref="fl-28"/>
      </object_component>
      <object_component id="oc-2e9">
         <name>.text:Flash_isCtrlBaseValid</name>
         <load_address>0x9bd6a</load_address>
         <run_address>0x9bd6a</run_address>
         <size>0x10</size>
         <input_file_ref idref="fl-22"/>
      </object_component>
      <object_component id="oc-2f0">
         <name>.text:Flash_isECCBaseValid</name>
         <load_address>0x9bd7a</load_address>
         <run_address>0x9bd7a</run_address>
         <size>0x10</size>
         <input_file_ref idref="fl-22"/>
      </object_component>
      <object_component id="oc-346">
         <name>.text:GPIO_isPinValid</name>
         <load_address>0x9bd8a</load_address>
         <run_address>0x9bd8a</run_address>
         <size>0xe</size>
         <input_file_ref idref="fl-23"/>
      </object_component>
      <object_component id="oc-217">
         <name>.text:Interrupt_defaultHandler</name>
         <load_address>0x9bd98</load_address>
         <run_address>0x9bd98</run_address>
         <size>0xe</size>
         <input_file_ref idref="fl-24"/>
      </object_component>
      <object_component id="oc-361">
         <name>.text</name>
         <load_address>0x9bda6</load_address>
         <run_address>0x9bda6</run_address>
         <size>0xe</size>
         <input_file_ref idref="fl-3c"/>
      </object_component>
      <object_component id="oc-20f">
         <name>.text:Interrupt_disableMaster</name>
         <load_address>0x9bdb4</load_address>
         <run_address>0x9bdb4</run_address>
         <size>0xd</size>
         <input_file_ref idref="fl-24"/>
      </object_component>
      <object_component id="oc-25c">
         <name>.text:Interrupt_enableMaster</name>
         <load_address>0x9bdc1</load_address>
         <run_address>0x9bdc1</run_address>
         <size>0xd</size>
         <input_file_ref idref="fl-24"/>
      </object_component>
      <object_component id="oc-2da">
         <name>.text</name>
         <load_address>0x9bdce</load_address>
         <run_address>0x9bdce</run_address>
         <size>0xc</size>
         <input_file_ref idref="fl-4c"/>
      </object_component>
      <object_component id="oc-331">
         <name>.text:SysCtl_isMCDClockFailureDetected</name>
         <load_address>0x9bdda</load_address>
         <run_address>0x9bdda</run_address>
         <size>0xb</size>
         <input_file_ref idref="fl-28"/>
      </object_component>
      <object_component id="oc-33d">
         <name>.text:SysCtl_serviceWatchdog</name>
         <load_address>0x9bde5</load_address>
         <run_address>0x9bde5</run_address>
         <size>0x9</size>
         <input_file_ref idref="fl-28"/>
      </object_component>
      <object_component id="oc-49f">
         <name>.text</name>
         <load_address>0x9bdee</load_address>
         <run_address>0x9bdee</run_address>
         <size>0x9</size>
         <input_file_ref idref="fl-4b"/>
      </object_component>
      <object_component id="oc-372">
         <name>.text</name>
         <load_address>0x9bdf7</load_address>
         <run_address>0x9bdf7</run_address>
         <size>0x9</size>
         <input_file_ref idref="fl-3b"/>
      </object_component>
      <object_component id="oc-dd">
         <name>.text</name>
         <load_address>0x9be00</load_address>
         <run_address>0x9be00</run_address>
         <size>0x8</size>
         <input_file_ref idref="fl-9"/>
      </object_component>
      <object_component id="oc-9f">
         <name>.text:decompress:none</name>
         <load_address>0x9be08</load_address>
         <run_address>0x9be08</run_address>
         <size>0x8</size>
         <input_file_ref idref="fl-46"/>
      </object_component>
      <object_component id="oc-4d5">
         <name>.text:SysCtl_resetMCD</name>
         <load_address>0x9be10</load_address>
         <run_address>0x9be10</run_address>
         <size>0x7</size>
         <input_file_ref idref="fl-28"/>
      </object_component>
      <object_component id="oc-186">
         <name>.text</name>
         <load_address>0x9be17</load_address>
         <run_address>0x9be17</run_address>
         <size>0x7</size>
         <input_file_ref idref="fl-4d"/>
      </object_component>
      <object_component id="oc-d7">
         <name>.text:decompress:ZI</name>
         <load_address>0x9be1e</load_address>
         <run_address>0x9be1e</run_address>
         <size>0x6</size>
         <input_file_ref idref="fl-45"/>
      </object_component>
      <object_component id="oc-223">
         <name>.text:Interrupt_illegalOperationHandler</name>
         <load_address>0x9be24</load_address>
         <run_address>0x9be24</run_address>
         <size>0x2</size>
         <input_file_ref idref="fl-24"/>
      </object_component>
      <object_component id="oc-21d">
         <name>.text:Interrupt_nmiHandler</name>
         <load_address>0x9be26</load_address>
         <run_address>0x9be26</run_address>
         <size>0x2</size>
         <input_file_ref idref="fl-24"/>
      </object_component>
      <object_component id="oc-2d3">
         <name>.text</name>
         <load_address>0x9be28</load_address>
         <run_address>0x9be28</run_address>
         <size>0x2</size>
         <input_file_ref idref="fl-43"/>
      </object_component>
      <object_component id="oc-485">
         <name>.text</name>
         <load_address>0x9be2a</load_address>
         <run_address>0x9be2a</run_address>
         <size>0x1</size>
         <input_file_ref idref="fl-58"/>
      </object_component>
      <object_component id="oc-a6">
         <name>codestart</name>
         <load_address>0x80000</load_address>
         <run_address>0x80000</run_address>
         <size>0x2</size>
         <input_file_ref idref="fl-9"/>
      </object_component>
      <object_component id="oc-c6">
         <name>.stack</name>
         <uninitialized>true</uninitialized>
         <run_address>0x400</run_address>
         <size>0x0</size>
         <input_file_ref idref="fl-37"/>
      </object_component>
      <object_component id="oc-612">
         <name>.stack</name>
         <uninitialized>true</uninitialized>
         <run_address>0x400</run_address>
         <size>0x0</size>
      </object_component>
      <object_component id="oc-27c">
         <name>.bss</name>
         <uninitialized>true</uninitialized>
         <run_address>0xe000</run_address>
         <size>0x8</size>
         <input_file_ref idref="fl-4"/>
      </object_component>
      <object_component id="oc-27f">
         <name>.data</name>
         <load_address>0x11c4a</load_address>
         <run_address>0x11c4a</run_address>
         <size>0x4</size>
         <input_file_ref idref="fl-4"/>
      </object_component>
      <object_component id="oc-276">
         <name>.data:DAC_PTR</name>
         <load_address>0x11bb8</load_address>
         <run_address>0x11bb8</run_address>
         <size>0x8</size>
         <input_file_ref idref="fl-4"/>
      </object_component>
      <object_component id="oc-20c">
         <name>.data</name>
         <load_address>0x11c0d</load_address>
         <run_address>0x11c0d</run_address>
         <size>0x1</size>
         <input_file_ref idref="fl-5"/>
      </object_component>
      <object_component id="oc-e3">
         <name>.data</name>
         <load_address>0x11bc0</load_address>
         <run_address>0x11bc0</run_address>
         <size>0x2e</size>
         <input_file_ref idref="fl-6"/>
      </object_component>
      <object_component id="oc-193">
         <name>.data:mux_inputs</name>
         <load_address>0x11c4e</load_address>
         <run_address>0x11c4e</run_address>
         <size>0x4</size>
         <input_file_ref idref="fl-6"/>
      </object_component>
      <object_component id="oc-12f">
         <name>.data:mux_inputs_1</name>
         <load_address>0x11c14</load_address>
         <run_address>0x11c14</run_address>
         <size>0x6</size>
         <input_file_ref idref="fl-6"/>
      </object_component>
      <object_component id="oc-132">
         <name>.data:mux_outputs_1</name>
         <load_address>0x11c2c</load_address>
         <run_address>0x11c2c</run_address>
         <size>0x6</size>
         <input_file_ref idref="fl-6"/>
      </object_component>
      <object_component id="oc-150">
         <name>.data:mux_inputs_2</name>
         <load_address>0x11c1a</load_address>
         <run_address>0x11c1a</run_address>
         <size>0x6</size>
         <input_file_ref idref="fl-6"/>
      </object_component>
      <object_component id="oc-153">
         <name>.data:mux_outputs_2</name>
         <load_address>0x11c32</load_address>
         <run_address>0x11c32</run_address>
         <size>0x6</size>
         <input_file_ref idref="fl-6"/>
      </object_component>
      <object_component id="oc-156">
         <name>.data:mux_inputs_3</name>
         <load_address>0x11c20</load_address>
         <run_address>0x11c20</run_address>
         <size>0x6</size>
         <input_file_ref idref="fl-6"/>
      </object_component>
      <object_component id="oc-159">
         <name>.data:mux_outputs_3</name>
         <load_address>0x11c38</load_address>
         <run_address>0x11c38</run_address>
         <size>0x6</size>
         <input_file_ref idref="fl-6"/>
      </object_component>
      <object_component id="oc-15c">
         <name>.data:mux_inputs_4</name>
         <load_address>0x11c26</load_address>
         <run_address>0x11c26</run_address>
         <size>0x6</size>
         <input_file_ref idref="fl-6"/>
      </object_component>
      <object_component id="oc-15f">
         <name>.data:mux_outputs_4</name>
         <load_address>0x11c3e</load_address>
         <run_address>0x11c3e</run_address>
         <size>0x6</size>
         <input_file_ref idref="fl-6"/>
      </object_component>
      <object_component id="oc-162">
         <name>.data:mux_outputs</name>
         <load_address>0x11bee</load_address>
         <run_address>0x11bee</run_address>
         <size>0x1f</size>
         <input_file_ref idref="fl-6"/>
      </object_component>
      <object_component id="oc-e6">
         <name>.data:adcAResults</name>
         <load_address>0x11000</load_address>
         <run_address>0x11000</run_address>
         <size>0x3e8</size>
         <input_file_ref idref="fl-6"/>
      </object_component>
      <object_component id="oc-e9">
         <name>.data:adcBResults</name>
         <load_address>0x113e8</load_address>
         <run_address>0x113e8</run_address>
         <size>0x3e8</size>
         <input_file_ref idref="fl-6"/>
      </object_component>
      <object_component id="oc-ec">
         <name>.data:adcCResults</name>
         <load_address>0x117d0</load_address>
         <run_address>0x117d0</run_address>
         <size>0x3e8</size>
         <input_file_ref idref="fl-6"/>
      </object_component>
      <object_component id="oc-1d5">
         <name>.data</name>
         <load_address>0x11c0e</load_address>
         <run_address>0x11c0e</run_address>
         <size>0x6</size>
         <input_file_ref idref="fl-a"/>
      </object_component>
      <object_component id="oc-416">
         <name>.data</name>
         <load_address>0x11c44</load_address>
         <run_address>0x11c44</run_address>
         <size>0x6</size>
         <input_file_ref idref="fl-4a"/>
      </object_component>
      <object_component id="oc-419">
         <name>.data:_lock</name>
         <load_address>0x11c52</load_address>
         <run_address>0x11c52</run_address>
         <size>0x2</size>
         <input_file_ref idref="fl-4b"/>
      </object_component>
      <object_component id="oc-513">
         <name>.data:_unlock</name>
         <load_address>0x11c54</load_address>
         <run_address>0x11c54</run_address>
         <size>0x2</size>
         <input_file_ref idref="fl-4b"/>
      </object_component>
      <object_component id="oc-53e">
         <name>.data</name>
         <load_address>0x11c56</load_address>
         <run_address>0x11c56</run_address>
         <size>0x1</size>
         <input_file_ref idref="fl-59"/>
      </object_component>
      <object_component id="oc-c3">
         <name>.const</name>
         <load_address>0xbc000</load_address>
         <run_address>0xbc000</run_address>
         <size>0x1c0</size>
         <input_file_ref idref="fl-11"/>
      </object_component>
      <object_component id="oc-ef">
         <name>.const:.string</name>
         <load_address>0xbc1c0</load_address>
         <run_address>0xbc1c0</run_address>
         <size>0x164</size>
         <input_file_ref idref="fl-6"/>
      </object_component>
      <object_component id="oc-330">
         <name>.const:.string</name>
         <load_address>0xbc324</load_address>
         <run_address>0xbc324</run_address>
         <size>0xc2</size>
         <input_file_ref idref="fl-28"/>
      </object_component>
      <object_component id="oc-2ef">
         <name>.const:.string</name>
         <load_address>0xbc3e6</load_address>
         <run_address>0xbc3e6</run_address>
         <size>0xbf</size>
         <input_file_ref idref="fl-22"/>
      </object_component>
      <object_component id="oc-34c">
         <name>.const:.string</name>
         <load_address>0xbc4a6</load_address>
         <run_address>0xbc4a6</run_address>
         <size>0xbc</size>
         <input_file_ref idref="fl-23"/>
      </object_component>
      <object_component id="oc-230">
         <name>.const:.string</name>
         <load_address>0xbc562</load_address>
         <run_address>0xbc562</run_address>
         <size>0xbb</size>
         <input_file_ref idref="fl-26"/>
      </object_component>
      <object_component id="oc-2ba">
         <name>.const:.string</name>
         <load_address>0xbc61e</load_address>
         <run_address>0xbc61e</run_address>
         <size>0xbb</size>
         <input_file_ref idref="fl-27"/>
      </object_component>
      <object_component id="oc-205">
         <name>.const:.string</name>
         <load_address>0xbc6da</load_address>
         <run_address>0xbc6da</run_address>
         <size>0x87</size>
         <input_file_ref idref="fl-5"/>
      </object_component>
      <object_component id="oc-4ee">
         <name>.const:ipio2</name>
         <load_address>0xbc762</load_address>
         <run_address>0xbc762</run_address>
         <size>0x84</size>
         <input_file_ref idref="fl-49"/>
      </object_component>
      <object_component id="oc-1b6">
         <name>.const:.string</name>
         <load_address>0xbc7e6</load_address>
         <run_address>0xbc7e6</run_address>
         <size>0x13</size>
         <input_file_ref idref="fl-a"/>
      </object_component>
      <object_component id="oc-275">
         <name>.const</name>
         <load_address>0xbc7fa</load_address>
         <run_address>0xbc7fa</run_address>
         <size>0x4</size>
         <input_file_ref idref="fl-4"/>
      </object_component>
      <object_component id="oc-451">
         <name>.const</name>
         <load_address>0xbc800</load_address>
         <run_address>0xbc800</run_address>
         <size>0x64</size>
         <input_file_ref idref="fl-48"/>
      </object_component>
      <object_component id="oc-2bd">
         <name>.const:.string</name>
         <load_address>0xbc864</load_address>
         <run_address>0xbc864</run_address>
         <size>0x60</size>
         <input_file_ref idref="fl-25"/>
      </object_component>
      <object_component id="oc-297">
         <name>.const:.string</name>
         <load_address>0xbc8c4</load_address>
         <run_address>0xbc8c4</run_address>
         <size>0x5d</size>
         <input_file_ref idref="fl-21"/>
      </object_component>
      <object_component id="oc-259">
         <name>.const:.string</name>
         <load_address>0xbc922</load_address>
         <run_address>0xbc922</run_address>
         <size>0x43</size>
         <input_file_ref idref="fl-7"/>
      </object_component>
      <object_component id="oc-466">
         <name>.const</name>
         <load_address>0xbc966</load_address>
         <run_address>0xbc966</run_address>
         <size>0xc</size>
         <input_file_ref idref="fl-50"/>
      </object_component>
      <object_component id="oc-384">
         <name>.const</name>
         <load_address>0xbc972</load_address>
         <run_address>0xbc972</run_address>
         <size>0x8</size>
         <input_file_ref idref="fl-35"/>
      </object_component>
      <object_component id="oc-4e6">
         <name>.const:init_jk</name>
         <load_address>0xbc97a</load_address>
         <run_address>0xbc97a</run_address>
         <size>0x4</size>
         <input_file_ref idref="fl-49"/>
      </object_component>
      <object_component id="oc-45c">
         <name>.const</name>
         <load_address>0xbc980</load_address>
         <run_address>0xbc980</run_address>
         <size>0x3c</size>
         <input_file_ref idref="fl-4e"/>
      </object_component>
      <object_component id="oc-38d">
         <name>.const</name>
         <load_address>0xbc9bc</load_address>
         <run_address>0xbc9bc</run_address>
         <size>0x4</size>
         <input_file_ref idref="fl-34"/>
      </object_component>
      <object_component id="oc-43c">
         <name>.const</name>
         <load_address>0xbc9c0</load_address>
         <run_address>0xbc9c0</run_address>
         <size>0x38</size>
         <input_file_ref idref="fl-4f"/>
      </object_component>
      <object_component id="oc-1e1">
         <name>.const</name>
         <load_address>0xbc9f8</load_address>
         <run_address>0xbc9f8</run_address>
         <size>0x8</size>
         <input_file_ref idref="fl-8"/>
      </object_component>
      <object_component id="oc-4f1">
         <name>.const</name>
         <load_address>0xbca00</load_address>
         <run_address>0xbca00</run_address>
         <size>0x2c</size>
         <input_file_ref idref="fl-49"/>
      </object_component>
      <object_component id="oc-4fa">
         <name>.const:PIo2</name>
         <load_address>0xbca2c</load_address>
         <run_address>0xbca2c</run_address>
         <size>0x20</size>
         <input_file_ref idref="fl-49"/>
      </object_component>
      <object_component id="oc-535">
         <name>.const</name>
         <load_address>0xbca4c</load_address>
         <run_address>0xbca4c</run_address>
         <size>0x1c</size>
         <input_file_ref idref="fl-51"/>
      </object_component>
      <object_component id="oc-35a">
         <name>.const</name>
         <load_address>0xbca68</load_address>
         <run_address>0xbca68</run_address>
         <size>0x4</size>
         <input_file_ref idref="fl-36"/>
      </object_component>
      <object_component id="oc-171">
         <name>SHARERAMGS0</name>
         <uninitialized>true</uninitialized>
         <run_address>0xc000</run_address>
         <size>0x1</size>
         <input_file_ref idref="fl-6"/>
      </object_component>
      <object_component id="oc-140">
         <name>SHARERAMGS1</name>
         <load_address>0xd000</load_address>
         <run_address>0xd000</run_address>
         <size>0x3</size>
         <input_file_ref idref="fl-6"/>
      </object_component>
      <object_component id="oc-272">
         <name>ramgs14</name>
         <uninitialized>true</uninitialized>
         <run_address>0x1a000</run_address>
         <size>0x7d0</size>
         <input_file_ref idref="fl-4"/>
      </object_component>
      <object_component id="oc-f6">
         <name>ramgs15</name>
         <load_address>0x1b000</load_address>
         <run_address>0x1b000</run_address>
         <size>0x7ec</size>
         <input_file_ref idref="fl-6"/>
      </object_component>
      <object_component id="oc-19e">
         <name>.TI.ramfunc:Flash_initModule</name>
         <load_address>0x86000</load_address>
         <run_address>0x8000</run_address>
         <size>0x43</size>
         <input_file_ref idref="fl-22"/>
      </object_component>
      <object_component id="oc-2fc">
         <name>.TI.ramfunc:Flash_setBankPowerMode</name>
         <load_address>0x86043</load_address>
         <run_address>0x8043</run_address>
         <size>0x2d</size>
         <input_file_ref idref="fl-22"/>
      </object_component>
      <object_component id="oc-314">
         <name>.TI.ramfunc:Flash_setWaitstates</name>
         <load_address>0x86070</load_address>
         <run_address>0x8070</run_address>
         <size>0x26</size>
         <input_file_ref idref="fl-22"/>
      </object_component>
      <object_component id="oc-302">
         <name>.TI.ramfunc:Flash_setPumpPowerMode</name>
         <load_address>0x86096</load_address>
         <run_address>0x8096</run_address>
         <size>0x1e</size>
         <input_file_ref idref="fl-22"/>
      </object_component>
      <object_component id="oc-308">
         <name>.TI.ramfunc:Flash_disableCache</name>
         <load_address>0x860b4</load_address>
         <run_address>0x80b4</run_address>
         <size>0x1a</size>
         <input_file_ref idref="fl-22"/>
      </object_component>
      <object_component id="oc-30e">
         <name>.TI.ramfunc:Flash_disablePrefetch</name>
         <load_address>0x860ce</load_address>
         <run_address>0x80ce</run_address>
         <size>0x1a</size>
         <input_file_ref idref="fl-22"/>
      </object_component>
      <object_component id="oc-31a">
         <name>.TI.ramfunc:Flash_enableCache</name>
         <load_address>0x860e8</load_address>
         <run_address>0x80e8</run_address>
         <size>0x19</size>
         <input_file_ref idref="fl-22"/>
      </object_component>
      <object_component id="oc-320">
         <name>.TI.ramfunc:Flash_enablePrefetch</name>
         <load_address>0x86101</load_address>
         <run_address>0x8101</run_address>
         <size>0x19</size>
         <input_file_ref idref="fl-22"/>
      </object_component>
      <object_component id="oc-326">
         <name>.TI.ramfunc:Flash_enableECC</name>
         <load_address>0x8611a</load_address>
         <run_address>0x811a</run_address>
         <size>0x17</size>
         <input_file_ref idref="fl-22"/>
      </object_component>
      <object_component id="oc-267">
         <name>.TI.ramfunc</name>
         <load_address>0x86131</load_address>
         <run_address>0x8131</run_address>
         <size>0x4</size>
         <input_file_ref idref="fl-13"/>
      </object_component>
      <object_component id="oc-14f">
         <name>.TI.ramfunc</name>
         <load_address>0x86135</load_address>
         <run_address>0x8135</run_address>
         <size>0x4</size>
         <input_file_ref idref="fl-28"/>
      </object_component>
      <object_component id="oc-279">
         <name>CpuSysRegsFile</name>
         <uninitialized>true</uninitialized>
         <run_address>0x5d300</run_address>
         <size>0x82</size>
         <input_file_ref idref="fl-e"/>
      </object_component>
      <object_component id="oc-3b7">
         <name>DacaRegsFile</name>
         <uninitialized>true</uninitialized>
         <run_address>0x5c00</run_address>
         <size>0x7</size>
         <input_file_ref idref="fl-e"/>
      </object_component>
      <object_component id="oc-3ba">
         <name>DacbRegsFile</name>
         <uninitialized>true</uninitialized>
         <run_address>0x5c10</run_address>
         <size>0x7</size>
         <input_file_ref idref="fl-e"/>
      </object_component>
      <object_component id="oc-3bd">
         <name>DaccRegsFile</name>
         <uninitialized>true</uninitialized>
         <run_address>0x5c20</run_address>
         <size>0x7</size>
         <input_file_ref idref="fl-e"/>
      </object_component>
      <object_component id="oc-282">
         <name>DmaClaSrcSelRegsFile</name>
         <uninitialized>true</uninitialized>
         <run_address>0x7980</run_address>
         <size>0x1a</size>
         <input_file_ref idref="fl-e"/>
      </object_component>
      <object_component id="oc-3ad">
         <name>DmaRegsFile</name>
         <uninitialized>true</uninitialized>
         <run_address>0x1000</run_address>
         <size>0xe0</size>
         <input_file_ref idref="fl-e"/>
      </object_component>
      <object_component id="oc-3b0">
         <name>PieCtrlRegsFile</name>
         <uninitialized>true</uninitialized>
         <run_address>0xce0</run_address>
         <size>0x1a</size>
         <input_file_ref idref="fl-e"/>
      </object_component>
      <object_component id="oc-290">
         <name>.debug_types</name>
         <load_address>0x0</load_address>
         <run_address>0x0</run_address>
         <size>0x587</size>
         <input_file_ref idref="fl-2"/>
      </object_component>
      <object_component id="oc-286">
         <name>.debug_types</name>
         <load_address>0x587</load_address>
         <run_address>0x587</run_address>
         <size>0x3ab9</size>
         <input_file_ref idref="fl-4"/>
      </object_component>
      <object_component id="oc-20e">
         <name>.debug_types</name>
         <load_address>0x4040</load_address>
         <run_address>0x4040</run_address>
         <size>0x276</size>
         <input_file_ref idref="fl-5"/>
      </object_component>
      <object_component id="oc-175">
         <name>.debug_types</name>
         <load_address>0x42b6</load_address>
         <run_address>0x42b6</run_address>
         <size>0x28c0</size>
         <input_file_ref idref="fl-6"/>
      </object_component>
      <object_component id="oc-25b">
         <name>.debug_types</name>
         <load_address>0x0</load_address>
         <run_address>0x0</run_address>
         <size>0x0</size>
         <input_file_ref idref="fl-7"/>
      </object_component>
      <object_component id="oc-204">
         <name>.debug_types</name>
         <load_address>0x0</load_address>
         <run_address>0x0</run_address>
         <size>0x0</size>
         <input_file_ref idref="fl-8"/>
      </object_component>
      <object_component id="oc-1d9">
         <name>.debug_types</name>
         <load_address>0x6b76</load_address>
         <run_address>0x6b76</run_address>
         <size>0x528</size>
         <input_file_ref idref="fl-a"/>
      </object_component>
      <object_component id="oc-178">
         <name>.debug_types</name>
         <load_address>0x0</load_address>
         <run_address>0x0</run_address>
         <size>0x0</size>
         <input_file_ref idref="fl-c"/>
      </object_component>
      <object_component id="oc-3b4">
         <name>.debug_types</name>
         <load_address>0x709e</load_address>
         <run_address>0x709e</run_address>
         <size>0x420a</size>
         <input_file_ref idref="fl-d"/>
      </object_component>
      <object_component id="oc-3c4">
         <name>.debug_types</name>
         <load_address>0xb2a8</load_address>
         <run_address>0xb2a8</run_address>
         <size>0x580b3</size>
         <input_file_ref idref="fl-e"/>
      </object_component>
      <object_component id="oc-17b">
         <name>.debug_types</name>
         <load_address>0x6335b</load_address>
         <run_address>0x6335b</run_address>
         <size>0x5a</size>
         <input_file_ref idref="fl-11"/>
      </object_component>
      <object_component id="oc-2a5">
         <name>.debug_types</name>
         <load_address>0x633b5</load_address>
         <run_address>0x633b5</run_address>
         <size>0xc0</size>
         <input_file_ref idref="fl-21"/>
      </object_component>
      <object_component id="oc-32d">
         <name>.debug_types</name>
         <load_address>0x63475</load_address>
         <run_address>0x63475</run_address>
         <size>0x1d7</size>
         <input_file_ref idref="fl-22"/>
      </object_component>
      <object_component id="oc-34e">
         <name>.debug_types</name>
         <load_address>0x6364c</load_address>
         <run_address>0x6364c</run_address>
         <size>0x334</size>
         <input_file_ref idref="fl-23"/>
      </object_component>
      <object_component id="oc-216">
         <name>.debug_types</name>
         <load_address>0x0</load_address>
         <run_address>0x0</run_address>
         <size>0x0</size>
         <input_file_ref idref="fl-24"/>
      </object_component>
      <object_component id="oc-2bf">
         <name>.debug_types</name>
         <load_address>0x63980</load_address>
         <run_address>0x63980</run_address>
         <size>0x18f</size>
         <input_file_ref idref="fl-25"/>
      </object_component>
      <object_component id="oc-23e">
         <name>.debug_types</name>
         <load_address>0x63b0f</load_address>
         <run_address>0x63b0f</run_address>
         <size>0x1d0</size>
         <input_file_ref idref="fl-26"/>
      </object_component>
      <object_component id="oc-2bc">
         <name>.debug_types</name>
         <load_address>0x63cdf</load_address>
         <run_address>0x63cdf</run_address>
         <size>0x4ac</size>
         <input_file_ref idref="fl-27"/>
      </object_component>
      <object_component id="oc-32f">
         <name>.debug_types</name>
         <load_address>0x6418b</load_address>
         <run_address>0x6418b</run_address>
         <size>0x254</size>
         <input_file_ref idref="fl-28"/>
      </object_component>
      <object_component id="oc-38f">
         <name>.debug_types</name>
         <load_address>0x643df</load_address>
         <run_address>0x643df</run_address>
         <size>0xbf</size>
         <input_file_ref idref="fl-34"/>
      </object_component>
      <object_component id="oc-38b">
         <name>.debug_types</name>
         <load_address>0x0</load_address>
         <run_address>0x0</run_address>
         <size>0x0</size>
         <input_file_ref idref="fl-35"/>
      </object_component>
      <object_component id="oc-378">
         <name>.debug_types</name>
         <load_address>0x0</load_address>
         <run_address>0x0</run_address>
         <size>0x0</size>
         <input_file_ref idref="fl-36"/>
      </object_component>
      <object_component id="oc-180">
         <name>.debug_types</name>
         <load_address>0x6449e</load_address>
         <run_address>0x6449e</run_address>
         <size>0x117</size>
         <input_file_ref idref="fl-42"/>
      </object_component>
      <object_component id="oc-3e3">
         <name>.debug_types</name>
         <load_address>0x0</load_address>
         <run_address>0x0</run_address>
         <size>0x0</size>
         <input_file_ref idref="fl-43"/>
      </object_component>
      <object_component id="oc-48c">
         <name>.debug_types</name>
         <load_address>0x645b5</load_address>
         <run_address>0x645b5</run_address>
         <size>0x441</size>
         <input_file_ref idref="fl-44"/>
      </object_component>
      <object_component id="oc-185">
         <name>.debug_types</name>
         <load_address>0x649f6</load_address>
         <run_address>0x649f6</run_address>
         <size>0x169</size>
         <input_file_ref idref="fl-45"/>
      </object_component>
      <object_component id="oc-d0">
         <name>.debug_types</name>
         <load_address>0x0</load_address>
         <run_address>0x0</run_address>
         <size>0x0</size>
         <input_file_ref idref="fl-46"/>
      </object_component>
      <object_component id="oc-c8">
         <name>.debug_types</name>
         <load_address>0x64b5f</load_address>
         <run_address>0x64b5f</run_address>
         <size>0x191</size>
         <input_file_ref idref="fl-47"/>
      </object_component>
      <object_component id="oc-45b">
         <name>.debug_types</name>
         <load_address>0x64cf0</load_address>
         <run_address>0x64cf0</run_address>
         <size>0xcb</size>
         <input_file_ref idref="fl-48"/>
      </object_component>
      <object_component id="oc-4fe">
         <name>.debug_types</name>
         <load_address>0x64dbb</load_address>
         <run_address>0x64dbb</run_address>
         <size>0x187</size>
         <input_file_ref idref="fl-49"/>
      </object_component>
      <object_component id="oc-41d">
         <name>.debug_types</name>
         <load_address>0x64f42</load_address>
         <run_address>0x64f42</run_address>
         <size>0x90</size>
         <input_file_ref idref="fl-4a"/>
      </object_component>
      <object_component id="oc-4a7">
         <name>.debug_types</name>
         <load_address>0x64fd2</load_address>
         <run_address>0x64fd2</run_address>
         <size>0x2f</size>
         <input_file_ref idref="fl-4b"/>
      </object_component>
      <object_component id="oc-415">
         <name>.debug_types</name>
         <load_address>0x65001</load_address>
         <run_address>0x65001</run_address>
         <size>0xe1</size>
         <input_file_ref idref="fl-4c"/>
      </object_component>
      <object_component id="oc-2d2">
         <name>.debug_types</name>
         <load_address>0x0</load_address>
         <run_address>0x0</run_address>
         <size>0x0</size>
         <input_file_ref idref="fl-4d"/>
      </object_component>
      <object_component id="oc-460">
         <name>.debug_types</name>
         <load_address>0x0</load_address>
         <run_address>0x0</run_address>
         <size>0x0</size>
         <input_file_ref idref="fl-4e"/>
      </object_component>
      <object_component id="oc-440">
         <name>.debug_types</name>
         <load_address>0x0</load_address>
         <run_address>0x0</run_address>
         <size>0x0</size>
         <input_file_ref idref="fl-4f"/>
      </object_component>
      <object_component id="oc-46a">
         <name>.debug_types</name>
         <load_address>0x0</load_address>
         <run_address>0x0</run_address>
         <size>0x0</size>
         <input_file_ref idref="fl-50"/>
      </object_component>
      <object_component id="oc-542">
         <name>.debug_types</name>
         <load_address>0x0</load_address>
         <run_address>0x0</run_address>
         <size>0x0</size>
         <input_file_ref idref="fl-51"/>
      </object_component>
      <object_component id="oc-555">
         <name>.debug_types</name>
         <load_address>0x0</load_address>
         <run_address>0x0</run_address>
         <size>0x0</size>
         <input_file_ref idref="fl-52"/>
      </object_component>
      <object_component id="oc-50d">
         <name>.debug_types</name>
         <load_address>0x0</load_address>
         <run_address>0x0</run_address>
         <size>0x0</size>
         <input_file_ref idref="fl-58"/>
      </object_component>
      <object_component id="oc-558">
         <name>.debug_types</name>
         <load_address>0x0</load_address>
         <run_address>0x0</run_address>
         <size>0x0</size>
         <input_file_ref idref="fl-59"/>
      </object_component>
      <object_component id="oc-144">
         <name>.debug_info</name>
         <load_address>0x0</load_address>
         <run_address>0x0</run_address>
         <size>0x47b</size>
         <input_file_ref idref="fl-2"/>
      </object_component>
      <object_component id="oc-13c">
         <name>.debug_info</name>
         <load_address>0x47b</load_address>
         <run_address>0x47b</run_address>
         <size>0xed</size>
         <input_file_ref idref="fl-3"/>
      </object_component>
      <object_component id="oc-280">
         <name>.debug_info</name>
         <load_address>0x568</load_address>
         <run_address>0x568</run_address>
         <size>0x121</size>
         <input_file_ref idref="fl-4"/>
      </object_component>
      <object_component id="oc-27d">
         <name>.debug_info</name>
         <load_address>0x689</load_address>
         <run_address>0x689</run_address>
         <size>0x16f</size>
         <input_file_ref idref="fl-4"/>
      </object_component>
      <object_component id="oc-277">
         <name>.debug_info</name>
         <load_address>0x7f8</load_address>
         <run_address>0x7f8</run_address>
         <size>0xf1</size>
         <input_file_ref idref="fl-4"/>
      </object_component>
      <object_component id="oc-273">
         <name>.debug_info</name>
         <load_address>0x8e9</load_address>
         <run_address>0x8e9</run_address>
         <size>0x11f</size>
         <input_file_ref idref="fl-4"/>
      </object_component>
      <object_component id="oc-138">
         <name>.debug_info</name>
         <load_address>0xa08</load_address>
         <run_address>0xa08</run_address>
         <size>0x485</size>
         <input_file_ref idref="fl-4"/>
      </object_component>
      <object_component id="oc-100">
         <name>.debug_info</name>
         <load_address>0xe8d</load_address>
         <run_address>0xe8d</run_address>
         <size>0xde1</size>
         <input_file_ref idref="fl-5"/>
      </object_component>
      <object_component id="oc-e4">
         <name>.debug_info</name>
         <load_address>0x1c6e</load_address>
         <run_address>0x1c6e</run_address>
         <size>0x3c9</size>
         <input_file_ref idref="fl-6"/>
      </object_component>
      <object_component id="oc-172">
         <name>.debug_info</name>
         <load_address>0x2037</load_address>
         <run_address>0x2037</run_address>
         <size>0xf3</size>
         <input_file_ref idref="fl-6"/>
      </object_component>
      <object_component id="oc-141">
         <name>.debug_info</name>
         <load_address>0x212a</load_address>
         <run_address>0x212a</run_address>
         <size>0xe9</size>
         <input_file_ref idref="fl-6"/>
      </object_component>
      <object_component id="oc-194">
         <name>.debug_info</name>
         <load_address>0x2213</load_address>
         <run_address>0x2213</run_address>
         <size>0xed</size>
         <input_file_ref idref="fl-6"/>
      </object_component>
      <object_component id="oc-130">
         <name>.debug_info</name>
         <load_address>0x2300</load_address>
         <run_address>0x2300</run_address>
         <size>0xf1</size>
         <input_file_ref idref="fl-6"/>
      </object_component>
      <object_component id="oc-133">
         <name>.debug_info</name>
         <load_address>0x23f1</load_address>
         <run_address>0x23f1</run_address>
         <size>0xf3</size>
         <input_file_ref idref="fl-6"/>
      </object_component>
      <object_component id="oc-151">
         <name>.debug_info</name>
         <load_address>0x24e4</load_address>
         <run_address>0x24e4</run_address>
         <size>0xf1</size>
         <input_file_ref idref="fl-6"/>
      </object_component>
      <object_component id="oc-154">
         <name>.debug_info</name>
         <load_address>0x25d5</load_address>
         <run_address>0x25d5</run_address>
         <size>0xf3</size>
         <input_file_ref idref="fl-6"/>
      </object_component>
      <object_component id="oc-157">
         <name>.debug_info</name>
         <load_address>0x26c8</load_address>
         <run_address>0x26c8</run_address>
         <size>0xf1</size>
         <input_file_ref idref="fl-6"/>
      </object_component>
      <object_component id="oc-15a">
         <name>.debug_info</name>
         <load_address>0x27b9</load_address>
         <run_address>0x27b9</run_address>
         <size>0xf3</size>
         <input_file_ref idref="fl-6"/>
      </object_component>
      <object_component id="oc-15d">
         <name>.debug_info</name>
         <load_address>0x28ac</load_address>
         <run_address>0x28ac</run_address>
         <size>0xf1</size>
         <input_file_ref idref="fl-6"/>
      </object_component>
      <object_component id="oc-160">
         <name>.debug_info</name>
         <load_address>0x299d</load_address>
         <run_address>0x299d</run_address>
         <size>0xf3</size>
         <input_file_ref idref="fl-6"/>
      </object_component>
      <object_component id="oc-f7">
         <name>.debug_info</name>
         <load_address>0x2a90</load_address>
         <run_address>0x2a90</run_address>
         <size>0x131</size>
         <input_file_ref idref="fl-6"/>
      </object_component>
      <object_component id="oc-163">
         <name>.debug_info</name>
         <load_address>0x2bc1</load_address>
         <run_address>0x2bc1</run_address>
         <size>0xef</size>
         <input_file_ref idref="fl-6"/>
      </object_component>
      <object_component id="oc-e7">
         <name>.debug_info</name>
         <load_address>0x2cb0</load_address>
         <run_address>0x2cb0</run_address>
         <size>0xef</size>
         <input_file_ref idref="fl-6"/>
      </object_component>
      <object_component id="oc-ea">
         <name>.debug_info</name>
         <load_address>0x2d9f</load_address>
         <run_address>0x2d9f</run_address>
         <size>0xef</size>
         <input_file_ref idref="fl-6"/>
      </object_component>
      <object_component id="oc-ed">
         <name>.debug_info</name>
         <load_address>0x2e8e</load_address>
         <run_address>0x2e8e</run_address>
         <size>0xef</size>
         <input_file_ref idref="fl-6"/>
      </object_component>
      <object_component id="oc-b5">
         <name>.debug_info</name>
         <load_address>0x2f7d</load_address>
         <run_address>0x2f7d</run_address>
         <size>0x33ba</size>
         <input_file_ref idref="fl-6"/>
      </object_component>
      <object_component id="oc-ba">
         <name>.debug_info</name>
         <load_address>0x6337</load_address>
         <run_address>0x6337</run_address>
         <size>0x104</size>
         <input_file_ref idref="fl-6"/>
      </object_component>
      <object_component id="oc-124">
         <name>.debug_info</name>
         <load_address>0x643b</load_address>
         <run_address>0x643b</run_address>
         <size>0x839</size>
         <input_file_ref idref="fl-7"/>
      </object_component>
      <object_component id="oc-fb">
         <name>.debug_info</name>
         <load_address>0x6c74</load_address>
         <run_address>0x6c74</run_address>
         <size>0x2b4</size>
         <input_file_ref idref="fl-8"/>
      </object_component>
      <object_component id="oc-a9">
         <name>.debug_info</name>
         <load_address>0x6f28</load_address>
         <run_address>0x6f28</run_address>
         <size>0x115</size>
         <input_file_ref idref="fl-9"/>
      </object_component>
      <object_component id="oc-e0">
         <name>.debug_info</name>
         <load_address>0x703d</load_address>
         <run_address>0x703d</run_address>
[...]
      </symbol>
      <symbol id="sm-438">
         <name>DMACH3WrapConfig</name>
         <value>0x99bcb</value>
         <object_component_ref idref="oc-26c"/>
      </symbol>
      <symbol id="sm-439">
         <name>DMACH4WrapConfig</name>
         <value>0x99c64</value>
         <object_component_ref idref="oc-26c"/>
      </symbol>
      <symbol id="sm-43a">
         <name>DMACH5WrapConfig</name>
         <value>0x99cfe</value>
         <object_component_ref idref="oc-26c"/>
      </symbol>
      <symbol id="sm-43b">
         <name>DMACH5BurstConfig</name>
         <value>0x99cde</value>
         <object_component_ref idref="oc-26c"/>
      </symbol>
      <symbol id="sm-43c">
         <name>DMACH6WrapConfig</name>
         <value>0x99d97</value>
         <object_component_ref idref="oc-26c"/>
      </symbol>
      <symbol id="sm-43d">
         <name>DMACH6AddrConfig32bit</name>
         <value>0x99e51</value>
         <object_component_ref idref="oc-26c"/>
      </symbol>
      <symbol id="sm-43e">
         <name>DMACH2BurstConfig</name>
         <value>0x99b11</value>
         <object_component_ref idref="oc-26c"/>
      </symbol>
      <symbol id="sm-43f">
         <name>DMAInitialize</name>
         <value>0x99a5d</value>
         <object_component_ref idref="oc-26c"/>
      </symbol>
      <symbol id="sm-440">
         <name>DMACH1AddrConfig</name>
         <value>0x99a68</value>
         <object_component_ref idref="oc-26c"/>
      </symbol>
      <symbol id="sm-441">
         <name>DMACH2AddrConfig</name>
         <value>0x99b01</value>
         <object_component_ref idref="oc-26c"/>
      </symbol>
      <symbol id="sm-442">
         <name>DMACH3AddrConfig</name>
         <value>0x99b9b</value>
         <object_component_ref idref="oc-26c"/>
      </symbol>
      <symbol id="sm-443">
         <name>DMACH4AddrConfig</name>
         <value>0x99c34</value>
         <object_component_ref idref="oc-26c"/>
      </symbol>
      <symbol id="sm-444">
         <name>DMACH5AddrConfig</name>
         <value>0x99cce</value>
         <object_component_ref idref="oc-26c"/>
      </symbol>
      <symbol id="sm-445">
         <name>DMACH6AddrConfig</name>
         <value>0x99d67</value>
         <object_component_ref idref="oc-26c"/>
      </symbol>
      <symbol id="sm-446">
         <name>DMACH4AddrConfig32bit</name>
         <value>0x99e31</value>
         <object_component_ref idref="oc-26c"/>
      </symbol>
      <symbol id="sm-447">
         <name>DMACH5AddrConfig32bit</name>
         <value>0x99e41</value>
         <object_component_ref idref="oc-26c"/>
      </symbol>
      <symbol id="sm-448">
         <name>DMACH4BurstConfig</name>
         <value>0x99c44</value>
         <object_component_ref idref="oc-26c"/>
      </symbol>
      <symbol id="sm-449">
         <name>DMACH1BurstConfig</name>
         <value>0x99a78</value>
         <object_component_ref idref="oc-26c"/>
      </symbol>
      <symbol id="sm-44a">
         <name>StartDMACH1</name>
         <value>0x99af9</value>
         <object_component_ref idref="oc-26c"/>
      </symbol>
      <symbol id="sm-44b">
         <name>StartDMACH3</name>
         <value>0x99c2c</value>
         <object_component_ref idref="oc-26c"/>
      </symbol>
      <symbol id="sm-44c">
         <name>StartDMACH2</name>
         <value>0x99b93</value>
         <object_component_ref idref="oc-26c"/>
      </symbol>
      <symbol id="sm-44d">
         <name>StartDMACH5</name>
         <value>0x99d5f</value>
         <object_component_ref idref="oc-26c"/>
      </symbol>
      <symbol id="sm-44e">
         <name>StartDMACH4</name>
         <value>0x99cc6</value>
         <object_component_ref idref="oc-26c"/>
      </symbol>
      <symbol id="sm-44f">
         <name>StartDMACH6</name>
         <value>0x99df9</value>
         <object_component_ref idref="oc-26c"/>
      </symbol>
      <symbol id="sm-450">
         <name>DMACH1ModeConfig</name>
         <value>0x99aab</value>
         <object_component_ref idref="oc-26c"/>
      </symbol>
      <symbol id="sm-451">
         <name>DMACH2ModeConfig</name>
         <value>0x99b44</value>
         <object_component_ref idref="oc-26c"/>
      </symbol>
      <symbol id="sm-452">
         <name>DMACH3ModeConfig</name>
         <value>0x99bde</value>
         <object_component_ref idref="oc-26c"/>
      </symbol>
      <symbol id="sm-453">
         <name>DMACH4ModeConfig</name>
         <value>0x99c77</value>
         <object_component_ref idref="oc-26c"/>
      </symbol>
      <symbol id="sm-454">
         <name>DMACH2AddrConfig32bit</name>
         <value>0x99e11</value>
         <object_component_ref idref="oc-26c"/>
      </symbol>
      <symbol id="sm-455">
         <name>DMACH6BurstConfig</name>
         <value>0x99d77</value>
         <object_component_ref idref="oc-26c"/>
      </symbol>
      <symbol id="sm-456">
         <name>DMACH5ModeConfig</name>
         <value>0x99d11</value>
         <object_component_ref idref="oc-26c"/>
      </symbol>
      <symbol id="sm-457">
         <name>DMACH6ModeConfig</name>
         <value>0x99daa</value>
         <object_component_ref idref="oc-26c"/>
      </symbol>
      <symbol id="sm-458">
         <name>DMACH3BurstConfig</name>
         <value>0x99bab</value>
         <object_component_ref idref="oc-26c"/>
      </symbol>
      <symbol id="sm-459">
         <name>DMACH3AddrConfig32bit</name>
         <value>0x99e21</value>
         <object_component_ref idref="oc-26c"/>
      </symbol>
      <symbol id="sm-482">
         <name>DacbRegs</name>
         <value>0x5c10</value>
         <object_component_ref idref="oc-3ba"/>
      </symbol>
      <symbol id="sm-483">
         <name>DaccRegs</name>
         <value>0x5c20</value>
         <object_component_ref idref="oc-3bd"/>
      </symbol>
      <symbol id="sm-484">
         <name>DmaClaSrcSelRegs</name>
         <value>0x7980</value>
         <object_component_ref idref="oc-282"/>
      </symbol>
      <symbol id="sm-485">
         <name>DmaRegs</name>
         <value>0x1000</value>
         <object_component_ref idref="oc-3ad"/>
      </symbol>
      <symbol id="sm-486">
         <name>CpuSysRegs</name>
         <value>0x5d300</value>
         <object_component_ref idref="oc-279"/>
      </symbol>
      <symbol id="sm-487">
         <name>PieCtrlRegs</name>
         <value>0xce0</value>
         <object_component_ref idref="oc-3b0"/>
      </symbol>
      <symbol id="sm-488">
         <name>DacaRegs</name>
         <value>0x5c00</value>
         <object_component_ref idref="oc-3b7"/>
      </symbol>
      <symbol id="sm-495">
         <name>PieVectTableInit</name>
         <value>0xbc000</value>
         <object_component_ref idref="oc-c3"/>
      </symbol>
      <symbol id="sm-49e">
         <name>F28x_usDelay</name>
         <value>0x8131</value>
         <object_component_ref idref="oc-267"/>
      </symbol>
      <symbol id="sm-4df">
         <name>ADC_setOffsetTrim</name>
         <value>0x9b4df</value>
         <object_component_ref idref="oc-29e"/>
      </symbol>
      <symbol id="sm-4e0">
         <name>ADC_setMode</name>
         <value>0x9b8eb</value>
         <object_component_ref idref="oc-149"/>
      </symbol>
      <symbol id="sm-4e1">
         <name>ADC_setINLTrim</name>
         <value>0x9b399</value>
         <object_component_ref idref="oc-298"/>
      </symbol>
      <symbol id="sm-55b">
         <name>Flash_initModule</name>
         <value>0x8000</value>
         <object_component_ref idref="oc-19e"/>
      </symbol>
      <symbol id="sm-59d">
         <name>GPIO_setQualificationMode</name>
         <value>0x9b817</value>
         <object_component_ref idref="oc-1c3"/>
      </symbol>
      <symbol id="sm-59e">
         <name>GPIO_setPadConfig</name>
         <value>0x9b5f3</value>
         <object_component_ref idref="oc-206"/>
      </symbol>
      <symbol id="sm-59f">
         <name>GPIO_setDirectionMode</name>
         <value>0x9b8ba</value>
         <object_component_ref idref="oc-1bd"/>
      </symbol>
      <symbol id="sm-5a0">
         <name>GPIO_setPinConfig</name>
         <value>0x9b84f</value>
         <object_component_ref idref="oc-1c9"/>
      </symbol>
      <symbol id="sm-5a1">
         <name>GPIO_setMasterCore</name>
         <value>0x9b7df</value>
         <object_component_ref idref="oc-1cf"/>
      </symbol>
      <symbol id="sm-5f3">
         <name>Interrupt_initModule</name>
         <value>0x9b7a2</value>
         <object_component_ref idref="oc-105"/>
      </symbol>
      <symbol id="sm-5f4">
         <name>Interrupt_enable</name>
         <value>0x9b886</value>
         <object_component_ref idref="oc-129"/>
      </symbol>
      <symbol id="sm-5f5">
         <name>Interrupt_initVectorTable</name>
         <value>0x9bb69</value>
         <object_component_ref idref="oc-10b"/>
      </symbol>
      <symbol id="sm-607">
         <name>MemCfg_setGSRAMMasterSel</name>
         <value>0x9ba18</value>
         <object_component_ref idref="oc-16b"/>
      </symbol>
      <symbol id="sm-678">
         <name>SCI_clearInterruptStatus</name>
         <value>0x9b6dd</value>
         <object_component_ref idref="oc-117"/>
      </symbol>
      <symbol id="sm-679">
         <name>SCI_writeCharArray</name>
         <value>0x9b723</value>
         <object_component_ref idref="oc-11d"/>
      </symbol>
      <symbol id="sm-67a">
         <name>SCI_setConfig</name>
         <value>0x9b764</value>
         <object_component_ref idref="oc-111"/>
      </symbol>
      <symbol id="sm-69a">
         <name>SPI_setConfig</name>
         <value>0x9b543</value>
         <object_component_ref idref="oc-165"/>
      </symbol>
      <symbol id="sm-776">
         <name>SysCtl_delay</name>
         <value>0x8135</value>
         <object_component_ref idref="oc-14f"/>
      </symbol>
      <symbol id="sm-777">
         <name>SysCtl_getDeviceParametric</name>
         <value>0x9b477</value>
         <object_component_ref idref="oc-1a4"/>
      </symbol>
      <symbol id="sm-778">
         <name>SysCtl_selectXTAL</name>
         <value>0x9b40c</value>
         <object_component_ref idref="oc-430"/>
      </symbol>
      <symbol id="sm-779">
         <name>SysCtl_selectOscSource</name>
         <value>0x9b59f</value>
         <object_component_ref idref="oc-337"/>
      </symbol>
      <symbol id="sm-77a">
         <name>SysCtl_getLowSpeedClock</name>
         <value>0x9bc63</value>
         <object_component_ref idref="oc-1b7"/>
      </symbol>
      <symbol id="sm-77b">
         <name>SysCtl_setClock</name>
         <value>0x9a6d9</value>
         <object_component_ref idref="oc-1aa"/>
      </symbol>
      <symbol id="sm-77c">
         <name>SysCtl_getClock</name>
         <value>0x9b645</value>
         <object_component_ref idref="oc-1b0"/>
      </symbol>
      <symbol id="sm-796">
         <name>cosl</name>
         <value>0x9af1c</value>
         <object_component_ref idref="oc-1fd"/>
      </symbol>
      <symbol id="sm-797">
         <name>cos</name>
         <value>0x9af1c</value>
         <object_component_ref idref="oc-1fd"/>
      </symbol>
      <symbol id="sm-7ad">
         <name>roundl</name>
         <value>0x9b1fa</value>
         <object_component_ref idref="oc-1f2"/>
      </symbol>
      <symbol id="sm-7ae">
         <name>round</name>
         <value>0x9b1fa</value>
         <object_component_ref idref="oc-1f2"/>
      </symbol>
      <symbol id="sm-7c8">
         <name>sin</name>
         <value>0x9afea</value>
         <object_component_ref idref="oc-1ec"/>
      </symbol>
      <symbol id="sm-7c9">
         <name>sinl</name>
         <value>0x9afea</value>
         <object_component_ref idref="oc-1ec"/>
      </symbol>
      <symbol id="sm-7d3">
         <name>_c_int00</name>
         <value>0x9bce0</value>
         <object_component_ref idref="oc-18d"/>
      </symbol>
      <symbol id="sm-7d4">
         <name>__stack</name>
         <value>0x400</value>
         <object_component_ref idref="oc-c6"/>
      </symbol>
      <symbol id="sm-7eb">
         <name>__c28xabi_addd</name>
         <value>0x9b15e</value>
         <object_component_ref idref="oc-379"/>
      </symbol>
      <symbol id="sm-7f7">
         <name>__c28xabi_cmpd</name>
         <value>0x9b99d</value>
         <object_component_ref idref="oc-385"/>
      </symbol>
      <symbol id="sm-805">
         <name>__c28xabi_mpyd</name>
         <value>0x9b316</value>
         <object_component_ref idref="oc-1e2"/>
      </symbol>
      <symbol id="sm-80e">
         <name>__c28xabi_negd</name>
         <value>0x9bdf7</value>
         <object_component_ref idref="oc-372"/>
      </symbol>
      <symbol id="sm-816">
         <name>__c28xabi_subd</name>
         <value>0x9bda6</value>
         <object_component_ref idref="oc-361"/>
      </symbol>
      <symbol id="sm-821">
         <name>__c28xabi_dtoi</name>
         <value>0x9bacb</value>
         <object_component_ref idref="oc-1f8"/>
      </symbol>
      <symbol id="sm-82e">
         <name>__c28xabi_divf</name>
         <value>0x9b28e</value>
         <object_component_ref idref="oc-28a"/>
      </symbol>
      <symbol id="sm-83b">
         <name>__c28xabi_itod</name>
         <value>0x9bb87</value>
         <object_component_ref idref="oc-1dc"/>
      </symbol>
      <symbol id="sm-847">
         <name>__c28xabi_ftod</name>
         <value>0x9bbc1</value>
         <object_component_ref idref="oc-1e7"/>
      </symbol>
      <symbol id="sm-859">
         <name>memcpy</name>
         <value>0x9bba4</value>
         <object_component_ref idref="oc-c9"/>
      </symbol>
      <symbol id="sm-866">
         <name>_system_pre_init</name>
         <value>0x9be28</value>
         <object_component_ref idref="oc-2d3"/>
      </symbol>
      <symbol id="sm-875">
         <name>__TI_auto_init_nobinit_nopinit</name>
         <value>0x9b948</value>
         <object_component_ref idref="oc-3e4"/>
      </symbol>
      <symbol id="sm-882">
         <name>__TI_zero_init</name>
         <value>0x9be1e</value>
         <object_component_ref idref="oc-d7"/>
      </symbol>
      <symbol id="sm-88f">
         <name>__TI_decompress_none</name>
         <value>0x9be08</value>
         <object_component_ref idref="oc-9f"/>
      </symbol>
      <symbol id="sm-8a3">
         <name>__TI_decompress_lzss</name>
         <value>0x9b91a</value>
         <object_component_ref idref="oc-99"/>
      </symbol>
      <symbol id="sm-8de">
         <name>__rem_pio2</name>
         <value>0x9962c</value>
         <object_component_ref idref="oc-366"/>
      </symbol>
      <symbol id="sm-950">
         <name>__kernel_rem_pio2</name>
         <value>0x98a2a</value>
         <object_component_ref idref="oc-454"/>
      </symbol>
      <symbol id="sm-966">
         <name>C$$EXIT</name>
         <value>0x9b9c7</value>
         <object_component_ref idref="oc-2e0"/>
      </symbol>
      <symbol id="sm-967">
         <name>abort</name>
         <value>0x9b9c7</value>
         <object_component_ref idref="oc-2e0"/>
      </symbol>
      <symbol id="sm-968">
         <name>exit</name>
         <value>0x9b9c9</value>
         <object_component_ref idref="oc-2e0"/>
      </symbol>
      <symbol id="sm-969">
         <name>__TI_dtors_ptr</name>
         <value>0x11c48</value>
         <object_component_ref idref="oc-416"/>
      </symbol>
      <symbol id="sm-96a">
         <name>__TI_cleanup_ptr</name>
         <value>0x11c46</value>
         <object_component_ref idref="oc-416"/>
      </symbol>
      <symbol id="sm-96b">
         <name>__TI_enable_exit_profile_output</name>
         <value>0x11c44</value>
         <object_component_ref idref="oc-416"/>
      </symbol>
      <symbol id="sm-982">
         <name>_nop</name>
         <value>0x9bdf6</value>
         <object_component_ref idref="oc-49f"/>
      </symbol>
      <symbol id="sm-983">
         <name>_lock</name>
         <value>0x11c52</value>
         <object_component_ref idref="oc-419"/>
      </symbol>
      <symbol id="sm-984">
         <name>_unlock</name>
         <value>0x11c54</value>
         <object_component_ref idref="oc-513"/>
      </symbol>
      <symbol id="sm-985">
         <name>_register_lock</name>
         <value>0x9bdf2</value>
         <object_component_ref idref="oc-49f"/>
      </symbol>
      <symbol id="sm-986">
         <name>_register_unlock</name>
         <value>0x9bdee</value>
         <object_component_ref idref="oc-49f"/>
      </symbol>
      <symbol id="sm-995">
         <name>_args_main</name>
         <value>0x9bdce</value>
         <object_component_ref idref="oc-2da"/>
      </symbol>
      <symbol id="sm-9a4">
         <name>memset</name>
         <value>0x9be17</value>
         <object_component_ref idref="oc-186"/>
      </symbol>
      <symbol id="sm-9c6">
         <name>__kernel_cos</name>
         <value>0x9ab18</value>
         <object_component_ref idref="oc-36c"/>
      </symbol>
      <symbol id="sm-9e9">
         <name>__kernel_sin</name>
         <value>0x9a8e0</value>
         <object_component_ref idref="oc-35b"/>
      </symbol>
      <symbol id="sm-a0c">
         <name>floorl</name>
         <value>0x9ae34</value>
         <object_component_ref idref="oc-37e"/>
      </symbol>
      <symbol id="sm-a0d">
         <name>floor</name>
         <value>0x9ae34</value>
         <object_component_ref idref="oc-37e"/>
      </symbol>
      <symbol id="sm-a2f">
         <name>scalbn</name>
         <value>0x9b0b5</value>
         <object_component_ref idref="oc-4f4"/>
      </symbol>
      <symbol id="sm-a30">
         <name>scalbnl</name>
         <value>0x9b0b5</value>
         <object_component_ref idref="oc-4f4"/>
      </symbol>
      <symbol id="sm-a31">
         <name>ldexpl</name>
         <value>0x9b0b5</value>
         <object_component_ref idref="oc-4f4"/>
      </symbol>
      <symbol id="sm-a32">
         <name>ldexp</name>
         <value>0x9b0b5</value>
         <object_component_ref idref="oc-4f4"/>
      </symbol>
      <symbol id="sm-a40">
         <name>copysign</name>
         <value>0x9ba63</value>
         <object_component_ref idref="oc-538"/>
      </symbol>
      <symbol id="sm-a41">
         <name>copysignl</name>
         <value>0x9ba63</value>
         <object_component_ref idref="oc-538"/>
      </symbol>
      <symbol id="sm-a4c">
         <name>__c28xabi_dtol</name>
         <value>0x9bb4a</value>
         <object_component_ref idref="oc-447"/>
      </symbol>
      <symbol id="sm-a54">
         <name>__c28xabi_orll</name>
         <value>0x9bcd0</value>
         <object_component_ref idref="oc-442"/>
      </symbol>
      <symbol id="sm-a55">
         <name>__c28xabi_xorll</name>
         <value>0x9bcd8</value>
         <object_component_ref idref="oc-442"/>
      </symbol>
      <symbol id="sm-a56">
         <name>__c28xabi_andll</name>
         <value>0x9bcc8</value>
         <object_component_ref idref="oc-442"/>
      </symbol>
      <symbol id="sm-a60">
         <name>__c28xabi_modi</name>
         <value>0x9baba</value>
         <object_component_ref idref="oc-4e9"/>
      </symbol>
      <symbol id="sm-a61">
         <name>__c28xabi_divi</name>
         <value>0x9baa9</value>
         <object_component_ref idref="oc-4e9"/>
      </symbol>
      <symbol id="sm-a6d">
         <name>__c28xabi_ltod</name>
         <value>0x9bbdd</value>
         <object_component_ref idref="oc-44c"/>
      </symbol>
      <symbol id="sm-a7b">
         <name>_system_post_cinit</name>
         <value>0x9be2a</value>
         <object_component_ref idref="oc-485"/>
      </symbol>
      <symbol id="sm-a86">
         <name>errno</name>
         <value>0x11c56</value>
         <object_component_ref idref="oc-53e"/>
      </symbol>
      <symbol id="sm-a88">
         <name>__c_args__</name>
         <value>0x0</value>
      </symbol>
   </symbol_table>
   <title>Link successful</title>
</link_info>
