******************************************************************************
             TMS320C2000 Linker PC v22.6.0                     
******************************************************************************
>> Linked Mon Mar 11 14:45:54 2024

OUTPUT FILE NAME:   <Blue_ECG_ICG_PPG_V3_cpu02_debug.out>
ENTRY POINT SYMBOL: "code_start"  address: 00080000


MEMORY CONFIGURATION

         name            origin    length      used     unused   attr    fill
----------------------  --------  ---------  --------  --------  ----  --------
PAGE 0:
  RAMM0                 000000a2   0000035e  00000000  0000035e  RWIX
  RAMLS0                00008000   00000800  00000135  000006cb  RWIX
  RAMLS1                00008800   00000800  00000000  00000800  RWIX
  RAMLS2                00009000   00000800  00000000  00000800  RWIX
  RAMLS3                00009800   00000800  00000000  00000800  RWIX
  RAMLS4                0000a000   00000800  00000000  00000800  RWIX
  RAMD0                 0000b000   00000800  00000000  00000800  RWIX
  RAMGS14               0001a000   00001000  00000000  00001000  RWIX
  RAMGS15               0001b000   00000ff8  00000000  00000ff8  RWIX
  BEGIN                 00080000   00000002  00000002  00000000  RWIX
  FLASHA                00080002   00001ffe  00000000  00001ffe  RWIX
  FLASHB                00082000   00002000  0000076d  00001893  RWIX
  FLASHC                00084000   00002000  00000000  00002000  RWIX
  FLASHD                00086000   00002000  00000135  00001ecb  RWIX
  FLASHE                00088000   00008000  00000000  00008000  RWIX
  FLASHF                00090000   00008000  00000122  00007ede  RWIX
  FLASHG                00098000   00008000  00000000  00008000  RWIX
  FLASHH                000a0000   00008000  00000000  00008000  RWIX
  FLASHI                000a8000   00008000  00000000  00008000  RWIX
  FLASHJ                000b0000   00008000  00000000  00008000  RWIX
  FLASHK                000b8000   00002000  00000000  00002000  RWIX
  FLASHL                000ba000   00002000  00000000  00002000  RWIX
  FLASHM                000bc000   00002000  00000000  00002000  RWIX
  FLASHN                000be000   00001ff0  00000000  00001ff0  RWIX
  RESET                 003fffc0   00000002  00000000  00000002  RWIX

PAGE 1:
  BOOT_RSVD             00000002   000000a0  00000000  000000a0  RWIX
  RAMM1                 00000400   000003f8  00000100  000002f8  RWIX
  RAMLS5                0000a800   00000800  00000023  000007dd  RWIX
  RAMD1                 0000b800   00000800  00000000  00000800  RWIX
  RAMGS0                0000c000   00001000  00000001  00000fff  RWIX
  RAMGS1                0000d000   00001000  00000003  00000ffd  RWIX
  RAMGS2                0000e000   00001000  00000000  00001000  RWIX
  CPU2TOCPU1RAM         0003f800   00000400  00000000  00000400  RWIX
  CPU1TOCPU2RAM         0003fc00   00000400  00000000  00000400  RWIX


SECTION ALLOCATION MAP

 output                                  attributes/
section   page    origin      length       input sections
--------  ----  ----------  ----------   ----------------
codestart 
*          0    00080000    00000002     
                  00080000    00000002     F2837xD_CodeStartBranch.obj (codestart)

.text      0    00082000    0000073d     
                  00082000    000001d0     max30101.obj (.text)
                  000821d0    000001a4     device.obj (.text)
                  00082374    0000009c     rts2800_fpu32_eabi.lib : fd_add28.asm.obj (.text)
                  00082410    00000083                            : fd_mpy28.asm.obj (.text)
                  00082493    00000064     driverlib_eabi.lib : i2c.obj (.text:I2C_initMaster)
                  000824f7    00000045     main.obj (.text)
                  0008253c    0000003d     driverlib_eabi.lib : interrupt.obj (.text:Interrupt_initModule)
                  00082579    0000002e     rts2800_fpu32_eabi.lib : copy_decompress_lzss.c.obj (.text:decompress:lzss)
                  000825a7    0000002b                            : autoinit.c.obj (.text:__TI_auto_init_nobinit_nopinit)
                  000825d2    00000029                            : exit.c.obj (.text)
                  000825fb    00000028     driverlib_eabi.lib : flash.obj (.text:Flash_setBankPowerUpDelay)
                  00082623    00000023     rts2800_fpu32_eabi.lib : fd_tofsfpu32.asm.obj (.text)
                  00082646    0000001e     driverlib_eabi.lib : interrupt.obj (.text:Interrupt_initVectorTable)
                  00082664    0000001d     rts2800_fpu32_eabi.lib : memcpy.c.obj (.text)
                  00082681    0000001c                            : fs_tofdfpu32.asm.obj (.text)
                  0008269d    00000017                            : boot28.asm.obj (.text)
                  000826b4    00000015     driverlib_eabi.lib : i2c.obj (.text:I2C_isBaseValid)
                  000826c9    00000010                        : flash.obj (.text:Flash_isCtrlBaseValid)
                  000826d9    00000010                        : flash.obj (.text:Flash_isECCBaseValid)
                  000826e9    0000000e                        : interrupt.obj (.text:Interrupt_defaultHandler)
                  000826f7    0000000d                        : interrupt.obj (.text:Interrupt_disableMaster)
                  00082704    0000000d     rts2800_fpu32_eabi.lib : copy_zero_init.c.obj (.text:decompress:ZI:__TI_zero_init_nomemset)
                  00082711    0000000c                            : args_main.c.obj (.text)
                  0008271d    00000009                            : _lock.c.obj (.text)
                  00082726    00000008     F2837xD_CodeStartBranch.obj (.text)
                  0008272e    00000008     rts2800_fpu32_eabi.lib : copy_decompress_none.c.obj (.text:decompress:none)
                  00082736    00000002     driverlib_eabi.lib : interrupt.obj (.text:Interrupt_illegalOperationHandler)
                  00082738    00000002                        : interrupt.obj (.text:Interrupt_nmiHandler)
                  0008273a    00000002     rts2800_fpu32_eabi.lib : pre_init.c.obj (.text)
                  0008273c    00000001                            : startup.c.obj (.text)

.cinit     0    00082740    00000030     
                  00082740    0000000a     (.cinit..data.load) [load image, compression = lzss]
                  0008274a    00000006     (__TI_handler_table)
                  00082750    00000005     (.cinit.SHARERAMGS1.load) [load image, compression = lzss]
                  00082755    00000001     --HOLE-- [fill = 0]
                  00082756    00000004     (.cinit..bss.load) [load image, compression = zero_init]
                  0008275a    00000004     (.cinit.SHARERAMGS0.load) [load image, compression = zero_init]
                  0008275e    00000002     --HOLE-- [fill = 0]
                  00082760    00000010     (__TI_cinit_table)

.stack     1    00000400    00000100     UNINITIALIZED
                  00000400    00000100     --HOLE--

.reset     0    003fffc0    00000000     DSECT

.init_array 
*          0    00082000    00000000     UNINITIALIZED

.bss       1    0000a800    00000013     UNINITIALIZED
                  0000a800    00000010     max30101.obj (.bss:rdata)
                  0000a810    00000003     main.obj (.bss)

.data      1    0000a814    00000010     UNINITIALIZED
                  0000a814    00000006     device.obj (.data)
                  0000a81a    00000006     rts2800_fpu32_eabi.lib : exit.c.obj (.data)
                  0000a820    00000002                            : _lock.c.obj (.data:_lock)
                  0000a822    00000002                            : _lock.c.obj (.data:_unlock)

.const     0    00090000    00000122     
                  00090000    000000bf     driverlib_eabi.lib : flash.obj (.const:.string)
                  000900bf    00000001     --HOLE-- [fill = 0]
                  000900c0    0000005d                        : i2c.obj (.const:.string)
                  0009011d    00000001     --HOLE-- [fill = 0]
                  0009011e    00000004     max30101.obj (.const)

SHARERAMGS0 
*          1    0000c000    00000001     UNINITIALIZED
                  0000c000    00000001     main.obj (SHARERAMGS0)

SHARERAMGS1 
*          1    0000d000    00000003     UNINITIALIZED
                  0000d000    00000003     main.obj (SHARERAMGS1)

.TI.ramfunc 
*          0    00086000    00000135     RUN ADDR = 00008000
                  00086000    00000043     driverlib_eabi.lib : flash.obj (.TI.ramfunc:Flash_initModule)
                  00086043    0000002d                        : flash.obj (.TI.ramfunc:Flash_setBankPowerMode)
                  00086070    00000026                        : flash.obj (.TI.ramfunc:Flash_setWaitstates)
                  00086096    0000001e                        : flash.obj (.TI.ramfunc:Flash_setPumpPowerMode)
                  000860b4    0000001a                        : flash.obj (.TI.ramfunc:Flash_disableCache)
                  000860ce    0000001a                        : flash.obj (.TI.ramfunc:Flash_disablePrefetch)
                  000860e8    00000019                        : flash.obj (.TI.ramfunc:Flash_enableCache)
                  00086101    00000019                        : flash.obj (.TI.ramfunc:Flash_enablePrefetch)
                  0008611a    00000017                        : flash.obj (.TI.ramfunc:Flash_enableECC)
                  00086131    00000004                        : sysctl.obj (.TI.ramfunc)

GETBUFFER 
*          0    0003fc00    00000000     DSECT

GETWRITEIDX 
*          0    0003fc00    00000000     DSECT

PUTREADIDX 
*          0    0003fc00    00000000     DSECT

MODULE SUMMARY

       Module                        code   ro data   rw data
       ------                        ----   -------   -------
    .\
       max30101.obj                  464    4         16     
       main.obj                      69     0         7      
    +--+-----------------------------+------+---------+---------+
       Total:                        533    4         23     
                                                             
    .\device\
       device.obj                    420    0         6      
       F2837xD_CodeStartBranch.obj   10     0         0      
    +--+-----------------------------+------+---------+---------+
       Total:                        430    0         6      
                                                             
    C:\ti\c2000\C2000Ware_4_01_00_00\driverlib\f2837xd\driverlib\ccs\Debug\driverlib_eabi.lib
       flash.obj                     682    191       0      
       i2c.obj                       121    93        0      
       interrupt.obj                 122    0         0      
       sysctl.obj                    8      0         0      
    +--+-----------------------------+------+---------+---------+
       Total:                        933    284       0      
                                                             
    C:\ti\ccs1210\ccs\tools\compiler\ti-cgt-c2000_22.6.0.LTS\lib\rts2800_fpu32_eabi.lib
       fd_add28.asm.obj              156    0         0      
       fd_mpy28.asm.obj              131    0         0      
       exit.c.obj                    41     0         6      
       copy_decompress_lzss.c.obj    46     0         0      
       autoinit.c.obj                43     0         0      
       fd_tofsfpu32.asm.obj          35     0         0      
       memcpy.c.obj                  29     0         0      
       fs_tofdfpu32.asm.obj          28     0         0      
       boot28.asm.obj                23     0         0      
       _lock.c.obj                   9      0         4      
       copy_zero_init.c.obj          13     0         0      
       args_main.c.obj               12     0         0      
       copy_decompress_none.c.obj    8      0         0      
       pre_init.c.obj                2      0         0      
       startup.c.obj                 1      0         0      
    +--+-----------------------------+------+---------+---------+
       Total:                        577    0         10     
                                                             
       Stack:                        0      0         256    
       Linker Generated:             0      45        0      
    +--+-----------------------------+------+---------+---------+
       Grand Total:                  2473   333       295    


LINKER GENERATED COPY TABLES

__TI_cinit_table @ 00082760 records: 4, size/record: 4, table size: 16
	.data: load addr=00082740, load size=0000000a bytes, run addr=0000a814, run size=00000010 bytes, compression=lzss
	SHARERAMGS1: load addr=00082750, load size=00000005 bytes, run addr=0000d000, run size=00000003 bytes, compression=lzss
	.bss: load addr=00082756, load size=00000004 bytes, run addr=0000a800, run size=00000013 bytes, compression=zero_init
	SHARERAMGS0: load addr=0008275a, load size=00000004 bytes, run addr=0000c000, run size=00000001 bytes, compression=zero_init


LINKER GENERATED HANDLER TABLE

__TI_handler_table @ 0008274a records: 3, size/record: 2, table size: 6
	index: 0, handler: __TI_zero_init
	index: 1, handler: __TI_decompress_lzss
	index: 2, handler: __TI_decompress_none


GLOBAL DATA SYMBOLS: SORTED BY DATA PAGE

address     data page           name
--------    ----------------    ----
00000400      10 (00000400)     __stack

0000a800     2a0 (0000a800)     rdata
0000a810     2a0 (0000a800)     leds_data
0000a814     2a0 (0000a800)     Example_Result
0000a816     2a0 (0000a800)     Example_PassCount
0000a818     2a0 (0000a800)     Example_Fail
0000a81a     2a0 (0000a800)     __TI_enable_exit_profile_output
0000a81c     2a0 (0000a800)     __TI_cleanup_ptr
0000a81e     2a0 (0000a800)     __TI_dtors_ptr
0000a820     2a0 (0000a800)     _lock
0000a822     2a0 (0000a800)     _unlock

0000c000     300 (0000c000)     mux_busy_flag

0000d000     340 (0000d000)     ppg_write


GLOBAL SYMBOLS: SORTED ALPHABETICALLY BY Name 

page  address   name                                     
----  -------   ----                                     
0     000825d2  C$$EXIT                                  
0     00082222  Device_enableAllPeripherals              
0     0008234c  Device_enableUnbondedGPIOPullups         
0     0008232f  Device_enableUnbondedGPIOPullupsFor100Pin
0     0008231c  Device_enableUnbondedGPIOPullupsFor176Pin
0     00082204  Device_init                              
0     000822fb  Device_initGPIO                          
1     0000a818  Example_Fail                             
1     0000a816  Example_PassCount                        
1     0000a814  Example_Result                           
0     00082373  Example_done                             
0     0008236e  Example_setResultFail                    
0     00082369  Example_setResultPass                    
0     00008000  Flash_initModule                         
0     00082493  I2C_initMaster                           
0     0008253c  Interrupt_initModule                     
0     00082646  Interrupt_initVectorTable                
0     00086135  RamfuncsLoadEnd                          
abs   00000135  RamfuncsLoadSize                         
0     00086000  RamfuncsLoadStart                        
0     00008135  RamfuncsRunEnd                           
abs   00000135  RamfuncsRunSize                          
0     00008000  RamfuncsRunStart                         
0     00008131  SysCtl_delay                             
0     00082760  __TI_CINIT_Base                          
0     00082770  __TI_CINIT_Limit                         
0     00082770  __TI_CINIT_Warm                          
0     0008274a  __TI_Handler_Table_Base                  
0     00082750  __TI_Handler_Table_Limit                 
1     00000500  __TI_STACK_END                           
abs   00000100  __TI_STACK_SIZE                          
0     000825a7  __TI_auto_init_nobinit_nopinit           
1     0000a81c  __TI_cleanup_ptr                         
0     00082579  __TI_decompress_lzss                     
0     0008272e  __TI_decompress_none                     
1     0000a81e  __TI_dtors_ptr                           
1     0000a81a  __TI_enable_exit_profile_output          
abs   ffffffff  __TI_pprof_out_hndl                      
abs   ffffffff  __TI_prof_data_size                      
abs   ffffffff  __TI_prof_data_start                     
0     00082704  __TI_zero_init_nomemset                  
0     00082374  __c28xabi_addd                           
0     00082623  __c28xabi_dtof                           
0     00082681  __c28xabi_ftod                           
0     00082410  __c28xabi_mpyd                           
n/a   UNDEFED   __c_args__                               
0     00082362  __error__                                
1     00000400  __stack                                  
0     00082711  _args_main                               
0     0008269d  _c_int00                                 
1     0000a820  _lock                                    
0     00082725  _nop                                     
0     00082721  _register_lock                           
0     0008271d  _register_unlock                         
0     0008273c  _system_post_cinit                       
0     0008273a  _system_pre_init                         
1     0000a822  _unlock                                  
0     000825d2  abort                                    
0     00080000  code_start                               
0     000825d4  exit                                     
0     0008206f  init_i2c                                 
0     00082060  init_max30101                            
1     0000a810  leds_data                                
0     0008250b  main                                     
0     00082664  memcpy                                   
1     0000c000  mux_busy_flag                            
0     0008213e  new_data_ready                           
0     00082146  num_new_samples                          
1     0000d000  ppg_write                                
1     0000a800  rdata                                    
0     000820cb  read_leds                                
0     0008215e  read_register                            
0     000820f1  read_temperature                         
0     000820a6  setup                                    
0     000821a7  write_register                           


GLOBAL SYMBOLS: SORTED BY Symbol Address 

page  address   name                                     
----  -------   ----                                     
0     00008000  Flash_initModule                         
0     00008000  RamfuncsRunStart                         
0     00008131  SysCtl_delay                             
0     00008135  RamfuncsRunEnd                           
0     00080000  code_start                               
0     00082060  init_max30101                            
0     0008206f  init_i2c                                 
0     000820a6  setup                                    
0     000820cb  read_leds                                
0     000820f1  read_temperature                         
0     0008213e  new_data_ready                           
0     00082146  num_new_samples                          
0     0008215e  read_register                            
0     000821a7  write_register                           
0     00082204  Device_init                              
0     00082222  Device_enableAllPeripherals              
0     000822fb  Device_initGPIO                          
0     0008231c  Device_enableUnbondedGPIOPullupsFor176Pin
0     0008232f  Device_enableUnbondedGPIOPullupsFor100Pin
0     0008234c  Device_enableUnbondedGPIOPullups         
0     00082362  __error__                                
0     00082369  Example_setResultPass                    
0     0008236e  Example_setResultFail                    
0     00082373  Example_done                             
0     00082374  __c28xabi_addd                           
0     00082410  __c28xabi_mpyd                           
0     00082493  I2C_initMaster                           
0     0008250b  main                                     
0     0008253c  Interrupt_initModule                     
0     00082579  __TI_decompress_lzss                     
0     000825a7  __TI_auto_init_nobinit_nopinit           
0     000825d2  C$$EXIT                                  
0     000825d2  abort                                    
0     000825d4  exit                                     
0     00082623  __c28xabi_dtof                           
0     00082646  Interrupt_initVectorTable                
0     00082664  memcpy                                   
0     00082681  __c28xabi_ftod                           
0     0008269d  _c_int00                                 
0     00082704  __TI_zero_init_nomemset                  
0     00082711  _args_main                               
0     0008271d  _register_unlock                         
0     00082721  _register_lock                           
0     00082725  _nop                                     
0     0008272e  __TI_decompress_none                     
0     0008273a  _system_pre_init                         
0     0008273c  _system_post_cinit                       
0     0008274a  __TI_Handler_Table_Base                  
0     00082750  __TI_Handler_Table_Limit                 
0     00082760  __TI_CINIT_Base                          
0     00082770  __TI_CINIT_Limit                         
0     00082770  __TI_CINIT_Warm                          
0     00086000  RamfuncsLoadStart                        
0     00086135  RamfuncsLoadEnd                          
1     00000400  __stack                                  
1     00000500  __TI_STACK_END                           
1     0000a800  rdata                                    
1     0000a810  leds_data                                
1     0000a814  Example_Result                           
1     0000a816  Example_PassCount                        
1     0000a818  Example_Fail                             
1     0000a81a  __TI_enable_exit_profile_output          
1     0000a81c  __TI_cleanup_ptr                         
1     0000a81e  __TI_dtors_ptr                           
1     0000a820  _lock                                    
1     0000a822  _unlock                                  
1     0000c000  mux_busy_flag                            
1     0000d000  ppg_write                                
abs   00000100  __TI_STACK_SIZE                          
abs   00000135  RamfuncsLoadSize                         
abs   00000135  RamfuncsRunSize                          
abs   ffffffff  __TI_pprof_out_hndl                      
abs   ffffffff  __TI_prof_data_size                      
abs   ffffffff  __TI_prof_data_start                     
n/a   UNDEFED   __c_args__                               

[75 symbols]
