<?xml version="1.0" encoding="ISO-8859-1" ?>
<link_info>
   <banner>TMS320C2000 Linker PC v22.6.0.LTS</banner>
   <copyright>Copyright (c) 1996-2018 Texas Instruments Incorporated</copyright>
   <link_time>0x659fc561</link_time>
   <link_errors>0x0</link_errors>
   <output_file>Blue_ECG_ICG_V8.2.out</output_file>
   <entry_point>
      <name>code_start</name>
      <address>0x0</address>
   </entry_point>
   <input_file_list>
      <input_file id="fl-2">
         <path>.\</path>
         <kind>object</kind>
         <file>data_packer.obj</file>
         <name>data_packer.obj</name>
      </input_file>
      <input_file id="fl-3">
         <path>.\</path>
         <kind>object</kind>
         <file>dmac1.obj</file>
         <name>dmac1.obj</name>
      </input_file>
      <input_file id="fl-4">
         <path>.\</path>
         <kind>object</kind>
         <file>exc_signal_dma.obj</file>
         <name>exc_signal_dma.obj</name>
      </input_file>
      <input_file id="fl-5">
         <path>.\</path>
         <kind>object</kind>
         <file>funcs.obj</file>
         <name>funcs.obj</name>
      </input_file>
      <input_file id="fl-6">
         <path>.\</path>
         <kind>object</kind>
         <file>i2cInit.obj</file>
         <name>i2cInit.obj</name>
      </input_file>
      <input_file id="fl-7">
         <path>.\</path>
         <kind>object</kind>
         <file>icg_ecg.obj</file>
         <name>icg_ecg.obj</name>
      </input_file>
      <input_file id="fl-8">
         <path>.\</path>
         <kind>object</kind>
         <file>max30101Init.obj</file>
         <name>max30101Init.obj</name>
      </input_file>
      <input_file id="fl-9">
         <path>.\</path>
         <kind>object</kind>
         <file>wave_gen.obj</file>
         <name>wave_gen.obj</name>
      </input_file>
      <input_file id="fl-a">
         <path>.\device\</path>
         <kind>object</kind>
         <file>F2837xD_CodeStartBranch.obj</file>
         <name>F2837xD_CodeStartBranch.obj</name>
      </input_file>
      <input_file id="fl-b">
         <path>.\device\</path>
         <kind>object</kind>
         <file>device.obj</file>
         <name>device.obj</name>
      </input_file>
      <input_file id="fl-c">
         <path>.\other_includes\</path>
         <kind>object</kind>
         <file>F2837xD_CpuTimers.obj</file>
         <name>F2837xD_CpuTimers.obj</name>
      </input_file>
      <input_file id="fl-d">
         <path>.\other_includes\</path>
         <kind>object</kind>
         <file>F2837xD_DefaultISR.obj</file>
         <name>F2837xD_DefaultISR.obj</name>
      </input_file>
      <input_file id="fl-e">
         <path>.\other_includes\</path>
         <kind>object</kind>
         <file>F2837xD_Dma.obj</file>
         <name>F2837xD_Dma.obj</name>
      </input_file>
      <input_file id="fl-f">
         <path>.\other_includes\</path>
         <kind>object</kind>
         <file>F2837xD_GlobalVariableDefs.obj</file>
         <name>F2837xD_GlobalVariableDefs.obj</name>
      </input_file>
      <input_file id="fl-10">
         <path>.\other_includes\</path>
         <kind>object</kind>
         <file>F2837xD_Gpio.obj</file>
         <name>F2837xD_Gpio.obj</name>
      </input_file>
      <input_file id="fl-11">
         <path>.\other_includes\</path>
         <kind>object</kind>
         <file>F2837xD_PieCtrl.obj</file>
         <name>F2837xD_PieCtrl.obj</name>
      </input_file>
      <input_file id="fl-12">
         <path>.\other_includes\</path>
         <kind>object</kind>
         <file>F2837xD_PieVect.obj</file>
         <name>F2837xD_PieVect.obj</name>
      </input_file>
      <input_file id="fl-13">
         <path>.\other_includes\</path>
         <kind>object</kind>
         <file>F2837xD_SysCtrl.obj</file>
         <name>F2837xD_SysCtrl.obj</name>
      </input_file>
      <input_file id="fl-14">
         <path>.\other_includes\</path>
         <kind>object</kind>
         <file>F2837xD_usDelay.obj</file>
         <name>F2837xD_usDelay.obj</name>
      </input_file>
      <input_file id="fl-1b">
         <kind>object</kind>
         <file>&lt;internal&gt;</file>
         <name>&lt;internal&gt;</name>
      </input_file>
      <input_file id="fl-22">
         <path>C:\ti\c2000\C2000Ware_4_01_00_00\driverlib\f2837xd\driverlib\ccs\Debug\</path>
         <kind>archive</kind>
         <file>driverlib_eabi.lib</file>
         <name>adc.obj</name>
      </input_file>
      <input_file id="fl-23">
         <path>C:\ti\c2000\C2000Ware_4_01_00_00\driverlib\f2837xd\driverlib\ccs\Debug\</path>
         <kind>archive</kind>
         <file>driverlib_eabi.lib</file>
         <name>gpio.obj</name>
      </input_file>
      <input_file id="fl-24">
         <path>C:\ti\c2000\C2000Ware_4_01_00_00\driverlib\f2837xd\driverlib\ccs\Debug\</path>
         <kind>archive</kind>
         <file>driverlib_eabi.lib</file>
         <name>i2c.obj</name>
      </input_file>
      <input_file id="fl-25">
         <path>C:\ti\c2000\C2000Ware_4_01_00_00\driverlib\f2837xd\driverlib\ccs\Debug\</path>
         <kind>archive</kind>
         <file>driverlib_eabi.lib</file>
         <name>interrupt.obj</name>
      </input_file>
      <input_file id="fl-26">
         <path>C:\ti\c2000\C2000Ware_4_01_00_00\driverlib\f2837xd\driverlib\ccs\Debug\</path>
         <kind>archive</kind>
         <file>driverlib_eabi.lib</file>
         <name>sci.obj</name>
      </input_file>
      <input_file id="fl-27">
         <path>C:\ti\c2000\C2000Ware_4_01_00_00\driverlib\f2837xd\driverlib\ccs\Debug\</path>
         <kind>archive</kind>
         <file>driverlib_eabi.lib</file>
         <name>sysctl.obj</name>
      </input_file>
      <input_file id="fl-33">
         <path>C:\ti\ccs1210\ccs\tools\compiler\ti-cgt-c2000_22.6.0.LTS\lib\</path>
         <kind>archive</kind>
         <file>rts2800_fpu32_eabi.lib</file>
         <name>s_cos.c.obj</name>
      </input_file>
      <input_file id="fl-34">
         <path>C:\ti\ccs1210\ccs\tools\compiler\ti-cgt-c2000_22.6.0.LTS\lib\</path>
         <kind>archive</kind>
         <file>rts2800_fpu32_eabi.lib</file>
         <name>s_round.c.obj</name>
      </input_file>
      <input_file id="fl-35">
         <path>C:\ti\ccs1210\ccs\tools\compiler\ti-cgt-c2000_22.6.0.LTS\lib\</path>
         <kind>archive</kind>
         <file>rts2800_fpu32_eabi.lib</file>
         <name>s_sin.c.obj</name>
      </input_file>
      <input_file id="fl-36">
         <path>C:\ti\ccs1210\ccs\tools\compiler\ti-cgt-c2000_22.6.0.LTS\lib\</path>
         <kind>archive</kind>
         <file>rts2800_fpu32_eabi.lib</file>
         <name>boot28.asm.obj</name>
      </input_file>
      <input_file id="fl-37">
         <path>C:\ti\ccs1210\ccs\tools\compiler\ti-cgt-c2000_22.6.0.LTS\lib\</path>
         <kind>archive</kind>
         <file>rts2800_fpu32_eabi.lib</file>
         <name>fd_add28.asm.obj</name>
      </input_file>
      <input_file id="fl-38">
         <path>C:\ti\ccs1210\ccs\tools\compiler\ti-cgt-c2000_22.6.0.LTS\lib\</path>
         <kind>archive</kind>
         <file>rts2800_fpu32_eabi.lib</file>
         <name>fd_cmp28.asm.obj</name>
      </input_file>
      <input_file id="fl-39">
         <path>C:\ti\ccs1210\ccs\tools\compiler\ti-cgt-c2000_22.6.0.LTS\lib\</path>
         <kind>archive</kind>
         <file>rts2800_fpu32_eabi.lib</file>
         <name>fd_mpy28.asm.obj</name>
      </input_file>
      <input_file id="fl-3a">
         <path>C:\ti\ccs1210\ccs\tools\compiler\ti-cgt-c2000_22.6.0.LTS\lib\</path>
         <kind>archive</kind>
         <file>rts2800_fpu32_eabi.lib</file>
         <name>fd_neg28.asm.obj</name>
      </input_file>
      <input_file id="fl-3b">
         <path>C:\ti\ccs1210\ccs\tools\compiler\ti-cgt-c2000_22.6.0.LTS\lib\</path>
         <kind>archive</kind>
         <file>rts2800_fpu32_eabi.lib</file>
         <name>fd_sub28.asm.obj</name>
      </input_file>
      <input_file id="fl-3c">
         <path>C:\ti\ccs1210\ccs\tools\compiler\ti-cgt-c2000_22.6.0.LTS\lib\</path>
         <kind>archive</kind>
         <file>rts2800_fpu32_eabi.lib</file>
         <name>fd_toi28.asm.obj</name>
      </input_file>
      <input_file id="fl-3d">
         <path>C:\ti\ccs1210\ccs\tools\compiler\ti-cgt-c2000_22.6.0.LTS\lib\</path>
         <kind>archive</kind>
         <file>rts2800_fpu32_eabi.lib</file>
         <name>fs_div28.asm.obj</name>
      </input_file>
      <input_file id="fl-3e">
         <path>C:\ti\ccs1210\ccs\tools\compiler\ti-cgt-c2000_22.6.0.LTS\lib\</path>
         <kind>archive</kind>
         <file>rts2800_fpu32_eabi.lib</file>
         <name>ll_cmp28.asm.obj</name>
      </input_file>
      <input_file id="fl-3f">
         <path>C:\ti\ccs1210\ccs\tools\compiler\ti-cgt-c2000_22.6.0.LTS\lib\</path>
         <kind>archive</kind>
         <file>rts2800_fpu32_eabi.lib</file>
         <name>i_tofd28.asm.obj</name>
      </input_file>
      <input_file id="fl-40">
         <path>C:\ti\ccs1210\ccs\tools\compiler\ti-cgt-c2000_22.6.0.LTS\lib\</path>
         <kind>archive</kind>
         <file>rts2800_fpu32_eabi.lib</file>
         <name>fs_tofdfpu32.asm.obj</name>
      </input_file>
      <input_file id="fl-41">
         <path>C:\ti\ccs1210\ccs\tools\compiler\ti-cgt-c2000_22.6.0.LTS\lib\</path>
         <kind>archive</kind>
         <file>rts2800_fpu32_eabi.lib</file>
         <name>fd_tofsfpu32.asm.obj</name>
      </input_file>
      <input_file id="fl-42">
         <path>C:\ti\ccs1210\ccs\tools\compiler\ti-cgt-c2000_22.6.0.LTS\lib\</path>
         <kind>archive</kind>
         <file>rts2800_fpu32_eabi.lib</file>
         <name>pre_init.c.obj</name>
      </input_file>
      <input_file id="fl-43">
         <path>C:\ti\ccs1210\ccs\tools\compiler\ti-cgt-c2000_22.6.0.LTS\lib\</path>
         <kind>archive</kind>
         <file>rts2800_fpu32_eabi.lib</file>
         <name>autoinit.c.obj</name>
      </input_file>
      <input_file id="fl-44">
         <path>C:\ti\ccs1210\ccs\tools\compiler\ti-cgt-c2000_22.6.0.LTS\lib\</path>
         <kind>archive</kind>
         <file>rts2800_fpu32_eabi.lib</file>
         <name>copy_zero_init.c.obj</name>
      </input_file>
      <input_file id="fl-45">
         <path>C:\ti\ccs1210\ccs\tools\compiler\ti-cgt-c2000_22.6.0.LTS\lib\</path>
         <kind>archive</kind>
         <file>rts2800_fpu32_eabi.lib</file>
         <name>copy_decompress_none.c.obj</name>
      </input_file>
      <input_file id="fl-46">
         <path>C:\ti\ccs1210\ccs\tools\compiler\ti-cgt-c2000_22.6.0.LTS\lib\</path>
         <kind>archive</kind>
         <file>rts2800_fpu32_eabi.lib</file>
         <name>copy_decompress_lzss.c.obj</name>
      </input_file>
      <input_file id="fl-47">
         <path>C:\ti\ccs1210\ccs\tools\compiler\ti-cgt-c2000_22.6.0.LTS\lib\</path>
         <kind>archive</kind>
         <file>rts2800_fpu32_eabi.lib</file>
         <name>e_rem_pio2.c.obj</name>
      </input_file>
      <input_file id="fl-48">
         <path>C:\ti\ccs1210\ccs\tools\compiler\ti-cgt-c2000_22.6.0.LTS\lib\</path>
         <kind>archive</kind>
         <file>rts2800_fpu32_eabi.lib</file>
         <name>k_rem_pio2.c.obj</name>
      </input_file>
      <input_file id="fl-49">
         <path>C:\ti\ccs1210\ccs\tools\compiler\ti-cgt-c2000_22.6.0.LTS\lib\</path>
         <kind>archive</kind>
         <file>rts2800_fpu32_eabi.lib</file>
         <name>exit.c.obj</name>
      </input_file>
      <input_file id="fl-4a">
         <path>C:\ti\ccs1210\ccs\tools\compiler\ti-cgt-c2000_22.6.0.LTS\lib\</path>
         <kind>archive</kind>
         <file>rts2800_fpu32_eabi.lib</file>
         <name>_lock.c.obj</name>
      </input_file>
      <input_file id="fl-4b">
         <path>C:\ti\ccs1210\ccs\tools\compiler\ti-cgt-c2000_22.6.0.LTS\lib\</path>
         <kind>archive</kind>
         <file>rts2800_fpu32_eabi.lib</file>
         <name>args_main.c.obj</name>
      </input_file>
      <input_file id="fl-4c">
         <path>C:\ti\ccs1210\ccs\tools\compiler\ti-cgt-c2000_22.6.0.LTS\lib\</path>
         <kind>archive</kind>
         <file>rts2800_fpu32_eabi.lib</file>
         <name>memset.c.obj</name>
      </input_file>
      <input_file id="fl-4d">
         <path>C:\ti\ccs1210\ccs\tools\compiler\ti-cgt-c2000_22.6.0.LTS\lib\</path>
         <kind>archive</kind>
         <file>rts2800_fpu32_eabi.lib</file>
         <name>k_cos.c.obj</name>
      </input_file>
      <input_file id="fl-4e">
         <path>C:\ti\ccs1210\ccs\tools\compiler\ti-cgt-c2000_22.6.0.LTS\lib\</path>
         <kind>archive</kind>
         <file>rts2800_fpu32_eabi.lib</file>
         <name>k_sin.c.obj</name>
      </input_file>
      <input_file id="fl-4f">
         <path>C:\ti\ccs1210\ccs\tools\compiler\ti-cgt-c2000_22.6.0.LTS\lib\</path>
         <kind>archive</kind>
         <file>rts2800_fpu32_eabi.lib</file>
         <name>s_floor.c.obj</name>
      </input_file>
      <input_file id="fl-50">
         <path>C:\ti\ccs1210\ccs\tools\compiler\ti-cgt-c2000_22.6.0.LTS\lib\</path>
         <kind>archive</kind>
         <file>rts2800_fpu32_eabi.lib</file>
         <name>s_scalbn.c.obj</name>
      </input_file>
      <input_file id="fl-51">
         <path>C:\ti\ccs1210\ccs\tools\compiler\ti-cgt-c2000_22.6.0.LTS\lib\</path>
         <kind>archive</kind>
         <file>rts2800_fpu32_eabi.lib</file>
         <name>s_copysign.c.obj</name>
      </input_file>
      <input_file id="fl-52">
         <path>C:\ti\ccs1210\ccs\tools\compiler\ti-cgt-c2000_22.6.0.LTS\lib\</path>
         <kind>archive</kind>
         <file>rts2800_fpu32_eabi.lib</file>
         <name>fd_tol28.asm.obj</name>
      </input_file>
      <input_file id="fl-53">
         <path>C:\ti\ccs1210\ccs\tools\compiler\ti-cgt-c2000_22.6.0.LTS\lib\</path>
         <kind>archive</kind>
         <file>rts2800_fpu32_eabi.lib</file>
         <name>ll_aox28.asm.obj</name>
      </input_file>
      <input_file id="fl-54">
         <path>C:\ti\ccs1210\ccs\tools\compiler\ti-cgt-c2000_22.6.0.LTS\lib\</path>
         <kind>archive</kind>
         <file>rts2800_fpu32_eabi.lib</file>
         <name>i_div28.asm.obj</name>
      </input_file>
      <input_file id="fl-55">
         <path>C:\ti\ccs1210\ccs\tools\compiler\ti-cgt-c2000_22.6.0.LTS\lib\</path>
         <kind>archive</kind>
         <file>rts2800_fpu32_eabi.lib</file>
         <name>l_tofd28.asm.obj</name>
      </input_file>
      <input_file id="fl-56">
         <path>C:\ti\ccs1210\ccs\tools\compiler\ti-cgt-c2000_22.6.0.LTS\lib\</path>
         <kind>archive</kind>
         <file>rts2800_fpu32_eabi.lib</file>
         <name>cpy_tbl.c.obj</name>
      </input_file>
      <input_file id="fl-57">
         <path>C:\ti\ccs1210\ccs\tools\compiler\ti-cgt-c2000_22.6.0.LTS\lib\</path>
         <kind>archive</kind>
         <file>rts2800_fpu32_eabi.lib</file>
         <name>memcpy.c.obj</name>
      </input_file>
      <input_file id="fl-58">
         <path>C:\ti\ccs1210\ccs\tools\compiler\ti-cgt-c2000_22.6.0.LTS\lib\</path>
         <kind>archive</kind>
         <file>rts2800_fpu32_eabi.lib</file>
         <name>startup.c.obj</name>
      </input_file>
      <input_file id="fl-59">
         <path>C:\ti\ccs1210\ccs\tools\compiler\ti-cgt-c2000_22.6.0.LTS\lib\</path>
         <kind>archive</kind>
         <file>rts2800_fpu32_eabi.lib</file>
         <name>errno.c.obj</name>
      </input_file>
   </input_file_list>
   <object_component_list>
      <object_component id="oc-a2">
         <name>codestart</name>
         <load_address>0x0</load_address>
         <run_address>0x0</run_address>
         <size>0x2</size>
         <input_file_ref idref="fl-a"/>
      </object_component>
      <object_component id="oc-a8">
         <name>.text</name>
         <load_address>0xe626</load_address>
         <run_address>0xe626</run_address>
         <size>0x90e</size>
         <input_file_ref idref="fl-7"/>
      </object_component>
      <object_component id="oc-1b2">
         <name>.text</name>
         <load_address>0xef34</load_address>
         <run_address>0xef34</run_address>
         <size>0xcb</size>
         <input_file_ref idref="fl-35"/>
      </object_component>
      <object_component id="oc-3c5">
         <name>.text</name>
         <load_address>0xefff</load_address>
         <run_address>0xefff</run_address>
         <size>0x1</size>
         <input_file_ref idref="fl-58"/>
      </object_component>
      <object_component id="oc-394">
         <name>.text</name>
         <load_address>0xf000</load_address>
         <run_address>0xf000</run_address>
         <size>0x67d</size>
         <input_file_ref idref="fl-48"/>
      </object_component>
      <object_component id="oc-b3">
         <name>.text:retain</name>
         <load_address>0xf67d</load_address>
         <run_address>0xf67d</run_address>
         <size>0x585</size>
         <input_file_ref idref="fl-d"/>
      </object_component>
      <object_component id="oc-e6">
         <name>.text</name>
         <load_address>0xfc02</load_address>
         <run_address>0xfc02</run_address>
         <size>0x3fa</size>
         <input_file_ref idref="fl-b"/>
      </object_component>
      <object_component id="oc-1ec">
         <name>.text:Interrupt_illegalOperationHandler</name>
         <load_address>0xfffc</load_address>
         <run_address>0xfffc</run_address>
         <size>0x2</size>
         <input_file_ref idref="fl-25"/>
      </object_component>
      <object_component id="oc-1e6">
         <name>.text:Interrupt_nmiHandler</name>
         <load_address>0xfffe</load_address>
         <run_address>0xfffe</run_address>
         <size>0x2</size>
         <input_file_ref idref="fl-25"/>
      </object_component>
      <object_component id="oc-2bf">
         <name>.text</name>
         <load_address>0x10000</load_address>
         <run_address>0x10000</run_address>
         <size>0x431</size>
         <input_file_ref idref="fl-47"/>
      </object_component>
      <object_component id="oc-236">
         <name>.text</name>
         <load_address>0x10431</load_address>
         <run_address>0x10431</run_address>
         <size>0x404</size>
         <input_file_ref idref="fl-e"/>
      </object_component>
      <object_component id="oc-188">
         <name>.text:SysCtl_setClock</name>
         <load_address>0x10835</load_address>
         <run_address>0x10835</run_address>
         <size>0x207</size>
         <input_file_ref idref="fl-27"/>
      </object_component>
      <object_component id="oc-14e">
         <name>.text</name>
         <load_address>0x10a3c</load_address>
         <run_address>0x10a3c</run_address>
         <size>0x1bf</size>
         <input_file_ref idref="fl-2"/>
      </object_component>
      <object_component id="oc-2b4">
         <name>.text</name>
         <load_address>0x10bfb</load_address>
         <run_address>0x10bfb</run_address>
         <size>0x125</size>
         <input_file_ref idref="fl-4e"/>
      </object_component>
      <object_component id="oc-143">
         <name>.text</name>
         <load_address>0x10d20</load_address>
         <run_address>0x10d20</run_address>
         <size>0x113</size>
         <input_file_ref idref="fl-4"/>
      </object_component>
      <object_component id="oc-2c5">
         <name>.text</name>
         <load_address>0x10e33</load_address>
         <run_address>0x10e33</run_address>
         <size>0x113</size>
         <input_file_ref idref="fl-4d"/>
      </object_component>
      <object_component id="oc-434">
         <name>.text</name>
         <load_address>0x10f46</load_address>
         <run_address>0x10f46</run_address>
         <size>0xa9</size>
         <input_file_ref idref="fl-50"/>
      </object_component>
      <object_component id="oc-1cb">
         <name>.text:GPIO_isPinValid</name>
         <load_address>0x10fef</load_address>
         <run_address>0x10fef</run_address>
         <size>0xe</size>
         <input_file_ref idref="fl-23"/>
      </object_component>
      <object_component id="oc-27f">
         <name>.text</name>
         <load_address>0x10ffd</load_address>
         <run_address>0x10ffd</run_address>
         <size>0x2</size>
         <input_file_ref idref="fl-42"/>
      </object_component>
      <object_component id="oc-131">
         <name>.text</name>
         <load_address>0x11000</load_address>
         <run_address>0x11000</run_address>
         <size>0xfb</size>
         <input_file_ref idref="fl-5"/>
      </object_component>
      <object_component id="oc-2d7">
         <name>.text</name>
         <load_address>0x110fb</load_address>
         <run_address>0x110fb</run_address>
         <size>0xe8</size>
         <input_file_ref idref="fl-4f"/>
      </object_component>
      <object_component id="oc-1c3">
         <name>.text</name>
         <load_address>0x111e3</load_address>
         <run_address>0x111e3</run_address>
         <size>0xce</size>
         <input_file_ref idref="fl-33"/>
      </object_component>
      <object_component id="oc-ef">
         <name>.text</name>
         <load_address>0x112b1</load_address>
         <run_address>0x112b1</run_address>
         <size>0xbd</size>
         <input_file_ref idref="fl-9"/>
      </object_component>
      <object_component id="oc-2d2">
         <name>.text</name>
         <load_address>0x1136e</load_address>
         <run_address>0x1136e</run_address>
         <size>0x9c</size>
         <input_file_ref idref="fl-37"/>
      </object_component>
      <object_component id="oc-a7">
         <name>.text:retain</name>
         <load_address>0x1140a</load_address>
         <run_address>0x1140a</run_address>
         <size>0x96</size>
         <input_file_ref idref="fl-7"/>
      </object_component>
      <object_component id="oc-1b8">
         <name>.text</name>
         <load_address>0x114a0</load_address>
         <run_address>0x114a0</run_address>
         <size>0x94</size>
         <input_file_ref idref="fl-34"/>
      </object_component>
      <object_component id="oc-252">
         <name>.text</name>
         <load_address>0x11534</load_address>
         <run_address>0x11534</run_address>
         <size>0x88</size>
         <input_file_ref idref="fl-3d"/>
      </object_component>
      <object_component id="oc-1a8">
         <name>.text</name>
         <load_address>0x115bc</load_address>
         <run_address>0x115bc</run_address>
         <size>0x83</size>
         <input_file_ref idref="fl-39"/>
      </object_component>
      <object_component id="oc-260">
         <name>.text:ADC_setINLTrim</name>
         <load_address>0x1163f</load_address>
         <run_address>0x1163f</run_address>
         <size>0x73</size>
         <input_file_ref idref="fl-22"/>
      </object_component>
      <object_component id="oc-374">
         <name>.text:SysCtl_selectXTAL</name>
         <load_address>0x116b2</load_address>
         <run_address>0x116b2</run_address>
         <size>0x6b</size>
         <input_file_ref idref="fl-27"/>
      </object_component>
      <object_component id="oc-182">
         <name>.text:SysCtl_getDeviceParametric</name>
         <load_address>0x1171d</load_address>
         <run_address>0x1171d</run_address>
         <size>0x68</size>
         <input_file_ref idref="fl-27"/>
      </object_component>
      <object_component id="oc-266">
         <name>.text:ADC_setOffsetTrim</name>
         <load_address>0x11785</load_address>
         <run_address>0x11785</run_address>
         <size>0x64</size>
         <input_file_ref idref="fl-22"/>
      </object_component>
      <object_component id="oc-29c">
         <name>.text:SysCtl_selectOscSource</name>
         <load_address>0x117e9</load_address>
         <run_address>0x117e9</run_address>
         <size>0x54</size>
         <input_file_ref idref="fl-27"/>
      </object_component>
      <object_component id="oc-107">
         <name>.text:GPIO_setPadConfig</name>
         <load_address>0x1183d</load_address>
         <run_address>0x1183d</run_address>
         <size>0x52</size>
         <input_file_ref idref="fl-23"/>
      </object_component>
      <object_component id="oc-18e">
         <name>.text:SysCtl_getClock</name>
         <load_address>0x1188f</load_address>
         <run_address>0x1188f</run_address>
         <size>0x51</size>
         <input_file_ref idref="fl-27"/>
      </object_component>
      <object_component id="oc-125">
         <name>.text:SCI_clearInterruptStatus</name>
         <load_address>0x118e0</load_address>
         <run_address>0x118e0</run_address>
         <size>0x46</size>
         <input_file_ref idref="fl-26"/>
      </object_component>
      <object_component id="oc-12b">
         <name>.text:SCI_writeCharArray</name>
         <load_address>0x11926</load_address>
         <run_address>0x11926</run_address>
         <size>0x41</size>
         <input_file_ref idref="fl-26"/>
      </object_component>
      <object_component id="oc-11f">
         <name>.text:SCI_setConfig</name>
         <load_address>0x11967</load_address>
         <run_address>0x11967</run_address>
         <size>0x3e</size>
         <input_file_ref idref="fl-26"/>
      </object_component>
      <object_component id="oc-113">
         <name>.text:Interrupt_initModule</name>
         <load_address>0x119a5</load_address>
         <run_address>0x119a5</run_address>
         <size>0x3d</size>
         <input_file_ref idref="fl-25"/>
      </object_component>
      <object_component id="oc-f5">
         <name>.text:GPIO_setMasterCore</name>
         <load_address>0x119e2</load_address>
         <run_address>0x119e2</run_address>
         <size>0x38</size>
         <input_file_ref idref="fl-23"/>
      </object_component>
      <object_component id="oc-10d">
         <name>.text:GPIO_setQualificationMode</name>
         <load_address>0x11a1a</load_address>
         <run_address>0x11a1a</run_address>
         <size>0x38</size>
         <input_file_ref idref="fl-23"/>
      </object_component>
      <object_component id="oc-fb">
         <name>.text:GPIO_setPinConfig</name>
         <load_address>0x11a52</load_address>
         <run_address>0x11a52</run_address>
         <size>0x37</size>
         <input_file_ref idref="fl-23"/>
      </object_component>
      <object_component id="oc-137">
         <name>.text:Interrupt_enable</name>
         <load_address>0x11a89</load_address>
         <run_address>0x11a89</run_address>
         <size>0x34</size>
         <input_file_ref idref="fl-25"/>
      </object_component>
      <object_component id="oc-101">
         <name>.text:GPIO_setDirectionMode</name>
         <load_address>0x11abd</load_address>
         <run_address>0x11abd</run_address>
         <size>0x31</size>
         <input_file_ref idref="fl-23"/>
      </object_component>
      <object_component id="oc-154">
         <name>.text:ADC_setMode</name>
         <load_address>0x11aee</load_address>
         <run_address>0x11aee</run_address>
         <size>0x2f</size>
         <input_file_ref idref="fl-22"/>
      </object_component>
      <object_component id="oc-95">
         <name>.text:decompress:lzss</name>
         <load_address>0x11b1d</load_address>
         <run_address>0x11b1d</run_address>
         <size>0x2e</size>
         <input_file_ref idref="fl-46"/>
      </object_component>
      <object_component id="oc-336">
         <name>.text:__TI_auto_init_nobinit_nopinit</name>
         <load_address>0x11b4b</load_address>
         <run_address>0x11b4b</run_address>
         <size>0x2b</size>
         <input_file_ref idref="fl-43"/>
      </object_component>
      <object_component id="oc-2de">
         <name>.text</name>
         <load_address>0x11b76</load_address>
         <run_address>0x11b76</run_address>
         <size>0x2a</size>
         <input_file_ref idref="fl-38"/>
      </object_component>
      <object_component id="oc-28c">
         <name>.text</name>
         <load_address>0x11ba0</load_address>
         <run_address>0x11ba0</run_address>
         <size>0x29</size>
         <input_file_ref idref="fl-49"/>
      </object_component>
      <object_component id="oc-3fd">
         <name>.text:CPUTimer_selectClockSource</name>
         <load_address>0x11bc9</load_address>
         <run_address>0x11bc9</run_address>
         <size>0x24</size>
         <input_file_ref idref="fl-27"/>
      </object_component>
      <object_component id="oc-478">
         <name>.text</name>
         <load_address>0x11bed</load_address>
         <run_address>0x11bed</run_address>
         <size>0x24</size>
         <input_file_ref idref="fl-51"/>
      </object_component>
      <object_component id="oc-20f">
         <name>.text:SCI_isFIFOEnabled</name>
         <load_address>0x11c11</load_address>
         <run_address>0x11c11</run_address>
         <size>0x22</size>
         <input_file_ref idref="fl-26"/>
      </object_component>
      <object_component id="oc-429">
         <name>.text</name>
         <load_address>0x11c33</load_address>
         <run_address>0x11c33</run_address>
         <size>0x22</size>
         <input_file_ref idref="fl-54"/>
      </object_component>
      <object_component id="oc-1be">
         <name>.text</name>
         <load_address>0x11c55</load_address>
         <run_address>0x11c55</run_address>
         <size>0x21</size>
         <input_file_ref idref="fl-3c"/>
      </object_component>
      <object_component id="oc-466">
         <name>.text:CPUTimer_getTimerOverflowStatus</name>
         <load_address>0x11c76</load_address>
         <run_address>0x11c76</run_address>
         <size>0x20</size>
         <input_file_ref idref="fl-27"/>
      </object_component>
      <object_component id="oc-259">
         <name>.text:ADC_isBaseValid</name>
         <load_address>0x11c96</load_address>
         <run_address>0x11c96</run_address>
         <size>0x1f</size>
         <input_file_ref idref="fl-22"/>
      </object_component>
      <object_component id="oc-1f3">
         <name>.text:SCI_isBaseValid</name>
         <load_address>0x11cb5</load_address>
         <run_address>0x11cb5</run_address>
         <size>0x1f</size>
         <input_file_ref idref="fl-26"/>
      </object_component>
      <object_component id="oc-387">
         <name>.text</name>
         <load_address>0x11cd4</load_address>
         <run_address>0x11cd4</run_address>
         <size>0x1f</size>
         <input_file_ref idref="fl-52"/>
      </object_component>
      <object_component id="oc-119">
         <name>.text:Interrupt_initVectorTable</name>
         <load_address>0x11cf3</load_address>
         <run_address>0x11cf3</run_address>
         <size>0x1e</size>
         <input_file_ref idref="fl-25"/>
      </object_component>
      <object_component id="oc-1a2">
         <name>.text</name>
         <load_address>0x11d11</load_address>
         <run_address>0x11d11</run_address>
         <size>0x1d</size>
         <input_file_ref idref="fl-3f"/>
      </object_component>
      <object_component id="oc-bf">
         <name>.text</name>
         <load_address>0x11d2e</load_address>
         <run_address>0x11d2e</run_address>
         <size>0x1d</size>
         <input_file_ref idref="fl-57"/>
      </object_component>
      <object_component id="oc-1ad">
         <name>.text</name>
         <load_address>0x11d4b</load_address>
         <run_address>0x11d4b</run_address>
         <size>0x1c</size>
         <input_file_ref idref="fl-40"/>
      </object_component>
      <object_component id="oc-38c">
         <name>.text</name>
         <load_address>0x11d67</load_address>
         <run_address>0x11d67</run_address>
         <size>0x1c</size>
         <input_file_ref idref="fl-55"/>
      </object_component>
      <object_component id="oc-409">
         <name>.text:CPUTimer_startTimer</name>
         <load_address>0x11d83</load_address>
         <run_address>0x11d83</run_address>
         <size>0x1b</size>
         <input_file_ref idref="fl-27"/>
      </object_component>
      <object_component id="oc-21b">
         <name>.text:SCI_isSpaceAvailableNonFIFO</name>
         <load_address>0x11d9e</load_address>
         <run_address>0x11d9e</run_address>
         <size>0x1b</size>
         <input_file_ref idref="fl-26"/>
      </object_component>
      <object_component id="oc-149">
         <name>.text</name>
         <load_address>0x11db9</load_address>
         <run_address>0x11db9</run_address>
         <size>0x1b</size>
         <input_file_ref idref="fl-3"/>
      </object_component>
      <object_component id="oc-45a">
         <name>.text:CPUTimer_isBaseValid</name>
         <load_address>0x11dd4</load_address>
         <run_address>0x11dd4</run_address>
         <size>0x1a</size>
         <input_file_ref idref="fl-27"/>
      </object_component>
      <object_component id="oc-195">
         <name>.text:SysCtl_getLowSpeedClock</name>
         <load_address>0x11dee</load_address>
         <run_address>0x11dee</run_address>
         <size>0x1a</size>
         <input_file_ref idref="fl-27"/>
      </object_component>
      <object_component id="oc-1fa">
         <name>.text:SCI_disableModule</name>
         <load_address>0x11e08</load_address>
         <run_address>0x11e08</run_address>
         <size>0x19</size>
         <input_file_ref idref="fl-26"/>
      </object_component>
      <object_component id="oc-208">
         <name>.text:SCI_performSoftwareReset</name>
         <load_address>0x11e21</load_address>
         <run_address>0x11e21</run_address>
         <size>0x19</size>
         <input_file_ref idref="fl-26"/>
      </object_component>
      <object_component id="oc-40f">
         <name>.text:SysCtl_pollCpuTimer</name>
         <load_address>0x11e3a</load_address>
         <run_address>0x11e3a</run_address>
         <size>0x19</size>
         <input_file_ref idref="fl-27"/>
      </object_component>
      <object_component id="oc-382">
         <name>.text</name>
         <load_address>0x11e53</load_address>
         <run_address>0x11e53</run_address>
         <size>0x18</size>
         <input_file_ref idref="fl-53"/>
      </object_component>
      <object_component id="oc-174">
         <name>.text</name>
         <load_address>0x11e6b</load_address>
         <run_address>0x11e6b</run_address>
         <size>0x17</size>
         <input_file_ref idref="fl-36"/>
      </object_component>
      <object_component id="oc-215">
         <name>.text:SCI_getTxFIFOStatus</name>
         <load_address>0x11e82</load_address>
         <run_address>0x11e82</run_address>
         <size>0x15</size>
         <input_file_ref idref="fl-26"/>
      </object_component>
      <object_component id="oc-3f1">
         <name>.text:CPUTimer_stopTimer</name>
         <load_address>0x11e97</load_address>
         <run_address>0x11e97</run_address>
         <size>0x14</size>
         <input_file_ref idref="fl-27"/>
      </object_component>
      <object_component id="oc-200">
         <name>.text:SCI_enableModule</name>
         <load_address>0x11eab</load_address>
         <run_address>0x11eab</run_address>
         <size>0x14</size>
         <input_file_ref idref="fl-26"/>
      </object_component>
      <object_component id="oc-403">
         <name>.text:CPUTimer_clearOverflowFlag</name>
         <load_address>0x11ebf</load_address>
         <run_address>0x11ebf</run_address>
         <size>0x12</size>
         <input_file_ref idref="fl-27"/>
      </object_component>
      <object_component id="oc-3eb">
         <name>.text:CPUTimer_disableInterrupt</name>
         <load_address>0x11ed1</load_address>
         <run_address>0x11ed1</run_address>
         <size>0x12</size>
         <input_file_ref idref="fl-27"/>
      </object_component>
      <object_component id="oc-3f7">
         <name>.text:CPUTimer_setPeriod</name>
         <load_address>0x11ee3</load_address>
         <run_address>0x11ee3</run_address>
         <size>0x12</size>
         <input_file_ref idref="fl-27"/>
      </object_component>
      <object_component id="oc-1e0">
         <name>.text:Interrupt_defaultHandler</name>
         <load_address>0x11ef5</load_address>
         <run_address>0x11ef5</run_address>
         <size>0xe</size>
         <input_file_ref idref="fl-25"/>
      </object_component>
      <object_component id="oc-2ba">
         <name>.text</name>
         <load_address>0x11f03</load_address>
         <run_address>0x11f03</run_address>
         <size>0xe</size>
         <input_file_ref idref="fl-3b"/>
      </object_component>
      <object_component id="oc-1d8">
         <name>.text:Interrupt_disableMaster</name>
         <load_address>0x11f11</load_address>
         <run_address>0x11f11</run_address>
         <size>0xd</size>
         <input_file_ref idref="fl-25"/>
      </object_component>
      <object_component id="oc-226">
         <name>.text:Interrupt_enableMaster</name>
         <load_address>0x11f1e</load_address>
         <run_address>0x11f1e</run_address>
         <size>0xd</size>
         <input_file_ref idref="fl-25"/>
      </object_component>
      <object_component id="oc-286">
         <name>.text</name>
         <load_address>0x11f2b</load_address>
         <run_address>0x11f2b</run_address>
         <size>0xc</size>
         <input_file_ref idref="fl-4b"/>
      </object_component>
      <object_component id="oc-296">
         <name>.text:SysCtl_isMCDClockFailureDetected</name>
         <load_address>0x11f37</load_address>
         <run_address>0x11f37</run_address>
         <size>0xb</size>
         <input_file_ref idref="fl-27"/>
      </object_component>
      <object_component id="oc-2a2">
         <name>.text:SysCtl_serviceWatchdog</name>
         <load_address>0x11f42</load_address>
         <run_address>0x11f42</run_address>
         <size>0x9</size>
         <input_file_ref idref="fl-27"/>
      </object_component>
      <object_component id="oc-3df">
         <name>.text</name>
         <load_address>0x11f4b</load_address>
         <run_address>0x11f4b</run_address>
         <size>0x9</size>
         <input_file_ref idref="fl-4a"/>
      </object_component>
      <object_component id="oc-2cb">
         <name>.text</name>
         <load_address>0x11f54</load_address>
         <run_address>0x11f54</run_address>
         <size>0x9</size>
         <input_file_ref idref="fl-3a"/>
      </object_component>
      <object_component id="oc-d3">
         <name>.text</name>
         <load_address>0x11f5d</load_address>
         <run_address>0x11f5d</run_address>
         <size>0x8</size>
         <input_file_ref idref="fl-a"/>
      </object_component>
      <object_component id="oc-9b">
         <name>.text:decompress:none</name>
         <load_address>0x11f65</load_address>
         <run_address>0x11f65</run_address>
         <size>0x8</size>
         <input_file_ref idref="fl-45"/>
      </object_component>
      <object_component id="oc-415">
         <name>.text:SysCtl_resetMCD</name>
         <load_address>0x11f6d</load_address>
         <run_address>0x11f6d</run_address>
         <size>0x7</size>
         <input_file_ref idref="fl-27"/>
      </object_component>
      <object_component id="oc-16d">
         <name>.text</name>
         <load_address>0x11f74</load_address>
         <run_address>0x11f74</run_address>
         <size>0x7</size>
         <input_file_ref idref="fl-4c"/>
      </object_component>
      <object_component id="oc-cd">
         <name>.text:decompress:ZI</name>
         <load_address>0x11f7b</load_address>
         <run_address>0x11f7b</run_address>
         <size>0x6</size>
         <input_file_ref idref="fl-44"/>
      </object_component>
      <object_component id="oc-549">
         <name>.cinit..data.load</name>
         <load_address>0x12c</load_address>
         <run_address>0x12c</run_address>
         <size>0x27</size>
      </object_component>
      <object_component id="oc-54b">
         <name>.cinit.ramgs15.load</name>
         <load_address>0x153</load_address>
         <run_address>0x153</run_address>
         <size>0x6</size>
      </object_component>
      <object_component id="oc-546">
         <name>__TI_handler_table</name>
         <load_address>0x15a</load_address>
         <run_address>0x15a</run_address>
         <size>0x6</size>
      </object_component>
      <object_component id="oc-548">
         <name>.cinit..bss.load</name>
         <load_address>0x160</load_address>
         <run_address>0x160</run_address>
         <size>0x4</size>
      </object_component>
      <object_component id="oc-54a">
         <name>.cinit.ramgs14.load</name>
         <load_address>0x164</load_address>
         <run_address>0x164</run_address>
         <size>0x4</size>
      </object_component>
      <object_component id="oc-547">
         <name>__TI_cinit_table</name>
         <load_address>0x168</load_address>
         <run_address>0x168</run_address>
         <size>0x10</size>
      </object_component>
      <object_component id="oc-bc">
         <name>.stack</name>
         <uninitialized>true</uninitialized>
         <run_address>0x400</run_address>
         <size>0x0</size>
         <input_file_ref idref="fl-36"/>
      </object_component>
      <object_component id="oc-54c">
         <name>.stack</name>
         <uninitialized>true</uninitialized>
         <run_address>0x400</run_address>
         <size>0x0</size>
      </object_component>
      <object_component id="oc-246">
         <name>.bss</name>
         <uninitialized>true</uninitialized>
         <run_address>0xafc4</run_address>
         <size>0x8</size>
         <input_file_ref idref="fl-4"/>
      </object_component>
      <object_component id="oc-b9">
         <name>.const</name>
         <load_address>0xa800</load_address>
         <run_address>0xa800</run_address>
         <size>0x1c0</size>
         <input_file_ref idref="fl-12"/>
      </object_component>
      <object_component id="oc-e5">
         <name>.const:.string</name>
         <load_address>0xa9c0</load_address>
         <run_address>0xa9c0</run_address>
         <size>0x120</size>
         <input_file_ref idref="fl-7"/>
      </object_component>
      <object_component id="oc-295">
         <name>.const:.string</name>
         <load_address>0xaae0</load_address>
         <run_address>0xaae0</run_address>
         <size>0xc2</size>
         <input_file_ref idref="fl-27"/>
      </object_component>
      <object_component id="oc-1d1">
         <name>.const:.string</name>
         <load_address>0xaba2</load_address>
         <run_address>0xaba2</run_address>
         <size>0xbc</size>
         <input_file_ref idref="fl-23"/>
      </object_component>
      <object_component id="oc-1f9">
         <name>.const:.string</name>
         <load_address>0xac5e</load_address>
         <run_address>0xac5e</run_address>
         <size>0xbb</size>
         <input_file_ref idref="fl-26"/>
      </object_component>
      <object_component id="oc-42e">
         <name>.const:ipio2</name>
         <load_address>0xad1a</load_address>
         <run_address>0xad1a</run_address>
         <size>0x84</size>
         <input_file_ref idref="fl-48"/>
      </object_component>
      <object_component id="oc-43a">
         <name>.const:PIo2</name>
         <load_address>0xad9e</load_address>
         <run_address>0xad9e</run_address>
         <size>0x20</size>
         <input_file_ref idref="fl-48"/>
      </object_component>
      <object_component id="oc-391">
         <name>.const</name>
         <load_address>0xadc0</load_address>
         <run_address>0xadc0</run_address>
         <size>0x64</size>
         <input_file_ref idref="fl-47"/>
      </object_component>
      <object_component id="oc-25f">
         <name>.const:.string</name>
         <load_address>0xae24</load_address>
         <run_address>0xae24</run_address>
         <size>0x5d</size>
         <input_file_ref idref="fl-22"/>
      </object_component>
      <object_component id="oc-222">
         <name>.const:.string</name>
         <load_address>0xae82</load_address>
         <run_address>0xae82</run_address>
         <size>0x44</size>
         <input_file_ref idref="fl-5"/>
      </object_component>
      <object_component id="oc-37c">
         <name>.const</name>
         <load_address>0xaec6</load_address>
         <run_address>0xaec6</run_address>
         <size>0x38</size>
         <input_file_ref idref="fl-4e"/>
      </object_component>
      <object_component id="oc-39c">
         <name>.const</name>
         <load_address>0xaf00</load_address>
         <run_address>0xaf00</run_address>
         <size>0x3c</size>
         <input_file_ref idref="fl-4d"/>
      </object_component>
      <object_component id="oc-23f">
         <name>.const</name>
         <load_address>0xaf3c</load_address>
         <run_address>0xaf3c</run_address>
         <size>0x4</size>
         <input_file_ref idref="fl-4"/>
      </object_component>
      <object_component id="oc-431">
         <name>.const</name>
         <load_address>0xaf40</load_address>
         <run_address>0xaf40</run_address>
         <size>0x2c</size>
         <input_file_ref idref="fl-48"/>
      </object_component>
      <object_component id="oc-194">
         <name>.const:.string</name>
         <load_address>0xaf6c</load_address>
         <run_address>0xaf6c</run_address>
         <size>0x13</size>
         <input_file_ref idref="fl-b"/>
      </object_component>
      <object_component id="oc-475">
         <name>.const</name>
         <load_address>0xaf80</load_address>
         <run_address>0xaf80</run_address>
         <size>0x1c</size>
         <input_file_ref idref="fl-50"/>
      </object_component>
      <object_component id="oc-3a6">
         <name>.const</name>
         <load_address>0xaf9c</load_address>
         <run_address>0xaf9c</run_address>
         <size>0xc</size>
         <input_file_ref idref="fl-4f"/>
      </object_component>
      <object_component id="oc-2dd">
         <name>.const</name>
         <load_address>0xafa8</load_address>
         <run_address>0xafa8</run_address>
         <size>0x8</size>
         <input_file_ref idref="fl-34"/>
      </object_component>
      <object_component id="oc-1a7">
         <name>.const</name>
         <load_address>0xafb0</load_address>
         <run_address>0xafb0</run_address>
         <size>0x8</size>
         <input_file_ref idref="fl-9"/>
      </object_component>
      <object_component id="oc-426">
         <name>.const:init_jk</name>
         <load_address>0xafb8</load_address>
         <run_address>0xafb8</run_address>
         <size>0x4</size>
         <input_file_ref idref="fl-48"/>
      </object_component>
      <object_component id="oc-2e6">
         <name>.const</name>
         <load_address>0xafbc</load_address>
         <run_address>0xafbc</run_address>
         <size>0x4</size>
         <input_file_ref idref="fl-33"/>
      </object_component>
      <object_component id="oc-2b3">
         <name>.const</name>
         <load_address>0xafc0</load_address>
         <run_address>0xafc0</run_address>
         <size>0x4</size>
         <input_file_ref idref="fl-35"/>
      </object_component>
      <object_component id="oc-249">
         <name>.data</name>
         <load_address>0xe614</load_address>
         <run_address>0xe614</run_address>
         <size>0x4</size>
         <input_file_ref idref="fl-4"/>
      </object_component>
      <object_component id="oc-240">
         <name>.data:DAC_PTR</name>
         <load_address>0xe600</load_address>
         <run_address>0xe600</run_address>
         <size>0x8</size>
         <input_file_ref idref="fl-4"/>
      </object_component>
      <object_component id="oc-223">
         <name>.data</name>
         <load_address>0xe624</load_address>
         <run_address>0xe624</run_address>
         <size>0x1</size>
         <input_file_ref idref="fl-5"/>
      </object_component>
      <object_component id="oc-e2">
         <name>.data</name>
         <load_address>0xe5dc</load_address>
         <run_address>0xe5dc</run_address>
         <size>0x24</size>
         <input_file_ref idref="fl-7"/>
      </object_component>
      <object_component id="oc-13d">
         <name>.data:mux_inputs_1</name>
         <load_address>0xe618</load_address>
         <run_address>0xe618</run_address>
         <size>0x4</size>
         <input_file_ref idref="fl-7"/>
      </object_component>
      <object_component id="oc-140">
         <name>.data:mux_outputs_1</name>
         <load_address>0xe61c</load_address>
         <run_address>0xe61c</run_address>
         <size>0x4</size>
         <input_file_ref idref="fl-7"/>
      </object_component>
      <object_component id="oc-d9">
         <name>.data:adcAResults</name>
         <load_address>0xe000</load_address>
         <run_address>0xe000</run_address>
         <size>0x1f4</size>
         <input_file_ref idref="fl-7"/>
      </object_component>
      <object_component id="oc-dc">
         <name>.data:adcBResults</name>
         <load_address>0xe1f4</load_address>
         <run_address>0xe1f4</run_address>
         <size>0x1f4</size>
         <input_file_ref idref="fl-7"/>
      </object_component>
      <object_component id="oc-df">
         <name>.data:adcCResults</name>
         <load_address>0xe3e8</load_address>
         <run_address>0xe3e8</run_address>
         <size>0x1f4</size>
         <input_file_ref idref="fl-7"/>
      </object_component>
      <object_component id="oc-19b">
         <name>.data</name>
         <load_address>0xe608</load_address>
         <run_address>0xe608</run_address>
         <size>0x6</size>
         <input_file_ref idref="fl-b"/>
      </object_component>
      <object_component id="oc-368">
         <name>.data</name>
         <load_address>0xe60e</load_address>
         <run_address>0xe60e</run_address>
         <size>0x6</size>
         <input_file_ref idref="fl-49"/>
      </object_component>
      <object_component id="oc-36b">
         <name>.data:_lock</name>
         <load_address>0xe620</load_address>
         <run_address>0xe620</run_address>
         <size>0x2</size>
         <input_file_ref idref="fl-4a"/>
      </object_component>
      <object_component id="oc-453">
         <name>.data:_unlock</name>
         <load_address>0xe622</load_address>
         <run_address>0xe622</run_address>
         <size>0x2</size>
         <input_file_ref idref="fl-4a"/>
      </object_component>
      <object_component id="oc-47e">
         <name>.data</name>
         <load_address>0xe625</load_address>
         <run_address>0xe625</run_address>
         <size>0x1</size>
         <input_file_ref idref="fl-59"/>
      </object_component>
      <object_component id="oc-23c">
         <name>ramgs14</name>
         <uninitialized>true</uninitialized>
         <run_address>0x1a000</run_address>
         <size>0x3e8</size>
         <input_file_ref idref="fl-4"/>
      </object_component>
      <object_component id="oc-ec">
         <name>ramgs15</name>
         <load_address>0x1b000</load_address>
         <run_address>0x1b000</run_address>
         <size>0x3e8</size>
         <input_file_ref idref="fl-7"/>
      </object_component>
      <object_component id="oc-231">
         <name>.TI.ramfunc</name>
         <load_address>0x123</load_address>
         <run_address>0x123</run_address>
         <size>0x4</size>
         <input_file_ref idref="fl-14"/>
      </object_component>
      <object_component id="oc-15a">
         <name>.TI.ramfunc</name>
         <load_address>0x127</load_address>
         <run_address>0x127</run_address>
         <size>0x4</size>
         <input_file_ref idref="fl-27"/>
      </object_component>
      <object_component id="oc-243">
         <name>CpuSysRegsFile</name>
         <uninitialized>true</uninitialized>
         <run_address>0x5d300</run_address>
         <size>0x82</size>
         <input_file_ref idref="fl-f"/>
      </object_component>
      <object_component id="oc-310">
         <name>DacaRegsFile</name>
         <uninitialized>true</uninitialized>
         <run_address>0x5c00</run_address>
         <size>0x7</size>
         <input_file_ref idref="fl-f"/>
      </object_component>
      <object_component id="oc-313">
         <name>DacbRegsFile</name>
         <uninitialized>true</uninitialized>
         <run_address>0x5c10</run_address>
         <size>0x7</size>
         <input_file_ref idref="fl-f"/>
      </object_component>
      <object_component id="oc-316">
         <name>DaccRegsFile</name>
         <uninitialized>true</uninitialized>
         <run_address>0x5c20</run_address>
         <size>0x7</size>
         <input_file_ref idref="fl-f"/>
      </object_component>
      <object_component id="oc-24c">
         <name>DmaClaSrcSelRegsFile</name>
         <uninitialized>true</uninitialized>
         <run_address>0x7980</run_address>
         <size>0x1a</size>
         <input_file_ref idref="fl-f"/>
      </object_component>
      <object_component id="oc-306">
         <name>DmaRegsFile</name>
         <uninitialized>true</uninitialized>
         <run_address>0x1000</run_address>
         <size>0xe0</size>
         <input_file_ref idref="fl-f"/>
      </object_component>
      <object_component id="oc-309">
         <name>PieCtrlRegsFile</name>
         <uninitialized>true</uninitialized>
         <run_address>0xce0</run_address>
         <size>0x1a</size>
         <input_file_ref idref="fl-f"/>
      </object_component>
      <object_component id="oc-258">
         <name>.debug_types</name>
         <load_address>0x0</load_address>
         <run_address>0x0</run_address>
         <size>0x587</size>
         <input_file_ref idref="fl-2"/>
      </object_component>
      <object_component id="oc-250">
         <name>.debug_types</name>
         <load_address>0x587</load_address>
         <run_address>0x587</run_address>
         <size>0x3ab9</size>
         <input_file_ref idref="fl-4"/>
      </object_component>
      <object_component id="oc-225">
         <name>.debug_types</name>
         <load_address>0x4040</load_address>
         <run_address>0x4040</run_address>
         <size>0x85</size>
         <input_file_ref idref="fl-5"/>
      </object_component>
      <object_component id="oc-15c">
         <name>.debug_types</name>
         <load_address>0x40c5</load_address>
         <run_address>0x40c5</run_address>
         <size>0x25e2</size>
         <input_file_ref idref="fl-7"/>
      </object_component>
      <object_component id="oc-1ca">
         <name>.debug_types</name>
         <load_address>0x0</load_address>
         <run_address>0x0</run_address>
         <size>0x0</size>
         <input_file_ref idref="fl-9"/>
      </object_component>
      <object_component id="oc-19f">
         <name>.debug_types</name>
         <load_address>0x66a7</load_address>
         <run_address>0x66a7</run_address>
         <size>0x5c2</size>
         <input_file_ref idref="fl-b"/>
      </object_component>
      <object_component id="oc-15f">
         <name>.debug_types</name>
         <load_address>0x0</load_address>
         <run_address>0x0</run_address>
         <size>0x0</size>
         <input_file_ref idref="fl-d"/>
      </object_component>
      <object_component id="oc-30d">
         <name>.debug_types</name>
         <load_address>0x6c69</load_address>
         <run_address>0x6c69</run_address>
         <size>0x420a</size>
         <input_file_ref idref="fl-e"/>
      </object_component>
      <object_component id="oc-31d">
         <name>.debug_types</name>
         <load_address>0xae73</load_address>
         <run_address>0xae73</run_address>
         <size>0x580b3</size>
         <input_file_ref idref="fl-f"/>
      </object_component>
      <object_component id="oc-162">
         <name>.debug_types</name>
         <load_address>0x62f26</load_address>
         <run_address>0x62f26</run_address>
         <size>0x5a</size>
         <input_file_ref idref="fl-12"/>
      </object_component>
      <object_component id="oc-26d">
         <name>.debug_types</name>
         <load_address>0x62f80</load_address>
         <run_address>0x62f80</run_address>
         <size>0xc0</size>
         <input_file_ref idref="fl-22"/>
      </object_component>
      <object_component id="oc-1d3">
         <name>.debug_types</name>
         <load_address>0x63040</load_address>
         <run_address>0x63040</run_address>
         <size>0x334</size>
         <input_file_ref idref="fl-23"/>
      </object_component>
      <object_component id="oc-1df">
         <name>.debug_types</name>
         <load_address>0x0</load_address>
         <run_address>0x0</run_address>
         <size>0x0</size>
         <input_file_ref idref="fl-25"/>
      </object_component>
      <object_component id="oc-207">
         <name>.debug_types</name>
         <load_address>0x63374</load_address>
         <run_address>0x63374</run_address>
         <size>0x1d0</size>
         <input_file_ref idref="fl-26"/>
      </object_component>
      <object_component id="oc-294">
         <name>.debug_types</name>
         <load_address>0x63544</load_address>
         <run_address>0x63544</run_address>
         <size>0x254</size>
         <input_file_ref idref="fl-27"/>
      </object_component>
      <object_component id="oc-2e8">
         <name>.debug_types</name>
         <load_address>0x63798</load_address>
         <run_address>0x63798</run_address>
         <size>0xbf</size>
         <input_file_ref idref="fl-33"/>
      </object_component>
      <object_component id="oc-2e4">
         <name>.debug_types</name>
         <load_address>0x0</load_address>
         <run_address>0x0</run_address>
         <size>0x0</size>
         <input_file_ref idref="fl-34"/>
      </object_component>
      <object_component id="oc-2d1">
         <name>.debug_types</name>
         <load_address>0x0</load_address>
         <run_address>0x0</run_address>
         <size>0x0</size>
         <input_file_ref idref="fl-35"/>
      </object_component>
      <object_component id="oc-335">
         <name>.debug_types</name>
         <load_address>0x0</load_address>
         <run_address>0x0</run_address>
         <size>0x0</size>
         <input_file_ref idref="fl-42"/>
      </object_component>
      <object_component id="oc-3cc">
         <name>.debug_types</name>
         <load_address>0x63857</load_address>
         <run_address>0x63857</run_address>
         <size>0x441</size>
         <input_file_ref idref="fl-43"/>
      </object_component>
      <object_component id="oc-16c">
         <name>.debug_types</name>
         <load_address>0x63c98</load_address>
         <run_address>0x63c98</run_address>
         <size>0x1c8</size>
         <input_file_ref idref="fl-44"/>
      </object_component>
      <object_component id="oc-c6">
         <name>.debug_types</name>
         <load_address>0x0</load_address>
         <run_address>0x0</run_address>
         <size>0x0</size>
         <input_file_ref idref="fl-45"/>
      </object_component>
      <object_component id="oc-be">
         <name>.debug_types</name>
         <load_address>0x63e60</load_address>
         <run_address>0x63e60</run_address>
         <size>0x191</size>
         <input_file_ref idref="fl-46"/>
      </object_component>
      <object_component id="oc-39b">
         <name>.debug_types</name>
         <load_address>0x63ff1</load_address>
         <run_address>0x63ff1</run_address>
         <size>0xcb</size>
         <input_file_ref idref="fl-47"/>
      </object_component>
      <object_component id="oc-43e">
         <name>.debug_types</name>
         <load_address>0x640bc</load_address>
         <run_address>0x640bc</run_address>
         <size>0x187</size>
         <input_file_ref idref="fl-48"/>
      </object_component>
      <object_component id="oc-36f">
         <name>.debug_types</name>
         <load_address>0x64243</load_address>
         <run_address>0x64243</run_address>
         <size>0x90</size>
         <input_file_ref idref="fl-49"/>
      </object_component>
      <object_component id="oc-3e7">
         <name>.debug_types</name>
         <load_address>0x642d3</load_address>
         <run_address>0x642d3</run_address>
         <size>0x2f</size>
         <input_file_ref idref="fl-4a"/>
      </object_component>
      <object_component id="oc-367">
         <name>.debug_types</name>
         <load_address>0x64302</load_address>
         <run_address>0x64302</run_address>
         <size>0xe1</size>
         <input_file_ref idref="fl-4b"/>
      </object_component>
      <object_component id="oc-27e">
         <name>.debug_types</name>
         <load_address>0x643e3</load_address>
         <run_address>0x643e3</run_address>
         <size>0x2f</size>
         <input_file_ref idref="fl-4c"/>
      </object_component>
      <object_component id="oc-3a0">
         <name>.debug_types</name>
         <load_address>0x0</load_address>
         <run_address>0x0</run_address>
         <size>0x0</size>
         <input_file_ref idref="fl-4d"/>
      </object_component>
      <object_component id="oc-380">
         <name>.debug_types</name>
         <load_address>0x0</load_address>
         <run_address>0x0</run_address>
         <size>0x0</size>
         <input_file_ref idref="fl-4e"/>
      </object_component>
      <object_component id="oc-3aa">
         <name>.debug_types</name>
         <load_address>0x0</load_address>
         <run_address>0x0</run_address>
         <size>0x0</size>
         <input_file_ref idref="fl-4f"/>
      </object_component>
      <object_component id="oc-482">
         <name>.debug_types</name>
         <load_address>0x0</load_address>
         <run_address>0x0</run_address>
         <size>0x0</size>
         <input_file_ref idref="fl-50"/>
      </object_component>
      <object_component id="oc-495">
         <name>.debug_types</name>
         <load_address>0x0</load_address>
         <run_address>0x0</run_address>
         <size>0x0</size>
         <input_file_ref idref="fl-51"/>
      </object_component>
      <object_component id="oc-167">
         <name>.debug_types</name>
         <load_address>0x64412</load_address>
         <run_address>0x64412</run_address>
         <size>0x89</size>
         <input_file_ref idref="fl-57"/>
      </object_component>
      <object_component id="oc-44d">
         <name>.debug_types</name>
         <load_address>0x0</load_address>
         <run_address>0x0</run_address>
         <size>0x0</size>
         <input_file_ref idref="fl-58"/>
      </object_component>
      <object_component id="oc-498">
         <name>.debug_types</name>
         <load_address>0x0</load_address>
         <run_address>0x0</run_address>
         <size>0x0</size>
         <input_file_ref idref="fl-59"/>
      </object_component>
      <object_component id="oc-14f">
         <name>.debug_info</name>
         <load_address>0x0</load_address>
         <run_address>0x0</run_address>
         <size>0x3ec</size>
         <input_file_ref idref="fl-2"/>
      </object_component>
      <object_component id="oc-14a">
         <name>.debug_info</name>
         <load_address>0x3ec</load_address>
         <run_address>0x3ec</run_address>
         <size>0xe3</size>
         <input_file_ref idref="fl-3"/>
      </object_component>
      <object_component id="oc-24a">
         <name>.debug_info</name>
         <load_address>0x4cf</load_address>
         <run_address>0x4cf</run_address>
         <size>0x117</size>
         <input_file_ref idref="fl-4"/>
      </object_component>
      <object_component id="oc-247">
         <name>.debug_info</name>
         <load_address>0x5e6</load_address>
         <run_address>0x5e6</run_address>
         <size>0x165</size>
         <input_file_ref idref="fl-4"/>
      </object_component>
      <object_component id="oc-241">
         <name>.debug_info</name>
         <load_address>0x74b</load_address>
         <run_address>0x74b</run_address>
         <size>0xe7</size>
         <input_file_ref idref="fl-4"/>
      </object_component>
      <object_component id="oc-23d">
         <name>.debug_info</name>
         <load_address>0x832</load_address>
         <run_address>0x832</run_address>
         <size>0x115</size>
         <input_file_ref idref="fl-4"/>
      </object_component>
      <object_component id="oc-146">
         <name>.debug_info</name>
         <load_address>0x947</load_address>
         <run_address>0x947</run_address>
         <size>0x47b</size>
         <input_file_ref idref="fl-4"/>
      </object_component>
      <object_component id="oc-132">
         <name>.debug_info</name>
         <load_address>0xdc2</load_address>
         <run_address>0xdc2</run_address>
         <size>0x659</size>
         <input_file_ref idref="fl-5"/>
      </object_component>
      <object_component id="oc-e3">
         <name>.debug_info</name>
         <load_address>0x141b</load_address>
         <run_address>0x141b</run_address>
         <size>0x34f</size>
         <input_file_ref idref="fl-7"/>
      </object_component>
      <object_component id="oc-13e">
         <name>.debug_info</name>
         <load_address>0x176a</load_address>
         <run_address>0x176a</run_address>
         <size>0xea</size>
         <input_file_ref idref="fl-7"/>
      </object_component>
      <object_component id="oc-141">
         <name>.debug_info</name>
         <load_address>0x1854</load_address>
         <run_address>0x1854</run_address>
         <size>0xec</size>
         <input_file_ref idref="fl-7"/>
      </object_component>
      <object_component id="oc-da">
         <name>.debug_info</name>
         <load_address>0x1940</load_address>
         <run_address>0x1940</run_address>
         <size>0xe8</size>
         <input_file_ref idref="fl-7"/>
      </object_component>
      <object_component id="oc-dd">
         <name>.debug_info</name>
         <load_address>0x1a28</load_address>
         <run_address>0x1a28</run_address>
         <size>0xe8</size>
         <input_file_ref idref="fl-7"/>
      </object_component>
      <object_component id="oc-e0">
         <name>.debug_info</name>
         <load_address>0x1b10</load_address>
         <run_address>0x1b10</run_address>
         <size>0xe8</size>
         <input_file_ref idref="fl-7"/>
      </object_component>
      <object_component id="oc-ed">
         <name>.debug_info</name>
         <load_address>0x1bf8</load_address>
         <run_address>0x1bf8</run_address>
         <size>0x10e</size>
         <input_file_ref idref="fl-7"/>
      </object_component>
      <object_component id="oc-a9">
         <name>.debug_info</name>
         <load_address>0x1d06</load_address>
         <run_address>0x1d06</run_address>
         <size>0x380f</size>
         <input_file_ref idref="fl-7"/>
      </object_component>
      <object_component id="oc-b1">
         <name>.debug_info</name>
         <load_address>0x5515</load_address>
         <run_address>0x5515</run_address>
         <size>0x1f3</size>
         <input_file_ref idref="fl-7"/>
      </object_component>
      <object_component id="oc-f2">
         <name>.debug_info</name>
         <load_address>0x5708</load_address>
         <run_address>0x5708</run_address>
         <size>0x2aa</size>
         <input_file_ref idref="fl-9"/>
      </object_component>
      <object_component id="oc-a5">
         <name>.debug_info</name>
         <load_address>0x59b2</load_address>
         <run_address>0x59b2</run_address>
         <size>0x10b</size>
         <input_file_ref idref="fl-a"/>
      </object_component>
      <object_component id="oc-d6">
         <name>.debug_info</name>
         <load_address>0x5abd</load_address>
         <run_address>0x5abd</run_address>
         <size>0x10c</size>
         <input_file_ref idref="fl-a"/>
      </object_component>
      <object_component id="oc-19c">
         <name>.debug_info</name>
         <load_address>0x5bc9</load_address>
         <run_address>0x5bc9</run_address>
         <size>0x156</size>
         <input_file_ref idref="fl-b"/>
      </object_component>
      <object_component id="oc-ea">
         <name>.debug_info</name>
         <load_address>0x5d1f</load_address>
         <run_address>0x5d1f</run_address>
         <size>0x1ca8</size>
         <input_file_ref idref="fl-b"/>
      </object_component>
      <object_component id="oc-b7">
         <name>.debug_info</name>
         <load_address>0x79c7</load_address>
         <run_address>0x79c7</run_address>
         <size>0x2c6c</size>
         <input_file_ref idref="fl-d"/>
      </object_component>
      <object_component id="oc-238">
         <name>.debug_info</name>
         <load_address>0xa633</load_address>
         <run_address>0xa633</run_address>
         <size>0x2441</size>
         <input_file_ref idref="fl-e"/>
      </object_component>
      <object_component id="oc-311">
         <name>.debug_info</name>
         <load_address>0xca74</load_address>
         <run_address>0xca74</run_address>
         <size>0x104</size>
         <input_file_ref idref="fl-f"/>
      </object_component>
      <object_component id="oc-314">
         <name>.debug_info</name>
         <load_address>0xcb78</load_address>
         <run_address>0xcb78</run_address>
         <size>0x104</size>
         <input_file_ref idref="fl-f"/>
      </object_component>
      <object_component id="oc-317">
         <name>.debug_info</name>
         <load_address>0xcc7c</load_address>
         <run_address>0xcc7c</run_address>
         <size>0x104</size>
         <input_file_ref idref="fl-f"/>
      </object_component>
      <object_component id="oc-24d">
         <name>.debug_info</name>
         <load_address>0xcd80</load_address>
         <run_address>0xcd80</run_address>
         <size>0x114</size>
         <input_file_ref idref="fl-f"/>
      </object_component>
      <object_component id="oc-30a">
         <name>.debug_info</name>
         <load_address>0xce94</load_address>
         <run_address>0xce94</run_address>
         <size>0x10a</size>
         <input_file_ref idref="fl-f"/>
      </object_component>
      <object_component id="oc-244">
         <name>.debug_info</name>
         <load_address>0xcf9e</load_address>
         <run_address>0xcf9e</run_address>
         <size>0x108</size>
         <input_file_ref idref="fl-f"/>
      </object_component>
      <object_component id="oc-307">
         <name>.debug_info</name>
         <load_address>0xd0a6</load_address>
         <run_address>0xd0a6</run_address>
         <size>0x102</size>
         <input_file_ref idref="fl-f"/>
      </object_component>
      <object_component id="oc-ba">
         <name>.debug_info</name>
         <load_address>0xd1a8</load_address>
         <run_address>0xd1a8</run_address>
         <size>0x109</size>
         <input_file_ref idref="fl-12"/>
      </object_component>
      <object_component id="oc-232">
         <name>.debug_info</name>
         <load_address>0xd2b1</load_address>
         <run_address>0xd2b1</run_address>
         <size>0x116</size>
         <input_file_ref idref="fl-14"/>
      </object_component>
      <object_component id="oc-25c">
         <name>.debug_info</name>
         <load_address>0xd3c7</load_address>
         <run_address>0xd3c7</run_address>
         <size>0x207</size>
         <input_file_ref idref="fl-22"/>
      </object_component>
      <object_component id="oc-157">
         <name>.debug_info</name>
         <load_address>0xd5ce</load_address>
         <run_address>0xd5ce</run_address>
         <size>0x2bc</size>
         <input_file_ref idref="fl-22"/>
      </object_component>
      <object_component id="oc-263">
         <name>.debug_info</name>
         <load_address>0xd88a</load_address>
         <run_address>0xd88a</run_address>
         <size>0x24a</size>
         <input_file_ref idref="fl-22"/>
      </object_component>
      <object_component id="oc-268">
         <name>.debug_info</name>
         <load_address>0xdad4</load_address>
         <run_address>0xdad4</run_address>
         <size>0x288</size>
         <input_file_ref idref="fl-22"/>
      </object_component>
      <object_component id="oc-1cf">
         <name>.debug_info</name>
         <load_address>0xdd5c</load_address>
         <run_address>0xdd5c</run_address>
         <size>0x205</size>
         <input_file_ref idref="fl-23"/>
      </object_component>
      <object_component id="oc-105">
         <name>.debug_info</name>
         <load_address>0xdf61</load_address>
         <run_address>0xdf61</run_address>
         <size>0x27d</size>
         <input_file_ref idref="fl-23"/>
      </object_component>
      <object_component id="oc-10b">
         <name>.debug_info</name>
         <load_address>0xe1de</load_address>
         <run_address>0xe1de</run_address>
         <size>0x266</size>
         <input_file_ref idref="fl-23"/>
      </object_component>
      <object_component id="oc-10e">
         <name>.debug_info</name>
         <load_address>0xe444</load_address>
         <run_address>0xe444</run_address>
         <size>0x2ae</size>
         <input_file_ref idref="fl-23"/>
      </object_component>
      <object_component id="oc-f7">
         <name>.debug_info</name>
         <load_address>0xe6f2</load_address>
         <run_address>0xe6f2</run_address>
         <size>0x28e</size>
         <input_file_ref idref="fl-23"/>
      </object_component>
      <object_component id="oc-fd">
         <name>.debug_info</name>
         <load_address>0xe980</load_address>
         <run_address>0xe980</run_address>
         <size>0x24f</size>
         <input_file_ref idref="fl-23"/>
      </object_component>
      <object_component id="oc-228">
         <name>.debug_info</name>
         <load_address>0xebcf</load_address>
         <run_address>0xebcf</run_address>
         <size>0x1fe</size>
         <input_file_ref idref="fl-25"/>
      </object_component>
      <object_component id="oc-1da">
         <name>.debug_info</name>
         <load_address>0xedcd</load_address>
         <run_address>0xedcd</run_address>
         <size>0x202</size>
         <input_file_ref idref="fl-25"/>
      </object_component>
      <object_component id="oc-1e2">
         <name>.debug_info</name>
         <load_address>0xefcf</load_address>
         <run_address>0xefcf</run_address>
         <size>0x21c</size>
         <input_file_ref idref="fl-25"/>
      </object_component>
      <object_component id="oc-1ee">
         <name>.debug_info</name>
         <load_address>0xf1eb</load_address>
         <run_address>0xf1eb</run_address>
         <size>0x202</size>
         <input_file_ref idref="fl-25"/>
      </object_component>
      <object_component id="oc-1e8">
         <name>.debug_info</name>
         <load_address>0xf3ed</load_address>
         <run_address>0xf3ed</run_address>
         <size>0x1e8</size>
         <input_file_ref idref="fl-25"/>
      </object_component>
      <object_component id="oc-115">
         <name>.debug_info</name>
         <load_address>0xf5d5</load_address>
         <run_address>0xf5d5</run_address>
         <size>0x20f</size>
         <input_file_ref idref="fl-25"/>
      </object_component>
      <object_component id="oc-11a">
         <name>.debug_info</name>
         <load_address>0xf7e4</load_address>
         <run_address>0xf7e4</run_address>
         <size>0x20a</size>
         <input_file_ref idref="fl-25"/>
      </object_component>
      <object_component id="oc-139">
         <name>.debug_info</name>
         <load_address>0xf9ee</load_address>
         <run_address>0xf9ee</run_address>
         <size>0x2b2</size>
         <input_file_ref idref="fl-25"/>
      </object_component>
      <object_component id="oc-1f5">
         <name>.debug_info</name>
         <load_address>0xfca0</load_address>
         <run_address>0xfca0</run_address>
         <size>0x205</size>
         <input_file_ref idref="fl-26"/>
      </object_component>
      <object_component id="oc-203">
         <name>.debug_info</name>
         <load_address>0xfea5</load_address>
         <run_address>0xfea5</run_address>
         <size>0x225</size>
         <input_file_ref idref="fl-26"/>
      </object_component>
      <object_component id="oc-1fc">
         <name>.debug_info</name>
         <load_address>0x100ca</load_address>
         <run_address>0x100ca</run_address>
         <size>0x227</size>
         <input_file_ref idref="fl-26"/>
      </object_component>
      <object_component id="oc-211">
         <name>.debug_info</name>
         <load_address>0x102f1</load_address>
         <run_address>0x102f1</run_address>
         <size>0x22f</size>
         <input_file_ref idref="fl-26"/>
      </object_component>
      <object_component id="oc-21c">
         <name>.debug_info</name>
         <load_address>0x10520</load_address>
         <run_address>0x10520</run_address>
         <size>0x243</size>
         <input_file_ref idref="fl-26"/>
      </object_component>
      <object_component id="oc-217">
         <name>.debug_info</name>
         <load_address>0x10763</load_address>
         <run_address>0x10763</run_address>
         <size>0x233</size>
         <input_file_ref idref="fl-26"/>
      </object_component>
      <object_component id="oc-20b">
         <name>.debug_info</name>
         <load_address>0x10996</load_address>
         <run_address>0x10996</run_address>
         <size>0x235</size>
         <input_file_ref idref="fl-26"/>
      </object_component>
      <object_component id="oc-121">
         <name>.debug_info</name>
         <load_address>0x10bcb</load_address>
         <run_address>0x10bcb</run_address>
         <size>0x2b5</size>
         <input_file_ref idref="fl-26"/>
      </object_component>
      <object_component id="oc-12c">
         <name>.debug_info</name>
         <load_address>0x10e80</load_address>
         <run_address>0x10e80</run_address>
         <size>0x2ce</size>
         <input_file_ref idref="fl-26"/>
      </object_component>
      <object_component id="oc-128">
         <name>.debug_info</name>
         <load_address>0x1114e</load_address>
         <run_address>0x1114e</run_address>
         <size>0x268</size>
         <input_file_ref idref="fl-26"/>
      </object_component>
      <object_component id="oc-2a4">
         <name>.debug_info</name>
         <load_address>0x113b6</load_address>
         <run_address>0x113b6</run_address>
         <size>0x1f2</size>
         <input_file_ref idref="fl-27"/>
      </object_component>
      <object_component id="oc-298">
         <name>.debug_info</name>
         <load_address>0x115a8</load_address>
         <run_address>0x115a8</run_address>
         <size>0x20e</size>
         <input_file_ref idref="fl-27"/>
      </object_component>
      <object_component id="oc-417">
         <name>.debug_info</name>
         <load_address>0x117b6</load_address>
         <run_address>0x117b6</run_address>
         <size>0x1e4</size>
         <input_file_ref idref="fl-27"/>
      </object_component>
      <object_component id="oc-45c">
         <name>.debug_info</name>
         <load_address>0x1199a</load_address>
         <run_address>0x1199a</run_address>
         <size>0x217</size>
         <input_file_ref idref="fl-27"/>
      </object_component>
      <object_component id="oc-404">
         <name>.debug_info</name>
         <load_address>0x11bb1</load_address>
         <run_address>0x11bb1</run_address>
         <size>0x244</size>
         <input_file_ref idref="fl-27"/>
      </object_component>
      <object_component id="oc-3ee">
         <name>.debug_info</name>
         <load_address>0x11df5</load_address>
         <run_address>0x11df5</run_address>
         <size>0x242</size>
         <input_file_ref idref="fl-27"/>
      </object_component>
      <object_component id="oc-3f4">
         <name>.debug_info</name>
         <load_address>0x12037</load_address>
         <run_address>0x12037</run_address>
         <size>0x24a</size>
         <input_file_ref idref="fl-27"/>
      </object_component>
      <object_component id="oc-40a">
         <name>.debug_info</name>
[...]
      </symbol>
      <symbol id="sm-3a2">
         <name>DMACH1AddrConfig32bit</name>
         <value>0x107d5</value>
         <object_component_ref idref="oc-236"/>
      </symbol>
      <symbol id="sm-3a3">
         <name>DMACH1WrapConfig</name>
         <value>0x1046c</value>
         <object_component_ref idref="oc-236"/>
      </symbol>
      <symbol id="sm-3a4">
         <name>DMACH2WrapConfig</name>
         <value>0x10505</value>
         <object_component_ref idref="oc-236"/>
      </symbol>
      <symbol id="sm-3a5">
         <name>DMACH3WrapConfig</name>
         <value>0x1059f</value>
         <object_component_ref idref="oc-236"/>
      </symbol>
      <symbol id="sm-3a6">
         <name>DMACH4WrapConfig</name>
         <value>0x10638</value>
         <object_component_ref idref="oc-236"/>
      </symbol>
      <symbol id="sm-3a7">
         <name>DMACH5WrapConfig</name>
         <value>0x106d2</value>
         <object_component_ref idref="oc-236"/>
      </symbol>
      <symbol id="sm-3a8">
         <name>DMACH5BurstConfig</name>
         <value>0x106b2</value>
         <object_component_ref idref="oc-236"/>
      </symbol>
      <symbol id="sm-3a9">
         <name>DMACH6WrapConfig</name>
         <value>0x1076b</value>
         <object_component_ref idref="oc-236"/>
      </symbol>
      <symbol id="sm-3aa">
         <name>DMACH6AddrConfig32bit</name>
         <value>0x10825</value>
         <object_component_ref idref="oc-236"/>
      </symbol>
      <symbol id="sm-3ab">
         <name>DMACH2BurstConfig</name>
         <value>0x104e5</value>
         <object_component_ref idref="oc-236"/>
      </symbol>
      <symbol id="sm-3ac">
         <name>DMAInitialize</name>
         <value>0x10431</value>
         <object_component_ref idref="oc-236"/>
      </symbol>
      <symbol id="sm-3ad">
         <name>DMACH1AddrConfig</name>
         <value>0x1043c</value>
         <object_component_ref idref="oc-236"/>
      </symbol>
      <symbol id="sm-3ae">
         <name>DMACH2AddrConfig</name>
         <value>0x104d5</value>
         <object_component_ref idref="oc-236"/>
      </symbol>
      <symbol id="sm-3af">
         <name>DMACH3AddrConfig</name>
         <value>0x1056f</value>
         <object_component_ref idref="oc-236"/>
      </symbol>
      <symbol id="sm-3b0">
         <name>DMACH4AddrConfig</name>
         <value>0x10608</value>
         <object_component_ref idref="oc-236"/>
      </symbol>
      <symbol id="sm-3b1">
         <name>DMACH5AddrConfig</name>
         <value>0x106a2</value>
         <object_component_ref idref="oc-236"/>
      </symbol>
      <symbol id="sm-3b2">
         <name>DMACH6AddrConfig</name>
         <value>0x1073b</value>
         <object_component_ref idref="oc-236"/>
      </symbol>
      <symbol id="sm-3b3">
         <name>DMACH4AddrConfig32bit</name>
         <value>0x10805</value>
         <object_component_ref idref="oc-236"/>
      </symbol>
      <symbol id="sm-3b4">
         <name>DMACH5AddrConfig32bit</name>
         <value>0x10815</value>
         <object_component_ref idref="oc-236"/>
      </symbol>
      <symbol id="sm-3b5">
         <name>DMACH4BurstConfig</name>
         <value>0x10618</value>
         <object_component_ref idref="oc-236"/>
      </symbol>
      <symbol id="sm-3b6">
         <name>DMACH1BurstConfig</name>
         <value>0x1044c</value>
         <object_component_ref idref="oc-236"/>
      </symbol>
      <symbol id="sm-3b7">
         <name>StartDMACH1</name>
         <value>0x104cd</value>
         <object_component_ref idref="oc-236"/>
      </symbol>
      <symbol id="sm-3b8">
         <name>StartDMACH3</name>
         <value>0x10600</value>
         <object_component_ref idref="oc-236"/>
      </symbol>
      <symbol id="sm-3b9">
         <name>StartDMACH2</name>
         <value>0x10567</value>
         <object_component_ref idref="oc-236"/>
      </symbol>
      <symbol id="sm-3ba">
         <name>StartDMACH5</name>
         <value>0x10733</value>
         <object_component_ref idref="oc-236"/>
      </symbol>
      <symbol id="sm-3bb">
         <name>StartDMACH4</name>
         <value>0x1069a</value>
         <object_component_ref idref="oc-236"/>
      </symbol>
      <symbol id="sm-3bc">
         <name>StartDMACH6</name>
         <value>0x107cd</value>
         <object_component_ref idref="oc-236"/>
      </symbol>
      <symbol id="sm-3bd">
         <name>DMACH1ModeConfig</name>
         <value>0x1047f</value>
         <object_component_ref idref="oc-236"/>
      </symbol>
      <symbol id="sm-3be">
         <name>DMACH2ModeConfig</name>
         <value>0x10518</value>
         <object_component_ref idref="oc-236"/>
      </symbol>
      <symbol id="sm-3bf">
         <name>DMACH3ModeConfig</name>
         <value>0x105b2</value>
         <object_component_ref idref="oc-236"/>
      </symbol>
      <symbol id="sm-3c0">
         <name>DMACH4ModeConfig</name>
         <value>0x1064b</value>
         <object_component_ref idref="oc-236"/>
      </symbol>
      <symbol id="sm-3c1">
         <name>DMACH2AddrConfig32bit</name>
         <value>0x107e5</value>
         <object_component_ref idref="oc-236"/>
      </symbol>
      <symbol id="sm-3c2">
         <name>DMACH6BurstConfig</name>
         <value>0x1074b</value>
         <object_component_ref idref="oc-236"/>
      </symbol>
      <symbol id="sm-3c3">
         <name>DMACH5ModeConfig</name>
         <value>0x106e5</value>
         <object_component_ref idref="oc-236"/>
      </symbol>
      <symbol id="sm-3c4">
         <name>DMACH6ModeConfig</name>
         <value>0x1077e</value>
         <object_component_ref idref="oc-236"/>
      </symbol>
      <symbol id="sm-3c5">
         <name>DMACH3BurstConfig</name>
         <value>0x1057f</value>
         <object_component_ref idref="oc-236"/>
      </symbol>
      <symbol id="sm-3c6">
         <name>DMACH3AddrConfig32bit</name>
         <value>0x107f5</value>
         <object_component_ref idref="oc-236"/>
      </symbol>
      <symbol id="sm-3ef">
         <name>DacbRegs</name>
         <value>0x5c10</value>
         <object_component_ref idref="oc-313"/>
      </symbol>
      <symbol id="sm-3f0">
         <name>DaccRegs</name>
         <value>0x5c20</value>
         <object_component_ref idref="oc-316"/>
      </symbol>
      <symbol id="sm-3f1">
         <name>DmaClaSrcSelRegs</name>
         <value>0x7980</value>
         <object_component_ref idref="oc-24c"/>
      </symbol>
      <symbol id="sm-3f2">
         <name>DmaRegs</name>
         <value>0x1000</value>
         <object_component_ref idref="oc-306"/>
      </symbol>
      <symbol id="sm-3f3">
         <name>CpuSysRegs</name>
         <value>0x5d300</value>
         <object_component_ref idref="oc-243"/>
      </symbol>
      <symbol id="sm-3f4">
         <name>PieCtrlRegs</name>
         <value>0xce0</value>
         <object_component_ref idref="oc-309"/>
      </symbol>
      <symbol id="sm-3f5">
         <name>DacaRegs</name>
         <value>0x5c00</value>
         <object_component_ref idref="oc-310"/>
      </symbol>
      <symbol id="sm-402">
         <name>PieVectTableInit</name>
         <value>0xa800</value>
         <object_component_ref idref="oc-b9"/>
      </symbol>
      <symbol id="sm-40b">
         <name>F28x_usDelay</name>
         <value>0x123</value>
         <object_component_ref idref="oc-231"/>
      </symbol>
      <symbol id="sm-44c">
         <name>ADC_setOffsetTrim</name>
         <value>0x11785</value>
         <object_component_ref idref="oc-266"/>
      </symbol>
      <symbol id="sm-44d">
         <name>ADC_setMode</name>
         <value>0x11aee</value>
         <object_component_ref idref="oc-154"/>
      </symbol>
      <symbol id="sm-44e">
         <name>ADC_setINLTrim</name>
         <value>0x1163f</value>
         <object_component_ref idref="oc-260"/>
      </symbol>
      <symbol id="sm-490">
         <name>GPIO_setQualificationMode</name>
         <value>0x11a1a</value>
         <object_component_ref idref="oc-10d"/>
      </symbol>
      <symbol id="sm-491">
         <name>GPIO_setPadConfig</name>
         <value>0x1183d</value>
         <object_component_ref idref="oc-107"/>
      </symbol>
      <symbol id="sm-492">
         <name>GPIO_setDirectionMode</name>
         <value>0x11abd</value>
         <object_component_ref idref="oc-101"/>
      </symbol>
      <symbol id="sm-493">
         <name>GPIO_setPinConfig</name>
         <value>0x11a52</value>
         <object_component_ref idref="oc-fb"/>
      </symbol>
      <symbol id="sm-494">
         <name>GPIO_setMasterCore</name>
         <value>0x119e2</value>
         <object_component_ref idref="oc-f5"/>
      </symbol>
      <symbol id="sm-4e7">
         <name>Interrupt_initModule</name>
         <value>0x119a5</value>
         <object_component_ref idref="oc-113"/>
      </symbol>
      <symbol id="sm-4e8">
         <name>Interrupt_enable</name>
         <value>0x11a89</value>
         <object_component_ref idref="oc-137"/>
      </symbol>
      <symbol id="sm-4e9">
         <name>Interrupt_initVectorTable</name>
         <value>0x11cf3</value>
         <object_component_ref idref="oc-119"/>
      </symbol>
      <symbol id="sm-55a">
         <name>SCI_clearInterruptStatus</name>
         <value>0x118e0</value>
         <object_component_ref idref="oc-125"/>
      </symbol>
      <symbol id="sm-55b">
         <name>SCI_writeCharArray</name>
         <value>0x11926</value>
         <object_component_ref idref="oc-12b"/>
      </symbol>
      <symbol id="sm-55c">
         <name>SCI_setConfig</name>
         <value>0x11967</value>
         <object_component_ref idref="oc-11f"/>
      </symbol>
      <symbol id="sm-638">
         <name>SysCtl_delay</name>
         <value>0x127</value>
         <object_component_ref idref="oc-15a"/>
      </symbol>
      <symbol id="sm-639">
         <name>SysCtl_getDeviceParametric</name>
         <value>0x1171d</value>
         <object_component_ref idref="oc-182"/>
      </symbol>
      <symbol id="sm-63a">
         <name>SysCtl_selectXTAL</name>
         <value>0x116b2</value>
         <object_component_ref idref="oc-374"/>
      </symbol>
      <symbol id="sm-63b">
         <name>SysCtl_selectOscSource</name>
         <value>0x117e9</value>
         <object_component_ref idref="oc-29c"/>
      </symbol>
      <symbol id="sm-63c">
         <name>SysCtl_getLowSpeedClock</name>
         <value>0x11dee</value>
         <object_component_ref idref="oc-195"/>
      </symbol>
      <symbol id="sm-63d">
         <name>SysCtl_setClock</name>
         <value>0x10835</value>
         <object_component_ref idref="oc-188"/>
      </symbol>
      <symbol id="sm-63e">
         <name>SysCtl_getClock</name>
         <value>0x1188f</value>
         <object_component_ref idref="oc-18e"/>
      </symbol>
      <symbol id="sm-658">
         <name>cosl</name>
         <value>0x111e3</value>
         <object_component_ref idref="oc-1c3"/>
      </symbol>
      <symbol id="sm-659">
         <name>cos</name>
         <value>0x111e3</value>
         <object_component_ref idref="oc-1c3"/>
      </symbol>
      <symbol id="sm-66f">
         <name>roundl</name>
         <value>0x114a0</value>
         <object_component_ref idref="oc-1b8"/>
      </symbol>
      <symbol id="sm-670">
         <name>round</name>
         <value>0x114a0</value>
         <object_component_ref idref="oc-1b8"/>
      </symbol>
      <symbol id="sm-68a">
         <name>sin</name>
         <value>0xef34</value>
         <object_component_ref idref="oc-1b2"/>
      </symbol>
      <symbol id="sm-68b">
         <name>sinl</name>
         <value>0xef34</value>
         <object_component_ref idref="oc-1b2"/>
      </symbol>
      <symbol id="sm-695">
         <name>_c_int00</name>
         <value>0x11e6b</value>
         <object_component_ref idref="oc-174"/>
      </symbol>
      <symbol id="sm-696">
         <name>__stack</name>
         <value>0x400</value>
         <object_component_ref idref="oc-bc"/>
      </symbol>
      <symbol id="sm-6ad">
         <name>__c28xabi_addd</name>
         <value>0x1136e</value>
         <object_component_ref idref="oc-2d2"/>
      </symbol>
      <symbol id="sm-6b9">
         <name>__c28xabi_cmpd</name>
         <value>0x11b76</value>
         <object_component_ref idref="oc-2de"/>
      </symbol>
      <symbol id="sm-6c7">
         <name>__c28xabi_mpyd</name>
         <value>0x115bc</value>
         <object_component_ref idref="oc-1a8"/>
      </symbol>
      <symbol id="sm-6d0">
         <name>__c28xabi_negd</name>
         <value>0x11f54</value>
         <object_component_ref idref="oc-2cb"/>
      </symbol>
      <symbol id="sm-6d8">
         <name>__c28xabi_subd</name>
         <value>0x11f03</value>
         <object_component_ref idref="oc-2ba"/>
      </symbol>
      <symbol id="sm-6e3">
         <name>__c28xabi_dtoi</name>
         <value>0x11c55</value>
         <object_component_ref idref="oc-1be"/>
      </symbol>
      <symbol id="sm-6f0">
         <name>__c28xabi_divf</name>
         <value>0x11534</value>
         <object_component_ref idref="oc-252"/>
      </symbol>
      <symbol id="sm-6fd">
         <name>__c28xabi_itod</name>
         <value>0x11d11</value>
         <object_component_ref idref="oc-1a2"/>
      </symbol>
      <symbol id="sm-709">
         <name>__c28xabi_ftod</name>
         <value>0x11d4b</value>
         <object_component_ref idref="oc-1ad"/>
      </symbol>
      <symbol id="sm-717">
         <name>_system_pre_init</name>
         <value>0x10ffd</value>
         <object_component_ref idref="oc-27f"/>
      </symbol>
      <symbol id="sm-726">
         <name>__TI_auto_init_nobinit_nopinit</name>
         <value>0x11b4b</value>
         <object_component_ref idref="oc-336"/>
      </symbol>
      <symbol id="sm-733">
         <name>__TI_zero_init</name>
         <value>0x11f7b</value>
         <object_component_ref idref="oc-cd"/>
      </symbol>
      <symbol id="sm-740">
         <name>__TI_decompress_none</name>
         <value>0x11f65</value>
         <object_component_ref idref="oc-9b"/>
      </symbol>
      <symbol id="sm-754">
         <name>__TI_decompress_lzss</name>
         <value>0x11b1d</value>
         <object_component_ref idref="oc-95"/>
      </symbol>
      <symbol id="sm-78f">
         <name>__rem_pio2</name>
         <value>0x10000</value>
         <object_component_ref idref="oc-2bf"/>
      </symbol>
      <symbol id="sm-801">
         <name>__kernel_rem_pio2</name>
         <value>0xf000</value>
         <object_component_ref idref="oc-394"/>
      </symbol>
      <symbol id="sm-817">
         <name>C$$EXIT</name>
         <value>0x11ba0</value>
         <object_component_ref idref="oc-28c"/>
      </symbol>
      <symbol id="sm-818">
         <name>abort</name>
         <value>0x11ba0</value>
         <object_component_ref idref="oc-28c"/>
      </symbol>
      <symbol id="sm-819">
         <name>exit</name>
         <value>0x11ba2</value>
         <object_component_ref idref="oc-28c"/>
      </symbol>
      <symbol id="sm-81a">
         <name>__TI_dtors_ptr</name>
         <value>0xe612</value>
         <object_component_ref idref="oc-368"/>
      </symbol>
      <symbol id="sm-81b">
         <name>__TI_cleanup_ptr</name>
         <value>0xe610</value>
         <object_component_ref idref="oc-368"/>
      </symbol>
      <symbol id="sm-81c">
         <name>__TI_enable_exit_profile_output</name>
         <value>0xe60e</value>
         <object_component_ref idref="oc-368"/>
      </symbol>
      <symbol id="sm-833">
         <name>_nop</name>
         <value>0x11f53</value>
         <object_component_ref idref="oc-3df"/>
      </symbol>
      <symbol id="sm-834">
         <name>_lock</name>
         <value>0xe620</value>
         <object_component_ref idref="oc-36b"/>
      </symbol>
      <symbol id="sm-835">
         <name>_unlock</name>
         <value>0xe622</value>
         <object_component_ref idref="oc-453"/>
      </symbol>
      <symbol id="sm-836">
         <name>_register_lock</name>
         <value>0x11f4f</value>
         <object_component_ref idref="oc-3df"/>
      </symbol>
      <symbol id="sm-837">
         <name>_register_unlock</name>
         <value>0x11f4b</value>
         <object_component_ref idref="oc-3df"/>
      </symbol>
      <symbol id="sm-846">
         <name>_args_main</name>
         <value>0x11f2b</value>
         <object_component_ref idref="oc-286"/>
      </symbol>
      <symbol id="sm-855">
         <name>memset</name>
         <value>0x11f74</value>
         <object_component_ref idref="oc-16d"/>
      </symbol>
      <symbol id="sm-877">
         <name>__kernel_cos</name>
         <value>0x10e33</value>
         <object_component_ref idref="oc-2c5"/>
      </symbol>
      <symbol id="sm-89a">
         <name>__kernel_sin</name>
         <value>0x10bfb</value>
         <object_component_ref idref="oc-2b4"/>
      </symbol>
      <symbol id="sm-8bd">
         <name>floorl</name>
         <value>0x110fb</value>
         <object_component_ref idref="oc-2d7"/>
      </symbol>
      <symbol id="sm-8be">
         <name>floor</name>
         <value>0x110fb</value>
         <object_component_ref idref="oc-2d7"/>
      </symbol>
      <symbol id="sm-8e0">
         <name>scalbn</name>
         <value>0x10f46</value>
         <object_component_ref idref="oc-434"/>
      </symbol>
      <symbol id="sm-8e1">
         <name>scalbnl</name>
         <value>0x10f46</value>
         <object_component_ref idref="oc-434"/>
      </symbol>
      <symbol id="sm-8e2">
         <name>ldexpl</name>
         <value>0x10f46</value>
         <object_component_ref idref="oc-434"/>
      </symbol>
      <symbol id="sm-8e3">
         <name>ldexp</name>
         <value>0x10f46</value>
         <object_component_ref idref="oc-434"/>
      </symbol>
      <symbol id="sm-8f1">
         <name>copysign</name>
         <value>0x11bed</value>
         <object_component_ref idref="oc-478"/>
      </symbol>
      <symbol id="sm-8f2">
         <name>copysignl</name>
         <value>0x11bed</value>
         <object_component_ref idref="oc-478"/>
      </symbol>
      <symbol id="sm-8fd">
         <name>__c28xabi_dtol</name>
         <value>0x11cd4</value>
         <object_component_ref idref="oc-387"/>
      </symbol>
      <symbol id="sm-905">
         <name>__c28xabi_orll</name>
         <value>0x11e5b</value>
         <object_component_ref idref="oc-382"/>
      </symbol>
      <symbol id="sm-906">
         <name>__c28xabi_xorll</name>
         <value>0x11e63</value>
         <object_component_ref idref="oc-382"/>
      </symbol>
      <symbol id="sm-907">
         <name>__c28xabi_andll</name>
         <value>0x11e53</value>
         <object_component_ref idref="oc-382"/>
      </symbol>
      <symbol id="sm-911">
         <name>__c28xabi_modi</name>
         <value>0x11c44</value>
         <object_component_ref idref="oc-429"/>
      </symbol>
      <symbol id="sm-912">
         <name>__c28xabi_divi</name>
         <value>0x11c33</value>
         <object_component_ref idref="oc-429"/>
      </symbol>
      <symbol id="sm-91e">
         <name>__c28xabi_ltod</name>
         <value>0x11d67</value>
         <object_component_ref idref="oc-38c"/>
      </symbol>
      <symbol id="sm-931">
         <name>memcpy</name>
         <value>0x11d2e</value>
         <object_component_ref idref="oc-bf"/>
      </symbol>
      <symbol id="sm-93e">
         <name>_system_post_cinit</name>
         <value>0xefff</value>
         <object_component_ref idref="oc-3c5"/>
      </symbol>
      <symbol id="sm-949">
         <name>errno</name>
         <value>0xe625</value>
         <object_component_ref idref="oc-47e"/>
      </symbol>
      <symbol id="sm-94b">
         <name>__c_args__</name>
         <value>0x0</value>
      </symbol>
   </symbol_table>
   <title>Link successful</title>
</link_info>
